05-01 14:52:25.492 22412 22467 I GoogleTTSServiceImpl: currentLocale = tr-TR
05-01 14:52:25.496 22412 22467 I GoogleTTSServiceImpl: currentLocale = tr-TR
05-01 14:52:25.500 22412 22467 I GoogleTTSServiceImpl: For default lang tr-tr is name tr-TR-language (tr-tr-x-mfm-server)
05-01 14:52:25.504 22412 22467 I GoogleTTSServiceImpl: currentLocale = tr-TR
05-01 14:52:25.508 22412 22465 I LocalSynthesizer: Voice tr-tr-x-ofg-seanet-embedded is already supported by loaded synthesizer tr-tr-x-multi.
05-01 14:52:25.508 22412 22465 I ComposerWrapperImpl: Skipping initialization, can already run voice tr-tr-x-ofg-seanet-embedded.
05-01 14:52:25.539 22412 22467 I GoogleTTSServiceImpl: currentLocale = tr-TR
05-01 14:52:25.543 22412 22467 I GoogleTTSServiceImpl: currentLocale = tr-TR
05-01 14:52:25.547 22412 22467 I GoogleTTSServiceImpl: currentLocale = tr-TR
05-01 14:52:25.550 22412 22467 I GoogleTTSServiceImpl: For default lang tr-tr is name tr-TR-language (tr-tr-x-mfm-server)
05-01 14:52:25.556 22412 22467 I GoogleTTSServiceImpl: currentLocale = tr-TR
05-01 14:52:25.560 22412 22465 I LocalSynthesizer: Voice tr-tr-x-ofg-seanet-embedded is already supported by loaded synthesizer tr-tr-x-multi.
05-01 14:52:25.561 22412 22465 I ComposerWrapperImpl: Skipping initialization, can already run voice tr-tr-x-ofg-seanet-embedded.
05-01 14:52:25.625 22412 22467 I GoogleTTSServiceImpl: onIsValidVoiceName(tr-tr-x-efu-network): SUCCESS
05-01 14:52:25.626 17130 17130 I flutter : NOVA_TTS_VOICE_CACHE_HIT selected=tr-tr-x-efu-network locale=tr-tr
05-01 14:52:25.627 17130 22534 I NovaMainActivity: NOVA_BOOT_PROGRESS phase=brain_kernel_preflight percent=2 message=Nova tek beyin ├ğekirde─şi i├ğin native preflight ba┼şlat─▒ld─▒.
05-01 14:52:25.627 17130 22534 I NovaMainActivity: NOVA_BOOT_PROGRESS phase=brain_kernel_model_prepare percent=12 message=Yerel model dosyas─▒ Brain Kernel proof i├ğin haz─▒rlan─▒yor.
05-01 14:52:25.628 17130 22534 I NovaMainActivity: NOVA_BOOT_PROGRESS phase=model_prepare_success percent=100 message=Yerel model dosyas─▒ do─şruland─▒ ve haz─▒r.
05-01 14:52:25.628 17130 22534 I NovaMainActivity: NOVA_BOOT_PROGRESS phase=brain_kernel_first_token_start percent=35 message=Tek Nova beyninin ilk canl─▒ cevap kan─▒t─▒ al─▒n─▒yor.
05-01 14:52:25.628 17130 22534 I NovaMainActivity: NOVA_NATIVE_GENERATE_CALLED promptHash=-1087492001 promptChars=78 systemChars=200 fastMode=true model_path=/data/user/0/com.example.nova/files/gemma-3n-E2B-it-int4.litertlm purpose=brain_kernel
05-01 14:52:25.630 22412 22465 I LocalSynthesizer: Voice tr-tr-x-efu-seanet-embedded is already supported by loaded synthesizer tr-tr-x-multi.
05-01 14:52:25.630 22412 22465 I ComposerWrapperImpl: Skipping initialization, can already run voice tr-tr-x-efu-seanet-embedded.
05-01 14:52:25.630 17130 22542 I NovaMainActivity: NOVA_BOOT_PROGRESS phase=native_model_inference_start percent=none message=Yerel model ilk ├ğ─▒kar─▒m─▒ ba┼şlat─▒yor. modelBytes=3655827456; promptChars=78; systemChars=200; fastMode=true
05-01 14:52:25.632 17130 22542 E .example.nova: No implementation found for void com.google.ai.edge.litertlm.NativeLibraryLoader.nativeCheckLoaded() (tried Java_com_google_ai_edge_litertlm_NativeLibraryLoader_nativeCheckLoaded and Java_com_google_ai_edge_litertlm_NativeLibraryLoader_nativeCheckLoaded__) - is the library loaded, e.g. System.loadLibrary?
05-01 14:52:25.684 17130 22542 D nativeloader: Load /data/app/~~R658xcLpGXGck2TLOVj1PQ==/com.example.nova-7IT52it64aYiZnVeITibWA==/lib/arm64/liblitertlm_jni.so using class loader ns clns-7 (caller=/data/app/~~R658xcLpGXGck2TLOVj1PQ==/com.example.nova-7IT52it64aYiZnVeITibWA==/base.apk): ok
05-01 14:52:28.385 17130 22542 I .example.nova: Waiting for a blocking GC NativeAlloc
05-01 14:52:28.402 17130 22326 W .example.nova: userfaultfd: MOVE ioctl seems unsupported: Connection timed out
05-01 14:52:28.412 17130 22542 I .example.nova: WaitForGcToComplete blocked NativeAlloc on NativeAlloc for 26.313ms
05-01 14:52:28.413 17130 22328 W .example.nova: ApkAssets: Deleting an ApkAssets object '<empty> and /data/app/~~vtuFigglr7Dst81NojJkdQ==/com.google.android.tts-hshlQ7v9qmGgLD8Ue9Ps7g==/base.apk' with 1 weak references
05-01 14:52:28.414 17130 22328 W .example.nova: ApkAssets: Deleting an ApkAssets object '<empty> and /data/app/~~vtuFigglr7Dst81NojJkdQ==/com.google.android.tts-hshlQ7v9qmGgLD8Ue9Ps7g==/split_config.arm64_v8a.apk' with 1 weak references
05-01 14:52:28.414 17130 22328 W .example.nova: ApkAssets: Deleting an ApkAssets object '<empty> and /data/app/~~vtuFigglr7Dst81NojJkdQ==/com.google.android.tts-hshlQ7v9qmGgLD8Ue9Ps7g==/split_config.tr.apk' with 1 weak references
05-01 14:52:28.414 17130 22328 W .example.nova: ApkAssets: Deleting an ApkAssets object '<empty> and /data/app/~~vtuFigglr7Dst81NojJkdQ==/com.google.android.tts-hshlQ7v9qmGgLD8Ue9Ps7g==/split_config.xxhdpi.apk' with 1 weak references
05-01 14:52:28.997  1316  3826 I BufferQueueDebug: [WindowToken{dfbf031 type=2024 android.os.BinderProxy@7c364d8}#5081](this:0xb4000077bab60d48,id:-1,api:0,p:-1,c:-1) BufferQueue core=(1316:/system/bin/surfaceflinger)
05-01 14:52:29.031  1316  3826 I BufferQueueDebug: [WindowToken{f6e5e6d type=2024 android.os.BinderProxy@675f684}#5083](this:0xb4000077bab3bcf8,id:-1,api:0,p:-1,c:-1) BufferQueue core=(1316:/system/bin/surfaceflinger)
05-01 14:52:29.230  1899  2538 D ActivityTaskManager_Recents: Skipping, user setup not complete: Task{fb9de34 #8 type=undefined A=10185:com.transsion.mobilecloner}
05-01 14:52:29.231  1899  2538 D ActivityTaskManager_Recents: Skipping, user setup not complete: Task{fb9de34 #8 type=undefined A=10185:com.transsion.mobilecloner}
05-01 14:52:29.242  1899  2538 D ActivityTaskManager_Recents: Skipping, user setup not complete: Task{fb9de34 #8 type=undefined A=10185:com.transsion.mobilecloner}
05-01 14:52:29.283  1899  2538 D ActivityTaskManager_Recents: Skipping, user setup not complete: Task{fb9de34 #8 type=undefined A=10185:com.transsion.mobilecloner}
05-01 14:52:29.288  1899  2538 D ActivityTaskManager_Recents: Skipping, user setup not complete: Task{fb9de34 #8 type=undefined A=10185:com.transsion.mobilecloner}
05-01 14:52:29.294  1899  2538 D ActivityTaskManager_Recents: Skipping, user setup not complete: Task{fb9de34 #8 type=undefined A=10185:com.transsion.mobilecloner}
05-01 14:52:29.298  1899  2538 D ActivityTaskManager_Recents: Skipping, user setup not complete: Task{fb9de34 #8 type=undefined A=10185:com.transsion.mobilecloner}
05-01 14:52:29.303  1899  2538 D ActivityTaskManager_Recents: Skipping, user setup not complete: Task{fb9de34 #8 type=undefined A=10185:com.transsion.mobilecloner}
05-01 14:52:29.310  1899  2538 D ActivityTaskManager_Recents: Skipping, user setup not complete: Task{fb9de34 #8 type=undefined A=10185:com.transsion.mobilecloner}
05-01 14:52:31.021  1899  2558 I Hiber/nativeServiceClient: check binder uid=10396
05-01 14:52:31.027  1899  2558 I Hiber/nativeServiceClient: check binder uid=10122
05-01 14:52:31.232  1899  2538 D ActivityTaskManager_Recents: Skipping, user setup not complete: Task{fb9de34 #8 type=undefined A=10185:com.transsion.mobilecloner}
05-01 14:52:31.233  1899  2538 D ActivityTaskManager_Recents: Skipping, user setup not complete: Task{fb9de34 #8 type=undefined A=10185:com.transsion.mobilecloner}
05-01 14:52:31.246  1899  2538 D ActivityTaskManager_Recents: Skipping, user setup not complete: Task{fb9de34 #8 type=undefined A=10185:com.transsion.mobilecloner}
05-01 14:52:31.333  1899  2538 D ActivityTaskManager_Recents: Skipping, user setup not complete: Task{fb9de34 #8 type=undefined A=10185:com.transsion.mobilecloner}
05-01 14:52:31.339  1899  2538 D ActivityTaskManager_Recents: Skipping, user setup not complete: Task{fb9de34 #8 type=undefined A=10185:com.transsion.mobilecloner}
05-01 14:52:31.345  1899  2538 D ActivityTaskManager_Recents: Skipping, user setup not complete: Task{fb9de34 #8 type=undefined A=10185:com.transsion.mobilecloner}
05-01 14:52:31.353  1899  2538 D ActivityTaskManager_Recents: Skipping, user setup not complete: Task{fb9de34 #8 type=undefined A=10185:com.transsion.mobilecloner}
05-01 14:52:31.360  1899  2538 D ActivityTaskManager_Recents: Skipping, user setup not complete: Task{fb9de34 #8 type=undefined A=10185:com.transsion.mobilecloner}
05-01 14:52:31.368  1899  2538 D ActivityTaskManager_Recents: Skipping, user setup not complete: Task{fb9de34 #8 type=undefined A=10185:com.transsion.mobilecloner}
05-01 14:52:31.377  1899  2538 D ActivityTaskManager_Recents: Skipping, user setup not complete: Task{fb9de34 #8 type=undefined A=10185:com.transsion.mobilecloner}
05-01 14:52:31.386  1899  2538 D ActivityTaskManager_Recents: Skipping, user setup not complete: Task{fb9de34 #8 type=undefined A=10185:com.transsion.mobilecloner}
05-01 14:52:31.393  1899  2538 D ActivityTaskManager_Recents: Skipping, user setup not complete: Task{fb9de34 #8 type=undefined A=10185:com.transsion.mobilecloner}
05-01 14:52:31.403  1899  2538 D ActivityTaskManager_Recents: Skipping, user setup not complete: Task{fb9de34 #8 type=undefined A=10185:com.transsion.mobilecloner}
05-01 14:52:32.596  1899  2286 W ActivityManager: Receiver with filter android.content.IntentFilter@343097a already registered for pid 1899, callerPackage is android
05-01 14:52:32.596  1899  2286 W ActivityManager: Receiver with filter android.content.IntentFilter@eca652b already registered for pid 1899, callerPackage is android
05-01 14:52:33.234  1899  2538 D ActivityTaskManager_Recents: Skipping, user setup not complete: Task{fb9de34 #8 type=undefined A=10185:com.transsion.mobilecloner}
05-01 14:52:33.234  1899  2538 D ActivityTaskManager_Recents: Skipping, user setup not complete: Task{fb9de34 #8 type=undefined A=10185:com.transsion.mobilecloner}
05-01 14:52:33.242  1899  2538 D ActivityTaskManager_Recents: Skipping, user setup not complete: Task{fb9de34 #8 type=undefined A=10185:com.transsion.mobilecloner}
05-01 14:52:33.300  1899  2538 D ActivityTaskManager_Recents: Skipping, user setup not complete: Task{fb9de34 #8 type=undefined A=10185:com.transsion.mobilecloner}
05-01 14:52:33.304  1899  2538 D ActivityTaskManager_Recents: Skipping, user setup not complete: Task{fb9de34 #8 type=undefined A=10185:com.transsion.mobilecloner}
05-01 14:52:33.309  1899  2538 D ActivityTaskManager_Recents: Skipping, user setup not complete: Task{fb9de34 #8 type=undefined A=10185:com.transsion.mobilecloner}
05-01 14:52:33.316  1899  2538 D ActivityTaskManager_Recents: Skipping, user setup not complete: Task{fb9de34 #8 type=undefined A=10185:com.transsion.mobilecloner}
05-01 14:52:33.323  1899  2538 D ActivityTaskManager_Recents: Skipping, user setup not complete: Task{fb9de34 #8 type=undefined A=10185:com.transsion.mobilecloner}
05-01 14:52:33.328  1899  2538 D ActivityTaskManager_Recents: Skipping, user setup not complete: Task{fb9de34 #8 type=undefined A=10185:com.transsion.mobilecloner}
05-01 14:52:33.332  1899  2538 D ActivityTaskManager_Recents: Skipping, user setup not complete: Task{fb9de34 #8 type=undefined A=10185:com.transsion.mobilecloner}
05-01 14:52:33.337  1899  2538 D ActivityTaskManager_Recents: Skipping, user setup not complete: Task{fb9de34 #8 type=undefined A=10185:com.transsion.mobilecloner}
05-01 14:52:33.630 17130 22541 I NovaMainActivity: NOVA_BOOT_PROGRESS phase=native_model_inference_waiting percent=none message=Yerel beyin hatt─▒ ├ğal─▒┼ş─▒yor; native inference 8 saniyedir cevap bekliyor.
05-01 14:52:35.238  1899  2538 D ActivityTaskManager_Recents: Skipping, user setup not complete: Task{fb9de34 #8 type=undefined A=10185:com.transsion.mobilecloner}
05-01 14:52:35.238  1899  2538 D ActivityTaskManager_Recents: Skipping, user setup not complete: Task{fb9de34 #8 type=undefined A=10185:com.transsion.mobilecloner}
05-01 14:52:35.247  1899  2538 D ActivityTaskManager_Recents: Skipping, user setup not complete: Task{fb9de34 #8 type=undefined A=10185:com.transsion.mobilecloner}
05-01 14:52:35.285  1899  2029 V os.notification: onFixNotification  start, notification= Notification(channel=nova_asr_runtime shortcut=null contentView=null vibrate=null sound=null defaults=0 flags=ONGOING_EVENT|FOREGROUND_SERVICE color=0x00000000 vis=PRIVATE)
05-01 14:52:35.286  1899  2029 V os.notification: onFixNotification  end, notification= Notification(channel=nova_asr_runtime shortcut=null contentView=null vibrate=null sound=null defaults=0 flags=ONGOING_EVENT|FOREGROUND_SERVICE color=0x00000000 vis=PRIVATE)
05-01 14:52:35.291  1899  2029 V os.notification: no need to update importance since is low importance, pkg -> com.example.nova
05-01 14:52:35.292  1899  2029 D TranLedControllerTOS15GtPova: hookNotificationLed pkg=com.example.nova uid=10395 mStatus=0 mScreenState=1 notificationChannelId=nova_asr_runtime
05-01 14:52:35.297  1899  2179 D os.notification.SuspendJobManager: create job  com.transsion.util.SuspendJobManager$JobInfo@4898731 key:NotificationRecord(0x063cf7d8: pkg=com.example.nova user=UserHandle{0} id=4701 tag=null importance=2 key=0|com.example.nova|4701|null|10395: Notification(channel=nova_asr_runtime shortcut=null contentView=null vibrate=null sound=null defaults=0 flags=ONGOING_EVENT|FOREGROUND_SERVICE color=0x00000000 vis=PRIVATE)) data:com.android.server.notification.NotificationManagerService$$ExternalSyntheticLambda1@6a5ae16 sn:-1 owner:{}
05-01 14:52:35.299  4472  4514 D os.notification: onNotifyNotification StatusBarNotification:StatusBarNotification(pkg=com.example.nova user=UserHandle{0} id=4701 tag=null key=0|com.example.nova|4701|null|10395: Notification(channel=null shortcut=null contentView=null vibrate=null sound=null defaults=0 flags=ONGOING_EVENT|FOREGROUND_SERVICE color=0x00000000 vis=PRIVATE)) callingUid:10395 NotificationChannel:NotificationChannel{mId='nova_asr_runtime', mName=Nova ASR, mDescription=, mImportance=2, mBypassDnd=false, mLockscreenVisibility=-1000, mSound=content://settings/system/notification_sound, mLights=false, mLightColor=0, mVibrationPattern=null, mVibrationEffect=null, mUserLockedFields=0, mUserVisibleTaskShown=true, mVibrationEnabled=false, mShowBadge=true, mDeleted=false, mDeletedTimeMs=-1, mGroup='null', mAudioAttributes=AudioAttributes: usage=USAGE_NOTIFICATION content=CONTENT_TYPE_SONIFICATION flags=0x800 tags= bundle=null, mBlockableSystem=false, mAllowBubbles=-1, mImportanceLockedDefaultApp=false, mOriginalImp=2, mParent=null, mConversationId=null, mDemoted=false, mImportantConvo=false, mLastNotificationUpdateTimeMs=0} receipt:com.transsion.app.IEnqueueNotificationReceipt$Stub$Proxy@eb32c13 sn:1752
05-01 14:52:35.301  4472  4514 D os_noti_center_rule: setNotiRule: chCursor = android.database.sqlite.SQLiteCursor@369be50, count --= 0, pkgAndCh = com.example.nova##nova_asr_runtime, cloum = 3
05-01 14:52:35.303  1899  2179 D os.notification.SuspendJobManager: done  com.transsion.util.SuspendJobManager$JobInfo@4898731 key:NotificationRecord(0x063cf7d8: pkg=com.example.nova user=UserHandle{0} id=4701 tag=null importance=2 key=0|com.example.nova|4701|null|10395: Notification(channel=nova_asr_runtime shortcut=null contentView=null vibrate=null sound=null defaults=0 flags=ONGOING_EVENT|FOREGROUND_SERVICE color=0x00000000 vis=PRIVATE)) data:com.android.server.notification.NotificationManagerService$$ExternalSyntheticLambda1@6a5ae16 sn:1752 owner:{4472} for  app-4472-request
05-01 14:52:35.303  1899  1899 I notification_enqueue: [10395,17130,com.example.nova,4701,NULL,0,Notification(channel=nova_asr_runtime shortcut=null contentView=null vibrate=null sound=null defaults=0 flags=ONGOING_EVENT|FOREGROUND_SERVICE color=0x00000000 vis=PRIVATE),0]
05-01 14:52:35.304  1899  2029 D os.notification: onEnqueueNotificationInternal StatusBarNotification:StatusBarNotification(pkg=com.example.nova user=UserHandle{0} id=4701 tag=null key=0|com.example.nova|4701|null|10395: Notification(channel=nova_asr_runtime shortcut=null contentView=null vibrate=null sound=null defaults=0 flags=ONGOING_EVENT|FOREGROUND_SERVICE color=0x00000000 vis=PRIVATE)) callingUid:10395 sn:1752 res:true
05-01 14:52:35.307  1243 22522 W AudioALSACaptureDataProviderNormal: readThread, latency_in_s,0.000001,0.023821,0.000050, totalTime 0.023871 > logTimeout 0.022000 TIMEOUT!!
05-01 14:52:35.309  1899  2538 D ActivityTaskManager_Recents: Skipping, user setup not complete: Task{fb9de34 #8 type=undefined A=10185:com.transsion.mobilecloner}
05-01 14:52:35.313  1899  2538 D ActivityTaskManager_Recents: Skipping, user setup not complete: Task{fb9de34 #8 type=undefined A=10185:com.transsion.mobilecloner}
05-01 14:52:35.316  1899  2538 D ActivityTaskManager_Recents: Skipping, user setup not complete: Task{fb9de34 #8 type=undefined A=10185:com.transsion.mobilecloner}
05-01 14:52:35.321  1899  2538 D ActivityTaskManager_Recents: Skipping, user setup not complete: Task{fb9de34 #8 type=undefined A=10185:com.transsion.mobilecloner}
05-01 14:52:35.327  1899  2538 D ActivityTaskManager_Recents: Skipping, user setup not complete: Task{fb9de34 #8 type=undefined A=10185:com.transsion.mobilecloner}
05-01 14:52:35.333  1899  2538 D ActivityTaskManager_Recents: Skipping, user setup not complete: Task{fb9de34 #8 type=undefined A=10185:com.transsion.mobilecloner}
05-01 14:52:35.341  1899  2538 D ActivityTaskManager_Recents: Skipping, user setup not complete: Task{fb9de34 #8 type=undefined A=10185:com.transsion.mobilecloner}
05-01 14:52:35.386  1243 22522 W AudioALSACaptureDataProviderNormal: readThread, latency_in_s,0.000002,0.022418,0.000024, totalTime 0.022444 > logTimeout 0.022000 TIMEOUT!!
05-01 14:52:35.518  1899  1899 I sysui_multi_action: [757,1501,758,1,793,228,794,0,795,228,796,4701,806,com.example.nova,857,nova_asr_runtime,858,2,947,0,1500,0,1688,1]
05-01 14:52:35.566  1243 22522 W AudioALSACaptureDataProviderNormal: readThread, latency_in_s,0.000001,0.022105,0.000024, totalTime 0.022129 > logTimeout 0.022000 TIMEOUT!!
05-01 14:52:35.568 21807 21807 D NotifyService: Listener posted:com.example.nova
05-01 14:52:35.583  2806  3214 D TrCloudNotificationSupportController: containCloudNotificationSupportApp: com.example.novanot in the cloud list
05-01 14:52:35.583  2806  3214 D TrCloudNotificationSupportController: containLocalNotificationSupportApp: com.example.novanot in the local list
05-01 14:52:35.631  2806  3130 D StatusBarIconView: unSupportMatrixIcon: key:0|com.example.nova|4701|null|10395 , isGrayscaleDrawable:true , isGrayscaleIcon:true
05-01 14:52:35.632  2806  3212 D StatusBarIconView: unSupportMatrixIcon: key:0|com.example.nova|4701|null|10395 , isGrayscaleDrawable:true , isGrayscaleIcon:true
05-01 14:52:35.632  2806  3184 D StatusBarIconView: unSupportMatrixIcon: key:0|com.example.nova|4701|null|10395 , isGrayscaleDrawable:true , isGrayscaleIcon:true
05-01 14:52:35.634  2806  3138 D StatusBarIconView: unSupportMatrixIcon: key:0|com.example.nova|4701|null|10395 , isGrayscaleDrawable:true , isGrayscaleIcon:true
05-01 14:52:35.640  2806  3276 D SystemUINotificationLice: setThunderButtonVisibleNeeded Notification(channel=nova_asr_runtime shortcut=null contentView=null vibrate=null sound=null defaults=0 flags=ONGOING_EVENT|NO_CLEAR|FOREGROUND_SERVICE color=0x00000000 vis=PRIVATE)
05-01 14:52:35.642  2806  3276 D SystemUINotificationLice: setThunderButtonVisibleNeeded Notification(channel=nova_asr_runtime shortcut=null contentView=null vibrate=null sound=null defaults=0 flags=ONGOING_EVENT|NO_CLEAR|FOREGROUND_SERVICE color=0x00000000 vis=PRIVATE)
05-01 14:52:35.642  2806  3276 D SystemUINotificationLice: updateButtonVisibleIfNeeded Notification(channel=nova_asr_runtime shortcut=null contentView=null vibrate=null sound=null defaults=0 flags=ONGOING_EVENT|NO_CLEAR|FOREGROUND_SERVICE color=0x00000000 vis=PRIVATE)
05-01 14:52:35.644  2806  3276 D SystemUINotificationLice: setThunderButtonVisibleNeeded Notification(channel=nova_asr_runtime shortcut=null contentView=null vibrate=null sound=null defaults=0 flags=ONGOING_EVENT|NO_CLEAR|FOREGROUND_SERVICE color=0x00000000 vis=PRIVATE)
05-01 14:52:35.644  2806  3276 D SystemUINotificationLice: updateButtonVisibleIfNeeded Notification(channel=nova_asr_runtime shortcut=null contentView=null vibrate=null sound=null defaults=0 flags=ONGOING_EVENT|NO_CLEAR|FOREGROUND_SERVICE color=0x00000000 vis=PRIVATE)
05-01 14:52:35.736  2806  2806 D game/all: updateBackgroundPublicIfGameMode: this:0|com.example.nova|4701|null|10395
05-01 14:52:37.240  1899  2538 D ActivityTaskManager_Recents: Skipping, user setup not complete: Task{fb9de34 #8 type=undefined A=10185:com.transsion.mobilecloner}
05-01 14:52:37.241  1899  2538 D ActivityTaskManager_Recents: Skipping, user setup not complete: Task{fb9de34 #8 type=undefined A=10185:com.transsion.mobilecloner}
05-01 14:52:37.251  1899  2538 D ActivityTaskManager_Recents: Skipping, user setup not complete: Task{fb9de34 #8 type=undefined A=10185:com.transsion.mobilecloner}
05-01 14:52:37.311 22335 22345 W nova_observer: userfaultfd: MOVE ioctl seems unsupported: Connection timed out
05-01 14:52:37.333  1899  2538 D ActivityTaskManager_Recents: Skipping, user setup not complete: Task{fb9de34 #8 type=undefined A=10185:com.transsion.mobilecloner}
05-01 14:52:37.338  1899  2538 D ActivityTaskManager_Recents: Skipping, user setup not complete: Task{fb9de34 #8 type=undefined A=10185:com.transsion.mobilecloner}
05-01 14:52:37.342  1899  2538 D ActivityTaskManager_Recents: Skipping, user setup not complete: Task{fb9de34 #8 type=undefined A=10185:com.transsion.mobilecloner}
05-01 14:52:37.347  1899  2538 D ActivityTaskManager_Recents: Skipping, user setup not complete: Task{fb9de34 #8 type=undefined A=10185:com.transsion.mobilecloner}
05-01 14:52:37.353  1899  2538 D ActivityTaskManager_Recents: Skipping, user setup not complete: Task{fb9de34 #8 type=undefined A=10185:com.transsion.mobilecloner}
05-01 14:52:37.464 22359 22368 W nova_internet: userfaultfd: MOVE ioctl seems unsupported: Connection timed out
05-01 14:52:39.245  1899  2538 D ActivityTaskManager_Recents: Skipping, user setup not complete: Task{fb9de34 #8 type=undefined A=10185:com.transsion.mobilecloner}
05-01 14:52:39.246  1899  2538 D ActivityTaskManager_Recents: Skipping, user setup not complete: Task{fb9de34 #8 type=undefined A=10185:com.transsion.mobilecloner}
05-01 14:52:39.256  1899  2538 D ActivityTaskManager_Recents: Skipping, user setup not complete: Task{fb9de34 #8 type=undefined A=10185:com.transsion.mobilecloner}
05-01 14:52:39.321  1899  2538 D ActivityTaskManager_Recents: Skipping, user setup not complete: Task{fb9de34 #8 type=undefined A=10185:com.transsion.mobilecloner}
05-01 14:52:39.325  1899  2538 D ActivityTaskManager_Recents: Skipping, user setup not complete: Task{fb9de34 #8 type=undefined A=10185:com.transsion.mobilecloner}
05-01 14:52:39.329  1899  2538 D ActivityTaskManager_Recents: Skipping, user setup not complete: Task{fb9de34 #8 type=undefined A=10185:com.transsion.mobilecloner}
05-01 14:52:39.332  1899  2538 D ActivityTaskManager_Recents: Skipping, user setup not complete: Task{fb9de34 #8 type=undefined A=10185:com.transsion.mobilecloner}
05-01 14:52:39.334  1899  2538 D ActivityTaskManager_Recents: Skipping, user setup not complete: Task{fb9de34 #8 type=undefined A=10185:com.transsion.mobilecloner}
05-01 14:52:39.338  1899  2538 D ActivityTaskManager_Recents: Skipping, user setup not complete: Task{fb9de34 #8 type=undefined A=10185:com.transsion.mobilecloner}
05-01 14:52:39.341  1899  2538 D ActivityTaskManager_Recents: Skipping, user setup not complete: Task{fb9de34 #8 type=undefined A=10185:com.transsion.mobilecloner}
05-01 14:52:39.345  1899  2538 D ActivityTaskManager_Recents: Skipping, user setup not complete: Task{fb9de34 #8 type=undefined A=10185:com.transsion.mobilecloner}
05-01 14:52:41.529 22412 22422 W gle.android.tts: userfaultfd: MOVE ioctl seems unsupported: Connection timed out
05-01 14:52:41.631 17130 22541 I NovaMainActivity: NOVA_BOOT_PROGRESS phase=native_model_inference_waiting percent=none message=Yerel beyin hatt─▒ ├ğal─▒┼ş─▒yor; native inference 16 saniyedir cevap bekliyor.
05-01 14:52:44.107  1346  1372 W TeeEndorsementInstaller: Endorsement token not found, wait a bit longer (81 sec) [vendor/mediatek/proprietary/trustzone/trustonic/source/external/mobicore/common/510/Daemon/src/EndorsementInstaller.cpp:104]
05-01 14:52:47.763 17130 22534 I NovaMainActivity: NOVA_BOOT_PROGRESS phase=native_model_inference_done percent=none message=Yerel model native inference ├ğa─şr─▒s─▒n─▒ tamamlad─▒.
05-01 14:52:47.769 17130 22534 I NovaMainActivity: NOVA_RAW_MODEL_OUTPUT promptHash=-1087492001 chars=16 raw_model_output=Haz─▒r─▒m efendim. purpose=brain_kernel
05-01 14:52:47.769 17130 22534 I NovaMainActivity: NOVA_BOOT_PROGRESS phase=brain_kernel_verified percent=100 message=Nova tek beyin ├ğekirde─şi ger├ğek local model cevab─▒ ├╝retti.
05-01 14:52:47.778 17130 17130 I flutter : NOVA_SETUP_BOOT brain_kernel_verified_then_micro_setup_opening
05-01 14:52:47.778 17130 17130 I flutter : NOVA_SETUP_BOOT opening_micro_inference_start
05-01 14:52:47.781 17130 17130 I flutter : NOVA_SINGLE_BRAIN_CORE_PROFILE_READY hash=959341994
05-01 14:52:47.784 17130 17130 I flutter : NOVA_SINGLE_BRAIN_INPUT source=setup_voice_opening mode=systemSetup primaryTurn=true requireModel=true ownerConfidence=0.00 speaker= chars=161
05-01 14:52:48.382 17130 22534 I NovaMainActivity: NOVA_BOOT_PROGRESS phase=native_backend_check percent=none message=Yerel d├╝┼ş├╝nme motoru ├ğekirde─şi kontrol ediliyor.
05-01 14:52:48.391 17130 22534 I NovaMainActivity: NOVA_BOOT_PROGRESS phase=model_prepare_success percent=100 message=Yerel model dosyas─▒ do─şruland─▒ ve haz─▒r.
05-01 14:52:48.392 17130 22534 I NovaMainActivity: NOVA_BOOT_PROGRESS phase=native_model_loading percent=none message=Yerel d├╝┼ş├╝nme motoru belle─şe al─▒n─▒yor. Bu a┼şamada ger├ğek y├╝zde ├╝retilemiyor; native y├╝kleme sonucu bekleniyor.
05-01 14:52:48.392 17130 22534 I NovaMainActivity: NOVA_NATIVE_GENERATE_CALLED promptHash=-1945290953 promptChars=313 systemChars=127 fastMode=true cancelPrevious=true ownerPrimaryTurn=true model_path=/data/user/0/com.example.nova/files/gemma-3n-E2B-it-int4.litertlm
05-01 14:52:48.395 17130 22630 I NovaMainActivity: NOVA_BOOT_PROGRESS phase=native_model_inference_start percent=none message=Yerel model ilk ├ğ─▒kar─▒m─▒ ba┼şlat─▒yor. modelBytes=3655827456; promptChars=313; systemChars=127; fastMode=true
05-01 14:52:49.167  1243 22522 W AudioALSACaptureDataProviderNormal: readThread, latency_in_s,0.000001,0.023368,0.000054, totalTime 0.023423 > logTimeout 0.022000 TIMEOUT!!
05-01 14:52:49.181  1507  1925 E RILC    : RIL_onRequestComplete: invalid RIL_Token
05-01 14:52:53.044  2806  2806 I ChargeAnima: TrSysChargeUtils-updateNativeCharge pumpstat Not fast charge}
05-01 14:52:53.057  5935  5935 D BLab-SettingsProviderUtils: isUserSetupCompleteSdk = 1
05-01 14:52:53.069  2806  2806 I ChargeAnima: TrSysChargeUtils-updateNativeCharge pumpstat Not fast charge}
05-01 14:52:53.073  5935  5935 D BLab-SettingsProviderUtils: isUserSetupCompleteSdk = 1
05-01 14:52:53.080  2806  2806 I ChargeAnima: TrSysChargeUtils-updateNativeCharge pumpstat Not fast charge}
05-01 14:52:53.086  5935  5935 D BLab-SettingsProviderUtils: isUserSetupCompleteSdk = 1
05-01 14:52:56.395 17130 22629 I NovaMainActivity: NOVA_BOOT_PROGRESS phase=native_model_inference_waiting percent=none message=Yerel beyin hatt─▒ ├ğal─▒┼ş─▒yor; native inference 8 saniyedir cevap bekliyor.
05-01 14:53:04.397 17130 22629 I NovaMainActivity: NOVA_BOOT_PROGRESS phase=native_model_inference_waiting percent=none message=Yerel beyin hatt─▒ ├ğal─▒┼ş─▒yor; native inference 16 saniyedir cevap bekliyor.
05-01 14:53:04.698  2806  2806 I ChargeAnima: TrSysChargeUtils-updateNativeCharge pumpstat Not fast charge}
05-01 14:53:04.707  1243 22522 W AudioALSACaptureDataProviderNormal: readThread, latency_in_s,0.000001,0.023426,0.000062, totalTime 0.023489 > logTimeout 0.022000 TIMEOUT!!
05-01 14:53:04.723  5935  5935 D BLab-SettingsProviderUtils: isUserSetupCompleteSdk = 1
05-01 14:53:05.348  1243 22522 W AudioALSACaptureDataProviderNormal: readThread, latency_in_s,0.000001,0.024410,0.000057, totalTime 0.024468 > logTimeout 0.022000 TIMEOUT!!
05-01 14:53:08.967  1243 22522 W AudioALSACaptureDataProviderNormal: readThread, latency_in_s,0.000001,0.023036,0.000128, totalTime 0.023165 > logTimeout 0.022000 TIMEOUT!!
05-01 14:53:08.993  1507  1925 E RILC    : RIL_onRequestComplete: invalid RIL_Token
05-01 14:53:12.182  1507  1925 E RILC    : RIL_onRequestComplete: invalid RIL_Token
05-01 14:53:12.398 17130 22629 I NovaMainActivity: NOVA_BOOT_PROGRESS phase=native_model_inference_waiting percent=none message=Yerel beyin hatt─▒ ├ğal─▒┼ş─▒yor; native inference 24 saniyedir cevap bekliyor.
05-01 14:53:13.693  4472  7005 D AlarmPingSender: Success. Release lock(MqttService.client.199780117264496647):1777636393693
05-01 14:53:14.126  1243 22522 W AudioALSACaptureDataProviderNormal: readThread, latency_in_s,0.000001,0.022009,0.000055, totalTime 0.022065 > logTimeout 0.022000 TIMEOUT!!
05-01 14:53:20.399 17130 22629 I NovaMainActivity: NOVA_BOOT_PROGRESS phase=native_model_health_guard percent=none message=Yerel model h├ól├ó cevap ├╝retmedi. k─▒sa sa─şl─▒k e┼şi─şi a┼ş─▒ld─▒; s├╝re├ğ iptal edilmiyor ama y├╝kleme/decode hatt─▒ canl─▒l─▒k a├ğ─▒s─▒ndan izleniyor.
05-01 14:53:23.037 17130 17130 I flutter : NOVA_SINGLE_BRAIN_DECISION source=setup_voice_opening allowed=false modelUsed=false isError=true route=local_model_failed_strict textChars=47 staticLike=false
05-01 14:53:23.037 17130 17130 I flutter : NOVA_SINGLE_BRAIN_BLOCK source=setup_voice_opening reason=AI_REQUIRED_BLOCK: Yerel model ├ğal─▒┼ş─▒rken beklenmeyen hata olu┼ştu.
05-01 14:53:23.037 17130 17130 I flutter : NOVA_SETUP_BOOT opening_micro_inference_done error=true allowed=false
05-01 14:53:23.038 17130 17130 I flutter : NOVA_SETUP_OPENING_MICRO_ERROR route=single_brain_blocked text=AI_REQUIRED_BLOCK: Yerel model ├ğal─▒┼ş─▒rken beklenmeyen hata olu┼ştu.
05-01 14:53:23.044 17130 17130 I flutter : NOVA_SETUP_TTS_SPEAK_START nextStep=_SetupStep.askAssistantName mode=NovaTtsMode.neuralLocal source=setup_hotpath_ai_output tts_source=brain_decision_ai_output textChars=0
05-01 14:53:23.044 17130 17130 I flutter : NOVA_SETUP_TTS_BLOCKED_EMPTY_SINGLE_BRAIN nextStep=_SetupStep.askAssistantName
05-01 14:53:23.672 17130 17130 I flutter : NOVA_STREAMING_ASR_START_IDEMPOTENT owner=runtime running=true foreground=true
05-01 14:53:24.117  1507  1925 E RILC    : RIL_onRequestComplete: invalid RIL_Token
05-01 14:53:24.135 17130 17130 I flutter : NOVA_SETUP_ASR_READY reason=after_brain_kernel_opening started=true ready=true gateRunning=true gateState={success: true, message: OK, running: true, speechActive: false, speechRecentlyActive: false, lastSpeechAt: 0, lastSampleAt: 72891774, avgRms: 64.63013577718856, peakRms: 554.6289178563088, baselineRms: 91.17996832809679, thresholdRms: 640.0, lastError: , speechOpenCounter: 0, speechCloseCounter: 0, sampleRate: 16000, bufferedPcmSamples: 384000} ok=true
05-01 14:53:28.400 17130 22629 I NovaMainActivity: NOVA_BOOT_PROGRESS phase=native_model_inference_waiting percent=none message=Yerel beyin hatt─▒ ├ğal─▒┼ş─▒yor; native inference 40 saniyedir cevap bekliyor.
05-01 14:53:32.697  1899  2286 W ActivityManager: Receiver with filter android.content.IntentFilter@78ff9b0 already registered for pid 1899, callerPackage is android
05-01 14:53:32.697  1899  2286 W ActivityManager: Receiver with filter android.content.IntentFilter@4812029 already registered for pid 1899, callerPackage is android
05-01 14:53:36.401 17130 22629 I NovaMainActivity: NOVA_BOOT_PROGRESS phase=native_model_inference_waiting percent=none message=Yerel beyin hatt─▒ ├ğal─▒┼ş─▒yor; native inference 48 saniyedir cevap bekliyor.
05-01 14:53:39.591  1243 22522 W AudioALSACaptureDataProviderNormal: readThread, latency_in_s,0.000001,0.027158,0.000066, totalTime 0.027224 > logTimeout 0.022000 TIMEOUT!!
05-01 14:53:40.528  1243 22522 W AudioALSACaptureDataProviderNormal: readThread, latency_in_s,0.000001,0.024448,0.000158, totalTime 0.024607 > logTimeout 0.022000 TIMEOUT!!
05-01 14:53:42.026  1243 22522 W AudioALSACaptureDataProviderNormal: readThread, latency_in_s,0.000001,0.021999,0.000019, totalTime 0.022019 > logTimeout 0.022000 TIMEOUT!!
05-01 14:53:43.151  1899  2046 D BatteryService: widetemperaturebatteryburn check uevent: {SUBSYSTEM=misc, MAJOR=10, SEQNUM=10298, ACTION=change, DEVNAME=tran_cpu_metrics, SYS_TASK_LOADING={"n":".example.nova", "p":"17130", "u":"10395", "a":"50", "l":"346", "th":"90", "th_l":"60"}, MINOR=97, DEVPATH=/devices/virtual/misc/tran_cpu_metrics}
05-01 14:53:43.154  1899  2532 D ActivityTaskManager_Recents: Skipping, user setup not complete: Task{fb9de34 #8 type=undefined A=10185:com.transsion.mobilecloner}
05-01 14:53:44.402 17130 22629 I NovaMainActivity: NOVA_BOOT_PROGRESS phase=native_model_inference_waiting percent=none message=Yerel beyin hatt─▒ ├ğal─▒┼ş─▒yor; native inference 56 saniyedir cevap bekliyor.
05-01 14:53:44.459 17130 22326 I .example.nova: NativeAlloc concurrent mark compact GC freed 2054KB AllocSpace bytes, 104(5036KB) LOS objects, 85% free, 4186KB/28MB, paused 368us,9.085ms total 50.584ms
05-01 14:53:52.403 17130 22629 I NovaMainActivity: NOVA_BOOT_PROGRESS phase=native_model_inference_waiting percent=none message=Yerel beyin hatt─▒ ├ğal─▒┼ş─▒yor; native inference 64 saniyedir cevap bekliyor.
05-01 14:53:56.140 17130 17130 I flutter : NOVA_SETUP_ASR_PARTIAL chars=77
05-01 14:53:56.144 17130 17130 I flutter : NOVA_SETUP_ASR_FINAL chars=77
05-01 14:53:58.057  2806  2806 I ChargeAnima: TrSysChargeUtils-updateNativeCharge pumpstat Not fast charge}
05-01 14:53:58.083  5935  5935 D BLab-SettingsProviderUtils: isUserSetupCompleteSdk = 1
05-01 14:54:00.403 17130 22629 I NovaMainActivity: NOVA_BOOT_PROGRESS phase=native_model_inference_waiting percent=none message=Yerel beyin hatt─▒ ├ğal─▒┼ş─▒yor; native inference 72 saniyedir cevap bekliyor.
05-01 14:54:04.148  1243 22522 W AudioALSACaptureDataProviderNormal: readThread, latency_in_s,0.000000,0.024767,0.000025, totalTime 0.024792 > logTimeout 0.022000 TIMEOUT!!
05-01 14:54:04.689  1243 22522 W AudioALSACaptureDataProviderNormal: readThread, latency_in_s,0.000001,0.025782,0.000085, totalTime 0.025868 > logTimeout 0.022000 TIMEOUT!!
05-01 14:54:04.697  2806  2806 I ChargeAnima: TrSysChargeUtils-updateNativeCharge pumpstat Not fast charge}
05-01 14:54:04.725  5935  5935 D BLab-SettingsProviderUtils: isUserSetupCompleteSdk = 1
05-01 14:54:04.756  2806  2806 I ChargeAnima: TrSysChargeUtils-updateNativeCharge pumpstat Not fast charge}
05-01 14:54:04.769  1243 22522 W AudioALSACaptureDataProviderNormal: readThread, latency_in_s,0.000001,0.025751,0.000089, totalTime 0.025840 > logTimeout 0.022000 TIMEOUT!!
05-01 14:54:04.783  5935  5935 D BLab-SettingsProviderUtils: isUserSetupCompleteSdk = 1
05-01 14:54:05.118  1346  1372 W TeeEndorsementInstaller: Endorsement token not found, wait a bit longer (81 sec) [vendor/mediatek/proprietary/trustzone/trustonic/source/external/mobicore/common/510/Daemon/src/EndorsementInstaller.cpp:104]
05-01 14:54:05.363 17130 17130 I flutter : NOVA_SETUP_ASR_IGNORED reason=setup_speech_or_noise final=false chars=11
05-01 14:54:05.366 17130 17130 I flutter : NOVA_SETUP_ASR_IGNORED reason=setup_speech_or_noise final=true chars=11
05-01 14:54:06.525 17130 22534 I NovaMainActivity: NOVA_BOOT_PROGRESS phase=native_model_timeout percent=none message=Yerel model 75 saniye i├ğinde ger├ğek cevap d├Ând├╝rmedi; eski native ├ğ─▒kar─▒m iptal edildi ve sistem yeni komutlara a├ğ─▒k b─▒rak─▒ld─▒.
05-01 14:54:09.331 17130 17130 I flutter : NOVA_SETUP_ASR_PARTIAL chars=77
05-01 14:54:09.336 17130 17130 I flutter : NOVA_SETUP_ASR_FINAL chars=77
05-01 14:54:12.412  1507  1925 E RILC    : RIL_onRequestComplete: invalid RIL_Token
05-01 14:54:16.197  2997  3023 W .gms.persistent: ApkAssets: Deleting an ApkAssets object '<empty> and /data/app/~~vtuFigglr7Dst81NojJkdQ==/com.google.android.tts-hshlQ7v9qmGgLD8Ue9Ps7g==/base.apk' with 1 weak references
05-01 14:54:16.197  2997  3023 W .gms.persistent: ApkAssets: Deleting an ApkAssets object '<empty> and /data/app/~~vtuFigglr7Dst81NojJkdQ==/com.google.android.tts-hshlQ7v9qmGgLD8Ue9Ps7g==/split_config.arm64_v8a.apk' with 1 weak references
05-01 14:54:16.198  2997  3023 W .gms.persistent: ApkAssets: Deleting an ApkAssets object '<empty> and /data/app/~~vtuFigglr7Dst81NojJkdQ==/com.google.android.tts-hshlQ7v9qmGgLD8Ue9Ps7g==/split_config.tr.apk' with 1 weak references
05-01 14:54:16.198  2997  3023 W .gms.persistent: ApkAssets: Deleting an ApkAssets object '<empty> and /data/app/~~vtuFigglr7Dst81NojJkdQ==/com.google.android.tts-hshlQ7v9qmGgLD8Ue9Ps7g==/split_config.xxhdpi.apk' with 1 weak references
05-01 14:54:18.056  2806  2806 I ChargeAnima: TrSysChargeUtils-updateNativeCharge pumpstat Not fast charge}
05-01 14:54:18.071  5935  5935 D BLab-SettingsProviderUtils: isUserSetupCompleteSdk = 1
05-01 14:54:18.096  2806  2806 I ChargeAnima: TrSysChargeUtils-updateNativeCharge pumpstat Not fast charge}
05-01 14:54:18.113  5935  5935 D BLab-SettingsProviderUtils: isUserSetupCompleteSdk = 1
05-01 14:54:18.132  2806  2806 I ChargeAnima: TrSysChargeUtils-updateNativeCharge pumpstat Not fast charge}
05-01 14:54:18.149  5935  5935 D BLab-SettingsProviderUtils: isUserSetupCompleteSdk = 1
05-01 14:54:19.597 17130 17130 I flutter : NOVA_SETUP_ASR_PARTIAL chars=77
05-01 14:54:19.604 17130 17130 I flutter : NOVA_SETUP_ASR_FINAL chars=77
05-01 14:54:22.392  1507  1925 E RILC    : RIL_onRequestComplete: invalid RIL_Token
05-01 14:54:28.242 17130 17130 I flutter : NOVA_SETUP_ASR_PARTIAL chars=16
05-01 14:54:28.248 17130 17130 I flutter : NOVA_SETUP_ASR_FINAL chars=16
05-01 14:54:31.766 17130 17130 I flutter : NOVA_SETUP_ASR_PARTIAL chars=15
05-01 14:54:31.771 17130 17130 I flutter : NOVA_SETUP_ASR_FINAL chars=15
05-01 14:54:32.809  1899  2286 W ActivityManager: Receiver with filter android.content.IntentFilter@8b41dd8 already registered for pid 1899, callerPackage is android
05-01 14:54:32.810  1899  2286 W ActivityManager: Receiver with filter android.content.IntentFilter@2d8b531 already registered for pid 1899, callerPackage is android
05-01 14:54:42.277 17130 17130 I flutter : NOVA_SETUP_ASR_IGNORED reason=setup_speech_or_noise final=false chars=11
05-01 14:54:42.281 17130 17130 I flutter : NOVA_SETUP_ASR_IGNORED reason=setup_speech_or_noise final=true chars=11
05-01 14:54:44.581  1899  2046 D BatteryService: widetemperaturebatteryburn check uevent: {SUBSYSTEM=misc, MAJOR=10, SEQNUM=10305, ACTION=change, DEVNAME=tran_cpu_metrics, SYS_TASK_LOADING={"n":".example.nova", "p":"17130", "u":"10395", "a":"50", "l":"304", "th":"90", "th_l":"60"}, MINOR=97, DEVPATH=/devices/virtual/misc/tran_cpu_metrics}
05-01 14:54:44.584  1899  2532 D ActivityTaskManager_Recents: Skipping, user setup not complete: Task{fb9de34 #8 type=undefined A=10185:com.transsion.mobilecloner}
05-01 14:54:49.814 17130 17130 I flutter : NOVA_SETUP_ASR_PARTIAL chars=15
05-01 14:54:49.819 17130 17130 I flutter : NOVA_SETUP_ASR_FINAL chars=15
05-01 14:54:56.397 17969 17969 D RequestTag: createToken:token_boyuan_10003_TR_tr
05-01 14:54:57.566  1899  2170 E JobScheduler.Concurrency: Error executing JobStatus{b6b00b1 #u0a204/200 com.transsnet.store/com.afmobi.palmplay.activate.TRDataJobService u=0 s=10204 TIME=-8m28s399ms:+51m31s601ms NET PERSISTED READY}
05-01 14:54:57.575  1899  2170 E JobScheduler.Concurrency: Error executing JobStatus{6063bc9 #u0a204/666 com.transsnet.store/com.transsnet.launcherlib.services.ExternalJobService u=0 s=10204 TIME=-8m28s277ms:+51m31s723ms NET PERSISTED READY}
05-01 14:54:57.584  1899  2170 E JobScheduler.Concurrency: Error executing JobStatus{ea90e #u0a204/5185 com.transsnet.store/com.transsion.newphonerecommend.service.NewPhoneJobService u=0 s=10204 TIME=-8m12s840ms:+51m47s160ms NET PERSISTED READY}
05-01 14:54:57.600  4729  8924 W RegisteredComponentCache: org.xmlpull.v1.XmlPullParserException: No android.nfc.action.TECH_DISCOVERED meta-data
05-01 14:54:57.600  4729  8924 W RegisteredComponentCache: 	at com.android.nfc.RegisteredComponentCache.generateComponentsList(RegisteredComponentCache.java:203)
05-01 14:54:57.839  1899  2007 W PackageManager: org.xmlpull.v1.XmlPullParserException: No android.accounts.AccountAuthenticator meta-data
05-01 14:54:57.839  1899  2007 W PackageManager: 	at android.content.pm.RegisteredServicesCache.generateServicesMap(RegisteredServicesCache.java:493)
05-01 14:55:00.572  2806  2806 I ChargeAnima: TrSysChargeUtils-updateNativeCharge pumpstat Not fast charge}
05-01 14:55:00.584  5935  5935 D BLab-SettingsProviderUtils: isUserSetupCompleteSdk = 1
05-01 14:55:00.588  2806  2806 I SysUI(250928)_ChargingController: chargeAction:UpdateChargeData(vent=ChargeRepositoryImpl(eventChargeType='0', chargePower='0', switchSettingSource='0', switchSelection='0', chargeMultiValue='0', chargeLevel='-1.0', level=90, nativeChargeType=0, nativeMultiValue=0, chargingSource=WIRE, wlsMagneticFan=0))
05-01 14:55:00.619  5935  5935 D BLab-SettingsProviderUtils: isUserSetupCompleteSdk = 1
05-01 14:55:00.646  2806  2806 I ChargeAnima: TrSysChargeUtils-updateNativeCharge pumpstat Not fast charge}
05-01 14:55:04.696  2806  2806 I ChargeAnima: TrSysChargeUtils-updateNativeCharge pumpstat Not fast charge}
05-01 14:55:04.709  5935  5935 D BLab-SettingsProviderUtils: isUserSetupCompleteSdk = 1
05-01 14:55:04.720  2806  2806 I ChargeAnima: TrSysChargeUtils-updateNativeCharge pumpstat Not fast charge}
05-01 14:55:04.735  5935  5935 D BLab-SettingsProviderUtils: isUserSetupCompleteSdk = 1
05-01 14:55:09.666  1243 22522 W AudioALSACaptureDataProviderNormal: readThread, latency_in_s,0.000001,0.021978,0.000076, totalTime 0.022056 > logTimeout 0.022000 TIMEOUT!!
05-01 14:55:12.641  1507  1925 E RILC    : RIL_onRequestComplete: invalid RIL_Token
05-01 14:55:22.622  1507  1925 E RILC    : RIL_onRequestComplete: invalid RIL_Token
05-01 14:55:23.066  1243 22522 W AudioALSACaptureDataProviderNormal: readThread, latency_in_s,0.000001,0.022942,0.000103, totalTime 0.023046 > logTimeout 0.022000 TIMEOUT!!
05-01 14:55:26.120  1346  1372 W TeeEndorsementInstaller: Endorsement token not found, wait a bit longer (81 sec) [vendor/mediatek/proprietary/trustzone/trustonic/source/external/mobicore/common/510/Daemon/src/EndorsementInstaller.cpp:104]
     generate adb public/private key; private key stored in FILE,
