05-01 14:52:19.495  1899  2170 E JobScheduler.Concurrency: Error executing JobStatus{858d823 androidx.work.systemjobscheduler:u0a271/-2147483548 @androidx.work.systemjobscheduler@com.linkedin.android/androidx.work.impl.background.systemjob.SystemJobService u=0 s=10271 NET system stops=1 READY}
05-01 14:52:19.498  1899  2170 E JobScheduler.Concurrency: Error executing JobStatus{4f58bc2 androidx.work.systemjobscheduler:u0a271/-2147483631 @androidx.work.systemjobscheduler@com.linkedin.android/androidx.work.impl.background.systemjob.SystemJobService u=0 s=10271 TIME=-14h40m21s233ms:none NET READY}
05-01 14:52:19.498 17130 22385 D .example.nova: MBrain is disabled
05-01 14:52:19.498 17130 22385 D .example.nova: initMbrain failed
05-01 14:52:19.501  1899  2170 E JobScheduler.Concurrency: Error executing JobStatus{2b423ff #u0a204/100 com.transsnet.store/com.afmobi.palmplay.service.MsgJobService u=0 s=10204 TIME=-52m59s122ms:-52m59s122ms NET PERSISTED READY}
05-01 14:52:19.506  1899  2170 E JobScheduler.Concurrency: Error executing JobStatus{a85cc63 #u0a209/101 com.talpa.hibrowser/com.talpa.ka.KaJobService u=0 s=10209 TIME=-2h4m29s738ms:-2h4m14s738ms NET READY}
05-01 14:52:19.509  1899  2170 E JobScheduler.Concurrency: Error executing JobStatus{78addc8 #u0a310/41952327 com.qjzjzd.an.en4399/com.google.android.datatransport.runtime.scheduling.jobscheduling.JobInfoSchedulerService u=0 s=10310 TIME=-1h47m13s901ms:none NET READY}
05-01 14:52:19.513  1899  2170 E JobScheduler.Concurrency: Error executing JobStatus{90250ed androidx.work.systemjobscheduler:u0a209/960 @androidx.work.systemjobscheduler@com.talpa.hibrowser/androidx.work.impl.background.systemjob.SystemJobService u=0 s=10209 TIME=-1h46m8s854ms:none READY}
05-01 14:52:19.528  1899  2269 D TranWifiTputMonitor: top app: com.example.nova in white list: false
05-01 14:52:19.609  1899  2379 D TranAppBrightnessChangeController: [onForegroundAppchange] ForegroundPackage: com.example.nova splitScreen: false multiWindow: false mIsPinned:false
05-01 14:52:19.612 22412 22412 I NativeLibraryLoader: Beginning load of google_speech_sbg_tts_jni...
05-01 14:52:19.634  1899  2170 E JobScheduler.Concurrency: Error executing JobStatus{b6b00b1 #u0a204/200 com.transsnet.store/com.afmobi.palmplay.activate.TRDataJobService u=0 s=10204 TIME=-5m50s467ms:+54m9s533ms NET PERSISTED READY}
05-01 14:52:19.640  1899  2170 E JobScheduler.Concurrency: Error executing JobStatus{6063bc9 #u0a204/666 com.transsnet.store/com.transsnet.launcherlib.services.ExternalJobService u=0 s=10204 TIME=-5m50s342ms:+54m9s658ms NET PERSISTED READY}
05-01 14:52:19.643 17130 17130 W Choreographer: Already have a pending vsync event.  There should only be one at a time.
05-01 14:52:19.645  1899  2170 E JobScheduler.Concurrency: Error executing JobStatus{ea90e #u0a204/5185 com.transsnet.store/com.transsion.newphonerecommend.service.NewPhoneJobService u=0 s=10204 TIME=-5m34s902ms:+54m25s98ms NET PERSISTED READY}
05-01 14:52:19.687 22412 22458 I VoiceDataDownloader: Not already initialized. Initializing Superpacks.
05-01 14:52:19.714 22412 22412 I GoogleTtsServicePeer: Creating Google TTS service, version googletts.google-speech-apk_20260331.04_p0.892709386
05-01 14:52:19.718 22412 22460 I SP      : Registering ttsvoices.3269, url: null, constraints: *:*:*:*, flags: *, requested: 3269, current: 3269
05-01 14:52:19.828 17130 22385 D BLASTBufferQueue: [SurfaceView[com.example.nova/com.example.nova.MainActivity]#1](f:0,a:1) acquireNextBufferLocked size=1080x2400 mFrameNumber=1 applyTransaction=true mTimestamp=18209398436545(auto) mPendingTransactions.size=0 graphicBufferId=73572789780490 transform=0
05-01 14:52:19.829 17130 22385 D .example.nova: MBrain is disabled
05-01 14:52:19.829 17130 22385 D .example.nova: initMbrain failed
05-01 14:52:19.850 17130 17130 D BLASTBufferQueue: [SurfaceView[com.example.nova/com.example.nova.MainActivity]#1](f:0,a:1) destructor()
05-01 14:52:19.850 17130 17130 D BufferQueueConsumer: [SurfaceView[com.example.nova/com.example.nova.MainActivity]#1(BLAST Consumer)1](id:42ea00000001,api:0,p:-1,c:17130) disconnect
05-01 14:52:19.857 17130 17130 I wm_on_stop_called: [9913385,com.example.nova.MainActivity,STOP_ACTIVITY_ITEM,2]
05-01 14:52:19.878  1899  5465 D WindowManager: System monitor finishDrawingWindow w: Window{4b80c26 u0 com.example.nova/com.example.nova.MainActivity}; mDrawState = DRAW_PENDING
05-01 14:52:19.900  1316  1316 I SurfaceFlinger: onHandleDestroyed: name=SurfaceView[com.example.nova/com.example.nova.MainActivity]#5078, layerId=5078, parentId=0
05-01 14:52:19.900  1316  1316 I SurfaceFlinger: onHandleDestroyed: name=SurfaceView[com.example.nova/com.example.nova.MainActivity](BLAST)#5079, layerId=5079, parentId=0
05-01 14:52:19.900  1316  1316 I SurfaceFlinger: onHandleDestroyed: name=Background for SurfaceView[com.example.nova/com.example.nova.MainActivity]#5080, layerId=5080, parentId=0
05-01 14:52:19.900  1316  1316 I SurfaceFlinger: onHandleDestroyed: name=Bounds for - com.example.nova/com.example.nova.MainActivity#5077, layerId=5077, parentId=0
05-01 14:52:19.905 22412 22452 D nativeloader: Load /data/app/~~vtuFigglr7Dst81NojJkdQ==/com.google.android.tts-hshlQ7v9qmGgLD8Ue9Ps7g==/lib/arm64/libgoogle_speech_sbg_tts_jni.so using class loader ns clns-7 (caller=/data/app/~~vtuFigglr7Dst81NojJkdQ==/com.google.android.tts-hshlQ7v9qmGgLD8Ue9Ps7g==/base.apk!classes2.dex): ok
05-01 14:52:19.905 22412 22452 I NativeLibraryLoader: google_speech_sbg_tts_jni (null) was loaded normally!
05-01 14:52:19.917  1316  1316 I BufferQueueDebug: [SurfaceView[com.example.nova/com.example.nova.MainActivity](BLAST)#5079](this:0xb4000077bab3bcf8,id:-1,api:0,p:-1,c:1316) onDestructor()
05-01 14:52:19.917  1316  1316 I BufferQueueDebug: [Background for SurfaceView[com.example.nova/com.example.nova.MainActivity]#5080](this:0xb4000077bab58498,id:-1,api:0,p:-1,c:1316) onDestructor()
05-01 14:52:19.917  1316  1316 I BufferQueueDebug: [SurfaceView[com.example.nova/com.example.nova.MainActivity]#5078](this:0xb4000077bab60d48,id:-1,api:0,p:-1,c:1316) onDestructor()
05-01 14:52:20.167 22412 22412 I PipelineReaderImpl: Initializing monolithic pipeline from disk: /data/user_de/0/com.google.android.tts/files/superpacks/tr-tr/tr-tr-x-multi-seanet-r56/pipeline.pb
05-01 14:52:20.168 22412 22412 I native  : I0000 00:00:1777636340.168431   22412 android_resource_loader.cc:38] Using Android specific resource loader
05-01 14:52:20.171 22412 22412 I native  : I0000 00:00:1777636340.171618   22412 android_resource_loader.cc:109] Loading resources for tr_tr_x_embedded_havoc/751641137423226573
05-01 14:52:20.173 22412 22412 I native  : I0000 00:00:1777636340.172965   22412 data_source.cc:95] Opening data source "/data/user_de/0/com.google.android.tts/files/superpacks/tr-tr/tr-tr-x-multi-seanet-r56/../tr-tr-x-multi-r56/burdock_frame_config.pb" (as: FILE) ...
05-01 14:52:20.173 22412 22412 I native  : I0000 00:00:1777636340.173536   22412 data_source.cc:99] ... Opened data source "/data/user_de/0/com.google.android.tts/files/superpacks/tr-tr/tr-tr-x-multi-seanet-r56/../tr-tr-x-multi-r56/burdock_frame_config.pb" of size 68
05-01 14:52:20.174 22412 22412 I native  : I0000 00:00:1777636340.174114   22412 android_resource_loader.cc:100] Built resource acoustic_frame_config
05-01 14:52:20.174 22412 22412 I native  : I0000 00:00:1777636340.174166   22412 android_resource_loader.cc:116] Loaded resource:acoustic_frame_config
05-01 14:52:20.174 22412 22412 I native  : I0000 00:00:1777636340.174202   22412 data_source.cc:95] Opening data source "/data/user_de/0/com.google.android.tts/files/superpacks/tr-tr/tr-tr-x-multi-seanet-r56/../tr-tr-x-multi-r56/affixes_tr_tr_android.far" (as: FILE) ...
05-01 14:52:20.175 22412 22412 I native  : I0000 00:00:1777636340.175598   22412 data_source.cc:99] ... Opened data source "/data/user_de/0/com.google.android.tts/files/superpacks/tr-tr/tr-tr-x-multi-seanet-r56/../tr-tr-x-multi-r56/affixes_tr_tr_android.far" of size 145
05-01 14:52:20.176 22412 22412 I native  : I0000 00:00:1777636340.176249   22412 android_resource_loader.cc:100] Built resource affix_word_splitter_grm
05-01 14:52:20.176 22412 22412 I native  : I0000 00:00:1777636340.176324   22412 android_resource_loader.cc:116] Loaded resource:affix_word_splitter_grm
05-01 14:52:20.176 22412 22412 I native  : I0000 00:00:1777636340.176363   22412 data_source.cc:95] Opening data source "/data/user_de/0/com.google.android.tts/files/superpacks/tr-tr/tr-tr-x-multi-seanet-r56/../tr-tr-x-multi-r56/affixes_params_tr_tr.pb" (as: FILE) ...
05-01 14:52:20.176 22412 22412 I native  : I0000 00:00:1777636340.176811   22412 data_source.cc:99] ... Opened data source "/data/user_de/0/com.google.android.tts/files/superpacks/tr-tr/tr-tr-x-multi-seanet-r56/../tr-tr-x-multi-r56/affixes_params_tr_tr.pb" of size 2700
05-01 14:52:20.180 22412 22412 I native  : I0000 00:00:1777636340.180130   22412 affix_word_splitter_data.cc:89] Loaded affixes in [/data/user_de/0/com.google.android.tts/files/superpacks/tr-tr/tr-tr-x-multi-seanet-r56/../tr-tr-x-multi-r56/affixes_params_tr_tr.pb].
05-01 14:52:20.180 22412 22412 I native  : I0000 00:00:1777636340.180247   22412 android_resource_loader.cc:100] Built resource affix_word_splitter
05-01 14:52:20.180 22412 22412 I native  : I0000 00:00:1777636340.180269   22412 android_resource_loader.cc:116] Loaded resource:affix_word_splitter
05-01 14:52:20.180 22412 22412 I native  : I0000 00:00:1777636340.180298   22412 data_source.cc:95] Opening data source "/data/user_de/0/com.google.android.tts/files/superpacks/tr-tr/tr-tr-x-multi-seanet-r56/../tr-tr-x-multi-r56/tr_tr_pronounce.far" (as: FILE) ...
05-01 14:52:20.181 22412 22412 I native  : I0000 00:00:1777636340.181276   22412 data_source.cc:99] ... Opened data source "/data/user_de/0/com.google.android.tts/files/superpacks/tr-tr/tr-tr-x-multi-seanet-r56/../tr-tr-x-multi-r56/tr_tr_pronounce.far" of size 325296
05-01 14:52:20.185 22412 22412 I native  : I0000 00:00:1777636340.185880   22412 android_resource_loader.cc:100] Built resource compound_pronounce_grm_fst
05-01 14:52:20.186 22412 22412 I native  : I0000 00:00:1777636340.186042   22412 android_resource_loader.cc:116] Loaded resource:compound_pronounce_grm_fst
05-01 14:52:20.186 22412 22412 I native  : I0000 00:00:1777636340.186141   22412 data_source.cc:95] Opening data source "/data/user_de/0/com.google.android.tts/files/superpacks/tr-tr/tr-tr-x-multi-seanet-r56/../tr-tr-x-multi-r56/disambiguation_rules_tr_tr.pb" (as: FILE) ...
05-01 14:52:20.187 22412 22412 I native  : I0000 00:00:1777636340.187735   22412 data_source.cc:99] ... Opened data source "/data/user_de/0/com.google.android.tts/files/superpacks/tr-tr/tr-tr-x-multi-seanet-r56/../tr-tr-x-multi-r56/disambiguation_rules_tr_tr.pb" of size 96830
05-01 14:52:20.203 22412 22412 I native  : I0000 00:00:1777636340.203413   22412 android_resource_loader.cc:100] Built resource disambiguation_rules
05-01 14:52:20.203 22412 22412 I native  : I0000 00:00:1777636340.203648   22412 android_resource_loader.cc:116] Loaded resource:disambiguation_rules
05-01 14:52:20.203 22412 22412 I native  : I0000 00:00:1777636340.203783   22412 data_source.cc:95] Opening data source "/data/user_de/0/com.google.android.tts/files/superpacks/tr-tr/tr-tr-x-multi-seanet-r56/engine_config_tr_tr_x_embedded_havoc.pb" (as: FILE) ...
05-01 14:52:20.204 22412 22412 I native  : I0000 00:00:1777636340.204380   22412 data_source.cc:99] ... Opened data source "/data/user_de/0/com.google.android.tts/files/superpacks/tr-tr/tr-tr-x-multi-seanet-r56/engine_config_tr_tr_x_embedded_havoc.pb" of size 54
05-01 14:52:20.205 22412 22412 I native  : I0000 00:00:1777636340.205011   22412 android_resource_loader.cc:100] Built resource engine_config
05-01 14:52:20.205 22412 22412 I native  : I0000 00:00:1777636340.205125   22412 android_resource_loader.cc:116] Loaded resource:engine_config
05-01 14:52:20.205 22412 22412 I native  : I0000 00:00:1777636340.205238   22412 android_resource_loader.cc:100] Built resource guided_synthesis
05-01 14:52:20.205 22412 22412 I native  : I0000 00:00:1777636340.205329   22412 android_resource_loader.cc:116] Loaded resource:guided_synthesis
05-01 14:52:20.205 22412 22412 I native  : I0000 00:00:1777636340.205416   22412 data_source.cc:95] Opening data source "/data/user_de/0/com.google.android.tts/files/superpacks/tr-tr/tr-tr-x-multi-seanet-r56/../tr-tr-x-multi-r56/mapping_grammar_tr.far" (as: FILE) ...
05-01 14:52:20.206 22412 22412 I native  : I0000 00:00:1777636340.206058   22412 data_source.cc:99] ... Opened data source "/data/user_de/0/com.google.android.tts/files/superpacks/tr-tr/tr-tr-x-multi-seanet-r56/../tr-tr-x-multi-r56/mapping_grammar_tr.far" of size 1439
05-01 14:52:20.206 22412 22412 I native  : I0000 00:00:1777636340.206923   22412 android_resource_loader.cc:100] Built resource homograph_mapping_grammar
05-01 14:52:20.207 22412 22412 I native  : I0000 00:00:1777636340.207031   22412 android_resource_loader.cc:116] Loaded resource:homograph_mapping_grammar
05-01 14:52:20.207 22412 22412 I native  : I0000 00:00:1777636340.207134   22412 data_source.cc:95] Opening data source "/data/user_de/0/com.google.android.tts/files/superpacks/tr-tr/tr-tr-x-multi-seanet-r56/../tr-tr-x-multi-r56/lettuce_model.fb" (as: MEMORY) ...
05-01 14:52:20.207 22412 22412 I native  : I0000 00:00:1777636340.207694   22412 data_source.cc:99] ... Opened data source "/data/user_de/0/com.google.android.tts/files/superpacks/tr-tr/tr-tr-x-multi-seanet-r56/../tr-tr-x-multi-r56/lettuce_model.fb" of size 480536
05-01 14:52:20.216 22412 22412 I native  : I0000 00:00:1777636340.216134   22412 android_resource_loader.cc:100] Built resource lettuce_model_resource
05-01 14:52:20.216 22412 22412 I native  : I0000 00:00:1777636340.216300   22412 android_resource_loader.cc:116] Loaded resource:lettuce_model_resource
05-01 14:52:20.216 22412 22412 I native  : I0000 00:00:1777636340.216430   22412 android_resource_loader.cc:100] Built resource lettuce_model_scorer
05-01 14:52:20.216 22412 22412 I native  : I0000 00:00:1777636340.216522   22412 android_resource_loader.cc:116] Loaded resource:lettuce_model_scorer
05-01 14:52:20.216 22412 22412 I native  : I0000 00:00:1777636340.216608   22412 data_source.cc:95] Opening data source "/data/user_de/0/com.google.android.tts/files/superpacks/tr-tr/tr-tr-x-multi-seanet-r56/../tr-tr-x-multi-r56/lettuce_classify_embedded_tr_generated_android.far" (as: FILE) ...
05-01 14:52:20.217 22412 22412 I native  : I0000 00:00:1777636340.217553   22412 data_source.cc:99] ... Opened data source "/data/user_de/0/com.google.android.tts/files/superpacks/tr-tr/tr-tr-x-multi-seanet-r56/../tr-tr-x-multi-r56/lettuce_classify_embedded_tr_generated_android.far" of size 4032073
05-01 14:52:20.224 17130 17130 D nativeloader: Load /data/app/~~R658xcLpGXGck2TLOVj1PQ==/com.example.nova-7IT52it64aYiZnVeITibWA==/lib/arm64/libsherpa-onnx-jni.so using class loader ns clns-7 (caller=/data/app/~~R658xcLpGXGck2TLOVj1PQ==/com.example.nova-7IT52it64aYiZnVeITibWA==/base.apk): ok
05-01 14:52:20.271 22412 22412 I native  : I0000 00:00:1777636340.271868   22412 android_resource_loader.cc:100] Built resource lettuce_node_generator_grm
05-01 14:52:20.272 22412 22412 I native  : I0000 00:00:1777636340.272026   22412 android_resource_loader.cc:116] Loaded resource:lettuce_node_generator_grm
05-01 14:52:20.272 22412 22412 I native  : I0000 00:00:1777636340.272068   22412 data_source.cc:95] Opening data source "/data/user_de/0/com.google.android.tts/files/superpacks/tr-tr/tr-tr-x-multi-seanet-r56/../tr-tr-x-multi-r56/feats_android.far" (as: FILE) ...
05-01 14:52:20.274 22412 22412 I native  : I0000 00:00:1777636340.274208   22412 data_source.cc:99] ... Opened data source "/data/user_de/0/com.google.android.tts/files/superpacks/tr-tr/tr-tr-x-multi-seanet-r56/../tr-tr-x-multi-r56/feats_android.far" of size 3015
05-01 14:52:20.274 22412 22412 I native  : I0000 00:00:1777636340.274805   22412 android_resource_loader.cc:100] Built resource lseq_classifier_grammar
05-01 14:52:20.274 22412 22412 I native  : I0000 00:00:1777636340.274861   22412 android_resource_loader.cc:116] Loaded resource:lseq_classifier_grammar
05-01 14:52:20.274 22412 22412 I native  : I0000 00:00:1777636340.274894   22412 data_source.cc:95] Opening data source "/data/user_de/0/com.google.android.tts/files/superpacks/tr-tr/tr-tr-x-multi-seanet-r56/../tr-tr-x-multi-r56/lucid_collection_android.far" (as: FILE) ...
05-01 14:52:20.275 22412 22412 I native  : I0000 00:00:1777636340.275532   22412 data_source.cc:99] ... Opened data source "/data/user_de/0/com.google.android.tts/files/superpacks/tr-tr/tr-tr-x-multi-seanet-r56/../tr-tr-x-multi-r56/lucid_collection_android.far" of size 8927
05-01 14:52:20.276 22412 22412 I native  : I0000 00:00:1777636340.276126   22412 android_resource_loader.cc:100] Built resource lucid_parser_grm_fst
05-01 14:52:20.276 22412 22412 I native  : I0000 00:00:1777636340.276196   22412 android_resource_loader.cc:116] Loaded resource:lucid_parser_grm_fst
05-01 14:52:20.276 22412 22412 I native  : I0000 00:00:1777636340.276231   22412 data_source.cc:95] Opening data source "/data/user_de/0/com.google.android.tts/files/superpacks/tr-tr/tr-tr-x-multi-seanet-r56/../tr-tr-x-multi-r56/markup_triggers.pb" (as: FILE) ...
05-01 14:52:20.277 22412 22412 I native  : I0000 00:00:1777636340.277337   22412 data_source.cc:99] ... Opened data source "/data/user_de/0/com.google.android.tts/files/superpacks/tr-tr/tr-tr-x-multi-seanet-r56/../tr-tr-x-multi-r56/markup_triggers.pb" of size 930
05-01 14:52:20.277 22412 22412 I native  : I0000 00:00:1777636340.277785   22412 android_resource_loader.cc:100] Built resource markup_triggers
05-01 14:52:20.277 22412 22412 I native  : I0000 00:00:1777636340.277846   22412 android_resource_loader.cc:116] Loaded resource:markup_triggers
05-01 14:52:20.277 22412 22412 I native  : I0000 00:00:1777636340.277929   22412 android_resource_loader.cc:100] Built resource multilingual_capabilities
05-01 14:52:20.277 22412 22412 I native  : I0000 00:00:1777636340.277948   22412 android_resource_loader.cc:116] Loaded resource:multilingual_capabilities
05-01 14:52:20.277 22412 22412 I native  : I0000 00:00:1777636340.277969   22412 data_source.cc:95] Opening data source "/data/user_de/0/com.google.android.tts/files/superpacks/tr-tr/tr-tr-x-multi-seanet-r56/../tr-tr-x-multi-r56/tr_tr_phonology.pb" (as: FILE) ...
05-01 14:52:20.278 22412 22412 I native  : I0000 00:00:1777636340.278804   22412 data_source.cc:99] ... Opened data source "/data/user_de/0/com.google.android.tts/files/superpacks/tr-tr/tr-tr-x-multi-seanet-r56/../tr-tr-x-multi-r56/tr_tr_phonology.pb" of size 1767
05-01 14:52:20.281 22412 22412 W native  : W0000 00:00:1777636340.281269   22412 phonology.cc:80] Phonemes 4, l have non-distinctive features. See b/111971558.
05-01 14:52:20.281 22412 22412 I native  : I0000 00:00:1777636340.281685   22412 android_resource_loader.cc:100] Built resource phonology
05-01 14:52:20.281 22412 22412 I native  : I0000 00:00:1777636340.281735   22412 android_resource_loader.cc:116] Loaded resource:phonology
05-01 14:52:20.281 22412 22412 I native  : I0000 00:00:1777636340.281782   22412 data_source.cc:95] Opening data source "/data/user_de/0/com.google.android.tts/files/superpacks/tr-tr/tr-tr-x-multi-seanet-r56/../tr-tr-x-multi-r56/ipa_to_tts_to-tr_tr.far" (as: FILE) ...
05-01 14:52:20.282 22412 22412 I native  : I0000 00:00:1777636340.282444   22412 data_source.cc:99] ... Opened data source "/data/user_de/0/com.google.android.tts/files/superpacks/tr-tr/tr-tr-x-multi-seanet-r56/../tr-tr-x-multi-r56/ipa_to_tts_to-tr_tr.far" of size 60432
05-01 14:52:20.286 22412 22412 I native  : I0000 00:00:1777636340.286324   22412 android_resource_loader.cc:100] Built resource ipa_to_tts_phoneme_mapper
05-01 14:52:20.286 22412 22412 I native  : I0000 00:00:1777636340.286392   22412 android_resource_loader.cc:116] Loaded resource:ipa_to_tts_phoneme_mapper
05-01 14:52:20.286 22412 22412 I native  : I0000 00:00:1777636340.286428   22412 data_source.cc:95] Opening data source "/data/user_de/0/com.google.android.tts/files/superpacks/tr-tr/tr-tr-x-multi-seanet-r56/../tr-tr-x-multi-r56/tr_tr.hlex.bin" (as: MEMORY) ...
05-01 14:52:20.287 22412 22412 I native  : I0000 00:00:1777636340.287382   22412 data_source.cc:99] ... Opened data source "/data/user_de/0/com.google.android.tts/files/superpacks/tr-tr/tr-tr-x-multi-seanet-r56/../tr-tr-x-multi-r56/tr_tr.hlex.bin" of size 971680
05-01 14:52:20.300 22412 22412 I native  : I0000 00:00:1777636340.300548   22412 android_resource_loader.cc:100] Built resource lexicon
05-01 14:52:20.300 22412 22412 I native  : I0000 00:00:1777636340.300871   22412 android_resource_loader.cc:116] Loaded resource:lexicon
05-01 14:52:20.301 22412 22412 I native  : I0000 00:00:1777636340.301087   22412 data_source.cc:95] Opening data source "/data/user_de/0/com.google.android.tts/files/superpacks/tr-tr/tr-tr-x-multi-seanet-r56/../tr-tr-x-multi-r56/homographs_model_tr_tr_embedded.bin" (as: MEMORY) ...
05-01 14:52:20.304 22412 22412 I native  : I0000 00:00:1777636340.304134   22412 data_source.cc:99] ... Opened data source "/data/user_de/0/com.google.android.tts/files/superpacks/tr-tr/tr-tr-x-multi-seanet-r56/../tr-tr-x-multi-r56/homographs_model_tr_tr_embedded.bin" of size 1209104
05-01 14:52:20.330 22412 22412 I native  : I0000 00:00:1777636340.330073   22412 android_resource_loader.cc:100] Built resource homograph_classifier_model_resource
05-01 14:52:20.330 22412 22412 I native  : I0000 00:00:1777636340.330163   22412 android_resource_loader.cc:116] Loaded resource:homograph_classifier_model_resource
05-01 14:52:20.330 22412 22412 I native  : I0000 00:00:1777636340.330209   22412 data_source.cc:95] Opening data source "/data/user_de/0/com.google.android.tts/files/superpacks/tr-tr/tr-tr-x-multi-seanet-r56/lettuce_node_generator_params_embedded_tr_runtime.pb" (as: FILE) ...
05-01 14:52:20.333 22412 22412 I native  : I0000 00:00:1777636340.333276   22412 data_source.cc:99] ... Opened data source "/data/user_de/0/com.google.android.tts/files/superpacks/tr-tr/tr-tr-x-multi-seanet-r56/lettuce_node_generator_params_embedded_tr_runtime.pb" of size 989
05-01 14:52:20.736 22412 22412 I native  : I0000 00:00:1777636340.736339   22412 exl_node_generator.cc:58] Setting legal word grammar as macro_only: true
05-01 14:52:20.736 22412 22412 I native  : I0000 00:00:1777636340.736636   22412 android_resource_loader.cc:100] Built resource lettuce_node_generator
05-01 14:52:20.736 22412 22412 I native  : I0000 00:00:1777636340.736684   22412 android_resource_loader.cc:116] Loaded resource:lettuce_node_generator
05-01 14:52:20.736 22412 22412 I native  : I0000 00:00:1777636340.736755   22412 data_source.cc:95] Opening data source "/data/user_de/0/com.google.android.tts/files/superpacks/tr-tr/tr-tr-x-multi-seanet-r56/../tr-tr-x-multi-r56/burdock_model.params.pb" (as: FILE) ...
05-01 14:52:20.739 22412 22412 I native  : I0000 00:00:1777636340.739489   22412 data_source.cc:99] ... Opened data source "/data/user_de/0/com.google.android.tts/files/superpacks/tr-tr/tr-tr-x-multi-seanet-r56/../tr-tr-x-multi-r56/burdock_model.params.pb" of size 5041
05-01 14:52:20.741 22412 22412 I native  : I0000 00:00:1777636340.741016   22412 android_resource_loader.cc:100] Built resource lstm_add_specification_resource
05-01 14:52:20.741 22412 22412 I native  : I0000 00:00:1777636340.741096   22412 android_resource_loader.cc:116] Loaded resource:lstm_add_specification_resource
05-01 14:52:20.741 22412 22412 I native  : I0000 00:00:1777636340.741151   22412 data_source.cc:95] Opening data source "/data/user_de/0/com.google.android.tts/files/superpacks/tr-tr/tr-tr-x-multi-seanet-r56/chive_model_fused.pb" (as: FILE) ...
05-01 14:52:20.741 22412 22412 I native  : I0000 00:00:1777636340.741703   22412 data_source.cc:99] ... Opened data source "/data/user_de/0/com.google.android.tts/files/superpacks/tr-tr/tr-tr-x-multi-seanet-r56/chive_model_fused.pb" of size 906
05-01 14:52:20.742 22412 22412 I native  : I0000 00:00:1777636340.742555   22412 data_source.cc:95] Opening data source "/data/user_de/0/com.google.android.tts/files/superpacks/tr-tr/tr-tr-x-multi-seanet-r56/burdock_valerian_model.tflite" (as: MEMORY) ...
05-01 14:52:20.744 22412 22412 I native  : I0000 00:00:1777636340.743934   22412 data_source.cc:99] ... Opened data source "/data/user_de/0/com.google.android.tts/files/superpacks/tr-tr/tr-tr-x-multi-seanet-r56/burdock_valerian_model.tflite" of size 1674560
05-01 14:52:20.752  1899  2017 D ActivityTaskManager_Recents: Skipping, user setup not complete: Task{fb9de34 #8 type=undefined A=10185:com.transsion.mobilecloner}
05-01 14:52:20.788 22412 22412 I native  : I0000 00:00:1777636340.788789   22412 chive_inference_resource.cc:234] Creating new CHiVE model [model graph]: 
05-01 14:52:20.788 22412 22412 I native  : I0000 00:00:1777636340.788868   22412 chive_model.cc:179] Creating a single pass CHiVE model
05-01 14:52:20.790 22412 22412 I native  : I0000 00:00:1777636340.790918   22412 android_resource_loader.cc:100] Built resource chive_inference_config
05-01 14:52:20.791 22412 22412 I native  : I0000 00:00:1777636340.791045   22412 android_resource_loader.cc:116] Loaded resource:chive_inference_config
05-01 14:52:20.791 22412 22412 I native  : I0000 00:00:1777636340.791113   22412 data_source.cc:95] Opening data source "/data/user_de/0/com.google.android.tts/files/superpacks/tr-tr/tr-tr-x-multi-seanet-r56/../tr-tr-x-multi-r56/converter_tr_tr_android.far" (as: FILE) ...
05-01 14:52:20.794 22412 22412 I native  : I0000 00:00:1777636340.793947   22412 data_source.cc:99] ... Opened data source "/data/user_de/0/com.google.android.tts/files/superpacks/tr-tr/tr-tr-x-multi-seanet-r56/../tr-tr-x-multi-r56/converter_tr_tr_android.far" of size 1312
05-01 14:52:20.795 22412 22412 I native  : I0000 00:00:1777636340.795012   22412 android_resource_loader.cc:100] Built resource pron_buffet_to_tts_converter
05-01 14:52:20.795 22412 22412 I native  : I0000 00:00:1777636340.795099   22412 android_resource_loader.cc:116] Loaded resource:pron_buffet_to_tts_converter
05-01 14:52:20.795 22412 22412 I native  : I0000 00:00:1777636340.795148   22412 data_source.cc:95] Opening data source "/data/user_de/0/com.google.android.tts/files/superpacks/tr-tr/tr-tr-x-multi-seanet-r56/../tr-tr-x-multi-r56/regexp_rewrite.pb" (as: FILE) ...
05-01 14:52:20.797 22412 22412 I native  : I0000 00:00:1777636340.797858   22412 data_source.cc:99] ... Opened data source "/data/user_de/0/com.google.android.tts/files/superpacks/tr-tr/tr-tr-x-multi-seanet-r56/../tr-tr-x-multi-r56/regexp_rewrite.pb" of size 46242
05-01 14:52:20.800 22412 22412 I native  : I0000 00:00:1777636340.800372   22412 data_source.cc:95] Opening data source "/data/user_de/0/com.google.android.tts/files/superpacks/tr-tr/tr-tr-x-multi-seanet-r56/../tr-tr-x-multi-r56/punctuation.pb" (as: FILE) ...
05-01 14:52:20.801 22412 22412 I native  : I0000 00:00:1777636340.801511   22412 data_source.cc:99] ... Opened data source "/data/user_de/0/com.google.android.tts/files/superpacks/tr-tr/tr-tr-x-multi-seanet-r56/../tr-tr-x-multi-r56/punctuation.pb" of size 452
05-01 14:52:20.827 22412 22412 I native  : I0000 00:00:1777636340.827802   22412 android_resource_loader.cc:100] Built resource rewrite_algo
05-01 14:52:20.828 22412 22412 I native  : I0000 00:00:1777636340.828046   22412 android_resource_loader.cc:116] Loaded resource:rewrite_algo
05-01 14:52:20.828 22412 22412 I native  : I0000 00:00:1777636340.828167   22412 android_resource_loader.cc:100] Built resource runtime_override
05-01 14:52:20.828 22412 22412 I native  : I0000 00:00:1777636340.828265   22412 android_resource_loader.cc:116] Loaded resource:runtime_override
05-01 14:52:20.828 22412 22412 I native  : I0000 00:00:1777636340.828363   22412 data_source.cc:95] Opening data source "/data/user_de/0/com.google.android.tts/files/superpacks/tr-tr/tr-tr-x-multi-seanet-r56/seanet_model_options.pb" (as: FILE) ...
05-01 14:52:20.831 22412 22412 I native  : I0000 00:00:1777636340.831589   22412 data_source.cc:99] ... Opened data source "/data/user_de/0/com.google.android.tts/files/superpacks/tr-tr/tr-tr-x-multi-seanet-r56/seanet_model_options.pb" of size 32
05-01 14:52:20.832 22412 22412 I native  : I0000 00:00:1777636340.832036   22412 data_source.cc:95] Opening data source "/data/user_de/0/com.google.android.tts/files/superpacks/tr-tr/tr-tr-x-multi-seanet-r56/seanet_model.tflite" (as: FILE) ...
05-01 14:52:20.832 22412 22412 I native  : I0000 00:00:1777636340.832529   22412 data_source.cc:99] ... Opened data source "/data/user_de/0/com.google.android.tts/files/superpacks/tr-tr/tr-tr-x-multi-seanet-r56/seanet_model.tflite" of size 2786320
05-01 14:52:20.863 22412 22412 I native  : I0000 00:00:1777636340.863430   22412 android_resource_loader.cc:100] Built resource seanet_enhancer
05-01 14:52:20.863 22412 22412 I native  : I0000 00:00:1777636340.863607   22412 android_resource_loader.cc:116] Loaded resource:seanet_enhancer
05-01 14:52:20.863 22412 22412 I native  : I0000 00:00:1777636340.863710   22412 data_source.cc:95] Opening data source "/data/user_de/0/com.google.android.tts/files/superpacks/tr-tr/tr-tr-x-multi-seanet-r56/../tr-tr-x-multi-r56/sb_model.bin" (as: MEMORY) ...
05-01 14:52:20.864 22412 22412 I native  : I0000 00:00:1777636340.864744   22412 data_source.cc:99] ... Opened data source "/data/user_de/0/com.google.android.tts/files/superpacks/tr-tr/tr-tr-x-multi-seanet-r56/../tr-tr-x-multi-r56/sb_model.bin" of size 323824
05-01 14:52:20.870 22412 22412 I native  : I0000 00:00:1777636340.870231   22412 android_resource_loader.cc:100] Built resource sentence_boundary_model_resource
05-01 14:52:20.870 22412 22412 I native  : I0000 00:00:1777636340.870291   22412 android_resource_loader.cc:116] Loaded resource:sentence_boundary_model_resource
05-01 14:52:20.870 22412 22412 I native  : I0000 00:00:1777636340.870331   22412 data_source.cc:95] Opening data source "/data/user_de/0/com.google.android.tts/files/superpacks/tr-tr/tr-tr-x-multi-seanet-r56/../tr-tr-x-multi-r56/tr_verbalize_spec.pb" (as: FILE) ...
05-01 14:52:20.870 22412 22412 I native  : I0000 00:00:1777636340.870926   22412 data_source.cc:99] ... Opened data source "/data/user_de/0/com.google.android.tts/files/superpacks/tr-tr/tr-tr-x-multi-seanet-r56/../tr-tr-x-multi-r56/tr_verbalize_spec.pb" of size 2843
05-01 14:52:20.871 22412 22412 I native  : I0000 00:00:1777636340.871354   22412 android_resource_loader.cc:100] Built resource serialization_spec
05-01 14:52:20.871 22412 22412 I native  : I0000 00:00:1777636340.871399   22412 android_resource_loader.cc:116] Loaded resource:serialization_spec
05-01 14:52:20.871 22412 22412 I native  : I0000 00:00:1777636340.871435   22412 data_source.cc:95] Opening data source "/data/user_de/0/com.google.android.tts/files/superpacks/tr-tr/tr-tr-x-multi-seanet-r56/../tr-tr-x-multi-r56/textnorm_params_embedded_tr_tr.pb" (as: FILE) ...
05-01 14:52:20.871 22412 22412 I native  : I0000 00:00:1777636340.871799   22412 data_source.cc:99] ... Opened data source "/data/user_de/0/com.google.android.tts/files/superpacks/tr-tr/tr-tr-x-multi-seanet-r56/../tr-tr-x-multi-r56/textnorm_params_embedded_tr_tr.pb" of size 184
05-01 14:52:20.873 22412 22412 I native  : I0000 00:00:1777636340.873168   22412 android_resource_loader.cc:100] Built resource textnorm_params
05-01 14:52:20.873 22412 22412 I native  : I0000 00:00:1777636340.873211   22412 android_resource_loader.cc:116] Loaded resource:textnorm_params
05-01 14:52:21.459 22412 22412 I native  : I0000 00:00:1777636341.459589   22412 android_resource_loader.cc:100] Built resource icu_transliterator_to_latin
05-01 14:52:21.459 22412 22412 I native  : I0000 00:00:1777636341.459671   22412 android_resource_loader.cc:116] Loaded resource:icu_transliterator_to_latin
05-01 14:52:21.459 22412 22412 I native  : I0000 00:00:1777636341.459714   22412 data_source.cc:95] Opening data source "/data/user_de/0/com.google.android.tts/files/superpacks/tr-tr/tr-tr-x-multi-seanet-r56/../tr-tr-x-multi-r56/g2p_m3_syls0_stress0_tr-TR.fst" (as: FILE) ...
05-01 14:52:21.460 22412 22412 I native  : I0000 00:00:1777636341.460200   22412 data_source.cc:99] ... Opened data source "/data/user_de/0/com.google.android.tts/files/superpacks/tr-tr/tr-tr-x-multi-seanet-r56/../tr-tr-x-multi-r56/g2p_m3_syls0_stress0_tr-TR.fst" of size 172936
05-01 14:52:21.460 22412 22412 I native  : I0000 00:00:1777636341.460290   22412 compact_fst.cc:20] Loading FST from "/data/user_de/0/com.google.android.tts/files/superpacks/tr-tr/tr-tr-x-multi-seanet-r56/../tr-tr-x-multi-r56/g2p_m3_syls0_stress0_tr-TR.fst" ...
05-01 14:52:21.485 22412 22412 I native  : I0000 00:00:1777636341.485663   22412 decoder.cc:51] G2P FST loaded (48 graphemes and 48 phonemes).
05-01 14:52:21.488 22412 22412 I native  : I0000 00:00:1777636341.488793   22412 android_resource_loader.cc:100] Built resource learned_fst_g2p_mapper
05-01 14:52:21.488 22412 22412 I native  : I0000 00:00:1777636341.488869   22412 android_resource_loader.cc:116] Loaded resource:learned_fst_g2p_mapper
05-01 14:52:21.488 22412 22412 I native  : I0000 00:00:1777636341.488944   22412 android_resource_loader.cc:100] Built resource spelling_normalizer
05-01 14:52:21.488 22412 22412 I native  : I0000 00:00:1777636341.488965   22412 android_resource_loader.cc:116] Loaded resource:spelling_normalizer
05-01 14:52:21.496 22412 22412 I native  : I0000 00:00:1777636341.496651   22412 android_resource_loader.cc:100] Built resource token_resolver_algo
05-01 14:52:21.496 22412 22412 I native  : I0000 00:00:1777636341.496735   22412 android_resource_loader.cc:116] Loaded resource:token_resolver_algo
05-01 14:52:21.496 22412 22412 I native  : I0000 00:00:1777636341.496779   22412 data_source.cc:95] Opening data source "/data/user_de/0/com.google.android.tts/files/superpacks/tr-tr/tr-tr-x-multi-seanet-r56/../tr-tr-x-multi-r56/model_farm32.pb" (as: FILE) ...
05-01 14:52:21.497 22412 22412 I native  : I0000 00:00:1777636341.497366   22412 data_source.cc:99] ... Opened data source "/data/user_de/0/com.google.android.tts/files/superpacks/tr-tr/tr-tr-x-multi-seanet-r56/../tr-tr-x-multi-r56/model_farm32.pb" of size 400016
05-01 14:52:21.504 22412 22412 I native  : I0000 00:00:1777636341.504063   22412 android_resource_loader.cc:100] Built resource universal_lseq_classifier_model
05-01 14:52:21.504 22412 22412 I native  : I0000 00:00:1777636341.504135   22412 android_resource_loader.cc:116] Loaded resource:universal_lseq_classifier_model
05-01 14:52:21.504 22412 22412 I native  : I0000 00:00:1777636341.504178   22412 android_resource_loader.cc:100] Built resource utf8_utils
05-01 14:52:21.504 22412 22412 I native  : I0000 00:00:1777636341.504196   22412 android_resource_loader.cc:116] Loaded resource:utf8_utils
05-01 14:52:21.504 22412 22412 I native  : I0000 00:00:1777636341.504228   22412 android_resource_loader.cc:100] Built resource lexical_classifier
05-01 14:52:21.504 22412 22412 I native  : I0000 00:00:1777636341.504244   22412 android_resource_loader.cc:116] Loaded resource:lexical_classifier
05-01 14:52:21.504 22412 22412 I native  : I0000 00:00:1777636341.504268   22412 android_resource_loader.cc:100] Built resource icu_transliterator
05-01 14:52:21.504 22412 22412 I native  : I0000 00:00:1777636341.504281   22412 android_resource_loader.cc:116] Loaded resource:icu_transliterator
05-01 14:52:21.504 22412 22412 I native  : I0000 00:00:1777636341.504725   22412 ranker.cc:118] LinearLseqRanker: using FarmHash32
05-01 14:52:21.504 22412 22412 I native  : I0000 00:00:1777636341.504848   22412 android_resource_loader.cc:100] Built resource universal_lseq_classifier_algo
05-01 14:52:21.504 22412 22412 I native  : I0000 00:00:1777636341.504882   22412 android_resource_loader.cc:116] Loaded resource:universal_lseq_classifier_algo
05-01 14:52:21.504 22412 22412 I native  : I0000 00:00:1777636341.504916   22412 data_source.cc:95] Opening data source "/data/user_de/0/com.google.android.tts/files/superpacks/tr-tr/tr-tr-x-multi-seanet-r56/../tr-tr-x-multi-r56/variant_overrides_tr.pb" (as: FILE) ...
05-01 14:52:21.506 22412 22412 I native  : I0000 00:00:1777636341.506053   22412 data_source.cc:99] ... Opened data source "/data/user_de/0/com.google.android.tts/files/superpacks/tr-tr/tr-tr-x-multi-seanet-r56/../tr-tr-x-multi-r56/variant_overrides_tr.pb" of size 0
05-01 14:52:21.506 22412 22412 I native  : I0000 00:00:1777636341.506174   22412 android_resource_loader.cc:100] Built resource variant_overrides
05-01 14:52:21.506 22412 22412 I native  : I0000 00:00:1777636341.506198   22412 android_resource_loader.cc:116] Loaded resource:variant_overrides
05-01 14:52:21.506 22412 22412 I native  : I0000 00:00:1777636341.506242   22412 android_resource_loader.cc:100] Built resource select_variants_algo
05-01 14:52:21.506 22412 22412 I native  : I0000 00:00:1777636341.506262   22412 android_resource_loader.cc:116] Loaded resource:select_variants_algo
05-01 14:52:21.506 22412 22412 I native  : I0000 00:00:1777636341.506290   22412 data_source.cc:95] Opening data source "/data/user_de/0/com.google.android.tts/files/superpacks/tr-tr/tr-tr-x-multi-seanet-r56/../tr-tr-x-multi-r56/tr_verbalization_capabilities.pb" (as: FILE) ...
05-01 14:52:21.507 22412 22412 I native  : I0000 00:00:1777636341.507210   22412 data_source.cc:99] ... Opened data source "/data/user_de/0/com.google.android.tts/files/superpacks/tr-tr/tr-tr-x-multi-seanet-r56/../tr-tr-x-multi-r56/tr_verbalization_capabilities.pb" of size 222
05-01 14:52:21.508 22412 22412 I native  : I0000 00:00:1777636341.508254   22412 android_resource_loader.cc:100] Built resource verbalization_capabilities
05-01 14:52:21.508 22412 22412 I native  : I0000 00:00:1777636341.508305   22412 android_resource_loader.cc:116] Loaded resource:verbalization_capabilities
05-01 14:52:21.508 22412 22412 I native  : I0000 00:00:1777636341.508339   22412 data_source.cc:95] Opening data source "/data/user_de/0/com.google.android.tts/files/superpacks/tr-tr/tr-tr-x-multi-seanet-r56/../tr-tr-x-multi-r56/verbalize_android.far" (as: FILE) ...
05-01 14:52:21.509 22412 22412 I native  : I0000 00:00:1777636341.509175   22412 data_source.cc:99] ... Opened data source "/data/user_de/0/com.google.android.tts/files/superpacks/tr-tr/tr-tr-x-multi-seanet-r56/../tr-tr-x-multi-r56/verbalize_android.far" of size 1352384
05-01 14:52:21.526 22412 22412 I native  : I0000 00:00:1777636341.526745   22412 android_resource_loader.cc:100] Built resource verbalize_grm_fst
05-01 14:52:21.526 22412 22412 I native  : I0000 00:00:1777636341.526926   22412 android_resource_loader.cc:116] Loaded resource:verbalize_grm_fst
05-01 14:52:21.542  1899  1995 I sysui_multi_action: [757,1144,758,7,806,com.example.nova,871,com.example.nova.MainActivity]
05-01 14:52:21.547  1899  5472 D ActivityManager: AgaresFW_Status=ok,LaunchState=UNKNOWN (0),Activity=com.example.nova/.MainActivity,TotalTime=-1,WaitTime=3045
05-01 14:52:21.555 22412 22412 I native  : I0000 00:00:1777636341.555811   22412 android_resource_loader.cc:100] Built resource verbalize_grm_algo
05-01 14:52:21.555 22412 22412 I native  : I0000 00:00:1777636341.555892   22412 android_resource_loader.cc:116] Loaded resource:verbalize_grm_algo
05-01 14:52:21.555 22412 22412 I native  : I0000 00:00:1777636341.555935   22412 voice_params_resource.cc:33] Voice information: MessageLite at 0xb40000716bb54070
05-01 14:52:21.556 22412 22412 I native  : I0000 00:00:1777636341.556005   22412 android_resource_loader.cc:100] Built resource voice_params
05-01 14:52:21.556 22412 22412 I native  : I0000 00:00:1777636341.556022   22412 android_resource_loader.cc:116] Loaded resource:voice_params
05-01 14:52:21.563 22412 22412 I native  : I0000 00:00:1777636341.563515   22412 android_resource_loader.cc:100] Built resource word_resolver_algo
05-01 14:52:21.563 22412 22412 I native  : I0000 00:00:1777636341.563593   22412 android_resource_loader.cc:116] Loaded resource:word_resolver_algo
05-01 14:52:21.563 22412 22412 I native  : I0000 00:00:1777636341.563651   22412 data_source.cc:95] Opening data source "/data/user_de/0/com.google.android.tts/files/superpacks/tr-tr/tr-tr-x-multi-seanet-r56/../tr-tr-x-multi-r56/xsampa_to_tts_to-tr_tr.far" (as: FILE) ...
05-01 14:52:21.564 22412 22412 I native  : I0000 00:00:1777636341.564328   22412 data_source.cc:99] ... Opened data source "/data/user_de/0/com.google.android.tts/files/superpacks/tr-tr/tr-tr-x-multi-seanet-r56/../tr-tr-x-multi-r56/xsampa_to_tts_to-tr_tr.far" of size 5363
05-01 14:52:21.565 22412 22412 I native  : I0000 00:00:1777636341.565589   22412 android_resource_loader.cc:100] Built resource xsampa_to_tts_phoneme_mapper
05-01 14:52:21.565 22412 22412 I native  : I0000 00:00:1777636341.565670   22412 android_resource_loader.cc:116] Loaded resource:xsampa_to_tts_phoneme_mapper
05-01 14:52:21.565 22412 22412 I native  : I0000 00:00:1777636341.565691   22412 local_pipeline_runner.cc:49] Done loading all resources from: {/data/user_de/0/com.google.android.tts/files/superpacks/tr-tr/tr-tr-x-multi-seanet-r56}
05-01 14:52:21.584  1899  1899 D TextToSpeechManagerPerUserService: Connected successfully to TTS engine: com.google.android.tts
05-01 14:52:21.585 17130 22330 I TextToSpeech: Connected to TTS engine
05-01 14:52:21.808 22412 22467 I GoogleTTSServiceImpl: currentLocale = tr-TR
05-01 14:52:21.827  1507  1925 E RILC    : RIL_onRequestComplete: invalid RIL_Token
05-01 14:52:21.999 22412 22467 I GoogleTTSServiceImpl: For default lang tr-tr is name tr-TR-language (tr-tr-x-mfm-server)
05-01 14:52:21.999 17130 22481 I TextToSpeech: Setting up the connection to TTS engine...
05-01 14:52:24.621  4592  4941 I SimpleEventAdapt: onAppStartEvent get com.example.nova,start false
05-01 14:52:24.633 22412 22467 I GoogleTTSServiceImpl: currentLocale = tr-TR
05-01 14:52:24.633  1316  1316 I SurfaceFlinger: onHandleDestroyed: name=com.example.nova/com.example.nova.MainActivity#5076, layerId=5076, parentId=0
05-01 14:52:24.636 22412 22467 I GoogleTTSServiceImpl: currentLocale = tr-TR
05-01 14:52:24.639 22412 22467 I GoogleTTSServiceImpl: For default lang tr-tr is name tr-TR-language (tr-tr-x-mfm-server)
05-01 14:52:24.650  1316  1316 I BufferQueueDebug: [Bounds for - com.example.nova/com.example.nova.MainActivity#5077](this:0xb4000077bab1f558,id:-1,api:0,p:-1,c:1316) onDestructor()
05-01 14:52:24.650  1316  1316 I BufferQueueDebug: [com.example.nova/com.example.nova.MainActivity#5076](this:0xb4000077bab6c388,id:-1,api:0,p:-1,c:1316) onDestructor()
05-01 14:52:24.705 22412 22467 I GoogleTTSServiceImpl: currentLocale = tr-TR
05-01 14:52:24.708 22412 22467 I GoogleTTSServiceImpl: currentLocale = tr-TR
05-01 14:52:24.712 22412 22467 I GoogleTTSServiceImpl: currentLocale = tr-TR
05-01 14:52:24.714 22412 22467 I GoogleTTSServiceImpl: For default lang tr-tr is name tr-TR-language (tr-tr-x-mfm-server)
05-01 14:52:24.718 22412 22467 I GoogleTTSServiceImpl: currentLocale = tr-TR
05-01 14:52:24.793 17130 22508 D ProfileInstaller: Installing profile for com.example.nova
05-01 14:52:24.921 17130 17130 D AudioRecord: set(): 0xb40000720b79a410, inputSource 6, sampleRate 16000, format 0x1, channelMask 0x10, frameCount 16000, notificationFrames 0, sessionId 0, transferType 0, flags 0, attributionSource AttributionSourceState{pid: 17130, uid: 10395, deviceId: 0, packageName: com.example.nova, attributionTag: (null), token: binder:0xb40000718b705030, renouncedPermissions: [], next: []} uid -1, pid -1
05-01 14:52:24.922 17130 17130 D .example.nova: TranAudioRecord:mPackageName = com.example.nova.
05-01 14:52:24.923 17130 17130 W .example.nova: Get process name fail
05-01 14:52:24.927 17130 17130 D TranMagiqueSon: TranMagiqueSon+ OpPackageName = com.example.nova
05-01 14:52:24.935 22412 22465 I LocalSynthesizer: Voice tr-tr-x-ofg-seanet-embedded is already supported by loaded synthesizer tr-tr-x-multi.
05-01 14:52:24.936 22412 22465 I ComposerWrapperImpl: Skipping initialization, can already run voice tr-tr-x-ofg-seanet-embedded.
05-01 14:52:24.947  1299 11087 D AudioUtilmtk: checkWhiteList(): Not find packageName com.example.nova in scenarioName RecordScreenOff_Irq 
05-01 14:52:24.975  1243 22583 D AudioSpeechEnhanceInfo: IsBesRecTuningEnable()- 0
05-01 14:52:24.975  1243 22583 D AudioSpeechEnhanceInfo: IsAPDMNRTuningEnable(), 0
05-01 14:52:24.996  1299 22512 I AudioFlinger_Threads: AudioFlinger's thread 0xb400006ff360aaa8 tid=22512 ready to run
05-01 14:52:25.004  1299 11087 I audioserver: App op 27 missing, silencing record AttributionSourceState{pid: 17130, uid: 10395, deviceId: 0, packageName: com.example.nova, attributionTag: (null), token: binder:0xb400006e9040ee00, renouncedPermissions: [], next: []}
05-01 14:52:25.139  1899  5666 I ActivityManager: Background started FGS: Allowed [callingPackage: com.example.nova; callingUid: 10395; uidState: TPSL; uidBFSL: n/a; intent: Intent { cmp=com.example.nova/.asr.NovaAsrForegroundService }; code:ACTIVITY_STARTER; tempAllowListReason:<null>; targetSdkVersion:36; callerTargetSdkVersion:36; startForegroundCount:0; bindFromPackage:null: isBindService:false]
05-01 14:52:25.241  1899  3853 I AS.AudioService: handleRecordingConfigurationChanged recorderName = com.example.nova event = 2 uid = 10395 deviceInfo = android.media.AudioDeviceInfo@2f source = 6
05-01 14:52:25.242  1899  3853 I Griffin/DeviceState: audioRecordChanged : com.example.nova
05-01 14:52:25.242  1899  3853 I Usf/appStateManager: updateRecordSnapshot uid:10395 pkgName:com.example.nova isActive:true event:2
05-01 14:52:25.242  1899  2064 I Usf/appStateManager: handleUpdateAudioRecordState uid: 10395    packageName:com.example.nova add
05-01 14:52:25.245  1243 22517 D AudioSpeechEnhanceInfo: GetHifiRecord, mHiFiRecordEnable=0
05-01 14:52:25.245  1243 22517 D AudioSpeechEnhanceInfo: GetHifiRecord, mHiFiRecordEnable=0
05-01 14:52:25.263  1243 22517 D AudioALSACaptureDataClientAurisysNormal: isNeedSyncPcmStart, read thread ready! pcm start
05-01 14:52:25.264  4592 22357 I Kolun_AI: SystemEventSubscribe: onPublishData {"type":"media_event","time":1777636345262,"data":"{\"audioPkg\":\"com.gallery20\",\"audioState\":1,\"cameraId\":\"1\",\"cameraPkg\":\"\",\"cameraState\":1,\"micPkg\":\"com.example.nova\",\"micState\":0}","provider":"dc","dc_version":2030380000,"data_version":1,"user_id":0}
05-01 14:52:25.266  1243 22517 D AudioUtility: setupCustomInfoStr(), custom_info = "SetAudioCustomScene=Default;MTK_VOIP_AINR=false;MTK_REC_AINR=false;", (scene = Default, vol_level = -1, bt_codec = -1)
05-01 14:52:25.276  1899  5472 I am_foreground_service_start: [0,com.example.nova/.asr.NovaAsrForegroundService,1,ACTIVITY_STARTER,36,36,0,0,0,1,UNKNOWN,128]
05-01 14:52:25.281  1899  2029 V os.notification: onFixNotification  start, notification= Notification(channel=nova_asr_runtime shortcut=null contentView=null vibrate=null sound=null defaults=0 flags=ONGOING_EVENT|FOREGROUND_SERVICE color=0x00000000 vis=PRIVATE)
05-01 14:52:25.281  1899  2029 V os.notification: onFixNotification  end, notification= Notification(channel=nova_asr_runtime shortcut=null contentView=null vibrate=null sound=null defaults=0 flags=ONGOING_EVENT|FOREGROUND_SERVICE color=0x00000000 vis=PRIVATE)
05-01 14:52:25.283  1243 22517 D aurisys_lib_handler: aurisys_arsi_create_handler(), lib_name mtk_speech_enh, 0xb40000732c654510, memory_size 2820256, arsi_handler 0xb4000072a60ae760, retval 0x0
05-01 14:52:25.283  1243 22517 D aurisys_lib_manager: UL Lib, lib_name mtk_speech_enh, 0xb40000732c654510, sample_rate: 48000 => 16000, num_channels: 2 => 2, audio_format: 0x4 => 0x1, interleave: 1 => 0, frame: 0 => 20
05-01 14:52:25.285  1299  3367 I audioserver: App op 27 missing, unsilencing record AttributionSourceState{pid: 17130, uid: 10395, deviceId: 0, packageName: com.example.nova, attributionTag: (null), token: binder:0xb400006e9040ee00, renouncedPermissions: [], next: []}
05-01 14:52:25.287  1243 22517 D aurisys_lib_handler: lib_name mtk_speech_enh, 0xb40000732c654510, set ul_analog_gain_ref_only 48, ul_digital_gain 48, retval 0
05-01 14:52:25.291  1899  5472 I AS.AudioService: handleRecordingConfigurationChanged recorderName = com.example.nova event = 2 uid = 10395 deviceInfo = android.media.AudioDeviceInfo@2f source = 6
05-01 14:52:25.292  1899  5472 I Griffin/DeviceState: audioRecordChanged : com.example.nova
05-01 14:52:25.292  1899  5472 I Usf/appStateManager: updateRecordSnapshot uid:10395 pkgName:com.example.nova isActive:true event:2
05-01 14:52:25.292  1899  2064 I Usf/appStateManager: handleUpdateAudioRecordState uid: 10395    packageName:com.example.nova add
05-01 14:52:25.342 17130 17130 I flutter : NOVA_STREAMING_ASR_START_RESULT owner=runtime ok=true token=1 running=true foreground=true partial=0 final=0 message=Embedded ASR modeli bulundu (native sherpa_asr, modelType=whisper, decoder=sherpa_asr/decoder.onnx).
05-01 14:52:25.455 17130 17130 I flutter : NOVA_SETUP_ASR_READY reason=setup_init started=false ready=true gateRunning=true gateState={success: true, message: Streaming ses kap─▒s─▒ ba┼şlat─▒ld─▒., running: true, speechActive: false, speechRecentlyActive: false, lastSpeechAt: 0, lastSampleAt: 0, avgRms: 0.0, peakRms: 0.0, baselineRms: 260.0, thresholdRms: 980.0, lastError: , speechOpenCounter: 0, speechCloseCounter: 0, sampleRate: 16000, bufferedPcmSamples: 0} ok=false
05-01 14:52:25.459 17130 22534 I NovaMainActivity: NOVA_BOOT_PROGRESS phase=model_prepare_success percent=100 message=Yerel model dosyas─▒ do─şruland─▒ ve haz─▒r.
05-01 14:52:25.487 22412 22467 I GoogleTTSServiceImpl: currentLocale = tr-TR
