05-01 13:46:25.826  1899  3109 I wm_set_resumed_activity: [0,com.transsion.hilauncher/com.android.launcher3.uioverrides.QuickstepLauncher,setFocusedTask-alreadyTop]
05-01 13:46:28.867  1899  5464 I am_kill : [0,1073,com.example.nova:nova_sentinel,999,empty #49,87424]
05-01 13:46:29.119  1899  5463 I am_proc_died: [0,1073,com.example.nova:nova_sentinel,999,19]
05-01 13:46:29.231  1899  3109 I am_kill : [0,1079,com.example.nova:nova_nightwatch,999,empty #49,87824]
05-01 13:46:29.432  1899  5463 I am_proc_died: [0,1079,com.example.nova:nova_nightwatch,999,19]
05-01 13:46:38.232  1899  5463 I wm_set_resumed_activity: [0,com.transsion.hilauncher/com.android.launcher3.uioverrides.QuickstepLauncher,setFocusedTask-alreadyTop]
05-01 13:47:45.339  1899  3109 I am_kill : [0,1094,com.example.nova:nova_decommission,999,empty #49,87912]
05-01 13:47:45.375  1899  3109 I am_proc_died: [0,1094,com.example.nova:nova_decommission,999,19]
05-01 13:48:09.225  1899  5463 I am_kill : [0,1118,com.example.nova:nova_internet,999,empty #49,87964]
05-01 13:48:09.263  1899  2634 I am_proc_died: [0,1118,com.example.nova:nova_internet,999,19]
05-01 13:49:23.853  1899  3162 I am_kill : [0,15710,com.google.android.tts,999,empty #49,97664]
05-01 13:49:23.949  1899  3109 I am_proc_died: [0,15710,com.google.android.tts,999,19]
05-01 14:00:49.035  1899  2030 I am_proc_start: [0,16103,10096,com.google.android.partnersetup,service,{com.google.android.partnersetup/com.google.android.partnersetup.InstalledAppJobService},trigger = job,caller=system/1000]
05-01 14:00:49.079  1899  3162 I am_proc_bound: [0,16103,com.google.android.partnersetup]
05-01 14:02:56.714  1899  2037 I am_cpu  : [16103,10096,id.partnersetup,0,0,0]
05-01 14:03:28.197  1899  3109 I am_schedule_service_restart: [999,com.google.android.gms/.auth.setup.devicesignals.LockScreenService,1000]
05-01 14:03:29.248  1899  2030 I am_proc_start: [999,16621,99910109,com.google.android.gms.persistent,service,{com.google.android.gms/com.google.android.gms.auth.setup.devicesignals.LockScreenService},trigger = serviceRestart]
05-01 14:03:32.162  1899  5057 I am_proc_died: [0,16103,com.google.android.partnersetup,905,19]
05-01 14:06:56.374  1899  2029 I am_wtf  : [0,1899,system_server,-1,JobScheduler.JobStatus,Hasn't been prepared: JobStatus{47d9b55 androidx.work.systemjobscheduler:u0a296/19120 @androidx.work.systemjobscheduler@com.whatsapp/androidx.work.impl.background.systemjob.SystemJobService u=0 s=10296 NET READY}]
05-01 14:07:23.691  1899  2029 I am_wtf  : [0,1899,system_server,-1,JobScheduler.JobStatus,Hasn't been prepared: JobStatus{e92c5de androidx.work.systemjobscheduler:u0a296/19122 @androidx.work.systemjobscheduler@com.whatsapp/androidx.work.impl.background.systemjob.SystemJobService u=0 s=10296 TIME=-1s392ms:none NET READY}]
05-01 14:08:44.547  1899  1915 I wm_set_resumed_activity: [0,com.transsion.hilauncher/com.android.launcher3.uioverrides.QuickstepLauncher,setFocusedTask-alreadyTop]
05-01 14:09:55.564  1899  2373 I sysui_multi_action: [757,804,799,screen_timeout,801,600,802,1]
05-01 14:09:59.039  1899  1995 I user_activity_timeout_override: 10000
05-01 14:10:01.377  1899  1995 I user_activity_timeout_override: -1
05-01 14:41:13.835  1507  1925 E RILC    : RIL_onRequestComplete: invalid RIL_Token
05-01 14:41:16.316  1899  2373 I sysui_multi_action: [757,804,799,screen_timeout,801,600,802,1]
05-01 14:42:01.976  1507  1925 E RILC    : RIL_onRequestComplete: invalid RIL_Token
05-01 14:42:02.440  1507  1925 E RILC    : RIL_onRequestComplete: invalid RIL_Token
05-01 14:42:16.494  1507  1925 E RILC    : RIL_onRequestComplete: invalid RIL_Token
05-01 14:42:26.926  1507  1925 E RILC    : RIL_onRequestComplete: invalid RIL_Token
05-01 14:42:31.071  1507  1925 E RILC    : RIL_onRequestComplete: invalid RIL_Token
05-01 14:42:47.022  1507  1925 E RILC    : RIL_onRequestComplete: invalid RIL_Token
05-01 14:42:48.684  1507  1925 E RILC    : RIL_onRequestComplete: invalid RIL_Token
05-01 14:42:58.662  1507  1925 E RILC    : RIL_onRequestComplete: invalid RIL_Token
05-01 14:43:31.313  1507  1925 E RILC    : RIL_onRequestComplete: invalid RIL_Token
05-01 14:43:41.244  1507  1925 E RILC    : RIL_onRequestComplete: invalid RIL_Token
05-01 14:43:57.845  1507  1925 E RILC    : RIL_onRequestComplete: invalid RIL_Token
05-01 14:43:58.171  1899  1995 I user_activity_timeout_override: 10000
05-01 14:43:58.532  1507  1925 E RILC    : RIL_onRequestComplete: invalid RIL_Token
05-01 14:44:04.535  1899  1995 I user_activity_timeout_override: -1
05-01 14:44:04.841  1899  2373 I sysui_multi_action: [757,804,799,screen_timeout,801,600,802,1]
05-01 14:44:31.540  1507  1925 E RILC    : RIL_onRequestComplete: invalid RIL_Token
05-01 14:44:32.154  1507  1925 E RILC    : RIL_onRequestComplete: invalid RIL_Token
05-01 14:44:48.535  1507  1925 E RILC    : RIL_onRequestComplete: invalid RIL_Token
05-01 14:44:48.961  1507  1925 E RILC    : RIL_onRequestComplete: invalid RIL_Token
05-01 14:44:59.898  1507  1925 E RILC    : RIL_onRequestComplete: invalid RIL_Token
05-01 14:45:00.258  1507  1925 E RILC    : RIL_onRequestComplete: invalid RIL_Token
05-01 14:45:04.999  1507  1925 E RILC    : RIL_onRequestComplete: invalid RIL_Token
05-01 14:45:21.850  1507  1925 E RILC    : RIL_onRequestComplete: invalid RIL_Token
05-01 14:45:23.562  1507  1925 E RILC    : RIL_onRequestComplete: invalid RIL_Token
05-01 14:45:42.540  1507  1925 E RILC    : RIL_onRequestComplete: invalid RIL_Token
05-01 14:45:50.671  1507  1925 E RILC    : RIL_onRequestComplete: invalid RIL_Token
05-01 14:46:08.407  1507  1925 E RILC    : RIL_onRequestComplete: invalid RIL_Token
05-01 14:46:09.014  1507  1925 E RILC    : RIL_onRequestComplete: invalid RIL_Token
05-01 14:46:20.950  1507  1925 E RILC    : RIL_onRequestComplete: invalid RIL_Token
05-01 14:46:43.157  1507  1925 E RILC    : RIL_onRequestComplete: invalid RIL_Token
05-01 14:46:53.116  1507  1925 E RILC    : RIL_onRequestComplete: invalid RIL_Token
05-01 14:47:10.866  1507  1925 E RILC    : RIL_onRequestComplete: invalid RIL_Token
05-01 14:47:26.799  1507  1925 E RILC    : RIL_onRequestComplete: invalid RIL_Token
05-01 14:48:05.576  1507  1925 E RILC    : RIL_onRequestComplete: invalid RIL_Token
05-01 14:48:21.486  1507  1925 E RILC    : RIL_onRequestComplete: invalid RIL_Token
05-01 14:49:11.181  1507  1925 E RILC    : RIL_onRequestComplete: invalid RIL_Token
05-01 14:49:21.137  1507  1925 E RILC    : RIL_onRequestComplete: invalid RIL_Token
05-01 14:49:35.119  1507  1925 E RILC    : RIL_onRequestComplete: invalid RIL_Token
05-01 14:49:47.057  1507  1925 E RILC    : RIL_onRequestComplete: invalid RIL_Token
05-01 14:50:00.196  1507  1925 E RILC    : RIL_onRequestComplete: invalid RIL_Token
05-01 14:50:10.014  1507  1925 E RILC    : RIL_onRequestComplete: invalid RIL_Token
05-01 14:50:11.423  1507  1925 E RILC    : RIL_onRequestComplete: invalid RIL_Token
05-01 14:50:24.377  1507  1925 E RILC    : RIL_onRequestComplete: invalid RIL_Token
05-01 14:50:29.690  1507  1925 E RILC    : RIL_onRequestComplete: invalid RIL_Token
05-01 14:51:07.434  1507  1925 E RILC    : RIL_onRequestComplete: invalid RIL_Token
05-01 14:51:11.630  1507  1925 E RILC    : RIL_onRequestComplete: invalid RIL_Token
05-01 14:51:21.590  1507  1925 E RILC    : RIL_onRequestComplete: invalid RIL_Token
05-01 14:51:28.489  1507  1925 E RILC    : RIL_onRequestComplete: invalid RIL_Token
05-01 14:51:48.327  1507  1925 E RILC    : RIL_onRequestComplete: invalid RIL_Token
05-01 14:52:11.896  1507  1925 E RILC    : RIL_onRequestComplete: invalid RIL_Token
05-01 14:52:15.932  1899  5472 I ActivityManager: Force stopping com.example.nova appid=10395 user=0: from pid 22311
05-01 14:52:15.950  1899  5472 I AppsFilter: interaction: PackageSetting{5db533 com.android.microdroid.empty_payload/10218} -> PackageSetting{c83295a com.example.nova/10395} BLOCKED
05-01 14:52:15.951  1899  5472 W ActivityManager: Invalid packageName: com.example.nova
05-01 14:52:15.965  1899  1899 I notification_cancel_all: [1000,1899,com.example.nova,0,0,0,5,NULL]
05-01 14:52:18.499  1899  5472 D ActivityManager: AgaresFW_starting=Intent { flg=0x10000000 cmp=com.example.nova/.MainActivity }
05-01 14:52:18.505  1899  5472 D AppLockLice: onActivityStarterIntercept: callingPackage = com.android.shell, aInfo.packageName:com.example.nova,mComeLockPkgList =[]
05-01 14:52:18.512  1899  5472 D ActivityTaskManager: TaskLaunchParamsModifier:task=null activity=ActivityRecord{974429 u0 com.example.nova/.MainActivity display-area-from-current-params=null display-area-from-default-fallback=DefaultTaskDisplayArea@118005028 display-id=0 task-display-area-windowing-mode=1 suggested-display-area=DefaultTaskDisplayArea@118005028
05-01 14:52:18.513  1899  5472 D ActivityTaskManager: TaskLaunchParamsModifier:task=null activity=ActivityRecord{974429 u0 com.example.nova/.MainActivity t-1} display-area-from-current-params=null display-area-from-default-fallback=DefaultTaskDisplayArea@118005028 display-id=0 task-display-area-windowing-mode=1 suggested-display-area=DefaultTaskDisplayArea@118005028 non-freeform-task-display-area display-area=DefaultTaskDisplayArea@118005028 default-portrait freeform-size-mismatch=Rect(281, 693 - 799, 1773)
05-01 14:52:18.514  1899  5472 I ActivityTaskManager: needHookReparentToDefaultDisplay: sourceRecord = null,r = ActivityRecord{974429 u0 com.example.nova/.MainActivity t-1}, tda = null
05-01 14:52:18.521  1899  5472 D ActivityTaskManager: TaskLaunchParamsModifier:task=Task{4d9b54f #5665 type=standard I=com.example.nova/.MainActivity} activity=ActivityRecord{974429 u0 com.example.nova/.MainActivity t-1} display-from-task=0 display-id=0 task-display-area-windowing-mode=1 suggested-display-area=DefaultTaskDisplayArea@118005028 inherit-from-task=fullscreen non-freeform-task-display-area display-area=DefaultTaskDisplayArea@118005028 default-portrait freeform-size-mismatch=Rect(281, 693 - 799, 1773)
05-01 14:52:18.524  1316  3826 I BufferQueueDebug: [ActivityRecord{974429 u0 com.example.nova/.MainActivity t5665}#5074](this:0xb4000077bab02db8,id:-1,api:0,p:-1,c:-1) BufferQueue core=(1316:/system/bin/surfaceflinger)
05-01 14:52:18.527  1899  5472 D os.fingerprint: onTaskMovedToFront Task{4d9b54f #5665 type=standard I=com.example.nova/.MainActivity}
05-01 14:52:18.527  1899  5472 D os.fingerprint: activityComponent = ComponentInfo{com.example.nova/com.example.nova.MainActivity} inMultiWindow = false
05-01 14:52:18.527  1899  5472 I wm_create_activity: [0,9913385,5665,com.example.nova/.MainActivity,NULL,NULL,NULL,268435456]
05-01 14:52:18.533  1899  5472 I AppsFilter: interaction: PackageSetting{5db533 com.android.microdroid.empty_payload/10218} -> PackageSetting{daa5cba com.example.nova/10395} BLOCKED
05-01 14:52:18.534  1899  5472 D os.fingerprint: onActivityResume next:ActivityRecord{974429 u0 com.example.nova/.MainActivity t5665}
05-01 14:52:18.534  1899  5472 D os.fingerprint: activityComponent = ComponentInfo{com.example.nova/com.example.nova.MainActivity} inMultiWindow = false
05-01 14:52:18.534  1899  5472 D AppLockLice: onActivityResume: packageName = com.example.nova,mComeLockPkgList =[],mPreLockPkgList =[]
05-01 14:52:18.535  1899  2064 I Usf/appStateManager: handleUpdateTaskOverLap uid: 10395    packageName:com.example.nova remove
05-01 14:52:18.538  1899  5472 I ActivityTaskManager: START u0 {flg=0x10000000 cmp=com.example.nova/.MainActivity} with LAUNCH_SINGLE_TOP from uid 2000 (BAL_ALLOW_PERMISSION) result code=0
05-01 14:52:18.538  1899  5472 I ActivityTaskManager: Add pending draw ActivityRecord{974429 u0 com.example.nova/.MainActivity t5665}
05-01 14:52:18.542  2806  3005 V WindowManagerShell: Transition requested (#301): android.os.BinderProxy@454a123 TransitionRequestInfo { type = OPEN, triggerTask = TaskInfo{userId=0 taskId=5665 displayId=0 isRunning=true baseIntent=Intent { flg=0x10000000 cmp=com.example.nova/.MainActivity } baseActivity=ComponentInfo{com.example.nova/com.example.nova.MainActivity} topActivity=ComponentInfo{com.example.nova/com.example.nova.MainActivity} origActivity=null realActivity=ComponentInfo{com.example.nova/com.example.nova.MainActivity} numActivities=1 lastActiveTime=72826939 supportsMultiWindow=true resizeMode=1 isResizeable=true minWidth=-1 minHeight=-1 defaultMinSize=110 token=WCT{android.window.IWindowContainerToken$Stub$Proxy@5337620} topActivityType=1 pictureInPictureParams=null shouldDockBigOverlays=false launchIntoPipHostTaskId=-1 lastParentTaskIdBeforePip=-1 displayCutoutSafeInsets=Rect(0, 108 - 0, 0) topActivityInfo=ActivityInfo{1a73bd9 com.example.nova.MainActivity} launchCookies=[] positionInParent=Point(0, 0) parentTaskId=-1 isFocused=false isVisible=false isVisibleRequested=false isSleeping=true locusId=null displayAreaFeatureId=1 isTopActivityTransparent=false appCompatTaskInfo=AppCompatTaskInfo { topActivityInSizeCompat=false topActivityEligibleForLetterboxEducation= falseisLetterboxEducationEnabled= false isLetterboxDoubleTapEnabled= false topActivityEligibleForUserAspectRatioButton= false topActivityBoundsLetterboxed= false isFromLetterboxDoubleTap= false topActivityLetterboxVerticalPosition= -1 topActivityLetterboxHorizontalPosition= -1 topActivityLetterboxWidth=1080 topActivityLetterboxHeight=2400 isUserFullscreenOverrideEnabled=false isSystemFullscreenOverrideEnabled=false cameraCompatTaskInfo=CameraCompatTaskInfo { cameraCompatControlState=hidden freeformCameraCompatMode=inactive}}}, pipTask = null, remoteTransition = null, displayChange = null, flags = 0, debugId = 301 }
05-01 14:52:18.549  1899  2624 D ActivityTaskManager_Recents: Skipping, user setup not complete  mTaskId: 8
05-01 14:52:18.551  2806  3005 D ShellEventHandler: onPostRequestStartTransition OPEN token=android.os.BinderProxy@454a123
05-01 14:52:18.553  1899  1995 I PowerHalWrapper: amsBoostProcessCreate package:com.example.nova 
05-01 14:52:18.554  2572  2572 I TopTaskTracker: onTaskMovedToFront: (moved taskInfo to front) taskId=5665, baseIntent=Intent { flg=0x10000000 cmp=com.example.nova/.MainActivity }
05-01 14:52:18.562  1899  2030 I am_proc_start: [0,17130,10395,com.example.nova,top-activity,{com.example.nova/com.example.nova.MainActivity}]
05-01 14:52:18.562  1899  2030 I ActivityManager: Start proc 17130:com.example.nova/u0a395 for top-activity {com.example.nova/com.example.nova.MainActivity}
05-01 14:52:18.569  1899  1995 I DisplayDeviceRepository: Display device changed: DisplayDeviceInfo{"Yerle┼şik Ekran": uniqueId="local:4627039422300187648", 1080 x 2400, modeId 4, renderFrameRate 60.000004, defaultModeId 1, userPreferredModeId -1, supportedModes [{id=1, width=1080, height=2400, fps=120.00001, vsync=120.00001, synthetic=false, alternativeRefreshRates=[60.0, 90.0, 144.00002], supportedHdrTypes=[]}, {id=2, width=1080, height=2400, fps=144.00002, vsync=144.00002, synthetic=false, alternativeRefreshRates=[60.0, 90.0, 120.00001], supportedHdrTypes=[]}, {id=3, width=1080, height=2400, fps=90.0, vsync=90.0, synthetic=false, alternativeRefreshRates=[60.0, 120.00001, 144.00002], supportedHdrTypes=[]}, {id=4, width=1080, height=2400, fps=60.0, vsync=60.0, synthetic=false, alternativeRefreshRates=[90.0, 120.00001, 144.00002], supportedHdrTypes=[]}], colorMode 0, supportedColorModes [0, 7, 9], hdrCapabilities HdrCapabilities{mSupportedHdrTypes=[], mMaxLuminance=500.0, mMaxAverageLuminance=500.0, mMinLuminance=0.0}, allmSupported false, gameContentTypeSupported false, density 420, 388.17 x 388.156 dpi, appVsyncOff 1133334, presDeadline 16600000, cutout DisplayCutout{insets=Rect(0, 108 - 0, 0) waterfall=Insets{left=0, top=0, right=0, bottom=0} boundingRect={Bounds=[Rect(0, 0 - 0, 0), Rect(485, 0 - 595, 108), Rect(0, 0 - 0, 0), Rect(0, 0 - 0, 0)]} cutoutPathParserInfo={CutoutPathParserInfo{displayWidth=1080 displayHeight=2400 physicalDisplayWidth=1080 physicalDisplayHeight=2400 density={2.625} cutoutSpec={M -21,0 L -21,41 L 21,41 L 21,0 Z @dp} rotation={0} scale={1.0} physicalPixelDisplaySizeRatio={1.0}}} sideOverrides={}}, touch INTERNAL, rotation 0, type INTERNAL, address {port=0, model=0x40368bd6e7ee6c}, deviceProductInfo DeviceProductInfo{name=MTKDEV, manufacturerPnpId=MTK, productId=35638, modelYear=null, manufactureDate=ManufactureDate{week=42, year=2021}, connectionToSinkType=0}, state OFF, committedState OFF, frameRateOverride {uid=10164 frameRateHz=60.000004} , brightnessMinimum 0.0, brightnessMaximum 1.0, brightnessDefault 0.09817635, hdrSdrRatio 1.0, FLAG_ALLOWED_TO_BE_DEFAULT_DISPLAY, FLAG_ROTATES_WITH_CONTENT, FLAG_SECURE, FLAG_SUPPORTS_PROTECTED_BUFFERS, FLAG_TRUSTED, installOrientation 0, displayShape DisplayShape{ spec=-1893857183 displayWidth=1080 displayHeight=2400 physicalPixelDisplaySizeRatio=1.0 rotation=0 offsetX=0 offsetY=0 scale=1.0}}
05-01 14:52:18.575 17130 17130 I .example.nova: Using CollectorTypeCMC GC.
05-01 14:52:18.585 17130 17130 D nativeloader: Load libframework-connectivity-tiramisu-jni.so using APEX ns com_android_tethering for caller /apex/com.android.tethering/javalib/framework-connectivity-t.jar: ok
05-01 14:52:18.588 17130 17130 W TranInstanceHelper: Failed to instance com.transsion.hubcore.linkplus.implement.app.TranActivityThreadLinkplusImpl, java.lang.ClassNotFoundException: com.transsion.hubcore.linkplus.implement.app.TranActivityThreadLinkplusImpl
05-01 14:52:18.597  1899  5464 I am_proc_bound: [0,17130,com.example.nova]
05-01 14:52:18.603  1899  5464 D os.ActivityManagerServiceLice: make process active com.example.nova(17130)
05-01 14:52:18.628  1899  2030 I am_proc_start: [0,22335,10395,com.example.nova:nova_observer,broadcast,{com.example.nova/com.example.nova.NovaSecurityBootReceiver},action = android.intent.action.LOCKED_BOOT_COMPLETED]
05-01 14:52:18.628  1899  2030 I ActivityManager: Start proc 22335:com.example.nova:nova_observer/u0a395 for broadcast {com.example.nova/com.example.nova.NovaSecurityBootReceiver}
05-01 14:52:18.635 17130 17130 D nativeloader: Configuring clns-7 for other apk /data/app/~~R658xcLpGXGck2TLOVj1PQ==/com.example.nova-7IT52it64aYiZnVeITibWA==/base.apk. target_sdk_version=36, uses_libraries=libOpenCL.so, library_path=/data/app/~~R658xcLpGXGck2TLOVj1PQ==/com.example.nova-7IT52it64aYiZnVeITibWA==/lib/arm64:/data/app/~~R658xcLpGXGck2TLOVj1PQ==/com.example.nova-7IT52it64aYiZnVeITibWA==/base.apk!/lib/arm64-v8a, permitted_path=/data:/mnt/expand:/data/user/0/com.example.nova
05-01 14:52:18.635 22335 22335 I nova_observer: Using CollectorTypeCMC GC.
05-01 14:52:18.643 22335 22335 D nativeloader: Load libframework-connectivity-tiramisu-jni.so using APEX ns com_android_tethering for caller /apex/com.android.tethering/javalib/framework-connectivity-t.jar: ok
05-01 14:52:18.647 22335 22335 W TranInstanceHelper: Failed to instance com.transsion.hubcore.linkplus.implement.app.TranActivityThreadLinkplusImpl, java.lang.ClassNotFoundException: com.transsion.hubcore.linkplus.implement.app.TranActivityThreadLinkplusImpl
05-01 14:52:18.655  1899  2854 I am_proc_bound: [0,22335,com.example.nova:nova_observer]
05-01 14:52:18.657  1899  2854 D os.ActivityManagerServiceLice: make process active com.example.nova:nova_observer(22335)
05-01 14:52:18.674 22335 22335 D nativeloader: Configuring clns-7 for other apk /data/app/~~R658xcLpGXGck2TLOVj1PQ==/com.example.nova-7IT52it64aYiZnVeITibWA==/base.apk. target_sdk_version=36, uses_libraries=libOpenCL.so, library_path=/data/app/~~R658xcLpGXGck2TLOVj1PQ==/com.example.nova-7IT52it64aYiZnVeITibWA==/lib/arm64:/data/app/~~R658xcLpGXGck2TLOVj1PQ==/com.example.nova-7IT52it64aYiZnVeITibWA==/base.apk!/lib/arm64-v8a, permitted_path=/data:/mnt/expand:/data/user/0/com.example.nova
05-01 14:52:18.708  1899  5464 W ActivityManager: Background start not allowed: service Intent { act=com.example.nova.security.ENFORCE_BOOT_STATE pkg=com.example.nova cmp=com.example.nova/.NovaSecuritySentinelService } to com.example.nova/.NovaSecuritySentinelService from pid=22335 uid=10395 pkg=com.example.nova startFg?=false
05-01 14:52:18.711  1899  5464 W ActivityManager: Background start not allowed: service Intent { act=com.example.nova.security.ENFORCE_BOOT_STATE pkg=com.example.nova cmp=com.example.nova/.NovaNightWatchService } to com.example.nova/.NovaNightWatchService from pid=22335 uid=10395 pkg=com.example.nova startFg?=false
05-01 14:52:18.714  1899  2854 W ActivityManager: Background start not allowed: service Intent { act=com.example.nova.security.ENFORCE_BOOT_STATE pkg=com.example.nova cmp=com.example.nova/.NovaDecommissionService } to com.example.nova/.NovaDecommissionService from pid=22335 uid=10395 pkg=com.example.nova startFg?=false
05-01 14:52:18.717  1899  2854 W ActivityManager: Background start not allowed: service Intent { act=com.example.nova.security.ENFORCE_BOOT_STATE pkg=com.example.nova cmp=com.example.nova/.NovaInternetShieldService } to com.example.nova/.NovaInternetShieldService from pid=22335 uid=10395 pkg=com.example.nova startFg?=false
05-01 14:52:18.723  1899  2854 W ActivityManager: Background start not allowed: service Intent { act=com.example.nova.security.ENFORCE_BOOT_STATE pkg=com.example.nova cmp=com.example.nova/.NovaSecuritySentinelService } to com.example.nova/.NovaSecuritySentinelService from pid=22335 uid=10395 pkg=com.example.nova startFg?=false
05-01 14:52:18.726  1899  2854 W ActivityManager: Background start not allowed: service Intent { act=com.example.nova.security.ENFORCE_BOOT_STATE pkg=com.example.nova cmp=com.example.nova/.NovaNightWatchService } to com.example.nova/.NovaNightWatchService from pid=22335 uid=10395 pkg=com.example.nova startFg?=false
05-01 14:52:18.728  1899  2854 W ActivityManager: Background start not allowed: service Intent { act=com.example.nova.security.ENFORCE_BOOT_STATE pkg=com.example.nova cmp=com.example.nova/.NovaDecommissionService } to com.example.nova/.NovaDecommissionService from pid=22335 uid=10395 pkg=com.example.nova startFg?=false
05-01 14:52:18.729  1899  5464 D TranMemcgComponentImpl: write pid:17130 (com.example.nova)  to ljj
05-01 14:52:18.732  1899  5464 I wm_restart_activity: [0,9913385,5665,com.example.nova/.MainActivity]
05-01 14:52:18.734  1899  5464 D os.fingerprint: onRealStartActivityLocked next:ActivityRecord{974429 u0 com.example.nova/.MainActivity t5665} isKeyguardShowing:true
05-01 14:52:18.734  1899  5464 D os.fingerprint: activityComponent = ComponentInfo{com.example.nova/com.example.nova.MainActivity} inMultiWindow = false
05-01 14:52:18.735  1899  5464 D os.fingerprint: onUpdateFocusedApp oldPackageName:com.transsion.hilauncher oldComponent:ComponentInfo{com.transsion.hilauncher/com.android.launcher3.uioverrides.QuickstepLauncher} newPackageName:com.example.nova newComponent:ComponentInfo{com.example.nova/com.example.nova.MainActivity} mFm :android.hardware.fingerprint.FingerprintManager@1254d3
05-01 14:52:18.735  1899  5464 I TranSCSourceConnectManagerImpl: hookDisplayResumedActivityChanged displayId: 0 packageName: com.example.nova
05-01 14:52:18.736  1899  5464 I wm_set_resumed_activity: [0,com.example.nova/.MainActivity,realStartActivityLocked - onActivityStateChanged]
05-01 14:52:18.736  1899  5464 D tranpm/BehaviorManager:  onAppLaunch nextPackName = com.example.nova currPackName = com.transsion.hilauncher
05-01 14:52:18.737  1899  5464 I PowerHalWrapper: amsBoostNotify pid:17130,activity:com.example.nova.MainActivity, package:com.example.nova, mProcessCreatePackcom.example.nova 
05-01 14:52:18.739  1899  5464 I ScnModule: [GameDetection] packname: com.example.nova, apkSize: -175957857. 
05-01 14:52:18.739  1899  5464 I mtkpower_client: [PowerHal_Wrap_notifyAppState] com.example.nova/com.example.nova.MainActivity pid=17130 activityId:9913385 state:1
05-01 14:52:18.740  1267  1267 I vendor.mediatek.hardware.mtkpower_applist-service.mediatek: packName: com.example.nova actName: com.example.nova.MainActivity pid: 17130 uid: 10395 state: 1
05-01 14:52:18.740  1267  1267 I MTK_APPList: [notifyAPPstate] com.example.nova/com.example.nova.MainActivity, pid=17130, uid=10395, state:RESUMED, fps:-1, win:0
05-01 14:52:18.740  1267  1267 I MTK_APPList: [notifyAPPstate] multi_resumed_app_info[0] com.example.nova/com.example.nova.MainActivity, pid:17130, fps:-1, isMultiWindow:0
05-01 14:52:18.740  1267  1267 I MTK_APPList: [notifyAPPstate] foreground:com.example.nova, pid:17130, uid:10395
05-01 14:52:18.743  1899  5464 I System.out: [scale_ufs_gear] pakname is not antutu: com.example.nova, file is not exist: false
05-01 14:52:18.744  1267  1267 I MTK_APPList: [notifyAPPstate] pc:0, com.transsion.hilauncher => com.example.nova
05-01 14:52:18.744  1899  5464 I ActivityTaskManager: debug# mResumedActivity : com.example.nova, mAllSleepTokens = [{"keyguard", display 0, acquire at 17548965 (659351 ms ago)}, {"Dream", display 0, acquire at 17713818 (494498 ms ago)}, {"ScreenOff", display 0, acquire at 17719207 (489109 ms ago)}]
05-01 14:52:18.744  1899  5464 I wm_pause_activity: [0,9913385,com.example.nova/.MainActivity,userLeaving=false,sleep]
05-01 14:52:18.745  1899  5464 I PowerHalWrapper: amsBoostNotify pid:17130,activity:com.example.nova.MainActivity, package:com.example.nova, mProcessCreatePackcom.example.nova 
05-01 14:52:18.745  1899  5464 I ScnModule: [GameDetection] packname: com.example.nova, apkSize: -175957857. 
05-01 14:52:18.745  1899  5464 I mtkpower_client: [PowerHal_Wrap_notifyAppState] com.example.nova/com.example.nova.MainActivity pid=17130 activityId:9913385 state:0
05-01 14:52:18.745  1267  1267 I vendor.mediatek.hardware.mtkpower_applist-service.mediatek: packName: com.example.nova actName: com.example.nova.MainActivity pid: 17130 uid: 10395 state: 0
05-01 14:52:18.746  1267  1267 I MTK_APPList: [notifyAPPstate] com.example.nova/com.example.nova.MainActivity, pid=17130, uid=10395, state:PAUSED, fps:-1, win:0
05-01 14:52:18.747  1899  5464 D os.fingerprint: onActivityResume next:ActivityRecord{974429 u0 com.example.nova/.MainActivity t5665}
05-01 14:52:18.747  1899  5464 D os.fingerprint: activityComponent = ComponentInfo{com.example.nova/com.example.nova.MainActivity} inMultiWindow = false
05-01 14:52:18.747  4592  4941 I SimpleEventAdapt: onActivityEvent get com.example.nova, com.example.nova.MainActivity,true
05-01 14:52:18.747  3838  3970 D pnpmgr  : current activity is com.example.nova
05-01 14:52:18.748  4592  4941 I SimpleEventAdapt: onAppForegroundEvent get com.example.nova, true
05-01 14:52:18.748  4592  4941 I SimpleEventAdapt: onAppStartEvent get com.example.nova,start true
05-01 14:52:18.750  4592 22357 I Kolun_AI: SystemEventSubscribe: onPublishData {"type":"activity_event","time":1777636338748,"data":"{\"className\":\"com.example.nova.MainActivity\",\"isResumed\":true,\"packageName\":\"com.example.nova\"}","provider":"dc","dc_version":2030380000,"data_version":1,"user_id":0}
05-01 14:52:18.750  1899  5464 D ActivityTaskManager: TaskProcess setRealTask mRealTask#=Task{4d9b54f #5665 type=standard I=com.example.nova/.MainActivity}
05-01 14:52:18.752  1899  2385 D PowerManagerService: onAppLaunch: currentPackage=com.transsion.hilauncher, nextPackage=com.example.nova.
05-01 14:52:18.754  4592 22357 I Kolun_AI: SystemEventSubscribe: onPublishData {"type":"app_foreground","time":1777636338750,"data":"{\"isForeground\":true,\"packageName\":\"com.example.nova\"}","provider":"dc","dc_version":2030380000,"data_version":1,"user_id":0}
05-01 14:52:18.754  4592 22357 I Kolun_AI: SystemEventSubscribeheh:SimpleEventBus post event AppForegroundEvent{mPackageName='com.example.nova', mIsForeground=true} 1777636338750
05-01 14:52:18.756  1899  2549 D TranAppm/ThermalEngineModule:  AppSwitchListener from com.transsion.hilauncher to com.example.nova
05-01 14:52:18.756  4592  4690 I Kolun_AI: SceneIdentify:onBusEvent AppForegroundEvent   com.example.nova, true, SceneIdentify
05-01 14:52:18.757  4592  4690 I Kolun_AI: SceneIdentify:checkShortVideo com.example.nova true 
05-01 14:52:18.757  4592  4690 I Kolun_AI: SceneIdentify:checkGameIn  com.example.nova, 
05-01 14:52:18.757  4592  4690 I Kolun_AI: SceneIdentify:checkSocialIn  com.example.nova, 
05-01 14:52:18.757  4592  4690 I Kolun_AI: TipsSceneService:event com.example.nova
05-01 14:52:18.757  4592  4690 I Kolun_AI: AppPredictManager:onBusEvent com.example.nova true
05-01 14:52:18.759 17130 17130 D nativeloader: Load libpowerhalwrap_jni.so using system ns (caller=/system_ext/framework/mediatek-framework.jar): ok
05-01 14:52:18.770  1899  5465 I sysui_multi_action: [757,856,758,1,806,com.example.nova,857,nova_reminders,858,4]
05-01 14:52:18.776  1899  2170 E JobScheduler.Concurrency: Error executing JobStatus{563e874 #u0a363/2071862118 com.moonactive.coinmaster/com.onesignal.core.services.SyncJobService u=0 s=10363 TIME=-20h12m40s461ms:none NET PERSISTED READY}
05-01 14:52:18.780  1899  2030 I am_proc_start: [0,22359,10395,com.example.nova:nova_internet,service,{com.example.nova/com.example.nova.NovaInternetShieldService},caller=com.example.nova/10395]
05-01 14:52:18.781  1899  2030 I ActivityManager: Start proc 22359:com.example.nova:nova_internet/u0a395 for service {com.example.nova/com.example.nova.NovaInternetShieldService}
05-01 14:52:18.782  1899  2170 E JobScheduler.Concurrency: Error executing JobStatus{b0d9db4 androidx.work.systemjobscheduler:u0a271/-2147483550 @androidx.work.systemjobscheduler@com.linkedin.android/androidx.work.impl.background.systemjob.SystemJobService u=0 s=10271 NET system stops=1 READY}
05-01 14:52:18.787  1899  2170 E JobScheduler.Concurrency: Error executing JobStatus{1380d52 androidx.work.systemjobscheduler:u0a271/-2147483549 @androidx.work.systemjobscheduler@com.linkedin.android/androidx.work.impl.background.systemjob.SystemJobService u=0 s=10271 NET system stops=1 READY}
05-01 14:52:18.790  1899  2170 E JobScheduler.Concurrency: Error executing JobStatus{858d823 androidx.work.systemjobscheduler:u0a271/-2147483548 @androidx.work.systemjobscheduler@com.linkedin.android/androidx.work.impl.background.systemjob.SystemJobService u=0 s=10271 NET system stops=1 READY}
05-01 14:52:18.791 22359 22359 I nova_internet: Using CollectorTypeCMC GC.
05-01 14:52:18.794  1899  2170 E JobScheduler.Concurrency: Error executing JobStatus{4f58bc2 androidx.work.systemjobscheduler:u0a271/-2147483631 @androidx.work.systemjobscheduler@com.linkedin.android/androidx.work.impl.background.systemjob.SystemJobService u=0 s=10271 TIME=-14h40m20s529ms:none NET READY}
05-01 14:52:18.799  1899  2170 E JobScheduler.Concurrency: Error executing JobStatus{2b423ff #u0a204/100 com.transsnet.store/com.afmobi.palmplay.service.MsgJobService u=0 s=10204 TIME=-52m58s420ms:-52m58s420ms NET PERSISTED READY}
05-01 14:52:18.802 22359 22359 D nativeloader: Load libframework-connectivity-tiramisu-jni.so using APEX ns com_android_tethering for caller /apex/com.android.tethering/javalib/framework-connectivity-t.jar: ok
05-01 14:52:18.803  1899  2170 E JobScheduler.Concurrency: Error executing JobStatus{a85cc63 #u0a209/101 com.talpa.hibrowser/com.talpa.ka.KaJobService u=0 s=10209 TIME=-2h4m29s36ms:-2h4m14s36ms NET READY}
05-01 14:52:18.807 22359 22359 W TranInstanceHelper: Failed to instance com.transsion.hubcore.linkplus.implement.app.TranActivityThreadLinkplusImpl, java.lang.ClassNotFoundException: com.transsion.hubcore.linkplus.implement.app.TranActivityThreadLinkplusImpl
05-01 14:52:18.818  1899  5670 I am_proc_bound: [0,22359,com.example.nova:nova_internet]
05-01 14:52:18.822  1899  5670 D os.ActivityManagerServiceLice: make process active com.example.nova:nova_internet(22359)
05-01 14:52:18.825  1899  2170 E JobScheduler.Concurrency: Error executing JobStatus{78addc8 #u0a310/41952327 com.qjzjzd.an.en4399/com.google.android.datatransport.runtime.scheduling.jobscheduling.JobInfoSchedulerService u=0 s=10310 TIME=-1h47m13s216ms:none NET READY}
05-01 14:52:18.829  1899  2170 E JobScheduler.Concurrency: Error executing JobStatus{90250ed androidx.work.systemjobscheduler:u0a209/960 @androidx.work.systemjobscheduler@com.talpa.hibrowser/androidx.work.impl.background.systemjob.SystemJobService u=0 s=10209 TIME=-1h46m8s169ms:none READY}
05-01 14:52:18.838  1899  2170 E JobScheduler.Concurrency: Error executing JobStatus{b6b00b1 #u0a204/200 com.transsnet.store/com.afmobi.palmplay.activate.TRDataJobService u=0 s=10204 TIME=-5m49s671ms:+54m10s329ms NET PERSISTED READY}
05-01 14:52:18.842  1899  2170 E JobScheduler.Concurrency: Error executing JobStatus{6063bc9 #u0a204/666 com.transsnet.store/com.transsnet.launcherlib.services.ExternalJobService u=0 s=10204 TIME=-5m49s544ms:+54m10s456ms NET PERSISTED READY}
05-01 14:52:18.843 22359 22359 D nativeloader: Configuring clns-7 for other apk /data/app/~~R658xcLpGXGck2TLOVj1PQ==/com.example.nova-7IT52it64aYiZnVeITibWA==/base.apk. target_sdk_version=36, uses_libraries=libOpenCL.so, library_path=/data/app/~~R658xcLpGXGck2TLOVj1PQ==/com.example.nova-7IT52it64aYiZnVeITibWA==/lib/arm64:/data/app/~~R658xcLpGXGck2TLOVj1PQ==/com.example.nova-7IT52it64aYiZnVeITibWA==/base.apk!/lib/arm64-v8a, permitted_path=/data:/mnt/expand:/data/user/0/com.example.nova
05-01 14:52:18.846  1899  2170 E JobScheduler.Concurrency: Error executing JobStatus{ea90e #u0a204/5185 com.transsnet.store/com.transsion.newphonerecommend.service.NewPhoneJobService u=0 s=10204 TIME=-5m34s103ms:+54m25s897ms NET PERSISTED READY}
05-01 14:52:19.098 17130 22382 D libMEOW : applied 0 plugin for [com.example.nova].
05-01 14:52:19.110 17130 17130 D nativeloader: Load /data/app/~~R658xcLpGXGck2TLOVj1PQ==/com.example.nova-7IT52it64aYiZnVeITibWA==/lib/arm64/libnova-lib.so using class loader ns clns-7 (caller=/data/app/~~R658xcLpGXGck2TLOVj1PQ==/com.example.nova-7IT52it64aYiZnVeITibWA==/base.apk): ok
05-01 14:52:19.111 17130 17130 D ActivityThread: ++ activityComponent:com.example.nova/com.example.nova.MainActivity counts:1 ALEAK_CLEAR_SUPPORT:true
05-01 14:52:19.155 17130 22383 D nativeloader: Load /data/app/~~R658xcLpGXGck2TLOVj1PQ==/com.example.nova-7IT52it64aYiZnVeITibWA==/lib/arm64/libflutter.so using class loader ns clns-7 (caller=/data/app/~~R658xcLpGXGck2TLOVj1PQ==/com.example.nova-7IT52it64aYiZnVeITibWA==/base.apk): ok
05-01 14:52:19.209 17130 22385 D vulkan  : searching for layers in '/data/app/~~R658xcLpGXGck2TLOVj1PQ==/com.example.nova-7IT52it64aYiZnVeITibWA==/lib/arm64'
05-01 14:52:19.210 17130 22385 D vulkan  : searching for layers in '/data/app/~~R658xcLpGXGck2TLOVj1PQ==/com.example.nova-7IT52it64aYiZnVeITibWA==/base.apk!/lib/arm64-v8a'
05-01 14:52:19.233 17130 22385 D vulkan  : searching for layers in '/data/app/~~R658xcLpGXGck2TLOVj1PQ==/com.example.nova-7IT52it64aYiZnVeITibWA==/lib/arm64'
05-01 14:52:19.233 17130 22385 D vulkan  : searching for layers in '/data/app/~~R658xcLpGXGck2TLOVj1PQ==/com.example.nova-7IT52it64aYiZnVeITibWA==/base.apk!/lib/arm64-v8a'
05-01 14:52:19.245  1899  1995 W ActivityTaskManager: Activity top resumed state loss timeout for ActivityRecord{974429 u0 com.example.nova/.MainActivity t5665}
05-01 14:52:19.247  1899  1995 W ActivityTaskManager: Activity pause timeout for ActivityRecord{974429 u0 com.example.nova/.MainActivity t5665}
05-01 14:52:19.248  1899  1995 I wm_add_to_stopping: [0,9913385,com.example.nova/.MainActivity,completePauseLocked]
05-01 14:52:19.251  4592  4941 I SimpleEventAdapt: onActivityEvent get com.example.nova, com.example.nova.MainActivity,false
05-01 14:52:19.253  4592 22357 I Kolun_AI: SystemEventSubscribe: onPublishData {"type":"activity_event","time":1777636339252,"data":"{\"className\":\"com.example.nova.MainActivity\",\"isResumed\":false,\"packageName\":\"com.example.nova\"}","provider":"dc","dc_version":2030380000,"data_version":1,"user_id":0}
05-01 14:52:19.294 17130 17130 I TextToSpeech: Sucessfully bound to com.google.android.tts
05-01 14:52:19.294  1899  3853 D TextToSpeechManagerPerUserService: Trying to start connection to TTS engine: com.google.android.tts
05-01 14:52:19.297 17130 17130 D nativeloader: Load /data/app/~~R658xcLpGXGck2TLOVj1PQ==/com.example.nova-7IT52it64aYiZnVeITibWA==/lib/arm64/libdartjni.so using class loader ns clns-7 (caller=/data/app/~~R658xcLpGXGck2TLOVj1PQ==/com.example.nova-7IT52it64aYiZnVeITibWA==/base.apk): ok
05-01 14:52:19.324  1316  3826 D SurfaceFlinger: [SF client] NEW(0xb4000078fa9f5ed0) for (17130:com.example.nova)
05-01 14:52:19.327  1899  2030 I am_proc_start: [0,22412,10130,com.google.android.tts,service,{com.google.android.tts/com.google.android.apps.speech.tts.googletts.service.GoogleTtsService},caller=system/1000]
05-01 14:52:19.328  1899  2030 I ActivityManager: Start proc 22412:com.google.android.tts/u0a130 for service {com.google.android.tts/com.google.android.apps.speech.tts.googletts.service.GoogleTtsService}
05-01 14:52:19.342 22412 22412 I gle.android.tts: Using CollectorTypeCMC GC.
05-01 14:52:19.349 17130 17130 I wm_on_create_called: [9913385,com.example.nova.MainActivity,performCreate,232]
05-01 14:52:19.350 17130 17130 I wm_on_start_called: [9913385,com.example.nova.MainActivity,handleStartActivity,0]
05-01 14:52:19.351 22412 22412 D nativeloader: Load libframework-connectivity-tiramisu-jni.so using APEX ns com_android_tethering for caller /apex/com.android.tethering/javalib/framework-connectivity-t.jar: ok
05-01 14:52:19.353 17130 17130 I wm_on_resume_called: [9913385,com.example.nova.MainActivity,RESUME_ACTIVITY,0]
05-01 14:52:19.355 22412 22412 W TranInstanceHelper: Failed to instance com.transsion.hubcore.linkplus.implement.app.TranActivityThreadLinkplusImpl, java.lang.ClassNotFoundException: com.transsion.hubcore.linkplus.implement.app.TranActivityThreadLinkplusImpl
05-01 14:52:19.360  1316  3826 D SurfaceFlinger: [SF client] NEW(0xb4000078fa9e5ca0) for (17130:com.example.nova)
05-01 14:52:19.363  1899  3853 I am_proc_bound: [0,22412,com.google.android.tts]
05-01 14:52:19.366  1899  3853 D os.ActivityManagerServiceLice: make process active com.google.android.tts(22412)
05-01 14:52:19.375 17130 17130 D ViewRootImpl: setView appearance:512 com.example.nova/com.example.nova.MainActivity
05-01 14:52:19.380  1316  3826 I BufferQueueDebug: [4b80c26 com.example.nova/com.example.nova.MainActivity#5075](this:0xb4000077bab83008,id:-1,api:0,p:-1,c:-1) BufferQueue core=(1316:/system/bin/surfaceflinger)
05-01 14:52:19.385  1899  3162 I TranThermalBacklightCtrl: cur package [com.example.nova] is in TemperatureControlWhitelist
05-01 14:52:19.398 17130 17130 I wm_on_top_resumed_gained_called: [9913385,com.example.nova.MainActivity,topStateChangedWhenResumed]
05-01 14:52:19.399 17130 17130 I wm_on_top_resumed_lost_called: [9913385,com.example.nova.MainActivity,topStateChangedWhenResumed]
05-01 14:52:19.401 17130 17130 I wm_on_paused_called: [9913385,com.example.nova.MainActivity,performPause,1]
05-01 14:52:19.401  1899  5670 I wm_failed_to_pause: [0,9913385,com.example.nova/.MainActivity,(none)]
05-01 14:52:19.413 22412 22412 W gle.android.tts: Failed to find entry 'classes.dex': Entry not found
05-01 14:52:19.414 22412 22412 W gle.android.tts: Failed to find entry 'classes.dex': Entry not found
05-01 14:52:19.415 22412 22412 W gle.android.tts: Failed to find entry 'classes.dex': Entry not found
05-01 14:52:19.416 22412 22412 D nativeloader: Configuring clns-7 for other apk /data/app/~~vtuFigglr7Dst81NojJkdQ==/com.google.android.tts-hshlQ7v9qmGgLD8Ue9Ps7g==/base.apk:/data/app/~~vtuFigglr7Dst81NojJkdQ==/com.google.android.tts-hshlQ7v9qmGgLD8Ue9Ps7g==/split_config.arm64_v8a.apk:/data/app/~~vtuFigglr7Dst81NojJkdQ==/com.google.android.tts-hshlQ7v9qmGgLD8Ue9Ps7g==/split_config.tr.apk:/data/app/~~vtuFigglr7Dst81NojJkdQ==/com.google.android.tts-hshlQ7v9qmGgLD8Ue9Ps7g==/split_config.xxhdpi.apk. target_sdk_version=36, uses_libraries=, library_path=/data/app/~~vtuFigglr7Dst81NojJkdQ==/com.google.android.tts-hshlQ7v9qmGgLD8Ue9Ps7g==/lib/arm64:/data/app/~~vtuFigglr7Dst81NojJkdQ==/com.google.android.tts-hshlQ7v9qmGgLD8Ue9Ps7g==/base.apk!/lib/arm64-v8a:/data/app/~~vtuFigglr7Dst81NojJkdQ==/com.google.android.tts-hshlQ7v9qmGgLD8Ue9Ps7g==/split_config.arm64_v8a.apk!/lib/arm64-v8a:/data/app/~~vtuFigglr7Dst81NojJkdQ==/com.google.android.tts-hshlQ7v9qmGgLD8Ue9Ps7g==/split_config.tr.apk!/lib/arm64-v8a:/data/app/~~vtuFigglr7Dst81NojJkdQ==/com.google.android.tts-hshlQ
05-01 14:52:19.441  1899  3853 D CoreBackPreview: Window{4b80c26 u0 com.example.nova/com.example.nova.MainActivity}: Setting back callback OnBackInvokedCallbackInfo{mCallback=android.window.IOnBackInvokedCallback$Stub$Proxy@813f1b9, mPriority=0, mIsAnimationCallback=false}
05-01 14:52:19.443  1316  1403 I BufferQueueDebug: [com.example.nova/com.example.nova.MainActivity#5076](this:0xb4000077bab6c388,id:-1,api:0,p:-1,c:-1) BufferQueue core=(1316:/system/bin/surfaceflinger)
05-01 14:52:19.451  1899  2854 I WindowManager: Relayout Window{4b80c26 u0 com.example.nova/com.example.nova.MainActivity}: oldVis=4 newVis=0 focusMayChange = true requestedWidth = 1080 requestedHeight = 2400 outFrames = ClientWindowFrames{frame=[0,0][1080,2400] display=[0,0][1080,2400] parentFrame=[0,0][0,0]} outSurfaceControl = Surface(name=com.example.nova/com.example.nova.MainActivity)/@0x9f6ebac
05-01 14:52:19.452  2806  3597 V WindowManagerShell: onTransitionReady(transaction=8156143024680)
05-01 14:52:19.453  2806  3005 V WindowManagerShell: onTransitionReady (#301) android.os.BinderProxy@454a123: {id=301 t=OPEN f=0x40 trk=0 r=[] c=[]}
05-01 14:52:19.453  2806  3005 D ShellTransitions_interrupt: processReadyQueuemIfTransitionReUseLeash: false
05-01 14:52:19.454  1899  1992 V WindowManager: Sent Transition (#301) createdAt=05-01 14:52:18.511 via request=TransitionRequestInfo { type = OPEN, triggerTask = TaskInfo{userId=0 taskId=5665 displayId=0 isRunning=true baseIntent=Intent { flg=0x10000000 cmp=com.example.nova/.MainActivity } baseActivity=ComponentInfo{com.example.nova/com.example.nova.MainActivity} topActivity=ComponentInfo{com.example.nova/com.example.nova.MainActivity} origActivity=null realActivity=ComponentInfo{com.example.nova/com.example.nova.MainActivity} numActivities=1 lastActiveTime=72826939 supportsMultiWindow=true resizeMode=1 isResizeable=true minWidth=-1 minHeight=-1 defaultMinSize=110 token=WCT{RemoteToken{ec0380a Task{4d9b54f #5665 type=standard I=com.example.nova/.MainActivity}}} topActivityType=1 pictureInPictureParams=null shouldDockBigOverlays=false launchIntoPipHostTaskId=-1 lastParentTaskIdBeforePip=-1 displayCutoutSafeInsets=Rect(0, 108 - 0, 0) topActivityInfo=ActivityInfo{aa7187b com.example.nova.MainActivity} launchCookies=[] positionInParent=Point(0, 0) parentTaskId=-1 isFocused=false isVisible=false isVisibleRequested=false isSleeping=true locusId=null displayAreaFeatureId=1 isTopActivityTransparent=false appCompatTaskInfo=AppCompatTaskInfo { topActivityInSizeCompat=false topActivityEligibleForLetterboxEducation= falseisLetterboxEducationEnabled= false isLetterboxDoubleTapEnabled= false topActivityEligibleForUserAspectRatioButton= false topActivityBoundsLetterboxed= false isFromLetterboxDoubleTap= false topActivityLetterboxVerticalPosition= -1 topActivityLetterboxHorizontalPosition= -1 topActivityLetterboxWidth=1080 topActivityLetterboxHeight=2400 isUserFullscreenOverrideEnabled=false isSystemFullscreenOverrideEnabled=false cameraCompatTaskInfo=CameraCompatTaskInfo { cameraCompatControlState=hidden freeformCameraCompatMode=inactive}}}, pipTask = null, remoteTransition = null, displayChange = null, flags = 0, debugId = 301 }
05-01 14:52:19.454  1899  1992 V WindowManager:     startWCT=WindowContainerTransaction { changes = {} hops = [] errorCallbackToken=null taskFragmentOrganizer=null mInterrupt=false }
05-01 14:52:19.460 17130 22379 D libMEOW : applied 0 plugin for [com.example.nova].
05-01 14:52:19.462  1899  1992 V WindowManager: Finish Transition (#301): created at 05-01 14:52:18.511 collect-started=0.089ms request-sent=25.249ms started=37.779ms ready=232.399ms sent=937.845ms finished=947.898ms
05-01 14:52:19.463  1316  3826 I BufferQueueDebug: [Bounds for - com.example.nova/com.example.nova.MainActivity#5077](this:0xb4000077bab1f558,id:-1,api:0,p:-1,c:-1) BufferQueue core=(1316:/system/bin/surfaceflinger)
05-01 14:52:19.463  1899  1995 I PowerHalWrapper: amsBoostNotify pid:17130,activity:com.example.nova.MainActivity, package:com.example.nova, mProcessCreatePackcom.example.nova 
05-01 14:52:19.464  2806  3005 D ShellEventHandler: onTransitionFinished OPEN token=android.os.BinderProxy@454a123
05-01 14:52:19.464  1899  1995 I ScnModule: [GameDetection] packname: com.example.nova, apkSize: -175957857. 
05-01 14:52:19.464  1899  1995 I mtkpower_client: [PowerHal_Wrap_notifyAppState] com.example.nova/com.example.nova.MainActivity pid=17130 activityId:9913385 state:0
05-01 14:52:19.465  1316  3826 I BufferQueueDebug: [SurfaceView[com.example.nova/com.example.nova.MainActivity]#5078](this:0xb4000077bab60d48,id:-1,api:0,p:-1,c:-1) BufferQueue core=(1316:/system/bin/surfaceflinger)
05-01 14:52:19.465  1267  1267 I vendor.mediatek.hardware.mtkpower_applist-service.mediatek: packName: com.example.nova actName: com.example.nova.MainActivity pid: 17130 uid: 10395 state: 0
05-01 14:52:19.465  1267  1267 I MTK_APPList: [notifyAPPstate] com.example.nova/com.example.nova.MainActivity, pid=17130, uid=10395, state:PAUSED, fps:-1, win:0
05-01 14:52:19.466  1316  3826 I BufferQueueDebug: [SurfaceView[com.example.nova/com.example.nova.MainActivity](BLAST)#5079](this:0xb4000077bab3bcf8,id:-1,api:0,p:-1,c:-1) BufferQueue core=(1316:/system/bin/surfaceflinger)
05-01 14:52:19.466  1899  1995 I wm_stop_activity: [0,9913385,com.example.nova/.MainActivity]
05-01 14:52:19.468  1316  3826 I BufferQueueDebug: [Background for SurfaceView[com.example.nova/com.example.nova.MainActivity]#5080](this:0xb4000077bab58498,id:-1,api:0,p:-1,c:-1) BufferQueue core=(1316:/system/bin/surfaceflinger)
05-01 14:52:19.469 17130 17130 D BLASTBufferQueue: [SurfaceView[com.example.nova/com.example.nova.MainActivity]#1](f:0,a:0) constructor()
05-01 14:52:19.469 17130 17130 D BLASTBufferQueue: [SurfaceView[com.example.nova/com.example.nova.MainActivity]#1](f:0,a:0) update width=1080 height=2400 format=4 mTransformHint=0
05-01 14:52:19.473  1899  1995 I DisplayDeviceRepository: Display device changed: DisplayDeviceInfo{"Yerle┼şik Ekran": uniqueId="local:4627039422300187648", 1080 x 2400, modeId 4, renderFrameRate 60.000004, defaultModeId 1, userPreferredModeId -1, supportedModes [{id=1, width=1080, height=2400, fps=120.00001, vsync=120.00001, synthetic=false, alternativeRefreshRates=[60.0, 90.0, 144.00002], supportedHdrTypes=[]}, {id=2, width=1080, height=2400, fps=144.00002, vsync=144.00002, synthetic=false, alternativeRefreshRates=[60.0, 90.0, 120.00001], supportedHdrTypes=[]}, {id=3, width=1080, height=2400, fps=90.0, vsync=90.0, synthetic=false, alternativeRefreshRates=[60.0, 120.00001, 144.00002], supportedHdrTypes=[]}, {id=4, width=1080, height=2400, fps=60.0, vsync=60.0, synthetic=false, alternativeRefreshRates=[90.0, 120.00001, 144.00002], supportedHdrTypes=[]}], colorMode 0, supportedColorModes [0, 7, 9], hdrCapabilities HdrCapabilities{mSupportedHdrTypes=[], mMaxLuminance=500.0, mMaxAverageLuminance=500.0, mMinLuminance=0.0}, allmSupported false, gameContentTypeSupported false, density 420, 388.17 x 388.156 dpi, appVsyncOff 1133334, presDeadline 16600000, cutout DisplayCutout{insets=Rect(0, 108 - 0, 0) waterfall=Insets{left=0, top=0, right=0, bottom=0} boundingRect={Bounds=[Rect(0, 0 - 0, 0), Rect(485, 0 - 595, 108), Rect(0, 0 - 0, 0), Rect(0, 0 - 0, 0)]} cutoutPathParserInfo={CutoutPathParserInfo{displayWidth=1080 displayHeight=2400 physicalDisplayWidth=1080 physicalDisplayHeight=2400 density={2.625} cutoutSpec={M -21,0 L -21,41 L 21,41 L 21,0 Z @dp} rotation={0} scale={1.0} physicalPixelDisplaySizeRatio={1.0}}} sideOverrides={}}, touch INTERNAL, rotation 0, type INTERNAL, address {port=0, model=0x40368bd6e7ee6c}, deviceProductInfo DeviceProductInfo{name=MTKDEV, manufacturerPnpId=MTK, productId=35638, modelYear=null, manufactureDate=ManufactureDate{week=42, year=2021}, connectionToSinkType=0}, state OFF, committedState OFF, frameRateOverride {uid=1000 frameRateHz=60.000004} {uid=10164 frameRateHz=60.000004} , brightnessMinimum 0.0, brightnessMaximum 1.0, brightnessDefault 0.09817635, hdrSdrRatio 1.0, FLAG_ALLOWED_TO_BE_DEFAULT_DISPLAY, FLAG_ROTATES_WITH_CONTENT, FLAG_SECURE, FLAG_SUPPORTS_PROTECTED_BUFFERS, FLAG_TRUSTED, installOrientation 0, displayShape DisplayShape{ spec=-1893857183 displayWidth=1080 displayHeight=2400 physicalPixelDisplaySizeRatio=1.0 rotation=0 offsetX=0 offsetY=0 scale=1.0}}
05-01 14:52:19.486  1899  2170 E JobScheduler.Concurrency: Error executing JobStatus{563e874 #u0a363/2071862118 com.moonactive.coinmaster/com.onesignal.core.services.SyncJobService u=0 s=10363 TIME=-20h12m41s171ms:none NET PERSISTED READY}
05-01 14:52:19.489  1899  2170 E JobScheduler.Concurrency: Error executing JobStatus{b0d9db4 androidx.work.systemjobscheduler:u0a271/-2147483550 @androidx.work.systemjobscheduler@com.linkedin.android/androidx.work.impl.background.systemjob.SystemJobService u=0 s=10271 NET system stops=1 READY}
05-01 14:52:19.491 17130 22385 E .example.nova: Invalid base format! req_base_format = 0x0, req_format = 0x38
05-01 14:52:19.491 17130 22385 E .example.nova: Invalid base format! req_base_format = 0x0, req_format = 0x3b
05-01 14:52:19.491 17130 22385 E .example.nova: Invalid base format! req_base_format = 0x0, req_format = 0x38
05-01 14:52:19.492 17130 22385 E .example.nova: Invalid base format! req_base_format = 0x0, req_format = 0x3b
05-01 14:52:19.492  1899  2170 E JobScheduler.Concurrency: Error executing JobStatus{1380d52 androidx.work.systemjobscheduler:u0a271/-2147483549 @androidx.work.systemjobscheduler@com.linkedin.android/androidx.work.impl.background.systemjob.SystemJobService u=0 s=10271 NET system stops=1 READY}
