05-01 14:52:19.355 22412 22412 W TranInstanceHelper: Failed to instance com.transsion.hubcore.linkplus.implement.app.TranActivityThreadLinkplusImpl, java.lang.ClassNotFoundException: com.transsion.hubcore.linkplus.implement.app.TranActivityThreadLinkplusImpl
05-01 14:52:19.362 17130 17130 W libc    : Access denied finding property "ro.vendor.scaler_version"
05-01 14:52:19.364 17130 17130 W libc    : Access denied finding property "ro.vendor.scaler_version"
05-01 14:52:19.368  1899  1993 E ApplicationHelper: Fail to get PackageManager
05-01 14:52:19.377 22412 22412 D DebugTheme.onThemeUpdated: reload start !TranResourcesUtils.isRunningOnSystemServer()=true currentForegroundUser=0
05-01 14:52:19.401  1899  5670 I wm_failed_to_pause: [0,9913385,com.example.nova/.MainActivity,(none)]
05-01 14:52:19.413 22412 22412 W gle.android.tts: Failed to find entry 'classes.dex': Entry not found
05-01 14:52:19.414 22412 22412 W gle.android.tts: Failed to find entry 'classes.dex': Entry not found
05-01 14:52:19.415 22412 22412 W gle.android.tts: Failed to find entry 'classes.dex': Entry not found
05-01 14:52:19.454  1899  1992 V WindowManager:     startWCT=WindowContainerTransaction { changes = {} hops = [] errorCallbackToken=null taskFragmentOrganizer=null mInterrupt=false }
05-01 14:52:19.456  1899  1993 E ApplicationHelper: Fail to get PackageManager
05-01 14:52:19.457  1899  1993 E ApplicationHelper: Fail to get PackageManager
05-01 14:52:19.457  1899  1993 E ApplicationHelper: Fail to get PackageManager
05-01 14:52:19.457  1899  1993 E ApplicationHelper: Fail to get PackageManager
05-01 14:52:19.457  1899  1993 E ApplicationHelper: Fail to get PackageManager
05-01 14:52:19.464  1899  1993 E ApplicationHelper: Fail to get PackageManager
05-01 14:52:19.465  1899  1993 E ApplicationHelper: Fail to get PackageManager
05-01 14:52:19.465  1899  1993 E ApplicationHelper: Fail to get PackageManager
05-01 14:52:19.465  1899  1993 E ApplicationHelper: Fail to get PackageManager
05-01 14:52:19.465  1899  1993 E ApplicationHelper: Fail to get PackageManager
05-01 14:52:19.466   484   484 I auditd  : avc:  denied  { find } for pid=1899 uid=1000 name=vendor.mediatek.hardware.gpuserv.IGpuService/default scontext=u:r:system_server:s0 tcontext=u:object_r:default_android_service:s0 tclass=service_manager permissive=0
05-01 14:52:19.473  1899  1993 E ApplicationHelper: Fail to get PackageManager
05-01 14:52:19.473  1899  1993 E ApplicationHelper: Fail to get PackageManager
05-01 14:52:19.473  1899  1993 E ApplicationHelper: Fail to get PackageManager
05-01 14:52:19.473  1899  1993 E ApplicationHelper: Fail to get PackageManager
05-01 14:52:19.476  1899  2179 W ActivityManager: Unbind failed: could not find connection for android.app.LoadedApk$ServiceDispatcher$InnerConnection@6b09586
05-01 14:52:19.477  1899  2179 D ServiceGuard-com.transsion.smartpanel.touch_assistant: onBind res:false numFailures:1755
05-01 14:52:19.478  1899  2179 V ServiceGuard-com.transsion.smartpanel.touch_assistant: getBindDelay delayMillis:18000000 failuresBind:1755 failuresConnected:0
05-01 14:52:19.486  1899  2170 W ActivityManager: Unbind failed: could not find connection for android.app.LoadedApk$ServiceDispatcher$InnerConnection@7080674
05-01 14:52:19.486  1899  2170 E JobScheduler.Concurrency: Error executing JobStatus{563e874 #u0a363/2071862118 com.moonactive.coinmaster/com.onesignal.core.services.SyncJobService u=0 s=10363 TIME=-20h12m41s171ms:none NET PERSISTED READY}
05-01 14:52:19.489  1899  2170 W ActivityManager: Unbind failed: could not find connection for android.app.LoadedApk$ServiceDispatcher$InnerConnection@7708412
05-01 14:52:19.489  1899  2170 E JobScheduler.Concurrency: Error executing JobStatus{b0d9db4 androidx.work.systemjobscheduler:u0a271/-2147483550 @androidx.work.systemjobscheduler@com.linkedin.android/androidx.work.impl.background.systemjob.SystemJobService u=0 s=10271 NET system stops=1 READY}
05-01 14:52:19.491 17130 22385 E mali_gralloc: ERROR: Format allocation info not found for format: 38
05-01 14:52:19.491 17130 22385 E mali_gralloc: ERROR: Format allocation info not found for format: 0
05-01 14:52:19.491 17130 22385 E mali_gralloc: ERROR: Unrecognized and/or unsupported format 0x38 and usage 0xb00
05-01 14:52:19.491 17130 22385 E mali_gralloc: ERROR: Format allocation info not found for format: 3b
05-01 14:52:19.491 17130 22385 E mali_gralloc: ERROR: Format allocation info not found for format: 0
05-01 14:52:19.491 17130 22385 E mali_gralloc: ERROR: Unrecognized and/or unsupported format 0x3b and usage 0xb00
05-01 14:52:19.491  1899  2170 W ActivityManager: Unbind failed: could not find connection for android.app.LoadedApk$ServiceDispatcher$InnerConnection@7d915e0
05-01 14:52:19.491 17130 22385 E mali_gralloc: ERROR: Format allocation info not found for format: 38
05-01 14:52:19.491 17130 22385 E mali_gralloc: ERROR: Format allocation info not found for format: 0
05-01 14:52:19.491 17130 22385 E mali_gralloc: ERROR: Unrecognized and/or unsupported format 0x38 and usage 0xb00
05-01 14:52:19.491 17130 22385 E mali_gralloc: ERROR: Format allocation info not found for format: 3b
05-01 14:52:19.492 17130 22385 E mali_gralloc: ERROR: Format allocation info not found for format: 0
05-01 14:52:19.492  1899  2170 E JobScheduler.Concurrency: Error executing JobStatus{1380d52 androidx.work.systemjobscheduler:u0a271/-2147483549 @androidx.work.systemjobscheduler@com.linkedin.android/androidx.work.impl.background.systemjob.SystemJobService u=0 s=10271 NET system stops=1 READY}
05-01 14:52:19.492 17130 22385 E mali_gralloc: ERROR: Unrecognized and/or unsupported format 0x3b and usage 0xb00
05-01 14:52:19.494  1899  2170 W ActivityManager: Unbind failed: could not find connection for android.app.LoadedApk$ServiceDispatcher$InnerConnection@758c099
05-01 14:52:19.495  1899  2170 E JobScheduler.Concurrency: Error executing JobStatus{858d823 androidx.work.systemjobscheduler:u0a271/-2147483548 @androidx.work.systemjobscheduler@com.linkedin.android/androidx.work.impl.background.systemjob.SystemJobService u=0 s=10271 NET system stops=1 READY}
05-01 14:52:19.497  1899  2170 W ActivityManager: Unbind failed: could not find connection for android.app.LoadedApk$ServiceDispatcher$InnerConnection@acecf5e
05-01 14:52:19.498  1899  2170 E JobScheduler.Concurrency: Error executing JobStatus{4f58bc2 androidx.work.systemjobscheduler:u0a271/-2147483631 @androidx.work.systemjobscheduler@com.linkedin.android/androidx.work.impl.background.systemjob.SystemJobService u=0 s=10271 TIME=-14h40m21s233ms:none NET READY}
05-01 14:52:19.498 17130 22385 W libc    : Access denied finding property "vendor.mbrain.enabled"
05-01 14:52:19.498 17130 22385 D .example.nova: initMbrain failed
05-01 14:52:19.501  1899  2170 W ActivityManager: Unbind failed: could not find connection for android.app.LoadedApk$ServiceDispatcher$InnerConnection@df11f3f
05-01 14:52:19.501  1899  2170 E JobScheduler.Concurrency: Error executing JobStatus{2b423ff #u0a204/100 com.transsnet.store/com.afmobi.palmplay.service.MsgJobService u=0 s=10204 TIME=-52m59s122ms:-52m59s122ms NET PERSISTED READY}
05-01 14:52:19.505  1899  2170 W ActivityManager: Unbind failed: could not find connection for android.app.LoadedApk$ServiceDispatcher$InnerConnection@e9b00c
05-01 14:52:19.506  1899  2170 E JobScheduler.Concurrency: Error executing JobStatus{a85cc63 #u0a209/101 com.talpa.hibrowser/com.talpa.ka.KaJobService u=0 s=10209 TIME=-2h4m29s738ms:-2h4m14s738ms NET READY}
05-01 14:52:19.509  1899  2170 W ActivityManager: Unbind failed: could not find connection for android.app.LoadedApk$ServiceDispatcher$InnerConnection@c6bcd55
05-01 14:52:19.509  1899  2170 E JobScheduler.Concurrency: Error executing JobStatus{78addc8 #u0a310/41952327 com.qjzjzd.an.en4399/com.google.android.datatransport.runtime.scheduling.jobscheduling.JobInfoSchedulerService u=0 s=10310 TIME=-1h47m13s901ms:none NET READY}
05-01 14:52:19.513  1899  2170 W ActivityManager: Unbind failed: could not find connection for android.app.LoadedApk$ServiceDispatcher$InnerConnection@734836a
05-01 14:52:19.513  1899  2170 E JobScheduler.Concurrency: Error executing JobStatus{90250ed androidx.work.systemjobscheduler:u0a209/960 @androidx.work.systemjobscheduler@com.talpa.hibrowser/androidx.work.impl.background.systemjob.SystemJobService u=0 s=10209 TIME=-1h46m8s854ms:none READY}
05-01 14:52:19.618  1899  1993 E ApplicationHelper: Fail to get PackageManager
05-01 14:52:19.634  1899  2170 W ActivityManager: Unbind failed: could not find connection for android.app.LoadedApk$ServiceDispatcher$InnerConnection@b7954be
05-01 14:52:19.634  1899  2170 E JobScheduler.Concurrency: Error executing JobStatus{b6b00b1 #u0a204/200 com.transsnet.store/com.afmobi.palmplay.activate.TRDataJobService u=0 s=10204 TIME=-5m50s467ms:+54m9s533ms NET PERSISTED READY}
05-01 14:52:19.640  1899  2170 W ActivityManager: Unbind failed: could not find connection for android.app.LoadedApk$ServiceDispatcher$InnerConnection@1d6246c
05-01 14:52:19.640  1899  2170 E JobScheduler.Concurrency: Error executing JobStatus{6063bc9 #u0a204/666 com.transsnet.store/com.transsnet.launcherlib.services.ExternalJobService u=0 s=10204 TIME=-5m50s342ms:+54m9s658ms NET PERSISTED READY}
05-01 14:52:19.645  1899  2170 W ActivityManager: Unbind failed: could not find connection for android.app.LoadedApk$ServiceDispatcher$InnerConnection@af1feca
05-01 14:52:19.645  1899  2170 E JobScheduler.Concurrency: Error executing JobStatus{ea90e #u0a204/5185 com.transsnet.store/com.transsion.newphonerecommend.service.NewPhoneJobService u=0 s=10204 TIME=-5m34s902ms:+54m25s98ms NET PERSISTED READY}
05-01 14:52:19.829 17130 22385 W libc    : Access denied finding property "vendor.mbrain.enabled"
05-01 14:52:19.829 17130 22385 D .example.nova: initMbrain failed
05-01 14:52:20.194 17130 17130 W libc    : Access denied finding property "ro.hardware.chipname"
05-01 14:52:20.680   476   476 I lowmemorykiller: TranMemoryInfo: vmstat time slice: 434289
05-01 14:52:20.680   476   476 I lowmemorykiller: TranMemoryInfo: PSI stat: 1, 0.00, 0.00, 0.00, 0.00
05-01 14:52:20.680   476   476 I lowmemorykiller: TranMemoryInfo: vmstat: 3285, 0, 62688, 8, 29971
05-01 14:52:20.681   476   476 D lowmemorykiller: TranMemoryInfo: kswapd pgscan_kswapd 55304968 to 55436819, pgsteal_kswapd 33193105 to 33255793, stime 29915 to 29971
05-01 14:52:20.681   476   476 I lowmemorykiller: TranMemoryInfo: kswapd has been run.
05-01 14:52:20.681   476   476 I lowmemorykiller: TranMemoryInfo: kswapd reclaim amount : 62688 pages
05-01 14:52:20.681   476   476 I lowmemorykiller: TranMemoryInfo: kswapd reclaim efficiency : 447 KB/ms
05-01 14:52:20.752  1899  2017 D aegean_TranRecentTasksProxy: FW_getTasks=7
05-01 14:52:20.782 22412 22412 W libc    : Access denied finding property "ro.hardware.chipname"
05-01 14:52:21.541  1899  4831 E TaskPersister: File error accessing recents directory (directory doesn't exist?).
05-01 14:52:21.583  1899  1993 E ApplicationHelper: Fail to get PackageManager
05-01 14:52:21.687   476   476 I lowmemorykiller: TranMemoryInfo: vmstat time slice: 1004
05-01 14:52:21.687   476   476 I lowmemorykiller: TranMemoryInfo: PSI stat: 10, 0.90, 0.16, 0.90, 0.16
05-01 14:52:21.687   476   476 I lowmemorykiller: TranMemoryInfo: vmstat: 9, 0, 33197, 1, 30002
05-01 14:52:21.688   476   476 D lowmemorykiller: TranMemoryInfo: kswapd pgscan_kswapd 55436819 to 55496658, pgsteal_kswapd 33255793 to 33288990, stime 29971 to 30003
05-01 14:52:21.688   476   476 I lowmemorykiller: TranMemoryInfo: kswapd has been run.
05-01 14:52:21.688   476   476 I lowmemorykiller: TranMemoryInfo: kswapd reclaim amount : 33197 pages
05-01 14:52:21.688   476   476 I lowmemorykiller: TranMemoryInfo: kswapd reclaim efficiency : 414 KB/ms
05-01 14:52:21.829  2766  3160 D RILJ    : [6783]< DATA_REGISTRATION_STATE RegStateResult{regState: REG_HOME, rat: LTE, reasonForDenial: NONE, cellIdentity: CellIdentity.lte(CellIdentityLte{mcc: 286, mnc: 02, ci: 9949523, pci: 123, tac: 40706, earfcn: 276, operatorNames: OperatorInfo{alphaLong: vodafone TR, alphaShort: , operatorNumeric: , status: 0}, bandwidth: 15000, additionalPlmns: [], csgInfo: null, bands: [BAND_1]}), registeredPlmn: 28602, accessTechnologySpecificInfo: AccessTechnologySpecificInfo.eutranInfo(EutranRegistrationInfo{lteVopsInfo: LteVopsInfo{isVopsSupported: true, isEmcBearerSupported: true}, nrIndicators: NrIndicators{isEndcAvailable: true, isDcNrRestricted: false, isNrAvailable: true}, lteAttachResultType: 0, extraInfo: 0})} [PHONE0]
05-01 14:52:21.833  2766  3160 D RILJ    : [6785]< VOICE_REGISTRATION_STATE RegStateResult{regState: REG_HOME, rat: LTE, reasonForDenial: NONE, cellIdentity: CellIdentity.lte(CellIdentityLte{mcc: 286, mnc: 02, ci: 9949523, pci: 123, tac: 40706, earfcn: 276, operatorNames: OperatorInfo{alphaLong: vodafone TR, alphaShort: , operatorNumeric: , status: 0}, bandwidth: 15000, additionalPlmns: [], csgInfo: null, bands: [BAND_1]}), registeredPlmn: 28602, accessTechnologySpecificInfo: AccessTechnologySpecificInfo.eutranInfo(EutranRegistrationInfo{lteVopsInfo: LteVopsInfo{isVopsSupported: true, isEmcBearerSupported: true}, nrIndicators: NrIndicators{isEndcAvailable: true, isDcNrRestricted: false, isNrAvailable: true}, lteAttachResultType: 0, extraInfo: 0})} [PHONE0]
05-01 14:52:21.847  2766  2766 D MTKSST  : [GsmSST0] Poll ServiceState done: oldMaxDataCalls=16 mNewMaxDataCalls=16 oldReasonDataDenied=0 mNewReasonDataDenied=0
05-01 14:52:22.192   476   476 I lowmemorykiller: file cached 2324864 KB, tran_filecached_threshold: 819200
05-01 14:52:22.193   476   476 I lowmemorykiller: no kill for file cached 2324864 is enough (count: 1)
05-01 14:52:22.689   476   476 I lowmemorykiller: TranMemoryInfo: vmstat time slice: 1004
05-01 14:52:22.689   476   476 I lowmemorykiller: TranMemoryInfo: PSI stat: 12, 0.90, 0.16, 0.90, 0.16
05-01 14:52:22.689   476   476 I lowmemorykiller: TranMemoryInfo: vmstat: 1305, 0, 65030, 1, 30060
05-01 14:52:22.690   476   476 D lowmemorykiller: TranMemoryInfo: kswapd pgscan_kswapd 55496658 to 55613185, pgsteal_kswapd 33288990 to 33354020, stime 30003 to 30060
05-01 14:52:22.690   476   476 I lowmemorykiller: TranMemoryInfo: kswapd has been run.
05-01 14:52:22.690   476   476 I lowmemorykiller: TranMemoryInfo: kswapd reclaim amount : 65030 pages
05-01 14:52:22.690   476   476 I lowmemorykiller: TranMemoryInfo: kswapd reclaim efficiency : 456 KB/ms
05-01 14:52:23.280   476   476 I lowmemorykiller: file cached 2293336 KB, tran_filecached_threshold: 819200
05-01 14:52:23.281   476   476 I lowmemorykiller: no kill for file cached 2293336 is enough (count: 2)
05-01 14:52:23.697   476   476 I lowmemorykiller: TranMemoryInfo: vmstat time slice: 1008
05-01 14:52:23.697   476   476 I lowmemorykiller: TranMemoryInfo: PSI stat: 12, 2.91, 0.55, 2.91, 0.55
05-01 14:52:23.697   476   476 I lowmemorykiller: TranMemoryInfo: vmstat: 61, 6, 26929, 1, 30080
05-01 14:52:23.697   476   476 D lowmemorykiller: TranMemoryInfo: kswapd pgscan_kswapd 55613185 to 55657841, pgsteal_kswapd 33354020 to 33380949, stime 30060 to 30080
05-01 14:52:23.697   476   476 I lowmemorykiller: TranMemoryInfo: kswapd has been run.
05-01 14:52:23.697   476   476 I lowmemorykiller: TranMemoryInfo: kswapd reclaim amount : 26929 pages
05-01 14:52:23.697   476   476 I lowmemorykiller: TranMemoryInfo: kswapd reclaim efficiency : 538 KB/ms
05-01 14:52:24.792   476   476 I lowmemorykiller: TranMemoryInfo: vmstat time slice: 1096
05-01 14:52:24.793   476   476 I lowmemorykiller: TranMemoryInfo: PSI stat: 8, 2.91, 0.55, 2.91, 0.55
05-01 14:52:24.793   476   476 I lowmemorykiller: TranMemoryInfo: vmstat: 54, 0, 0, 0, 30080
05-01 14:52:24.923 17130 17130 W .example.nova: Get process name fail
05-01 14:52:25.016  1299 22512 E AudioFlinger_Threads: push2RTGroup, tid 22512 push to RT group fail!
05-01 14:52:25.017   485   485 E SELinux : avc:  denied  { find } for interface=vendor.mediatek.hardware.mtkpower::IMtkPerf sid=u:r:audioserver:s0 pid=1299 scontext=u:r:audioserver:s0 tcontext=u:object_r:hal_power_hwservice:s0 tclass=hwservice_manager permissive=0
05-01 14:52:25.017   485   485 I auditd  : avc:  denied  { find } for interface=vendor.mediatek.hardware.mtkpower::IMtkPerf sid=u:r:audioserver:s0 pid=1299 scontext=u:r:audioserver:s0 tcontext=u:object_r:hal_power_hwservice:s0 tclass=hwservice_manager permissive=0
05-01 14:52:25.119  1299 22512 E AudioFlinger_Threads: push2RTGroup, tid 22512 push to RT group fail!
05-01 14:52:25.145  1899  1993 E ApplicationHelper: Fail to get PackageManager
05-01 14:52:25.149  1299 22512 E AudioFlinger_Threads: push2RTGroup, tid 22512 push to RT group fail!
05-01 14:52:25.178  1299 22512 E AudioFlinger_Threads: push2RTGroup, tid 22512 push to RT group fail!
05-01 14:52:25.198  1299 22512 D audioserver: logFgsApiEnd: FGS Logger Transaction failed, -129
05-01 14:52:25.198  1299 22512 D audioserver: logFgsApiBegin: FGS Logger Transaction failed, -129
05-01 14:52:25.212  1299 22512 E AudioFlinger_Threads: push2RTGroup, tid 22512 push to RT group fail!
05-01 14:52:25.225  1299 11086 D audioserver: logFgsApiBegin: FGS Logger Transaction failed, -129
05-01 14:52:25.227  1243  3616 W StreamHAL: Error from HAL stream in function set_microphone_direction: Function not implemented
05-01 14:52:25.229  1243  3616 W StreamHAL: Error from HAL stream in function set_microphone_field_dimension: Function not implemented
05-01 14:52:25.231  1299 11086 W libc    : Access denied finding property "vendor.audio.qos"
05-01 14:52:25.238  1899  5472 I AudioService.TranRecordingActivityMonitor: TraRecordingActivityMonitor setTest updateSnapshot
05-01 14:52:25.238  1899  5472 D AudioService.TranRecordingActivityMonitor:  event = 0 riid = 1199 config = null mStartedKTVRiid = 0
05-01 14:52:25.241  1899  3853 I AudioService.TranRecordingActivityMonitor: TraRecordingActivityMonitor setTest updateSnapshot
05-01 14:52:25.241  1899  3853 D AudioService.TranRecordingActivityMonitor:  event = 2 riid = 1199 config = android.media.AudioRecordingConfiguration@a896 mStartedKTVRiid = 0
05-01 14:52:25.241  1899  3853 D AudioService.TranRecordingActivityMonitor: kushim 1 mStartedKTVRiid=0
05-01 14:52:25.278  1899  1993 E ApplicationHelper: Fail to get PackageManager
05-01 14:52:25.291  1899  5472 I AudioService.TranRecordingActivityMonitor: TraRecordingActivityMonitor setTest updateSnapshot
05-01 14:52:25.291  1899  5472 D AudioService.TranRecordingActivityMonitor:  event = 2 riid = 1199 config = android.media.AudioRecordingConfiguration@a896 mStartedKTVRiid = 0
05-01 14:52:25.291  1899  5472 D AudioService.TranRecordingActivityMonitor: kushim 1 mStartedKTVRiid=0
05-01 14:52:25.345 13421 13557 W chromium: [WARNING:components/sync/engine/syncer_proto_util.cc:430] Error posting from syncer: Response Code (bogus on error): -1 Content-Length (bogus on error): -1 Server Status: CONNECTION_UNAVAILABLE
05-01 14:52:25.345 13421 13557 E chromium: [ERROR:components/sync/engine/get_updates_processor.cc:270] PostClientToServerMessage() failed during GetUpdates with error Network error (ERR_NAME_NOT_RESOLVED)
05-01 14:52:25.455 17130 17130 I flutter : NOVA_SETUP_ASR_READY reason=setup_init started=false ready=true gateRunning=true gateState={success: true, message: Streaming ses kap─▒s─▒ ba┼şlat─▒ld─▒., running: true, speechActive: false, speechRecentlyActive: false, lastSpeechAt: 0, lastSampleAt: 0, avgRms: 0.0, peakRms: 0.0, baselineRms: 260.0, thresholdRms: 980.0, lastError: , speechOpenCounter: 0, speechCloseCounter: 0, sampleRate: 16000, bufferedPcmSamples: 0} ok=false
05-01 14:52:26.549  1899  1993 E ApplicationHelper: Fail to get PackageManager
05-01 14:52:26.881 17130 22542 W libc    : Access denied finding property "ro.hardware.chipname"
05-01 14:52:27.513   476   476 I lowmemorykiller: TranMemoryInfo: vmstat time slice: 2720
05-01 14:52:27.513   476   476 I lowmemorykiller: TranMemoryInfo: PSI stat: 11, 2.72, 0.67, 2.54, 0.64
05-01 14:52:27.513   476   476 I lowmemorykiller: TranMemoryInfo: vmstat: 1187, 5, 54435, 2, 30111
05-01 14:52:27.514   476   476 D lowmemorykiller: TranMemoryInfo: kswapd pgscan_kswapd 55657841 to 55732686, pgsteal_kswapd 33380949 to 33435384, stime 30080 to 30111
05-01 14:52:27.514   476   476 I lowmemorykiller: TranMemoryInfo: kswapd has been run.
05-01 14:52:27.514   476   476 I lowmemorykiller: TranMemoryInfo: kswapd reclaim amount : 54435 pages
05-01 14:52:27.514   476   476 I lowmemorykiller: TranMemoryInfo: kswapd reclaim efficiency : 702 KB/ms
05-01 14:52:28.269   476   476 I lowmemorykiller: file cached 1960820 KB, tran_filecached_threshold: 819200
05-01 14:52:28.269   476   476 I lowmemorykiller: no kill for file cached 1960820 is enough (count: 3)
05-01 14:52:28.412 17130 22542 I .example.nova: WaitForGcToComplete blocked NativeAlloc on NativeAlloc for 26.313ms
05-01 14:52:28.519   476   476 I lowmemorykiller: TranMemoryInfo: vmstat time slice: 1008
05-01 14:52:28.520   476   476 I lowmemorykiller: TranMemoryInfo: PSI stat: 12, 2.72, 0.67, 2.54, 0.64
05-01 14:52:28.520   476   476 I lowmemorykiller: TranMemoryInfo: vmstat: 58, 6, 77236, 1, 30155
05-01 14:52:28.520   476   476 D lowmemorykiller: TranMemoryInfo: kswapd pgscan_kswapd 55732686 to 55853437, pgsteal_kswapd 33435384 to 33512620, stime 30111 to 30155
05-01 14:52:28.520   476   476 I lowmemorykiller: TranMemoryInfo: kswapd has been run.
05-01 14:52:28.520   476   476 I lowmemorykiller: TranMemoryInfo: kswapd reclaim amount : 77236 pages
05-01 14:52:28.520   476   476 I lowmemorykiller: TranMemoryInfo: kswapd reclaim efficiency : 702 KB/ms
05-01 14:52:29.230  1899  2538 D aegean_TranRecentTasksProxy: FW_getTasks=7
05-01 14:52:29.232  1899  2538 D aegean_TranRecentTasksProxy: FW_getTasks=7
05-01 14:52:29.242  1899  2538 D aegean_TranRecentTasksProxy: FW_getTasks=7
05-01 14:52:29.283  1899  2538 D aegean_TranRecentTasksProxy: FW_getTasks=7
05-01 14:52:29.287  1899  2538 D aegean_TranRecentTasksProxy: FW_getTasks=5
05-01 14:52:29.288  1899  2538 D aegean_TranRecentTasksProxy: FW_getTasks=7
05-01 14:52:29.291  1899  2538 D aegean_TranRecentTasksProxy: FW_getTasks=5
05-01 14:52:29.294  1899  2538 D aegean_TranRecentTasksProxy: FW_getTasks=7
05-01 14:52:29.298  1899  2538 D aegean_TranRecentTasksProxy: FW_getTasks=7
05-01 14:52:29.302  1899  2538 D aegean_TranRecentTasksProxy: FW_getTasks=5
05-01 14:52:29.304  1899  2538 D aegean_TranRecentTasksProxy: FW_getTasks=7
05-01 14:52:29.308  1899  2538 D aegean_TranRecentTasksProxy: FW_getTasks=5
05-01 14:52:29.311  1899  2538 D aegean_TranRecentTasksProxy: FW_getTasks=7
05-01 14:52:29.340  1234  1234 I Zygote  : Process 18695 exited due to signal 9 (Killed)
05-01 14:52:29.351   484   484 I auditd  : avc:  denied  { find } for pid=1899 uid=1000 name=vendor.mediatek.hardware.gpuserv.IGpuService/default scontext=u:r:system_server:s0 tcontext=u:object_r:default_android_service:s0 tclass=service_manager permissive=0
05-01 14:52:29.378  1234  1234 I Zygote  : Process 16664 exited due to signal 9 (Killed)
05-01 14:52:29.384  1899  1993 E ApplicationHelper: Fail to get PackageManager
05-01 14:52:29.390   484   484 I auditd  : avc:  denied  { find } for pid=1899 uid=1000 name=vendor.mediatek.hardware.gpuserv.IGpuService/default scontext=u:r:system_server:s0 tcontext=u:object_r:default_android_service:s0 tclass=service_manager permissive=0
05-01 14:52:29.525   476   476 I lowmemorykiller: TranMemoryInfo: vmstat time slice: 1004
05-01 14:52:29.525   476   476 I lowmemorykiller: TranMemoryInfo: PSI stat: 11, 4.40, 1.04, 4.26, 1.01
05-01 14:52:29.525   476   476 I lowmemorykiller: TranMemoryInfo: vmstat: 588, 0, 17470, 1, 30168
05-01 14:52:29.525   476   476 D lowmemorykiller: TranMemoryInfo: kswapd pgscan_kswapd 55853437 to 55899464, pgsteal_kswapd 33512620 to 33530090, stime 30155 to 30168
05-01 14:52:29.525   476   476 I lowmemorykiller: TranMemoryInfo: kswapd has been run.
05-01 14:52:29.525   476   476 I lowmemorykiller: TranMemoryInfo: kswapd reclaim amount : 17470 pages
05-01 14:52:29.525   476   476 I lowmemorykiller: TranMemoryInfo: kswapd reclaim efficiency : 537 KB/ms
05-01 14:52:30.022  1899  1993 E ApplicationHelper: Fail to get PackageManager
05-01 14:52:30.028  1899  1993 E ApplicationHelper: Fail to get PackageManager
05-01 14:52:31.232  1899  2538 D aegean_TranRecentTasksProxy: FW_getTasks=7
05-01 14:52:31.233  1899  2538 D aegean_TranRecentTasksProxy: FW_getTasks=7
05-01 14:52:31.246  1899  2538 D aegean_TranRecentTasksProxy: FW_getTasks=7
05-01 14:52:31.334  1899  2538 D aegean_TranRecentTasksProxy: FW_getTasks=7
05-01 14:52:31.339  1899  2538 D aegean_TranRecentTasksProxy: FW_getTasks=5
05-01 14:52:31.340  1899  2538 D aegean_TranRecentTasksProxy: FW_getTasks=7
05-01 14:52:31.344  1899  2538 D aegean_TranRecentTasksProxy: FW_getTasks=5
05-01 14:52:31.345  1899  2538 D aegean_TranRecentTasksProxy: FW_getTasks=7
05-01 14:52:31.350  1899  2538 D aegean_TranRecentTasksProxy: FW_getTasks=5
05-01 14:52:31.353  1899  2538 D aegean_TranRecentTasksProxy: FW_getTasks=7
05-01 14:52:31.360  1899  2538 D aegean_TranRecentTasksProxy: FW_getTasks=7
05-01 14:52:31.365  1899  2538 D aegean_TranRecentTasksProxy: FW_getTasks=5
05-01 14:52:31.368  1899  2538 D aegean_TranRecentTasksProxy: FW_getTasks=7
05-01 14:52:31.378  1899  2538 D aegean_TranRecentTasksProxy: FW_getTasks=7
05-01 14:52:31.383  1899  2538 D aegean_TranRecentTasksProxy: FW_getTasks=5
05-01 14:52:31.386  1899  2538 D aegean_TranRecentTasksProxy: FW_getTasks=7
05-01 14:52:31.394  1899  2538 D aegean_TranRecentTasksProxy: FW_getTasks=7
05-01 14:52:31.399  1899  2538 D aegean_TranRecentTasksProxy: FW_getTasks=5
05-01 14:52:31.403  1899  2538 D aegean_TranRecentTasksProxy: FW_getTasks=7
05-01 14:52:31.423  1234  1234 I Zygote  : Process 18760 exited due to signal 9 (Killed)
05-01 14:52:31.441   484   484 I auditd  : avc:  denied  { find } for pid=1899 uid=1000 name=vendor.mediatek.hardware.gpuserv.IGpuService/default scontext=u:r:system_server:s0 tcontext=u:object_r:default_android_service:s0 tclass=service_manager permissive=0
05-01 14:52:31.458  1234  1234 I Zygote  : Process 19537 exited due to signal 9 (Killed)
05-01 14:52:31.464   484   484 I auditd  : avc:  denied  { find } for pid=1899 uid=1000 name=vendor.mediatek.hardware.gpuserv.IGpuService/default scontext=u:r:system_server:s0 tcontext=u:object_r:default_android_service:s0 tclass=service_manager permissive=0
05-01 14:52:31.483  1234  1234 I Zygote  : Process 19611 exited due to signal 9 (Killed)
05-01 14:52:31.492  1234  1234 I Zygote  : Process 19289 exited due to signal 9 (Killed)
05-01 14:52:31.500   484   484 I auditd  : avc:  denied  { find } for pid=1899 uid=1000 name=vendor.mediatek.hardware.gpuserv.IGpuService/default scontext=u:r:system_server:s0 tcontext=u:object_r:default_android_service:s0 tclass=service_manager permissive=0
05-01 14:52:31.506   484   484 I auditd  : avc:  denied  { find } for pid=1899 uid=1000 name=vendor.mediatek.hardware.gpuserv.IGpuService/default scontext=u:r:system_server:s0 tcontext=u:object_r:default_android_service:s0 tclass=service_manager permissive=0
05-01 14:52:32.700   476   476 I lowmemorykiller: TranMemoryInfo: vmstat time slice: 3176
05-01 14:52:32.700   476   476 I lowmemorykiller: TranMemoryInfo: PSI stat: 2, 3.97, 1.07, 3.85, 1.04
05-01 14:52:32.701   476   476 I lowmemorykiller: TranMemoryInfo: vmstat: 78, 0, 57216, 7, 30224
05-01 14:52:32.701   476   476 D lowmemorykiller: TranMemoryInfo: kswapd pgscan_kswapd 55899464 to 55989820, pgsteal_kswapd 33530090 to 33587306, stime 30168 to 30224
05-01 14:52:32.701   476   476 I lowmemorykiller: TranMemoryInfo: kswapd has been run.
05-01 14:52:32.701   476   476 I lowmemorykiller: TranMemoryInfo: kswapd reclaim amount : 57216 pages
05-01 14:52:32.701   476   476 I lowmemorykiller: TranMemoryInfo: kswapd reclaim efficiency : 408 KB/ms
05-01 14:52:33.234  1899  2538 D aegean_TranRecentTasksProxy: FW_getTasks=7
05-01 14:52:33.234  1899  2538 D aegean_TranRecentTasksProxy: FW_getTasks=7
05-01 14:52:33.242  1899  2538 D aegean_TranRecentTasksProxy: FW_getTasks=7
05-01 14:52:33.300  1899  2538 D aegean_TranRecentTasksProxy: FW_getTasks=7
05-01 14:52:33.304  1899  2538 D aegean_TranRecentTasksProxy: FW_getTasks=5
05-01 14:52:33.304  1899  2538 D aegean_TranRecentTasksProxy: FW_getTasks=7
05-01 14:52:33.308  1899  2538 D aegean_TranRecentTasksProxy: FW_getTasks=5
05-01 14:52:33.309  1899  2538 D aegean_TranRecentTasksProxy: FW_getTasks=7
05-01 14:52:33.314  1899  2538 D aegean_TranRecentTasksProxy: FW_getTasks=5
05-01 14:52:33.316  1899  2538 D aegean_TranRecentTasksProxy: FW_getTasks=7
05-01 14:52:33.323  1899  2538 D aegean_TranRecentTasksProxy: FW_getTasks=7
05-01 14:52:33.328  1899  2538 D aegean_TranRecentTasksProxy: FW_getTasks=5
05-01 14:52:33.329  1899  2538 D aegean_TranRecentTasksProxy: FW_getTasks=7
05-01 14:52:33.332  1899  2538 D aegean_TranRecentTasksProxy: FW_getTasks=7
05-01 14:52:33.334  1899  2538 D aegean_TranRecentTasksProxy: FW_getTasks=5
05-01 14:52:33.337  1899  2538 D aegean_TranRecentTasksProxy: FW_getTasks=7
05-01 14:52:33.396  1234  1234 I Zygote  : Process 12383 exited due to signal 9 (Killed)
05-01 14:52:33.416   484   484 I auditd  : avc:  denied  { find } for pid=1899 uid=1000 name=vendor.mediatek.hardware.gpuserv.IGpuService/default scontext=u:r:system_server:s0 tcontext=u:object_r:default_android_service:s0 tclass=service_manager permissive=0
05-01 14:52:33.436  1234  1234 I Zygote  : Process 20900 exited due to signal 9 (Killed)
05-01 14:52:33.446   484   484 I auditd  : avc:  denied  { find } for pid=1899 uid=1000 name=vendor.mediatek.hardware.gpuserv.IGpuService/default scontext=u:r:system_server:s0 tcontext=u:object_r:default_android_service:s0 tclass=service_manager permissive=0
05-01 14:52:33.705   476   476 I lowmemorykiller: TranMemoryInfo: vmstat time slice: 1004
05-01 14:52:33.705   476   476 I lowmemorykiller: TranMemoryInfo: PSI stat: 10, 3.97, 1.17, 3.87, 1.14
05-01 14:52:33.705   476   476 I lowmemorykiller: TranMemoryInfo: vmstat: 144, 0, 15614, 0, 30249
05-01 14:52:33.706   476   476 D lowmemorykiller: TranMemoryInfo: kswapd pgscan_kswapd 55989820 to 56031061, pgsteal_kswapd 33587306 to 33602920, stime 30224 to 30249
05-01 14:52:33.706   476   476 I lowmemorykiller: TranMemoryInfo: kswapd has been run.
05-01 14:52:33.706   476   476 I lowmemorykiller: TranMemoryInfo: kswapd reclaim amount : 15614 pages
05-01 14:52:33.706   476   476 I lowmemorykiller: TranMemoryInfo: kswapd reclaim efficiency : 249 KB/ms
05-01 14:52:34.745   476   476 I lowmemorykiller: TranMemoryInfo: vmstat time slice: 1040
05-01 14:52:34.745   476   476 I lowmemorykiller: TranMemoryInfo: PSI stat: 2, 3.97, 1.17, 3.87, 1.14
05-01 14:52:34.745   476   476 I lowmemorykiller: TranMemoryInfo: vmstat: 20, 0, 11341, 1, 30280
05-01 14:52:34.746   476   476 D lowmemorykiller: TranMemoryInfo: kswapd pgscan_kswapd 56031061 to 56059821, pgsteal_kswapd 33602920 to 33614261, stime 30249 to 30280
05-01 14:52:34.746   476   476 I lowmemorykiller: TranMemoryInfo: kswapd has been run.
05-01 14:52:34.746   476   476 I lowmemorykiller: TranMemoryInfo: kswapd reclaim amount : 11341 pages
05-01 14:52:34.746   476   476 I lowmemorykiller: TranMemoryInfo: kswapd reclaim efficiency : 146 KB/ms
05-01 14:52:35.238  1899  2538 D aegean_TranRecentTasksProxy: FW_getTasks=7
05-01 14:52:35.238  1899  2538 D aegean_TranRecentTasksProxy: FW_getTasks=7
05-01 14:52:35.247  1899  2538 D aegean_TranRecentTasksProxy: FW_getTasks=7
05-01 14:52:35.307  1243 22522 W AudioALSACaptureDataProviderNormal: readThread, latency_in_s,0.000001,0.023821,0.000050, totalTime 0.023871 > logTimeout 0.022000 TIMEOUT!!
05-01 14:52:35.309  1899  2538 D aegean_TranRecentTasksProxy: FW_getTasks=7
05-01 14:52:35.313  1899  2538 D aegean_TranRecentTasksProxy: FW_getTasks=5
05-01 14:52:35.313  1899  2538 D aegean_TranRecentTasksProxy: FW_getTasks=7
05-01 14:52:35.316  1899  2538 D aegean_TranRecentTasksProxy: FW_getTasks=5
05-01 14:52:35.317  1899  2538 D aegean_TranRecentTasksProxy: FW_getTasks=7
05-01 14:52:35.320  1899  2538 D aegean_TranRecentTasksProxy: FW_getTasks=5
05-01 14:52:35.321  1899  2538 D aegean_TranRecentTasksProxy: FW_getTasks=7
05-01 14:52:35.325  1899  2538 D aegean_TranRecentTasksProxy: FW_getTasks=5
05-01 14:52:35.327  1899  2538 D aegean_TranRecentTasksProxy: FW_getTasks=7
05-01 14:52:35.333  1899  2538 D aegean_TranRecentTasksProxy: FW_getTasks=7
05-01 14:52:35.338  1899  2538 D aegean_TranRecentTasksProxy: FW_getTasks=5
05-01 14:52:35.341  1899  2538 D aegean_TranRecentTasksProxy: FW_getTasks=7
05-01 14:52:35.384  1234  1234 I Zygote  : Process 20940 exited due to signal 9 (Killed)
05-01 14:52:35.386  1243 22522 W AudioALSACaptureDataProviderNormal: readThread, latency_in_s,0.000002,0.022418,0.000024, totalTime 0.022444 > logTimeout 0.022000 TIMEOUT!!
05-01 14:52:35.388  1234  1234 I Zygote  : Process 21392 exited due to signal 9 (Killed)
05-01 14:52:35.389   484   484 I auditd  : avc:  denied  { find } for pid=1899 uid=1000 name=vendor.mediatek.hardware.gpuserv.IGpuService/default scontext=u:r:system_server:s0 tcontext=u:object_r:default_android_service:s0 tclass=service_manager permissive=0
05-01 14:52:35.407   484   484 I auditd  : avc:  denied  { find } for pid=1899 uid=1000 name=vendor.mediatek.hardware.gpuserv.IGpuService/default scontext=u:r:system_server:s0 tcontext=u:object_r:default_android_service:s0 tclass=service_manager permissive=0
05-01 14:52:35.566  1243 22522 W AudioALSACaptureDataProviderNormal: readThread, latency_in_s,0.000001,0.022105,0.000024, totalTime 0.022129 > logTimeout 0.022000 TIMEOUT!!
05-01 14:52:35.825   476   476 I lowmemorykiller: TranMemoryInfo: vmstat time slice: 1080
05-01 14:52:35.825   476   476 I lowmemorykiller: TranMemoryInfo: PSI stat: 11, 3.98, 1.26, 3.90, 1.23
05-01 14:52:35.826   476   476 I lowmemorykiller: TranMemoryInfo: vmstat: 423, 0, 17561, 1, 30317
05-01 14:52:35.826   476   476 D lowmemorykiller: TranMemoryInfo: kswapd pgscan_kswapd 56059821 to 56107796, pgsteal_kswapd 33614261 to 33631822, stime 30280 to 30317
05-01 14:52:35.826   476   476 I lowmemorykiller: TranMemoryInfo: kswapd has been run.
05-01 14:52:35.826   476   476 I lowmemorykiller: TranMemoryInfo: kswapd reclaim amount : 17561 pages
05-01 14:52:35.826   476   476 I lowmemorykiller: TranMemoryInfo: kswapd reclaim efficiency : 189 KB/ms
05-01 14:52:37.240  1899  2538 D aegean_TranRecentTasksProxy: FW_getTasks=7
05-01 14:52:37.241  1899  2538 D aegean_TranRecentTasksProxy: FW_getTasks=7
05-01 14:52:37.251  1899  2538 D aegean_TranRecentTasksProxy: FW_getTasks=7
05-01 14:52:37.333  1899  2538 D aegean_TranRecentTasksProxy: FW_getTasks=7
05-01 14:52:37.337  1899  2538 D aegean_TranRecentTasksProxy: FW_getTasks=5
05-01 14:52:37.338  1899  2538 D aegean_TranRecentTasksProxy: FW_getTasks=7
05-01 14:52:37.342  1899  2538 D aegean_TranRecentTasksProxy: FW_getTasks=5
05-01 14:52:37.342  1899  2538 D aegean_TranRecentTasksProxy: FW_getTasks=7
05-01 14:52:37.346  1899  2538 D aegean_TranRecentTasksProxy: FW_getTasks=5
05-01 14:52:37.347  1899  2538 D aegean_TranRecentTasksProxy: FW_getTasks=7
05-01 14:52:37.351  1899  2538 D aegean_TranRecentTasksProxy: FW_getTasks=5
05-01 14:52:37.354  1899  2538 D aegean_TranRecentTasksProxy: FW_getTasks=7
05-01 14:52:37.403  1234  1234 I Zygote  : Process 21470 exited due to signal 9 (Killed)
05-01 14:52:37.415   484   484 I auditd  : avc:  denied  { find } for pid=1899 uid=1000 name=vendor.mediatek.hardware.gpuserv.IGpuService/default scontext=u:r:system_server:s0 tcontext=u:object_r:default_android_service:s0 tclass=service_manager permissive=0
05-01 14:52:39.245  1899  2538 D aegean_TranRecentTasksProxy: FW_getTasks=7
05-01 14:52:39.246  1899  2538 D aegean_TranRecentTasksProxy: FW_getTasks=7
05-01 14:52:39.256  1899  2538 D aegean_TranRecentTasksProxy: FW_getTasks=7
05-01 14:52:39.321  1899  2538 D aegean_TranRecentTasksProxy: FW_getTasks=7
05-01 14:52:39.324  1899  2538 D aegean_TranRecentTasksProxy: FW_getTasks=5
05-01 14:52:39.325  1899  2538 D aegean_TranRecentTasksProxy: FW_getTasks=7
05-01 14:52:39.328  1899  2538 D aegean_TranRecentTasksProxy: FW_getTasks=5
05-01 14:52:39.329  1899  2538 D aegean_TranRecentTasksProxy: FW_getTasks=7
05-01 14:52:39.332  1899  2538 D aegean_TranRecentTasksProxy: FW_getTasks=5
05-01 14:52:39.332  1899  2538 D aegean_TranRecentTasksProxy: FW_getTasks=7
05-01 14:52:39.334  1899  2538 D aegean_TranRecentTasksProxy: FW_getTasks=7
05-01 14:52:39.335  1899  2538 D aegean_TranRecentTasksProxy: FW_getTasks=5
05-01 14:52:39.339  1899  2538 D aegean_TranRecentTasksProxy: FW_getTasks=7
05-01 14:52:39.342  1899  2538 D aegean_TranRecentTasksProxy: FW_getTasks=7
05-01 14:52:39.344  1899  2538 D aegean_TranRecentTasksProxy: FW_getTasks=5
05-01 14:52:39.346  1899  2538 D aegean_TranRecentTasksProxy: FW_getTasks=7
05-01 14:52:39.398  1899  2179 W ActivityManager: Unbind failed: could not find connection for android.app.LoadedApk$ServiceDispatcher$InnerConnection@12b15fb
05-01 14:52:39.398  1899  2179 D ServiceGuard-com.transsion.smartpanel.touch_assistant: onBind res:false numFailures:1756
05-01 14:52:39.398  1899  2179 V ServiceGuard-com.transsion.smartpanel.touch_assistant: getBindDelay delayMillis:18000000 failuresBind:1756 failuresConnected:0
05-01 14:52:39.471  1234  1234 I Zygote  : Process 19057 exited due to signal 9 (Killed)
05-01 14:52:39.482  1899  1993 E ApplicationHelper: Fail to get PackageManager
05-01 14:52:39.501   484   484 I auditd  : avc:  denied  { find } for pid=1899 uid=1000 name=vendor.mediatek.hardware.gpuserv.IGpuService/default scontext=u:r:system_server:s0 tcontext=u:object_r:default_android_service:s0 tclass=service_manager permissive=0
05-01 14:52:39.507  1899  1993 E ApplicationHelper: Fail to get PackageManager
05-01 14:52:42.964   476   476 I lowmemorykiller: TranMemoryInfo: vmstat time slice: 7140
05-01 14:52:42.965   476   476 I lowmemorykiller: TranMemoryInfo: PSI stat: 10, 3.38, 1.45, 3.34, 1.42
05-01 14:52:42.965   476   476 I lowmemorykiller: TranMemoryInfo: vmstat: 365, 0, 117700, 8, 30447
05-01 14:52:42.965   476   476 D lowmemorykiller: TranMemoryInfo: kswapd pgscan_kswapd 56107796 to 56348871, pgsteal_kswapd 33631822 to 33749522, stime 30317 to 30447
05-01 14:52:42.965   476   476 I lowmemorykiller: TranMemoryInfo: kswapd has been run.
05-01 14:52:42.965   476   476 I lowmemorykiller: TranMemoryInfo: kswapd reclaim amount : 117700 pages
05-01 14:52:42.965   476   476 I lowmemorykiller: TranMemoryInfo: kswapd reclaim efficiency : 362 KB/ms
05-01 14:52:43.974   476   476 I lowmemorykiller: TranMemoryInfo: vmstat time slice: 1008
05-01 14:52:43.974   476   476 I lowmemorykiller: TranMemoryInfo: PSI stat: 10, 3.38, 1.45, 3.34, 1.42
05-01 14:52:43.975   476   476 I lowmemorykiller: TranMemoryInfo: vmstat: 141, 0, 84714, 4, 30520
05-01 14:52:43.975   476   476 D lowmemorykiller: TranMemoryInfo: kswapd pgscan_kswapd 56348871 to 56670701, pgsteal_kswapd 33749522 to 33834236, stime 30447 to 30520
05-01 14:52:43.975   476   476 I lowmemorykiller: TranMemoryInfo: kswapd has been run.
05-01 14:52:43.975   476   476 I lowmemorykiller: TranMemoryInfo: kswapd reclaim amount : 84714 pages
05-01 14:52:43.975   476   476 I lowmemorykiller: TranMemoryInfo: kswapd reclaim efficiency : 464 KB/ms
05-01 14:52:44.692   476   476 I lowmemorykiller: file cached 2286540 KB, tran_filecached_threshold: 819200
05-01 14:52:44.692   476   476 I lowmemorykiller: no kill for file cached 2286540 is enough (count: 1)
05-01 14:52:45.075   476   476 I lowmemorykiller: TranMemoryInfo: vmstat time slice: 1100
05-01 14:52:45.076   476   476 I lowmemorykiller: TranMemoryInfo: PSI stat: 13, 5.48, 1.89, 5.45, 1.87
05-01 14:52:45.076   476   476 I lowmemorykiller: TranMemoryInfo: vmstat: 65776, 0, 122470, 2, 30614
05-01 14:52:45.076   476   476 D lowmemorykiller: TranMemoryInfo: kswapd pgscan_kswapd 56670701 to 56955912, pgsteal_kswapd 33834236 to 33956706, stime 30520 to 30614
05-01 14:52:45.076   476   476 I lowmemorykiller: TranMemoryInfo: kswapd has been run.
05-01 14:52:45.076   476   476 I lowmemorykiller: TranMemoryInfo: kswapd reclaim amount : 122470 pages
05-01 14:52:45.076   476   476 I lowmemorykiller: TranMemoryInfo: kswapd reclaim efficiency : 521 KB/ms
05-01 14:52:45.772   476   476 I lowmemorykiller: file cached 2279032 KB, tran_filecached_threshold: 819200
05-01 14:52:45.772   476   476 I lowmemorykiller: no kill for file cached 2279032 is enough (count: 2)
05-01 14:52:46.081   476   476 I lowmemorykiller: TranMemoryInfo: vmstat time slice: 1008
05-01 14:52:46.081   476   476 I lowmemorykiller: TranMemoryInfo: PSI stat: 12, 5.48, 1.89, 5.45, 1.87
05-01 14:52:46.082   476   476 I lowmemorykiller: TranMemoryInfo: vmstat: 12914, 0, 23937, 0, 30682
05-01 14:52:46.082   476   476 D lowmemorykiller: TranMemoryInfo: kswapd pgscan_kswapd 56955912 to 57058846, pgsteal_kswapd 33956706 to 33980643, stime 30614 to 30682
05-01 14:52:46.082   476   476 I lowmemorykiller: TranMemoryInfo: kswapd has been run.
05-01 14:52:46.082   476   476 I lowmemorykiller: TranMemoryInfo: kswapd reclaim amount : 23937 pages
05-01 14:52:46.082   476   476 I lowmemorykiller: TranMemoryInfo: kswapd reclaim efficiency : 140 KB/ms
05-01 14:52:47.090   476   476 I lowmemorykiller: TranMemoryInfo: vmstat time slice: 1008
05-01 14:52:47.090   476   476 I lowmemorykiller: TranMemoryInfo: PSI stat: 11, 5.94, 2.09, 5.92, 2.07
05-01 14:52:47.090   476   476 I lowmemorykiller: TranMemoryInfo: vmstat: 917, 0, 0, 0, 30682
05-01 14:52:49.167  1243 22522 W AudioALSACaptureDataProviderNormal: readThread, latency_in_s,0.000001,0.023368,0.000054, totalTime 0.023423 > logTimeout 0.022000 TIMEOUT!!
05-01 14:52:49.182  2766  2779 D RILJ    : [6795]< DATA_REGISTRATION_STATE RegStateResult{regState: REG_HOME, rat: LTE_CA, reasonForDenial: NONE, cellIdentity: CellIdentity.lte(CellIdentityLte{mcc: 286, mnc: 02, ci: 9949523, pci: 123, tac: 40706, earfcn: 276, operatorNames: OperatorInfo{alphaLong: vodafone TR, alphaShort: , operatorNumeric: , status: 0}, bandwidth: 15000, additionalPlmns: [], csgInfo: null, bands: [BAND_1]}), registeredPlmn: 28602, accessTechnologySpecificInfo: AccessTechnologySpecificInfo.eutranInfo(EutranRegistrationInfo{lteVopsInfo: LteVopsInfo{isVopsSupported: true, isEmcBearerSupported: true}, nrIndicators: NrIndicators{isEndcAvailable: true, isDcNrRestricted: false, isNrAvailable: true}, lteAttachResultType: 0, extraInfo: 0})} [PHONE0]
05-01 14:52:49.186  2766  2779 D RILJ    : [6796]< VOICE_REGISTRATION_STATE RegStateResult{regState: REG_HOME, rat: LTE, reasonForDenial: NONE, cellIdentity: CellIdentity.lte(CellIdentityLte{mcc: 286, mnc: 02, ci: 9949523, pci: 123, tac: 40706, earfcn: 276, operatorNames: OperatorInfo{alphaLong: vodafone TR, alphaShort: , operatorNumeric: , status: 0}, bandwidth: 15000, additionalPlmns: [], csgInfo: null, bands: [BAND_1]}), registeredPlmn: 28602, accessTechnologySpecificInfo: AccessTechnologySpecificInfo.eutranInfo(EutranRegistrationInfo{lteVopsInfo: LteVopsInfo{isVopsSupported: true, isEmcBearerSupported: true}, nrIndicators: NrIndicators{isEndcAvailable: true, isDcNrRestricted: false, isNrAvailable: true}, lteAttachResultType: 0, extraInfo: 0})} [PHONE0]
05-01 14:52:49.217  2766  2766 D MTKSST  : [GsmSST0] Poll ServiceState done: oldMaxDataCalls=16 mNewMaxDataCalls=16 oldReasonDataDenied=0 mNewReasonDataDenied=0
05-01 14:52:51.928   476   476 I lowmemorykiller: TranMemoryInfo: vmstat time slice: 4841
05-01 14:52:51.928   476   476 I lowmemorykiller: TranMemoryInfo: PSI stat: 5, 4.16, 1.99, 4.15, 1.97
05-01 14:52:51.929   476   476 I lowmemorykiller: TranMemoryInfo: vmstat: 52207, 0, 36754, 3, 30715
05-01 14:52:51.929   476   476 D lowmemorykiller: TranMemoryInfo: kswapd pgscan_kswapd 57058846 to 57108625, pgsteal_kswapd 33980643 to 34017397, stime 30682 to 30715
05-01 14:52:51.929   476   476 I lowmemorykiller: TranMemoryInfo: kswapd has been run.
05-01 14:52:51.929   476   476 I lowmemorykiller: TranMemoryInfo: kswapd reclaim amount : 36754 pages
05-01 14:52:51.929   476   476 I lowmemorykiller: TranMemoryInfo: kswapd reclaim efficiency : 445 KB/ms
05-01 14:52:56.195  1899  3333 D TLinkBrush_DATA: [NetdEvent]onTcpSocketStatsEvent : netId = 108	sent = 2, lost = 0	failRate = 0%	rttms = 73ms	sentAckDiffMs = -82
05-01 14:53:04.132   476   476 I lowmemorykiller: TranMemoryInfo: vmstat time slice: 12204
05-01 14:53:04.132   476   476 I lowmemorykiller: TranMemoryInfo: PSI stat: 11, 1.71, 1.80, 1.70, 1.78
05-01 14:53:04.133   476   476 I lowmemorykiller: TranMemoryInfo: vmstat: 38452, 23, 84853, 9, 30805
05-01 14:53:04.133   476   476 D lowmemorykiller: TranMemoryInfo: kswapd pgscan_kswapd 57108625 to 57211884, pgsteal_kswapd 34017397 to 34102250, stime 30715 to 30805
05-01 14:53:04.133   476   476 I lowmemorykiller: TranMemoryInfo: kswapd has been run.
05-01 14:53:04.133   476   476 I lowmemorykiller: TranMemoryInfo: kswapd reclaim amount : 84853 pages
05-01 14:53:04.133   476   476 I lowmemorykiller: TranMemoryInfo: kswapd reclaim efficiency : 377 KB/ms
05-01 14:53:04.457   476   476 I lowmemorykiller: file cached 2483012 KB, tran_filecached_threshold: 819200
05-01 14:53:04.457   476   476 I lowmemorykiller: no kill for file cached 2483012 is enough (count: 1)
05-01 14:53:04.707  1243 22522 W AudioALSACaptureDataProviderNormal: readThread, latency_in_s,0.000001,0.023426,0.000062, totalTime 0.023489 > logTimeout 0.022000 TIMEOUT!!
05-01 14:53:05.140   476   476 I lowmemorykiller: TranMemoryInfo: vmstat time slice: 1004
05-01 14:53:05.140   476   476 I lowmemorykiller: TranMemoryInfo: PSI stat: 12, 4.12, 2.23, 3.93, 2.18
05-01 14:53:05.140   476   476 I lowmemorykiller: TranMemoryInfo: vmstat: 35420, 244, 47251, 0, 30902
05-01 14:53:05.140   476   476 D lowmemorykiller: TranMemoryInfo: kswapd pgscan_kswapd 57211884 to 57307723, pgsteal_kswapd 34102250 to 34149501, stime 30805 to 30902
05-01 14:53:05.140   476   476 I lowmemorykiller: TranMemoryInfo: kswapd has been run.
05-01 14:53:05.140   476   476 I lowmemorykiller: TranMemoryInfo: kswapd reclaim amount : 47251 pages
05-01 14:53:05.140   476   476 I lowmemorykiller: TranMemoryInfo: kswapd reclaim efficiency : 194 KB/ms
05-01 14:53:05.348  1243 22522 W AudioALSACaptureDataProviderNormal: readThread, latency_in_s,0.000001,0.024410,0.000057, totalTime 0.024468 > logTimeout 0.022000 TIMEOUT!!
05-01 14:53:06.145   476   476 I lowmemorykiller: TranMemoryInfo: vmstat time slice: 1008
05-01 14:53:06.145   476   476 I lowmemorykiller: TranMemoryInfo: PSI stat: 11, 4.12, 2.23, 3.93, 2.18
05-01 14:53:06.145   476   476 I lowmemorykiller: TranMemoryInfo: vmstat: 116, 0, 5533, 0, 30931
05-01 14:53:06.145   476   476 D lowmemorykiller: TranMemoryInfo: kswapd pgscan_kswapd 57307723 to 57329784, pgsteal_kswapd 34149501 to 34155034, stime 30902 to 30931
05-01 14:53:06.145   476   476 I lowmemorykiller: TranMemoryInfo: kswapd has been run.
05-01 14:53:06.145   476   476 I lowmemorykiller: TranMemoryInfo: kswapd reclaim amount : 5533 pages
05-01 14:53:06.146   476   476 I lowmemorykiller: TranMemoryInfo: kswapd reclaim efficiency : 76 KB/ms
05-01 14:53:06.198  1899  3883 D TLinkBrush_DATA: [NetdEvent]onTcpSocketStatsEvent : netId = 108	sent = 1, lost = 0	failRate = 0%	rttms = 73ms	sentAckDiffMs = -1532
05-01 14:53:07.214   476   476 I lowmemorykiller: TranMemoryInfo: vmstat time slice: 1068
05-01 14:53:07.214   476   476 I lowmemorykiller: TranMemoryInfo: PSI stat: 9, 4.09, 2.29, 3.94, 2.24
05-01 14:53:07.214   476   476 I lowmemorykiller: TranMemoryInfo: vmstat: 541, 0, 0, 0, 30931
05-01 14:53:08.967  1243 22522 W AudioALSACaptureDataProviderNormal: readThread, latency_in_s,0.000001,0.023036,0.000128, totalTime 0.023165 > logTimeout 0.022000 TIMEOUT!!
05-01 14:53:09.001  2766  3217 D RILJ    : [6811]< DATA_REGISTRATION_STATE RegStateResult{regState: REG_HOME, rat: LTE, reasonForDenial: NONE, cellIdentity: CellIdentity.lte(CellIdentityLte{mcc: 286, mnc: 02, ci: 9949523, pci: 123, tac: 40706, earfcn: 276, operatorNames: OperatorInfo{alphaLong: vodafone TR, alphaShort: , operatorNumeric: , status: 0}, bandwidth: 15000, additionalPlmns: [], csgInfo: null, bands: [BAND_1]}), registeredPlmn: 28602, accessTechnologySpecificInfo: AccessTechnologySpecificInfo.eutranInfo(EutranRegistrationInfo{lteVopsInfo: LteVopsInfo{isVopsSupported: true, isEmcBearerSupported: true}, nrIndicators: NrIndicators{isEndcAvailable: true, isDcNrRestricted: false, isNrAvailable: true}, lteAttachResultType: 0, extraInfo: 0})} [PHONE0]
05-01 14:53:09.002  2766  3217 D RILJ    : [6812]< VOICE_REGISTRATION_STATE RegStateResult{regState: REG_HOME, rat: LTE, reasonForDenial: NONE, cellIdentity: CellIdentity.lte(CellIdentityLte{mcc: 286, mnc: 02, ci: 9949523, pci: 123, tac: 40706, earfcn: 276, operatorNames: OperatorInfo{alphaLong: vodafone TR, alphaShort: , operatorNumeric: , status: 0}, bandwidth: 15000, additionalPlmns: [], csgInfo: null, bands: [BAND_1]}), registeredPlmn: 28602, accessTechnologySpecificInfo: AccessTechnologySpecificInfo.eutranInfo(EutranRegistrationInfo{lteVopsInfo: LteVopsInfo{isVopsSupported: true, isEmcBearerSupported: true}, nrIndicators: NrIndicators{isEndcAvailable: true, isDcNrRestricted: false, isNrAvailable: true}, lteAttachResultType: 0, extraInfo: 0})} [PHONE0]
05-01 14:53:09.027  2766  2766 D MTKSST  : [GsmSST0] Poll ServiceState done: oldMaxDataCalls=16 mNewMaxDataCalls=16 oldReasonDataDenied=0 mNewReasonDataDenied=0
05-01 14:53:11.890  1899  2179 W ActivityManager: Unbind failed: could not find connection for android.app.LoadedApk$ServiceDispatcher$InnerConnection@5d43513
