05-01 14:08:44.724   484   484 I auditd  : avc:  denied  { find } for pid=1899 uid=1000 name=vendor.mediatek.hardware.gpuserv.IGpuService/default scontext=u:r:system_server:s0 tcontext=u:object_r:default_android_service:s0 tclass=service_manager permissive=0
05-01 14:08:44.768   484   484 I auditd  : avc:  denied  { find } for pid=1899 uid=1000 name=vendor.mediatek.hardware.gpuserv.IGpuService/default scontext=u:r:system_server:s0 tcontext=u:object_r:default_android_service:s0 tclass=service_manager permissive=0
05-01 14:08:45.207   484   484 I auditd  : avc:  denied  { find } for pid=1899 uid=1000 name=vendor.mediatek.hardware.gpuserv.IGpuService/default scontext=u:r:system_server:s0 tcontext=u:object_r:default_android_service:s0 tclass=service_manager permissive=0
05-01 14:08:46.190   484   484 I auditd  : avc:  denied  { find } for pid=17632 uid=10200 name=vendor.mediatek.hardware.mbrain.IMBrain/default scontext=u:r:untrusted_app:s0:c200,c256,c512,c768 tcontext=u:object_r:mtk_hal_mbrain_service:s0 tclass=service_manager permissive=0
05-01 14:09:06.225   484   484 I auditd  : avc:  denied  { find } for pid=1899 uid=1000 name=vendor.mediatek.hardware.gpuserv.IGpuService/default scontext=u:r:system_server:s0 tcontext=u:object_r:default_android_service:s0 tclass=service_manager permissive=0
05-01 14:09:06.239   484   484 I auditd  : avc:  denied  { find } for pid=1899 uid=1000 name=vendor.mediatek.hardware.gpuserv.IGpuService/default scontext=u:r:system_server:s0 tcontext=u:object_r:default_android_service:s0 tclass=service_manager permissive=0
05-01 14:09:06.712   484   484 I auditd  : avc:  denied  { find } for pid=1899 uid=1000 name=vendor.mediatek.hardware.gpuserv.IGpuService/default scontext=u:r:system_server:s0 tcontext=u:object_r:default_android_service:s0 tclass=service_manager permissive=0
05-01 14:09:50.324   484   484 I auditd  : avc:  denied  { find } for pid=1899 uid=1000 name=vendor.mediatek.hardware.gpuserv.IGpuService/default scontext=u:r:system_server:s0 tcontext=u:object_r:default_android_service:s0 tclass=service_manager permissive=0
05-01 14:09:50.342   484   484 I auditd  : avc:  denied  { find } for pid=1899 uid=1000 name=vendor.mediatek.hardware.gpuserv.IGpuService/default scontext=u:r:system_server:s0 tcontext=u:object_r:default_android_service:s0 tclass=service_manager permissive=0
05-01 14:09:50.470   484   484 I auditd  : avc:  denied  { find } for pid=17632 uid=10200 name=vendor.mediatek.hardware.mbrain.IMBrain/default scontext=u:r:untrusted_app:s0:c200,c256,c512,c768 tcontext=u:object_r:mtk_hal_mbrain_service:s0 tclass=service_manager permissive=0
05-01 14:09:50.772   484   484 I auditd  : avc:  denied  { find } for pid=1899 uid=1000 name=vendor.mediatek.hardware.gpuserv.IGpuService/default scontext=u:r:system_server:s0 tcontext=u:object_r:default_android_service:s0 tclass=service_manager permissive=0
05-01 14:09:53.289   484   484 I auditd  : avc:  denied  { find } for pid=17969 uid=10182 name=vendor.mediatek.hardware.mbrain.IMBrain/default scontext=u:r:untrusted_app:s0:c182,c256,c512,c768 tcontext=u:object_r:mtk_hal_mbrain_service:s0 tclass=service_manager permissive=0
05-01 14:09:53.299   484   484 I auditd  : avc:  denied  { find } for pid=1899 uid=1000 name=vendor.mediatek.hardware.gpuserv.IGpuService/default scontext=u:r:system_server:s0 tcontext=u:object_r:default_android_service:s0 tclass=service_manager permissive=0
05-01 14:09:53.321   484   484 I auditd  : avc:  denied  { find } for pid=1899 uid=1000 name=vendor.mediatek.hardware.gpuserv.IGpuService/default scontext=u:r:system_server:s0 tcontext=u:object_r:default_android_service:s0 tclass=service_manager permissive=0
05-01 14:09:55.564  1899  2373 I sysui_multi_action: [757,804,799,screen_timeout,801,600,802,1]
05-01 14:09:56.001   484   484 I auditd  : avc:  denied  { find } for pid=18310 uid=10192 name=vendor.mediatek.hardware.mbrain.IMBrain/default scontext=u:r:platform_app:s0:c512,c768 tcontext=u:object_r:mtk_hal_mbrain_service:s0 tclass=service_manager permissive=0
05-01 14:09:59.039  1899  1995 I user_activity_timeout_override: 10000
05-01 14:09:59.655   484   484 I auditd  : avc:  denied  { find } for pid=18310 uid=10192 name=vendor.mediatek.hardware.mbrain.IMBrain/default scontext=u:r:platform_app:s0:c512,c768 tcontext=u:object_r:mtk_hal_mbrain_service:s0 tclass=service_manager permissive=0
05-01 14:09:59.863   484   484 I auditd  : avc:  denied  { find } for pid=1899 uid=1000 name=vendor.mediatek.hardware.gpuserv.IGpuService/default scontext=u:r:system_server:s0 tcontext=u:object_r:default_android_service:s0 tclass=service_manager permissive=0
05-01 14:10:01.134   484   484 I auditd  : avc:  denied  { find } for pid=1899 uid=1000 name=vendor.mediatek.hardware.gpuserv.IGpuService/default scontext=u:r:system_server:s0 tcontext=u:object_r:default_android_service:s0 tclass=service_manager permissive=0
05-01 14:10:01.377  1899  1995 I user_activity_timeout_override: -1
05-01 14:10:05.020   484   484 I auditd  : avc:  denied  { find } for pid=1899 uid=1000 name=vendor.mediatek.hardware.gpuserv.IGpuService/default scontext=u:r:system_server:s0 tcontext=u:object_r:default_android_service:s0 tclass=service_manager permissive=0
05-01 14:10:05.041   484   484 I auditd  : avc:  denied  { find } for pid=1899 uid=1000 name=vendor.mediatek.hardware.gpuserv.IGpuService/default scontext=u:r:system_server:s0 tcontext=u:object_r:default_android_service:s0 tclass=service_manager permissive=0
05-01 14:10:07.146   484   484 I auditd  : avc:  denied  { find } for pid=1899 uid=1000 name=vendor.mediatek.hardware.gpuserv.IGpuService/default scontext=u:r:system_server:s0 tcontext=u:object_r:default_android_service:s0 tclass=service_manager permissive=0
05-01 14:10:07.165   484   484 I auditd  : avc:  denied  { find } for pid=1899 uid=1000 name=vendor.mediatek.hardware.gpuserv.IGpuService/default scontext=u:r:system_server:s0 tcontext=u:object_r:default_android_service:s0 tclass=service_manager permissive=0
05-01 14:10:07.456   484   484 I auditd  : avc:  denied  { find } for pid=1899 uid=1000 name=vendor.mediatek.hardware.gpuserv.IGpuService/default scontext=u:r:system_server:s0 tcontext=u:object_r:default_android_service:s0 tclass=service_manager permissive=0
05-01 14:10:09.627   484   484 I auditd  : avc:  denied  { find } for pid=1899 uid=1000 name=vendor.mediatek.hardware.gpuserv.IGpuService/default scontext=u:r:system_server:s0 tcontext=u:object_r:default_android_service:s0 tclass=service_manager permissive=0
05-01 14:10:54.880   484   484 I auditd  : avc:  denied  { find } for pid=1899 uid=1000 name=vendor.mediatek.hardware.gpuserv.IGpuService/default scontext=u:r:system_server:s0 tcontext=u:object_r:default_android_service:s0 tclass=service_manager permissive=0
05-01 14:12:24.981   484   484 I auditd  : avc:  denied  { find } for pid=1899 uid=1000 name=vendor.mediatek.hardware.gpuserv.IGpuService/default scontext=u:r:system_server:s0 tcontext=u:object_r:default_android_service:s0 tclass=service_manager permissive=0
05-01 14:13:43.224   484   484 I auditd  : avc:  denied  { find } for pid=19057 uid=10320 name=vendor.mediatek.hardware.mbrain.IMBrain/default scontext=u:r:untrusted_app:s0:c64,c257,c512,c768 tcontext=u:object_r:mtk_hal_mbrain_service:s0 tclass=service_manager permissive=0
05-01 14:13:45.180   484   484 I auditd  : avc:  denied  { find } for pid=1899 uid=1000 name=vendor.mediatek.hardware.gpuserv.IGpuService/default scontext=u:r:system_server:s0 tcontext=u:object_r:default_android_service:s0 tclass=service_manager permissive=0
05-01 14:17:05.384   484   484 I auditd  : avc:  denied  { find } for pid=1899 uid=1000 name=vendor.mediatek.hardware.gpuserv.IGpuService/default scontext=u:r:system_server:s0 tcontext=u:object_r:default_android_service:s0 tclass=service_manager permissive=0
05-01 14:17:05.407   484   484 I auditd  : avc:  denied  { find } for pid=1899 uid=1000 name=vendor.mediatek.hardware.gpuserv.IGpuService/default scontext=u:r:system_server:s0 tcontext=u:object_r:default_android_service:s0 tclass=service_manager permissive=0
05-01 14:17:05.700   484   484 I auditd  : avc:  denied  { find } for pid=1899 uid=1000 name=vendor.mediatek.hardware.gpuserv.IGpuService/default scontext=u:r:system_server:s0 tcontext=u:object_r:default_android_service:s0 tclass=service_manager permissive=0
05-01 14:21:11.607   484   484 I auditd  : avc:  denied  { find } for pid=1899 uid=1000 name=vendor.mediatek.hardware.gpuserv.IGpuService/default scontext=u:r:system_server:s0 tcontext=u:object_r:default_android_service:s0 tclass=service_manager permissive=0
05-01 14:21:11.618   484   484 I auditd  : avc:  denied  { find } for pid=1899 uid=1000 name=vendor.mediatek.hardware.gpuserv.IGpuService/default scontext=u:r:system_server:s0 tcontext=u:object_r:default_android_service:s0 tclass=service_manager permissive=0
05-01 14:21:12.045   484   484 I auditd  : avc:  denied  { find } for pid=1899 uid=1000 name=vendor.mediatek.hardware.gpuserv.IGpuService/default scontext=u:r:system_server:s0 tcontext=u:object_r:default_android_service:s0 tclass=service_manager permissive=0
05-01 14:21:13.481   484   484 I auditd  : avc:  denied  { find } for pid=1899 uid=1000 name=vendor.mediatek.hardware.gpuserv.IGpuService/default scontext=u:r:system_server:s0 tcontext=u:object_r:default_android_service:s0 tclass=service_manager permissive=0
05-01 14:21:13.500   484   484 I auditd  : avc:  denied  { find } for pid=1899 uid=1000 name=vendor.mediatek.hardware.gpuserv.IGpuService/default scontext=u:r:system_server:s0 tcontext=u:object_r:default_android_service:s0 tclass=service_manager permissive=0
05-01 14:21:13.907   484   484 I auditd  : avc:  denied  { find } for pid=1899 uid=1000 name=vendor.mediatek.hardware.gpuserv.IGpuService/default scontext=u:r:system_server:s0 tcontext=u:object_r:default_android_service:s0 tclass=service_manager permissive=0
05-01 14:23:13.619   484   484 I auditd  : avc:  denied  { find } for pid=1899 uid=1000 name=vendor.mediatek.hardware.gpuserv.IGpuService/default scontext=u:r:system_server:s0 tcontext=u:object_r:default_android_service:s0 tclass=service_manager permissive=0
05-01 14:23:13.633   484   484 I auditd  : avc:  denied  { find } for pid=1899 uid=1000 name=vendor.mediatek.hardware.gpuserv.IGpuService/default scontext=u:r:system_server:s0 tcontext=u:object_r:default_android_service:s0 tclass=service_manager permissive=0
05-01 14:23:14.070   484   484 I auditd  : avc:  denied  { find } for pid=1899 uid=1000 name=vendor.mediatek.hardware.gpuserv.IGpuService/default scontext=u:r:system_server:s0 tcontext=u:object_r:default_android_service:s0 tclass=service_manager permissive=0
05-01 14:23:14.495   484   484 I auditd  : avc:  denied  { find } for pid=1899 uid=1000 name=vendor.mediatek.hardware.gpuserv.IGpuService/default scontext=u:r:system_server:s0 tcontext=u:object_r:default_android_service:s0 tclass=service_manager permissive=0
05-01 14:23:14.508   484   484 I auditd  : avc:  denied  { find } for pid=1899 uid=1000 name=vendor.mediatek.hardware.gpuserv.IGpuService/default scontext=u:r:system_server:s0 tcontext=u:object_r:default_android_service:s0 tclass=service_manager permissive=0
05-01 14:23:14.799   484   484 I auditd  : avc:  denied  { find } for pid=1899 uid=1000 name=vendor.mediatek.hardware.gpuserv.IGpuService/default scontext=u:r:system_server:s0 tcontext=u:object_r:default_android_service:s0 tclass=service_manager permissive=0
05-01 14:24:43.149   484   484 I auditd  : avc:  denied  { find } for pid=1899 uid=1000 name=vendor.mediatek.hardware.gpuserv.IGpuService/default scontext=u:r:system_server:s0 tcontext=u:object_r:default_android_service:s0 tclass=service_manager permissive=0
05-01 14:24:43.163   484   484 I auditd  : avc:  denied  { find } for pid=1899 uid=1000 name=vendor.mediatek.hardware.gpuserv.IGpuService/default scontext=u:r:system_server:s0 tcontext=u:object_r:default_android_service:s0 tclass=service_manager permissive=0
05-01 14:24:43.588   484   484 I auditd  : avc:  denied  { find } for pid=1899 uid=1000 name=vendor.mediatek.hardware.gpuserv.IGpuService/default scontext=u:r:system_server:s0 tcontext=u:object_r:default_android_service:s0 tclass=service_manager permissive=0
05-01 14:24:44.085   484   484 I auditd  : avc:  denied  { find } for pid=1899 uid=1000 name=vendor.mediatek.hardware.gpuserv.IGpuService/default scontext=u:r:system_server:s0 tcontext=u:object_r:default_android_service:s0 tclass=service_manager permissive=0
05-01 14:24:44.097   484   484 I auditd  : avc:  denied  { find } for pid=1899 uid=1000 name=vendor.mediatek.hardware.gpuserv.IGpuService/default scontext=u:r:system_server:s0 tcontext=u:object_r:default_android_service:s0 tclass=service_manager permissive=0
05-01 14:24:44.388   484   484 I auditd  : avc:  denied  { find } for pid=1899 uid=1000 name=vendor.mediatek.hardware.gpuserv.IGpuService/default scontext=u:r:system_server:s0 tcontext=u:object_r:default_android_service:s0 tclass=service_manager permissive=0
05-01 14:28:30.647   484   484 I auditd  : avc:  denied  { find } for pid=1899 uid=1000 name=vendor.mediatek.hardware.gpuserv.IGpuService/default scontext=u:r:system_server:s0 tcontext=u:object_r:default_android_service:s0 tclass=service_manager permissive=0
05-01 14:28:30.661   484   484 I auditd  : avc:  denied  { find } for pid=1899 uid=1000 name=vendor.mediatek.hardware.gpuserv.IGpuService/default scontext=u:r:system_server:s0 tcontext=u:object_r:default_android_service:s0 tclass=service_manager permissive=0
05-01 14:28:30.873  1899  2007 I am_pss  : [6787,1000,com.transsion.tranradionet,0,0,0,96874496,0,10,6]
05-01 14:28:31.089   484   484 I auditd  : avc:  denied  { find } for pid=1899 uid=1000 name=vendor.mediatek.hardware.gpuserv.IGpuService/default scontext=u:r:system_server:s0 tcontext=u:object_r:default_android_service:s0 tclass=service_manager permissive=0
05-01 14:28:31.604   484   484 I auditd  : avc:  denied  { find } for pid=1899 uid=1000 name=vendor.mediatek.hardware.gpuserv.IGpuService/default scontext=u:r:system_server:s0 tcontext=u:object_r:default_android_service:s0 tclass=service_manager permissive=0
05-01 14:28:31.616   484   484 I auditd  : avc:  denied  { find } for pid=1899 uid=1000 name=vendor.mediatek.hardware.gpuserv.IGpuService/default scontext=u:r:system_server:s0 tcontext=u:object_r:default_android_service:s0 tclass=service_manager permissive=0
05-01 14:28:31.904   484   484 I auditd  : avc:  denied  { find } for pid=1899 uid=1000 name=vendor.mediatek.hardware.gpuserv.IGpuService/default scontext=u:r:system_server:s0 tcontext=u:object_r:default_android_service:s0 tclass=service_manager permissive=0
05-01 14:29:04.215   484   484 I auditd  : avc:  denied  { find } for pid=1899 uid=1000 name=vendor.mediatek.hardware.gpuserv.IGpuService/default scontext=u:r:system_server:s0 tcontext=u:object_r:default_android_service:s0 tclass=service_manager permissive=0
05-01 14:29:04.227   484   484 I auditd  : avc:  denied  { find } for pid=1899 uid=1000 name=vendor.mediatek.hardware.gpuserv.IGpuService/default scontext=u:r:system_server:s0 tcontext=u:object_r:default_android_service:s0 tclass=service_manager permissive=0
05-01 14:29:04.670   484   484 I auditd  : avc:  denied  { find } for pid=1899 uid=1000 name=vendor.mediatek.hardware.gpuserv.IGpuService/default scontext=u:r:system_server:s0 tcontext=u:object_r:default_android_service:s0 tclass=service_manager permissive=0
05-01 14:29:05.202   484   484 I auditd  : avc:  denied  { find } for pid=1899 uid=1000 name=vendor.mediatek.hardware.gpuserv.IGpuService/default scontext=u:r:system_server:s0 tcontext=u:object_r:default_android_service:s0 tclass=service_manager permissive=0
05-01 14:29:05.215   484   484 I auditd  : avc:  denied  { find } for pid=1899 uid=1000 name=vendor.mediatek.hardware.gpuserv.IGpuService/default scontext=u:r:system_server:s0 tcontext=u:object_r:default_android_service:s0 tclass=service_manager permissive=0
05-01 14:29:05.494   484   484 I auditd  : avc:  denied  { find } for pid=1899 uid=1000 name=vendor.mediatek.hardware.gpuserv.IGpuService/default scontext=u:r:system_server:s0 tcontext=u:object_r:default_android_service:s0 tclass=service_manager permissive=0
05-01 14:29:54.448   484   484 I auditd  : avc:  denied  { find } for pid=1899 uid=1000 name=vendor.mediatek.hardware.gpuserv.IGpuService/default scontext=u:r:system_server:s0 tcontext=u:object_r:default_android_service:s0 tclass=service_manager permissive=0
05-01 14:29:54.462   484   484 I auditd  : avc:  denied  { find } for pid=1899 uid=1000 name=vendor.mediatek.hardware.gpuserv.IGpuService/default scontext=u:r:system_server:s0 tcontext=u:object_r:default_android_service:s0 tclass=service_manager permissive=0
05-01 14:29:54.896   484   484 I auditd  : avc:  denied  { find } for pid=1899 uid=1000 name=vendor.mediatek.hardware.gpuserv.IGpuService/default scontext=u:r:system_server:s0 tcontext=u:object_r:default_android_service:s0 tclass=service_manager permissive=0
05-01 14:29:55.291   484   484 I auditd  : avc:  denied  { find } for pid=1899 uid=1000 name=vendor.mediatek.hardware.gpuserv.IGpuService/default scontext=u:r:system_server:s0 tcontext=u:object_r:default_android_service:s0 tclass=service_manager permissive=0
05-01 14:29:55.305   484   484 I auditd  : avc:  denied  { find } for pid=1899 uid=1000 name=vendor.mediatek.hardware.gpuserv.IGpuService/default scontext=u:r:system_server:s0 tcontext=u:object_r:default_android_service:s0 tclass=service_manager permissive=0
05-01 14:29:55.583   484   484 I auditd  : avc:  denied  { find } for pid=1899 uid=1000 name=vendor.mediatek.hardware.gpuserv.IGpuService/default scontext=u:r:system_server:s0 tcontext=u:object_r:default_android_service:s0 tclass=service_manager permissive=0
05-01 14:31:14.346   484   484 I auditd  : avc:  denied  { find } for pid=1899 uid=1000 name=vendor.mediatek.hardware.gpuserv.IGpuService/default scontext=u:r:system_server:s0 tcontext=u:object_r:default_android_service:s0 tclass=service_manager permissive=0
05-01 14:31:14.361   484   484 I auditd  : avc:  denied  { find } for pid=1899 uid=1000 name=vendor.mediatek.hardware.gpuserv.IGpuService/default scontext=u:r:system_server:s0 tcontext=u:object_r:default_android_service:s0 tclass=service_manager permissive=0
05-01 14:31:14.786   484   484 I auditd  : avc:  denied  { find } for pid=1899 uid=1000 name=vendor.mediatek.hardware.gpuserv.IGpuService/default scontext=u:r:system_server:s0 tcontext=u:object_r:default_android_service:s0 tclass=service_manager permissive=0
05-01 14:41:13.870  2766  2766 D MTKSST  : [GsmSST0] Poll ServiceState done: oldMaxDataCalls=16 mNewMaxDataCalls=16 oldReasonDataDenied=0 mNewReasonDataDenied=0
05-01 14:41:14.768   484   484 I auditd  : avc:  denied  { find } for pid=1899 uid=1000 name=vendor.mediatek.hardware.gpuserv.IGpuService/default scontext=u:r:system_server:s0 tcontext=u:object_r:default_android_service:s0 tclass=service_manager permissive=0
05-01 14:41:14.782   484   484 I auditd  : avc:  denied  { find } for pid=1899 uid=1000 name=vendor.mediatek.hardware.gpuserv.IGpuService/default scontext=u:r:system_server:s0 tcontext=u:object_r:default_android_service:s0 tclass=service_manager permissive=0
05-01 14:41:14.867   484   484 I auditd  : avc:  denied  { find } for pid=21101 uid=10181 name=vendor.mediatek.hardware.mbrain.IMBrain/default scontext=u:r:platform_app:s0:c512,c768 tcontext=u:object_r:mtk_hal_mbrain_service:s0 tclass=service_manager permissive=0
05-01 14:41:15.897  2766  2766 D MTKSST  : [GsmSST0] Poll ServiceState done: oldMaxDataCalls=16 mNewMaxDataCalls=16 oldReasonDataDenied=0 mNewReasonDataDenied=0
05-01 14:41:15.914  2766  2766 D MTKSST  : [GsmSST1] Poll ServiceState done: oldMaxDataCalls=16 mNewMaxDataCalls=16 oldReasonDataDenied=0 mNewReasonDataDenied=0
05-01 14:41:16.316  1899  2373 I sysui_multi_action: [757,804,799,screen_timeout,801,600,802,1]
05-01 14:41:16.458   484   484 I auditd  : avc:  denied  { find } for pid=21204 uid=10192 name=vendor.mediatek.hardware.mbrain.IMBrain/default scontext=u:r:platform_app:s0:c512,c768 tcontext=u:object_r:mtk_hal_mbrain_service:s0 tclass=service_manager permissive=0
05-01 14:41:18.717   484   484 I auditd  : avc:  denied  { find } for pid=1899 uid=1000 name=vendor.mediatek.hardware.gpuserv.IGpuService/default scontext=u:r:system_server:s0 tcontext=u:object_r:default_android_service:s0 tclass=service_manager permissive=0
05-01 14:41:21.539   484   484 I auditd  : avc:  denied  { find } for pid=21420 uid=10150 name=vendor.mediatek.hardware.mbrain.IMBrain/default scontext=u:r:platform_app:s0:c512,c768 tcontext=u:object_r:mtk_hal_mbrain_service:s0 tclass=service_manager permissive=0
05-01 14:41:31.229   484   484 I auditd  : avc:  denied  { find } for pid=1899 uid=1000 name=vendor.mediatek.hardware.gpuserv.IGpuService/default scontext=u:r:system_server:s0 tcontext=u:object_r:default_android_service:s0 tclass=service_manager permissive=0
05-01 14:41:42.375  2766  2766 D MTKSST  : [GsmSST0] Poll ServiceState done: oldMaxDataCalls=16 mNewMaxDataCalls=16 oldReasonDataDenied=0 mNewReasonDataDenied=0
05-01 14:41:59.727   484   484 I auditd  : avc:  denied  { find } for pid=1899 uid=1000 name=vendor.mediatek.hardware.gpuserv.IGpuService/default scontext=u:r:system_server:s0 tcontext=u:object_r:default_android_service:s0 tclass=service_manager permissive=0
05-01 14:41:59.837   484   484 I auditd  : avc:  denied  { find } for pid=1899 uid=1000 name=vendor.mediatek.hardware.gpuserv.IGpuService/default scontext=u:r:system_server:s0 tcontext=u:object_r:default_android_service:s0 tclass=service_manager permissive=0
05-01 14:41:59.850   484   484 I auditd  : avc:  denied  { find } for pid=1899 uid=1000 name=vendor.mediatek.hardware.gpuserv.IGpuService/default scontext=u:r:system_server:s0 tcontext=u:object_r:default_android_service:s0 tclass=service_manager permissive=0
05-01 14:42:01.991  2766  2766 D MTKSST  : [GsmSST0] Poll ServiceState done: oldMaxDataCalls=16 mNewMaxDataCalls=16 oldReasonDataDenied=0 mNewReasonDataDenied=0
05-01 14:42:02.499  2766  2766 D MTKSST  : [GsmSST0] Poll ServiceState done: oldMaxDataCalls=16 mNewMaxDataCalls=16 oldReasonDataDenied=0 mNewReasonDataDenied=0
05-01 14:42:16.543  2766  2766 D MTKSST  : [GsmSST0] Poll ServiceState done: oldMaxDataCalls=16 mNewMaxDataCalls=16 oldReasonDataDenied=0 mNewReasonDataDenied=0
05-01 14:42:26.952  2766  2766 D MTKSST  : [GsmSST0] Poll ServiceState done: oldMaxDataCalls=16 mNewMaxDataCalls=16 oldReasonDataDenied=0 mNewReasonDataDenied=0
05-01 14:42:31.098  2766  2766 D MTKSST  : [GsmSST0] Poll ServiceState done: oldMaxDataCalls=16 mNewMaxDataCalls=16 oldReasonDataDenied=0 mNewReasonDataDenied=0
05-01 14:42:47.046  2766  2766 D MTKSST  : [GsmSST0] Poll ServiceState done: oldMaxDataCalls=16 mNewMaxDataCalls=16 oldReasonDataDenied=0 mNewReasonDataDenied=0
05-01 14:42:48.706  2766  2766 D MTKSST  : [GsmSST0] Poll ServiceState done: oldMaxDataCalls=16 mNewMaxDataCalls=16 oldReasonDataDenied=0 mNewReasonDataDenied=0
05-01 14:42:58.686  2766  2766 D MTKSST  : [GsmSST0] Poll ServiceState done: oldMaxDataCalls=16 mNewMaxDataCalls=16 oldReasonDataDenied=0 mNewReasonDataDenied=0
05-01 14:43:14.952   484   484 I auditd  : avc:  denied  { find } for pid=1899 uid=1000 name=vendor.mediatek.hardware.gpuserv.IGpuService/default scontext=u:r:system_server:s0 tcontext=u:object_r:default_android_service:s0 tclass=service_manager permissive=0
05-01 14:43:16.398   484   484 I auditd  : avc:  denied  { find } for pid=1899 uid=1000 name=vendor.mediatek.hardware.gpuserv.IGpuService/default scontext=u:r:system_server:s0 tcontext=u:object_r:default_android_service:s0 tclass=service_manager permissive=0
05-01 14:43:31.341  2766  2766 D MTKSST  : [GsmSST0] Poll ServiceState done: oldMaxDataCalls=16 mNewMaxDataCalls=16 oldReasonDataDenied=0 mNewReasonDataDenied=0
05-01 14:43:41.266  2766  2766 D MTKSST  : [GsmSST0] Poll ServiceState done: oldMaxDataCalls=16 mNewMaxDataCalls=16 oldReasonDataDenied=0 mNewReasonDataDenied=0
05-01 14:43:57.862  2766  2766 D MTKSST  : [GsmSST0] Poll ServiceState done: oldMaxDataCalls=16 mNewMaxDataCalls=16 oldReasonDataDenied=0 mNewReasonDataDenied=0
05-01 14:43:58.171  1899  1995 I user_activity_timeout_override: 10000
05-01 14:43:58.473   484   484 I auditd  : avc:  denied  { find } for pid=21634 uid=10192 name=vendor.mediatek.hardware.mbrain.IMBrain/default scontext=u:r:platform_app:s0:c512,c768 tcontext=u:object_r:mtk_hal_mbrain_service:s0 tclass=service_manager permissive=0
05-01 14:43:58.803  2766  2766 D MTKSST  : [GsmSST0] Poll ServiceState done: oldMaxDataCalls=16 mNewMaxDataCalls=16 oldReasonDataDenied=0 mNewReasonDataDenied=0
05-01 14:43:58.884  2766  2766 D MTKSST  : [GsmSST1] Poll ServiceState done: oldMaxDataCalls=16 mNewMaxDataCalls=16 oldReasonDataDenied=0 mNewReasonDataDenied=0
05-01 14:43:59.020   484   484 I auditd  : avc:  denied  { find } for pid=1899 uid=1000 name=vendor.mediatek.hardware.gpuserv.IGpuService/default scontext=u:r:system_server:s0 tcontext=u:object_r:default_android_service:s0 tclass=service_manager permissive=0
05-01 14:43:59.187   484   484 I auditd  : avc:  denied  { find } for pid=21634 uid=10192 name=vendor.mediatek.hardware.mbrain.IMBrain/default scontext=u:r:platform_app:s0:c512,c768 tcontext=u:object_r:mtk_hal_mbrain_service:s0 tclass=service_manager permissive=0
05-01 14:44:04.535  1899  1995 I user_activity_timeout_override: -1
05-01 14:44:04.694  2766  2766 D MTKSST  : [GsmSST0] Poll ServiceState done: oldMaxDataCalls=16 mNewMaxDataCalls=16 oldReasonDataDenied=0 mNewReasonDataDenied=0
05-01 14:44:04.719  2766  2766 D MTKSST  : [GsmSST1] Poll ServiceState done: oldMaxDataCalls=16 mNewMaxDataCalls=16 oldReasonDataDenied=0 mNewReasonDataDenied=0
05-01 14:44:04.841  1899  2373 I sysui_multi_action: [757,804,799,screen_timeout,801,600,802,1]
05-01 14:44:19.751   484   484 I auditd  : avc:  denied  { find } for pid=1899 uid=1000 name=vendor.mediatek.hardware.gpuserv.IGpuService/default scontext=u:r:system_server:s0 tcontext=u:object_r:default_android_service:s0 tclass=service_manager permissive=0
05-01 14:44:25.880  2766  2766 D MTKSST  : [GsmSST0] Poll ServiceState done: oldMaxDataCalls=16 mNewMaxDataCalls=16 oldReasonDataDenied=0 mNewReasonDataDenied=0
05-01 14:44:31.568  2766  2766 D MTKSST  : [GsmSST0] Poll ServiceState done: oldMaxDataCalls=16 mNewMaxDataCalls=16 oldReasonDataDenied=0 mNewReasonDataDenied=0
05-01 14:44:32.209  2766  2766 D MTKSST  : [GsmSST0] Poll ServiceState done: oldMaxDataCalls=16 mNewMaxDataCalls=16 oldReasonDataDenied=0 mNewReasonDataDenied=0
05-01 14:44:42.582  2766  2766 D MTKSST  : [GsmSST0] Poll ServiceState done: oldMaxDataCalls=16 mNewMaxDataCalls=16 oldReasonDataDenied=0 mNewReasonDataDenied=0
05-01 14:44:44.973   484   484 I auditd  : avc:  denied  { find } for pid=1899 uid=1000 name=vendor.mediatek.hardware.gpuserv.IGpuService/default scontext=u:r:system_server:s0 tcontext=u:object_r:default_android_service:s0 tclass=service_manager permissive=0
05-01 14:44:48.558  2766  2766 D MTKSST  : [GsmSST0] Poll ServiceState done: oldMaxDataCalls=16 mNewMaxDataCalls=16 oldReasonDataDenied=0 mNewReasonDataDenied=0
05-01 14:44:49.009  2766  2766 D MTKSST  : [GsmSST0] Poll ServiceState done: oldMaxDataCalls=16 mNewMaxDataCalls=16 oldReasonDataDenied=0 mNewReasonDataDenied=0
05-01 14:44:59.426  2766  2766 D MTKSST  : [GsmSST0] Poll ServiceState done: oldMaxDataCalls=16 mNewMaxDataCalls=16 oldReasonDataDenied=0 mNewReasonDataDenied=0
05-01 14:44:59.934  2766  2766 D MTKSST  : [GsmSST0] Poll ServiceState done: oldMaxDataCalls=16 mNewMaxDataCalls=16 oldReasonDataDenied=0 mNewReasonDataDenied=0
05-01 14:45:00.309  2766  2766 D MTKSST  : [GsmSST0] Poll ServiceState done: oldMaxDataCalls=16 mNewMaxDataCalls=16 oldReasonDataDenied=0 mNewReasonDataDenied=0
05-01 14:45:05.050  2766  2766 D MTKSST  : [GsmSST0] Poll ServiceState done: oldMaxDataCalls=16 mNewMaxDataCalls=16 oldReasonDataDenied=0 mNewReasonDataDenied=0
05-01 14:45:21.874  2766  2766 D MTKSST  : [GsmSST0] Poll ServiceState done: oldMaxDataCalls=16 mNewMaxDataCalls=16 oldReasonDataDenied=0 mNewReasonDataDenied=0
05-01 14:45:23.582  2766  2766 D MTKSST  : [GsmSST0] Poll ServiceState done: oldMaxDataCalls=16 mNewMaxDataCalls=16 oldReasonDataDenied=0 mNewReasonDataDenied=0
05-01 14:45:42.566  2766  2766 D MTKSST  : [GsmSST0] Poll ServiceState done: oldMaxDataCalls=16 mNewMaxDataCalls=16 oldReasonDataDenied=0 mNewReasonDataDenied=0
05-01 14:45:50.692  2766  2766 D MTKSST  : [GsmSST0] Poll ServiceState done: oldMaxDataCalls=16 mNewMaxDataCalls=16 oldReasonDataDenied=0 mNewReasonDataDenied=0
05-01 14:45:52.454   484   484 I auditd  : avc:  denied  { find } for pid=21984 uid=10278 name=vendor.mediatek.hardware.mbrain.IMBrain/default scontext=u:r:untrusted_app:s0:c22,c257,c512,c768 tcontext=u:object_r:mtk_hal_mbrain_service:s0 tclass=service_manager permissive=0
05-01 14:46:04.502   484   484 I auditd  : avc:  denied  { find } for pid=1899 uid=1000 name=vendor.mediatek.hardware.gpuserv.IGpuService/default scontext=u:r:system_server:s0 tcontext=u:object_r:default_android_service:s0 tclass=service_manager permissive=0
05-01 14:46:08.434  2766  2766 D MTKSST  : [GsmSST0] Poll ServiceState done: oldMaxDataCalls=16 mNewMaxDataCalls=16 oldReasonDataDenied=0 mNewReasonDataDenied=0
05-01 14:46:09.038  2766  2766 D MTKSST  : [GsmSST0] Poll ServiceState done: oldMaxDataCalls=16 mNewMaxDataCalls=16 oldReasonDataDenied=0 mNewReasonDataDenied=0
05-01 14:46:20.980  2766  2766 D MTKSST  : [GsmSST0] Poll ServiceState done: oldMaxDataCalls=16 mNewMaxDataCalls=16 oldReasonDataDenied=0 mNewReasonDataDenied=0
05-01 14:46:43.183  2766  2766 D MTKSST  : [GsmSST0] Poll ServiceState done: oldMaxDataCalls=16 mNewMaxDataCalls=16 oldReasonDataDenied=0 mNewReasonDataDenied=0
05-01 14:46:53.140  2766  2766 D MTKSST  : [GsmSST0] Poll ServiceState done: oldMaxDataCalls=16 mNewMaxDataCalls=16 oldReasonDataDenied=0 mNewReasonDataDenied=0
05-01 14:47:10.887  2766  2766 D MTKSST  : [GsmSST0] Poll ServiceState done: oldMaxDataCalls=16 mNewMaxDataCalls=16 oldReasonDataDenied=0 mNewReasonDataDenied=0
05-01 14:47:26.824  2766  2766 D MTKSST  : [GsmSST0] Poll ServiceState done: oldMaxDataCalls=16 mNewMaxDataCalls=16 oldReasonDataDenied=0 mNewReasonDataDenied=0
05-01 14:48:05.599  2766  2766 D MTKSST  : [GsmSST0] Poll ServiceState done: oldMaxDataCalls=16 mNewMaxDataCalls=16 oldReasonDataDenied=0 mNewReasonDataDenied=0
05-01 14:48:21.510  2766  2766 D MTKSST  : [GsmSST0] Poll ServiceState done: oldMaxDataCalls=16 mNewMaxDataCalls=16 oldReasonDataDenied=0 mNewReasonDataDenied=0
05-01 14:49:11.204  2766  2766 D MTKSST  : [GsmSST0] Poll ServiceState done: oldMaxDataCalls=16 mNewMaxDataCalls=16 oldReasonDataDenied=0 mNewReasonDataDenied=0
05-01 14:49:21.162  2766  2766 D MTKSST  : [GsmSST0] Poll ServiceState done: oldMaxDataCalls=16 mNewMaxDataCalls=16 oldReasonDataDenied=0 mNewReasonDataDenied=0
05-01 14:49:35.133  2766  2766 D MTKSST  : [GsmSST0] Poll ServiceState done: oldMaxDataCalls=16 mNewMaxDataCalls=16 oldReasonDataDenied=0 mNewReasonDataDenied=0
05-01 14:49:47.081  2766  2766 D MTKSST  : [GsmSST0] Poll ServiceState done: oldMaxDataCalls=16 mNewMaxDataCalls=16 oldReasonDataDenied=0 mNewReasonDataDenied=0
05-01 14:50:00.216  2766  2766 D MTKSST  : [GsmSST0] Poll ServiceState done: oldMaxDataCalls=16 mNewMaxDataCalls=16 oldReasonDataDenied=0 mNewReasonDataDenied=0
05-01 14:50:10.040  2766  2766 D MTKSST  : [GsmSST0] Poll ServiceState done: oldMaxDataCalls=16 mNewMaxDataCalls=16 oldReasonDataDenied=0 mNewReasonDataDenied=0
05-01 14:50:11.441  2766  2766 D MTKSST  : [GsmSST0] Poll ServiceState done: oldMaxDataCalls=16 mNewMaxDataCalls=16 oldReasonDataDenied=0 mNewReasonDataDenied=0
05-01 14:50:24.416  2766  2766 D MTKSST  : [GsmSST0] Poll ServiceState done: oldMaxDataCalls=16 mNewMaxDataCalls=16 oldReasonDataDenied=0 mNewReasonDataDenied=0
05-01 14:50:29.714  2766  2766 D MTKSST  : [GsmSST0] Poll ServiceState done: oldMaxDataCalls=16 mNewMaxDataCalls=16 oldReasonDataDenied=0 mNewReasonDataDenied=0
05-01 14:51:07.458  2766  2766 D MTKSST  : [GsmSST0] Poll ServiceState done: oldMaxDataCalls=16 mNewMaxDataCalls=16 oldReasonDataDenied=0 mNewReasonDataDenied=0
05-01 14:51:11.651  2766  2766 D MTKSST  : [GsmSST0] Poll ServiceState done: oldMaxDataCalls=16 mNewMaxDataCalls=16 oldReasonDataDenied=0 mNewReasonDataDenied=0
05-01 14:51:21.615  2766  2766 D MTKSST  : [GsmSST0] Poll ServiceState done: oldMaxDataCalls=16 mNewMaxDataCalls=16 oldReasonDataDenied=0 mNewReasonDataDenied=0
05-01 14:51:28.515  2766  2766 D MTKSST  : [GsmSST0] Poll ServiceState done: oldMaxDataCalls=16 mNewMaxDataCalls=16 oldReasonDataDenied=0 mNewReasonDataDenied=0
05-01 14:51:48.355  2766  2766 D MTKSST  : [GsmSST0] Poll ServiceState done: oldMaxDataCalls=16 mNewMaxDataCalls=16 oldReasonDataDenied=0 mNewReasonDataDenied=0
05-01 14:51:55.349  2766  2766 D MTKSST  : [GsmSST1] Poll ServiceState done: oldMaxDataCalls=16 mNewMaxDataCalls=16 oldReasonDataDenied=0 mNewReasonDataDenied=0
05-01 14:52:04.266  2766  2766 D MTKSST  : [GsmSST1] Poll ServiceState done: oldMaxDataCalls=16 mNewMaxDataCalls=16 oldReasonDataDenied=0 mNewReasonDataDenied=0
05-01 14:52:11.918  2766  2766 D MTKSST  : [GsmSST0] Poll ServiceState done: oldMaxDataCalls=16 mNewMaxDataCalls=16 oldReasonDataDenied=0 mNewReasonDataDenied=0
05-01 14:52:15.947  1899  1993 E ApplicationHelper: Fail to get PackageManager
05-01 14:52:15.947  1899  1993 E ApplicationHelper: Fail to get PackageManager
05-01 14:52:15.947  1899  1993 E ApplicationHelper: Fail to get PackageManager
05-01 14:52:15.947  1899  1993 E ApplicationHelper: Fail to get PackageManager
05-01 14:52:15.947  1899  1993 E ApplicationHelper: Fail to get PackageManager
05-01 14:52:15.947  1899  1993 E ApplicationHelper: Fail to get PackageManager
05-01 14:52:15.947  1899  1993 E ApplicationHelper: Fail to get PackageManager
05-01 14:52:15.947  1899  1993 E ApplicationHelper: Fail to get PackageManager
05-01 14:52:15.947  1899  1993 E ApplicationHelper: Fail to get PackageManager
05-01 14:52:15.947  1899  1993 E ApplicationHelper: Fail to get PackageManager
05-01 14:52:15.947  1899  1993 E ApplicationHelper: Fail to get PackageManager
05-01 14:52:15.947  1899  1993 E ApplicationHelper: Fail to get PackageManager
05-01 14:52:15.947  1899  1993 E ApplicationHelper: Fail to get PackageManager
05-01 14:52:15.947  1899  1993 E ApplicationHelper: Fail to get PackageManager
05-01 14:52:15.947  1899  1993 E ApplicationHelper: Fail to get PackageManager
05-01 14:52:15.947  1899  1993 E ApplicationHelper: Fail to get PackageManager
05-01 14:52:15.947  1899  1993 E ApplicationHelper: Fail to get PackageManager
05-01 14:52:15.947  1899  1993 E ApplicationHelper: Fail to get PackageManager
05-01 14:52:15.947  1899  1993 E ApplicationHelper: Fail to get PackageManager
05-01 14:52:15.947  1899  1993 E ApplicationHelper: Fail to get PackageManager
05-01 14:52:15.947  1899  1993 E ApplicationHelper: Fail to get PackageManager
05-01 14:52:15.947  1899  1993 E ApplicationHelper: Fail to get PackageManager
05-01 14:52:15.947  1899  1993 E ApplicationHelper: Fail to get PackageManager
05-01 14:52:15.947  1899  1993 E ApplicationHelper: Fail to get PackageManager
05-01 14:52:15.947  1899  1993 E ApplicationHelper: Fail to get PackageManager
05-01 14:52:15.947  1899  1993 E ApplicationHelper: Fail to get PackageManager
05-01 14:52:15.947  1899  1993 E ApplicationHelper: Fail to get PackageManager
05-01 14:52:15.947  1899  1993 E ApplicationHelper: Fail to get PackageManager
05-01 14:52:15.947  1899  1993 E ApplicationHelper: Fail to get PackageManager
05-01 14:52:15.947  1899  1993 E ApplicationHelper: Fail to get PackageManager
05-01 14:52:15.947  1899  1993 E ApplicationHelper: Fail to get PackageManager
05-01 14:52:15.947  1899  1993 E ApplicationHelper: Fail to get PackageManager
05-01 14:52:15.947  1899  1993 E ApplicationHelper: Fail to get PackageManager
05-01 14:52:15.947  1899  1993 E ApplicationHelper: Fail to get PackageManager
05-01 14:52:15.950  1899  5472 I AppsFilter: interaction: PackageSetting{5db533 com.android.microdroid.empty_payload/10218} -> PackageSetting{c83295a com.example.nova/10395} BLOCKED
05-01 14:52:18.500  1899  5472 E ActivityTaskManager: agaresPreload error: activityInfo is null
05-01 14:52:18.513  1899  5472 E ActivityTaskManager: AppLaunchTracker getTaskIndex error: task is null.
05-01 14:52:18.533  1899  5472 I AppsFilter: interaction: PackageSetting{5db533 com.android.microdroid.empty_payload/10218} -> PackageSetting{daa5cba com.example.nova/10395} BLOCKED
05-01 14:52:18.541  1899  2179 W ActivityManager: Unbind failed: could not find connection for android.app.LoadedApk$ServiceDispatcher$InnerConnection@96a62e0
05-01 14:52:18.541  1899  2179 D ServiceGuard-com.transsion.smartpanel.touch_assistant: onBind res:false numFailures:1750
05-01 14:52:18.542  1899  2179 V ServiceGuard-com.transsion.smartpanel.touch_assistant: getBindDelay delayMillis:18000000 failuresBind:1750 failuresConnected:0
05-01 14:52:18.588 17130 17130 W TranInstanceHelper: Failed to instance com.transsion.hubcore.linkplus.implement.app.TranActivityThreadLinkplusImpl, java.lang.ClassNotFoundException: com.transsion.hubcore.linkplus.implement.app.TranActivityThreadLinkplusImpl
05-01 14:52:18.606  1899  1993 E ApplicationHelper: Fail to get PackageManager
05-01 14:52:18.615 17130 17130 D DebugTheme.onThemeUpdated: reload start !TranResourcesUtils.isRunningOnSystemServer()=true currentForegroundUser=0
05-01 14:52:18.647 22335 22335 W TranInstanceHelper: Failed to instance com.transsion.hubcore.linkplus.implement.app.TranActivityThreadLinkplusImpl, java.lang.ClassNotFoundException: com.transsion.hubcore.linkplus.implement.app.TranActivityThreadLinkplusImpl
05-01 14:52:18.658  1899  1993 E ApplicationHelper: Fail to get PackageManager
05-01 14:52:18.667 22335 22335 D DebugTheme.onThemeUpdated: reload start !TranResourcesUtils.isRunningOnSystemServer()=true currentForegroundUser=0
05-01 14:52:18.689  1899  1993 E ApplicationHelper: Fail to get PackageManager
05-01 14:52:18.699   484   484 I auditd  : avc:  denied  { find } for pid=17130 uid=10395 name=vendor.mediatek.hardware.mbrain.IMBrain/default scontext=u:r:untrusted_app:s0:c139,c257,c512,c768 tcontext=u:object_r:mtk_hal_mbrain_service:s0 tclass=service_manager permissive=0
05-01 14:52:18.699 17130 17130 D MbrainDebugManagerImpl: getService failed
05-01 14:52:18.741   484   484 I auditd  : avc:  denied  { find } for pid=1899 uid=1000 name=vendor.mediatek.hardware.gpuserv.IGpuService/default scontext=u:r:system_server:s0 tcontext=u:object_r:default_android_service:s0 tclass=service_manager permissive=0
05-01 14:52:18.742  1899  1899 E MBrainLocalService: notifyAppSwitch failed
05-01 14:52:18.746   484   484 I auditd  : avc:  denied  { find } for pid=1899 uid=1000 name=vendor.mediatek.hardware.gpuserv.IGpuService/default scontext=u:r:system_server:s0 tcontext=u:object_r:default_android_service:s0 tclass=service_manager permissive=0
05-01 14:52:18.747  1899  1899 E MBrainLocalService: notifyAppSwitch failed
05-01 14:52:18.758  1899  2179 W ActivityManager: Unbind failed: could not find connection for android.app.LoadedApk$ServiceDispatcher$InnerConnection@d1f570b
05-01 14:52:18.760  1899  2179 D ServiceGuard-com.transsion.smartpanel.touch_assistant: onBind res:false numFailures:1751
05-01 14:52:18.760  1899  2179 V ServiceGuard-com.transsion.smartpanel.touch_assistant: getBindDelay delayMillis:18000000 failuresBind:1751 failuresConnected:0
05-01 14:52:18.761  1899  2179 W ActivityManager: Unbind failed: could not find connection for android.app.LoadedApk$ServiceDispatcher$InnerConnection@20cba2c
05-01 14:52:18.761  1899  2179 D ServiceGuard-com.transsion.smartpanel.touch_assistant: onBind res:false numFailures:1752
05-01 14:52:18.761  1899  2179 V ServiceGuard-com.transsion.smartpanel.touch_assistant: getBindDelay delayMillis:18000000 failuresBind:1752 failuresConnected:0
05-01 14:52:18.767  1899  1993 E ApplicationHelper: Fail to get PackageManager
05-01 14:52:18.768  1899  1993 E ApplicationHelper: Fail to get PackageManager
05-01 14:52:18.768  1899  5465 W TrancareCore: checkPermission failed! uid = 10395
05-01 14:52:18.771  1899  2179 W ActivityManager: Unbind failed: could not find connection for android.app.LoadedApk$ServiceDispatcher$InnerConnection@5952556
05-01 14:52:18.771  1899  2179 D ServiceGuard-com.transsion.smartpanel.touch_assistant: onBind res:false numFailures:1753
05-01 14:52:18.771  1899  2179 V ServiceGuard-com.transsion.smartpanel.touch_assistant: getBindDelay delayMillis:18000000 failuresBind:1753 failuresConnected:0
05-01 14:52:18.776  1899  2170 W ActivityManager: Unbind failed: could not find connection for android.app.LoadedApk$ServiceDispatcher$InnerConnection@2ea22c4
05-01 14:52:18.776  1899  2170 E JobScheduler.Concurrency: Error executing JobStatus{563e874 #u0a363/2071862118 com.moonactive.coinmaster/com.onesignal.core.services.SyncJobService u=0 s=10363 TIME=-20h12m40s461ms:none NET PERSISTED READY}
05-01 14:52:18.782  1899  2170 W ActivityManager: Unbind failed: could not find connection for android.app.LoadedApk$ServiceDispatcher$InnerConnection@7c8a730
05-01 14:52:18.782  1899  2170 E JobScheduler.Concurrency: Error executing JobStatus{b0d9db4 androidx.work.systemjobscheduler:u0a271/-2147483550 @androidx.work.systemjobscheduler@com.linkedin.android/androidx.work.impl.background.systemjob.SystemJobService u=0 s=10271 NET system stops=1 READY}
05-01 14:52:18.786  1899  2170 W ActivityManager: Unbind failed: could not find connection for android.app.LoadedApk$ServiceDispatcher$InnerConnection@61b892e
05-01 14:52:18.787  1899  2170 E JobScheduler.Concurrency: Error executing JobStatus{1380d52 androidx.work.systemjobscheduler:u0a271/-2147483549 @androidx.work.systemjobscheduler@com.linkedin.android/androidx.work.impl.background.systemjob.SystemJobService u=0 s=10271 NET system stops=1 READY}
05-01 14:52:18.789  1899  2170 W ActivityManager: Unbind failed: could not find connection for android.app.LoadedApk$ServiceDispatcher$InnerConnection@5199ccf
05-01 14:52:18.790  1899  2170 E JobScheduler.Concurrency: Error executing JobStatus{858d823 androidx.work.systemjobscheduler:u0a271/-2147483548 @androidx.work.systemjobscheduler@com.linkedin.android/androidx.work.impl.background.systemjob.SystemJobService u=0 s=10271 NET system stops=1 READY}
05-01 14:52:18.793  1899  2170 W ActivityManager: Unbind failed: could not find connection for android.app.LoadedApk$ServiceDispatcher$InnerConnection@c9065c
05-01 14:52:18.794  1899  2170 E JobScheduler.Concurrency: Error executing JobStatus{4f58bc2 androidx.work.systemjobscheduler:u0a271/-2147483631 @androidx.work.systemjobscheduler@com.linkedin.android/androidx.work.impl.background.systemjob.SystemJobService u=0 s=10271 TIME=-14h40m20s529ms:none NET READY}
05-01 14:52:18.799  1899  2170 W ActivityManager: Unbind failed: could not find connection for android.app.LoadedApk$ServiceDispatcher$InnerConnection@cafed65
05-01 14:52:18.799  1899  2170 E JobScheduler.Concurrency: Error executing JobStatus{2b423ff #u0a204/100 com.transsnet.store/com.afmobi.palmplay.service.MsgJobService u=0 s=10204 TIME=-52m58s420ms:-52m58s420ms NET PERSISTED READY}
05-01 14:52:18.803  1899  2170 W ActivityManager: Unbind failed: could not find connection for android.app.LoadedApk$ServiceDispatcher$InnerConnection@25b0a3a
05-01 14:52:18.803  1899  2170 E JobScheduler.Concurrency: Error executing JobStatus{a85cc63 #u0a209/101 com.talpa.hibrowser/com.talpa.ka.KaJobService u=0 s=10209 TIME=-2h4m29s36ms:-2h4m14s36ms NET READY}
05-01 14:52:18.807  1234  1234 I Zygote  : Process 16298 exited due to signal 9 (Killed)
05-01 14:52:18.807 22359 22359 W TranInstanceHelper: Failed to instance com.transsion.hubcore.linkplus.implement.app.TranActivityThreadLinkplusImpl, java.lang.ClassNotFoundException: com.transsion.hubcore.linkplus.implement.app.TranActivityThreadLinkplusImpl
05-01 14:52:18.815   484   484 I auditd  : avc:  denied  { find } for pid=1899 uid=1000 name=vendor.mediatek.hardware.gpuserv.IGpuService/default scontext=u:r:system_server:s0 tcontext=u:object_r:default_android_service:s0 tclass=service_manager permissive=0
05-01 14:52:18.823  1899  1993 E ApplicationHelper: Fail to get PackageManager
05-01 14:52:18.824  1899  2170 W ActivityManager: Unbind failed: could not find connection for android.app.LoadedApk$ServiceDispatcher$InnerConnection@4b656c7
05-01 14:52:18.825  1899  2170 E JobScheduler.Concurrency: Error executing JobStatus{78addc8 #u0a310/41952327 com.qjzjzd.an.en4399/com.google.android.datatransport.runtime.scheduling.jobscheduling.JobInfoSchedulerService u=0 s=10310 TIME=-1h47m13s216ms:none NET READY}
05-01 14:52:18.828  1899  2170 W ActivityManager: Unbind failed: could not find connection for android.app.LoadedApk$ServiceDispatcher$InnerConnection@4fdc4f4
05-01 14:52:18.829  1899  2170 E JobScheduler.Concurrency: Error executing JobStatus{90250ed androidx.work.systemjobscheduler:u0a209/960 @androidx.work.systemjobscheduler@com.talpa.hibrowser/androidx.work.impl.background.systemjob.SystemJobService u=0 s=10209 TIME=-1h46m8s169ms:none READY}
05-01 14:52:18.834 22359 22359 D DebugTheme.onThemeUpdated: reload start !TranResourcesUtils.isRunningOnSystemServer()=true currentForegroundUser=0
05-01 14:52:18.838  1899  2170 W ActivityManager: Unbind failed: could not find connection for android.app.LoadedApk$ServiceDispatcher$InnerConnection@2d4a692
05-01 14:52:18.838  1899  2170 E JobScheduler.Concurrency: Error executing JobStatus{b6b00b1 #u0a204/200 com.transsnet.store/com.afmobi.palmplay.activate.TRDataJobService u=0 s=10204 TIME=-5m49s671ms:+54m10s329ms NET PERSISTED READY}
05-01 14:52:18.842  1899  2170 W ActivityManager: Unbind failed: could not find connection for android.app.LoadedApk$ServiceDispatcher$InnerConnection@5ac3c60
05-01 14:52:18.842  1899  2170 E JobScheduler.Concurrency: Error executing JobStatus{6063bc9 #u0a204/666 com.transsnet.store/com.transsnet.launcherlib.services.ExternalJobService u=0 s=10204 TIME=-5m49s544ms:+54m10s456ms NET PERSISTED READY}
05-01 14:52:18.846  1899  2170 W ActivityManager: Unbind failed: could not find connection for android.app.LoadedApk$ServiceDispatcher$InnerConnection@89299de
05-01 14:52:18.846  1899  2170 E JobScheduler.Concurrency: Error executing JobStatus{ea90e #u0a204/5185 com.transsnet.store/com.transsion.newphonerecommend.service.NewPhoneJobService u=0 s=10204 TIME=-5m34s103ms:+54m25s897ms NET PERSISTED READY}
05-01 14:52:18.875  1899  1993 E ApplicationHelper: Fail to get PackageManager
05-01 14:52:18.876  1899  2179 W ActivityManager: Unbind failed: could not find connection for android.app.LoadedApk$ServiceDispatcher$InnerConnection@1cfd842
05-01 14:52:18.876  1899  2179 D ServiceGuard-com.transsion.smartpanel.touch_assistant: onBind res:false numFailures:1754
05-01 14:52:18.877  1899  2179 V ServiceGuard-com.transsion.smartpanel.touch_assistant: getBindDelay delayMillis:18000000 failuresBind:1754 failuresConnected:0
05-01 14:52:18.909  1234  1234 I Zygote  : Process 17469 exited due to signal 9 (Killed)
05-01 14:52:18.916   484   484 I auditd  : avc:  denied  { find } for pid=1899 uid=1000 name=vendor.mediatek.hardware.gpuserv.IGpuService/default scontext=u:r:system_server:s0 tcontext=u:object_r:default_android_service:s0 tclass=service_manager permissive=0
05-01 14:52:19.245  1899  1995 W ActivityTaskManager: Activity top resumed state loss timeout for ActivityRecord{974429 u0 com.example.nova/.MainActivity t5665}
05-01 14:52:19.247  1899  1995 W ActivityTaskManager: Activity pause timeout for ActivityRecord{974429 u0 com.example.nova/.MainActivity t5665}
05-01 14:52:19.263  1899  1993 E ApplicationHelper: Fail to get PackageManager
05-01 14:52:19.263  1899  1993 E ApplicationHelper: Fail to get PackageManager
05-01 14:52:19.263  1899  1993 E ApplicationHelper: Fail to get PackageManager
05-01 14:52:19.263  1899  1993 E ApplicationHelper: Fail to get PackageManager
05-01 14:52:19.263  1899  1993 E ApplicationHelper: Fail to get PackageManager
05-01 14:52:19.263  1899  1993 E ApplicationHelper: Fail to get PackageManager
05-01 14:52:19.263  1899  1993 E ApplicationHelper: Fail to get PackageManager
05-01 14:52:19.263  1899  1993 E ApplicationHelper: Fail to get PackageManager
05-01 14:52:19.263  1899  1993 E ApplicationHelper: Fail to get PackageManager
05-01 14:52:19.263  1899  1993 E ApplicationHelper: Fail to get PackageManager
05-01 14:52:19.263  1899  1993 E ApplicationHelper: Fail to get PackageManager
05-01 14:52:19.263  1899  1993 E ApplicationHelper: Fail to get PackageManager
05-01 14:52:19.263  1899  1993 E ApplicationHelper: Fail to get PackageManager
05-01 14:52:19.263  1899  1993 E ApplicationHelper: Fail to get PackageManager
05-01 14:52:19.263  1899  1993 E ApplicationHelper: Fail to get PackageManager
05-01 14:52:19.263  1899  1993 E ApplicationHelper: Fail to get PackageManager
05-01 14:52:19.263  1899  1993 E ApplicationHelper: Fail to get PackageManager
05-01 14:52:19.263  1899  1993 E ApplicationHelper: Fail to get PackageManager
05-01 14:52:19.263  1899  1993 E ApplicationHelper: Fail to get PackageManager
05-01 14:52:19.263  1899  1993 E ApplicationHelper: Fail to get PackageManager
05-01 14:52:19.263  1899  1993 E ApplicationHelper: Fail to get PackageManager
05-01 14:52:19.263  1899  1993 E ApplicationHelper: Fail to get PackageManager
05-01 14:52:19.263  1899  1993 E ApplicationHelper: Fail to get PackageManager
05-01 14:52:19.323 17130 17130 W libc    : Access denied finding property "ro.vendor.tgpa_resolution_tuner"
