05-01 14:53:11.890  1899  2179 D ServiceGuard-com.transsion.smartpanel.touch_assistant: onBind res:false numFailures:1757
05-01 14:53:11.891  1899  2179 V ServiceGuard-com.transsion.smartpanel.touch_assistant: getBindDelay delayMillis:18000000 failuresBind:1757 failuresConnected:0
05-01 14:53:12.183  2766  3160 D RILJ    : [6821]< DATA_REGISTRATION_STATE RegStateResult{regState: REG_HOME, rat: LTE_CA, reasonForDenial: NONE, cellIdentity: CellIdentity.lte(CellIdentityLte{mcc: 286, mnc: 02, ci: 9949523, pci: 123, tac: 40706, earfcn: 276, operatorNames: OperatorInfo{alphaLong: vodafone TR, alphaShort: , operatorNumeric: , status: 0}, bandwidth: 15000, additionalPlmns: [], csgInfo: null, bands: [BAND_1]}), registeredPlmn: 28602, accessTechnologySpecificInfo: AccessTechnologySpecificInfo.eutranInfo(EutranRegistrationInfo{lteVopsInfo: LteVopsInfo{isVopsSupported: true, isEmcBearerSupported: true}, nrIndicators: NrIndicators{isEndcAvailable: true, isDcNrRestricted: false, isNrAvailable: true}, lteAttachResultType: 0, extraInfo: 0})} [PHONE0]
05-01 14:53:12.191  2766  3160 D RILJ    : [6823]< VOICE_REGISTRATION_STATE RegStateResult{regState: REG_HOME, rat: LTE, reasonForDenial: NONE, cellIdentity: CellIdentity.lte(CellIdentityLte{mcc: 286, mnc: 02, ci: 9949523, pci: 123, tac: 40706, earfcn: 276, operatorNames: OperatorInfo{alphaLong: vodafone TR, alphaShort: , operatorNumeric: , status: 0}, bandwidth: 15000, additionalPlmns: [], csgInfo: null, bands: [BAND_1]}), registeredPlmn: 28602, accessTechnologySpecificInfo: AccessTechnologySpecificInfo.eutranInfo(EutranRegistrationInfo{lteVopsInfo: LteVopsInfo{isVopsSupported: true, isEmcBearerSupported: true}, nrIndicators: NrIndicators{isEndcAvailable: true, isDcNrRestricted: false, isNrAvailable: true}, lteAttachResultType: 0, extraInfo: 0})} [PHONE0]
05-01 14:53:12.215  2766  2766 D MTKSST  : [GsmSST0] Poll ServiceState done: oldMaxDataCalls=16 mNewMaxDataCalls=16 oldReasonDataDenied=0 mNewReasonDataDenied=0
05-01 14:53:14.126  1243 22522 W AudioALSACaptureDataProviderNormal: readThread, latency_in_s,0.000001,0.022009,0.000055, totalTime 0.022065 > logTimeout 0.022000 TIMEOUT!!
05-01 14:53:16.201  1899  5675 D TLinkBrush_DATA: [NetdEvent]onTcpSocketStatsEvent : netId = 108	sent = 4, lost = 0	failRate = 0%	rttms = 72ms	sentAckDiffMs = -1510
05-01 14:53:23.037 17130 17130 I flutter : NOVA_SINGLE_BRAIN_DECISION source=setup_voice_opening allowed=false modelUsed=false isError=true route=local_model_failed_strict textChars=47 staticLike=false
05-01 14:53:23.037 17130 17130 I flutter : NOVA_SINGLE_BRAIN_BLOCK source=setup_voice_opening reason=AI_REQUIRED_BLOCK: Yerel model ├ğal─▒┼ş─▒rken beklenmeyen hata olu┼ştu.
05-01 14:53:23.037 17130 17130 I flutter : NOVA_SETUP_BOOT opening_micro_inference_done error=true allowed=false
05-01 14:53:23.038 17130 17130 I flutter : NOVA_SETUP_OPENING_MICRO_ERROR route=single_brain_blocked text=AI_REQUIRED_BLOCK: Yerel model ├ğal─▒┼ş─▒rken beklenmeyen hata olu┼ştu.
05-01 14:53:23.044 17130 17130 I flutter : NOVA_SETUP_TTS_BLOCKED_EMPTY_SINGLE_BRAIN nextStep=_SetupStep.askAssistantName
05-01 14:53:24.117  2766  3160 D RILJ    : [6834]< DATA_REGISTRATION_STATE RegStateResult{regState: REG_HOME, rat: LTE, reasonForDenial: NONE, cellIdentity: CellIdentity.lte(CellIdentityLte{mcc: 286, mnc: 02, ci: 9949523, pci: 123, tac: 40706, earfcn: 276, operatorNames: OperatorInfo{alphaLong: vodafone TR, alphaShort: , operatorNumeric: , status: 0}, bandwidth: 15000, additionalPlmns: [], csgInfo: null, bands: [BAND_1]}), registeredPlmn: 28602, accessTechnologySpecificInfo: AccessTechnologySpecificInfo.eutranInfo(EutranRegistrationInfo{lteVopsInfo: LteVopsInfo{isVopsSupported: true, isEmcBearerSupported: true}, nrIndicators: NrIndicators{isEndcAvailable: true, isDcNrRestricted: false, isNrAvailable: true}, lteAttachResultType: 0, extraInfo: 0})} [PHONE0]
05-01 14:53:24.122  2766  3160 D RILJ    : [6836]< VOICE_REGISTRATION_STATE RegStateResult{regState: REG_HOME, rat: LTE, reasonForDenial: NONE, cellIdentity: CellIdentity.lte(CellIdentityLte{mcc: 286, mnc: 02, ci: 9949523, pci: 123, tac: 40706, earfcn: 276, operatorNames: OperatorInfo{alphaLong: vodafone TR, alphaShort: , operatorNumeric: , status: 0}, bandwidth: 15000, additionalPlmns: [], csgInfo: null, bands: [BAND_1]}), registeredPlmn: 28602, accessTechnologySpecificInfo: AccessTechnologySpecificInfo.eutranInfo(EutranRegistrationInfo{lteVopsInfo: LteVopsInfo{isVopsSupported: true, isEmcBearerSupported: true}, nrIndicators: NrIndicators{isEndcAvailable: true, isDcNrRestricted: false, isNrAvailable: true}, lteAttachResultType: 0, extraInfo: 0})} [PHONE0]
05-01 14:53:24.135 17130 17130 I flutter : NOVA_SETUP_ASR_READY reason=after_brain_kernel_opening started=true ready=true gateRunning=true gateState={success: true, message: OK, running: true, speechActive: false, speechRecentlyActive: false, lastSpeechAt: 0, lastSampleAt: 72891774, avgRms: 64.63013577718856, peakRms: 554.6289178563088, baselineRms: 91.17996832809679, thresholdRms: 640.0, lastError: , speechOpenCounter: 0, speechCloseCounter: 0, sampleRate: 16000, bufferedPcmSamples: 384000} ok=true
05-01 14:53:24.147  2766  2766 D MTKSST  : [GsmSST0] Poll ServiceState done: oldMaxDataCalls=16 mNewMaxDataCalls=16 oldReasonDataDenied=0 mNewReasonDataDenied=0
05-01 14:53:39.591  1243 22522 W AudioALSACaptureDataProviderNormal: readThread, latency_in_s,0.000001,0.027158,0.000066, totalTime 0.027224 > logTimeout 0.022000 TIMEOUT!!
05-01 14:53:40.100   476   476 I lowmemorykiller: TranMemoryInfo: vmstat time slice: 32889
05-01 14:53:40.100   476   476 I lowmemorykiller: TranMemoryInfo: PSI stat: 4, 0.30, 1.42, 0.29, 1.39
05-01 14:53:40.101   476   476 I lowmemorykiller: TranMemoryInfo: vmstat: 7008, 0, 24956, 2, 31017
05-01 14:53:40.101   476   476 D lowmemorykiller: TranMemoryInfo: kswapd pgscan_kswapd 57329784 to 57380252, pgsteal_kswapd 34155034 to 34179990, stime 30931 to 31017
05-01 14:53:40.101   476   476 I lowmemorykiller: TranMemoryInfo: kswapd has been run.
05-01 14:53:40.101   476   476 I lowmemorykiller: TranMemoryInfo: kswapd reclaim amount : 24956 pages
05-01 14:53:40.101   476   476 I lowmemorykiller: TranMemoryInfo: kswapd reclaim efficiency : 116 KB/ms
05-01 14:53:40.528  1243 22522 W AudioALSACaptureDataProviderNormal: readThread, latency_in_s,0.000001,0.024448,0.000158, totalTime 0.024607 > logTimeout 0.022000 TIMEOUT!!
05-01 14:53:41.111   476   476 I lowmemorykiller: TranMemoryInfo: vmstat time slice: 1008
05-01 14:53:41.111   476   476 I lowmemorykiller: TranMemoryInfo: PSI stat: 10, 2.05, 1.70, 2.05, 1.67
05-01 14:53:41.111   476   476 I lowmemorykiller: TranMemoryInfo: vmstat: 2935, 0, 29349, 0, 31112
05-01 14:53:41.111   476   476 D lowmemorykiller: TranMemoryInfo: kswapd pgscan_kswapd 57380252 to 57436790, pgsteal_kswapd 34179990 to 34209339, stime 31017 to 31112
05-01 14:53:41.111   476   476 I lowmemorykiller: TranMemoryInfo: kswapd has been run.
05-01 14:53:41.111   476   476 I lowmemorykiller: TranMemoryInfo: kswapd reclaim amount : 29349 pages
05-01 14:53:41.111   476   476 I lowmemorykiller: TranMemoryInfo: kswapd reclaim efficiency : 123 KB/ms
05-01 14:53:41.894  1899  2179 W ActivityManager: Unbind failed: could not find connection for android.app.LoadedApk$ServiceDispatcher$InnerConnection@da1010
05-01 14:53:41.894  1899  2179 D ServiceGuard-com.transsion.smartpanel.touch_assistant: onBind res:false numFailures:1758
05-01 14:53:41.896  1899  2179 V ServiceGuard-com.transsion.smartpanel.touch_assistant: getBindDelay delayMillis:18000000 failuresBind:1758 failuresConnected:0
05-01 14:53:42.026  1243 22522 W AudioALSACaptureDataProviderNormal: readThread, latency_in_s,0.000001,0.021999,0.000019, totalTime 0.022019 > logTimeout 0.022000 TIMEOUT!!
05-01 14:53:42.113   476   476 I lowmemorykiller: TranMemoryInfo: vmstat time slice: 1004
05-01 14:53:42.113   476   476 I lowmemorykiller: TranMemoryInfo: PSI stat: 11, 2.05, 1.70, 2.05, 1.67
05-01 14:53:42.114   476   476 I lowmemorykiller: TranMemoryInfo: vmstat: 62, 0, 7026, 0, 31135
05-01 14:53:42.114   476   476 D lowmemorykiller: TranMemoryInfo: kswapd pgscan_kswapd 57436790 to 57466982, pgsteal_kswapd 34209339 to 34216365, stime 31112 to 31135
05-01 14:53:42.114   476   476 I lowmemorykiller: TranMemoryInfo: kswapd has been run.
05-01 14:53:42.114   476   476 I lowmemorykiller: TranMemoryInfo: kswapd reclaim amount : 7026 pages
05-01 14:53:42.114   476   476 I lowmemorykiller: TranMemoryInfo: kswapd reclaim efficiency : 122 KB/ms
05-01 14:53:43.154  1899  2532 D aegean_TranRecentTasksProxy: FW_getTasks=7
05-01 14:54:04.148  1243 22522 W AudioALSACaptureDataProviderNormal: readThread, latency_in_s,0.000000,0.024767,0.000025, totalTime 0.024792 > logTimeout 0.022000 TIMEOUT!!
05-01 14:54:04.689  1243 22522 W AudioALSACaptureDataProviderNormal: readThread, latency_in_s,0.000001,0.025782,0.000085, totalTime 0.025868 > logTimeout 0.022000 TIMEOUT!!
05-01 14:54:04.769  1243 22522 W AudioALSACaptureDataProviderNormal: readThread, latency_in_s,0.000001,0.025751,0.000089, totalTime 0.025840 > logTimeout 0.022000 TIMEOUT!!
05-01 14:54:06.525 17130 22534 I NovaMainActivity: NOVA_BOOT_PROGRESS phase=native_model_timeout percent=none message=Yerel model 75 saniye i├ğinde ger├ğek cevap d├Ând├╝rmedi; eski native ├ğ─▒kar─▒m iptal edildi ve sistem yeni komutlara a├ğ─▒k b─▒rak─▒ld─▒.
05-01 14:54:11.907  1899  2179 W ActivityManager: Unbind failed: could not find connection for android.app.LoadedApk$ServiceDispatcher$InnerConnection@d89925c
05-01 14:54:11.907  1899  2179 D ServiceGuard-com.transsion.smartpanel.touch_assistant: onBind res:false numFailures:1759
05-01 14:54:11.908  1899  2179 V ServiceGuard-com.transsion.smartpanel.touch_assistant: getBindDelay delayMillis:18000000 failuresBind:1759 failuresConnected:0
05-01 14:54:12.413  2766  2779 D RILJ    : [6856]< DATA_REGISTRATION_STATE RegStateResult{regState: REG_HOME, rat: LTE_CA, reasonForDenial: NONE, cellIdentity: CellIdentity.lte(CellIdentityLte{mcc: 286, mnc: 02, ci: 9949523, pci: 123, tac: 40706, earfcn: 276, operatorNames: OperatorInfo{alphaLong: vodafone TR, alphaShort: , operatorNumeric: , status: 0}, bandwidth: 15000, additionalPlmns: [], csgInfo: null, bands: [BAND_1]}), registeredPlmn: 28602, accessTechnologySpecificInfo: AccessTechnologySpecificInfo.eutranInfo(EutranRegistrationInfo{lteVopsInfo: LteVopsInfo{isVopsSupported: true, isEmcBearerSupported: true}, nrIndicators: NrIndicators{isEndcAvailable: true, isDcNrRestricted: false, isNrAvailable: true}, lteAttachResultType: 0, extraInfo: 0})} [PHONE0]
05-01 14:54:12.416  2766  3160 D RILJ    : [6857]< VOICE_REGISTRATION_STATE RegStateResult{regState: REG_HOME, rat: LTE, reasonForDenial: NONE, cellIdentity: CellIdentity.lte(CellIdentityLte{mcc: 286, mnc: 02, ci: 9949523, pci: 123, tac: 40706, earfcn: 276, operatorNames: OperatorInfo{alphaLong: vodafone TR, alphaShort: , operatorNumeric: , status: 0}, bandwidth: 15000, additionalPlmns: [], csgInfo: null, bands: [BAND_1]}), registeredPlmn: 28602, accessTechnologySpecificInfo: AccessTechnologySpecificInfo.eutranInfo(EutranRegistrationInfo{lteVopsInfo: LteVopsInfo{isVopsSupported: true, isEmcBearerSupported: true}, nrIndicators: NrIndicators{isEndcAvailable: true, isDcNrRestricted: false, isNrAvailable: true}, lteAttachResultType: 0, extraInfo: 0})} [PHONE0]
05-01 14:54:12.442  2766  2766 D MTKSST  : [GsmSST0] Poll ServiceState done: oldMaxDataCalls=16 mNewMaxDataCalls=16 oldReasonDataDenied=0 mNewReasonDataDenied=0
05-01 14:54:16.224  1899  5465 D TLinkBrush_DATA: [NetdEvent]onTcpSocketStatsEvent : netId = 108	sent = 2, lost = 0	failRate = 0%	rttms = 72ms	sentAckDiffMs = -1506
05-01 14:54:22.394  2766  3217 D RILJ    : [6869]< DATA_REGISTRATION_STATE RegStateResult{regState: REG_HOME, rat: LTE, reasonForDenial: NONE, cellIdentity: CellIdentity.lte(CellIdentityLte{mcc: 286, mnc: 02, ci: 9949523, pci: 123, tac: 40706, earfcn: 276, operatorNames: OperatorInfo{alphaLong: vodafone TR, alphaShort: , operatorNumeric: , status: 0}, bandwidth: 15000, additionalPlmns: [], csgInfo: null, bands: [BAND_1]}), registeredPlmn: 28602, accessTechnologySpecificInfo: AccessTechnologySpecificInfo.eutranInfo(EutranRegistrationInfo{lteVopsInfo: LteVopsInfo{isVopsSupported: true, isEmcBearerSupported: true}, nrIndicators: NrIndicators{isEndcAvailable: true, isDcNrRestricted: false, isNrAvailable: true}, lteAttachResultType: 0, extraInfo: 0})} [PHONE0]
05-01 14:54:22.396  2766  3217 D RILJ    : [6870]< VOICE_REGISTRATION_STATE RegStateResult{regState: REG_HOME, rat: LTE, reasonForDenial: NONE, cellIdentity: CellIdentity.lte(CellIdentityLte{mcc: 286, mnc: 02, ci: 9949523, pci: 123, tac: 40706, earfcn: 276, operatorNames: OperatorInfo{alphaLong: vodafone TR, alphaShort: , operatorNumeric: , status: 0}, bandwidth: 15000, additionalPlmns: [], csgInfo: null, bands: [BAND_1]}), registeredPlmn: 28602, accessTechnologySpecificInfo: AccessTechnologySpecificInfo.eutranInfo(EutranRegistrationInfo{lteVopsInfo: LteVopsInfo{isVopsSupported: true, isEmcBearerSupported: true}, nrIndicators: NrIndicators{isEndcAvailable: true, isDcNrRestricted: false, isNrAvailable: true}, lteAttachResultType: 0, extraInfo: 0})} [PHONE0]
05-01 14:54:22.414  2766  2766 D MTKSST  : [GsmSST0] Poll ServiceState done: oldMaxDataCalls=16 mNewMaxDataCalls=16 oldReasonDataDenied=0 mNewReasonDataDenied=0
05-01 14:54:42.123  1899  2179 W ActivityManager: Unbind failed: could not find connection for android.app.LoadedApk$ServiceDispatcher$InnerConnection@6c1520
05-01 14:54:42.124  1899  2179 D ServiceGuard-com.transsion.smartpanel.touch_assistant: onBind res:false numFailures:1760
05-01 14:54:42.124  1899  2179 V ServiceGuard-com.transsion.smartpanel.touch_assistant: getBindDelay delayMillis:18000000 failuresBind:1760 failuresConnected:0
05-01 14:54:44.584  1899  2532 D aegean_TranRecentTasksProxy: FW_getTasks=7
05-01 14:54:56.299  1899  1993 E ApplicationHelper: Fail to get PackageManager
05-01 14:54:56.299  1899  1993 E ApplicationHelper: Fail to get PackageManager
05-01 14:54:56.299  1899  1993 E ApplicationHelper: Fail to get PackageManager
05-01 14:54:56.315  1899  1993 E ApplicationHelper: Fail to get PackageManager
05-01 14:54:56.315  1899  1993 E ApplicationHelper: Fail to get PackageManager
05-01 14:54:56.450  1899  1993 E ApplicationHelper: Fail to get PackageManager
05-01 14:54:56.450  1899  1993 E ApplicationHelper: Fail to get PackageManager
05-01 14:54:56.457  1899  1993 E ApplicationHelper: Fail to get PackageManager
05-01 14:54:56.457  1899  1993 E ApplicationHelper: Fail to get PackageManager
05-01 14:54:56.457  1899  1993 E ApplicationHelper: Fail to get PackageManager
05-01 14:54:57.436  1899  2069 I AppsFilter: interaction: PackageSetting{5db533 com.android.microdroid.empty_payload/10218} -> PackageSetting{a919729 com.transsion.magazineservice.hios/10182} BLOCKED
05-01 14:54:57.545  1899  1993 E ApplicationHelper: Fail to get PackageManager
05-01 14:54:57.565  1899  2170 W ActivityManager: Unbind failed: could not find connection for android.app.LoadedApk$ServiceDispatcher$InnerConnection@88b8310
05-01 14:54:57.566  1899  2170 E JobScheduler.Concurrency: Error executing JobStatus{b6b00b1 #u0a204/200 com.transsnet.store/com.afmobi.palmplay.activate.TRDataJobService u=0 s=10204 TIME=-8m28s399ms:+51m31s601ms NET PERSISTED READY}
05-01 14:54:57.574  1899  2170 W ActivityManager: Unbind failed: could not find connection for android.app.LoadedApk$ServiceDispatcher$InnerConnection@4b7922f
05-01 14:54:57.575  1899  2170 E JobScheduler.Concurrency: Error executing JobStatus{6063bc9 #u0a204/666 com.transsnet.store/com.transsnet.launcherlib.services.ExternalJobService u=0 s=10204 TIME=-8m28s277ms:+51m31s723ms NET PERSISTED READY}
05-01 14:54:57.582  1899  2170 W ActivityManager: Unbind failed: could not find connection for android.app.LoadedApk$ServiceDispatcher$InnerConnection@d1c071a
05-01 14:54:57.584  1899  2170 E JobScheduler.Concurrency: Error executing JobStatus{ea90e #u0a204/5185 com.transsnet.store/com.transsion.newphonerecommend.service.NewPhoneJobService u=0 s=10204 TIME=-8m12s840ms:+51m47s160ms NET PERSISTED READY}
05-01 14:54:57.590  1899  1993 E ApplicationHelper: Fail to get PackageManager
05-01 14:54:57.600  4729  8924 W RegisteredComponentCache: org.xmlpull.v1.XmlPullParserException: No android.nfc.action.TECH_DISCOVERED meta-data
05-01 14:54:57.839  1899  2007 W PackageManager: org.xmlpull.v1.XmlPullParserException: No android.accounts.AccountAuthenticator meta-data
05-01 14:54:58.011  1899  1993 E ApplicationHelper: Fail to get PackageManager
05-01 14:54:58.011  1899  1993 E ApplicationHelper: Fail to get PackageManager
05-01 14:54:58.034  1899  1993 E ApplicationHelper: Fail to get PackageManager
05-01 14:54:58.035  1899  1993 E ApplicationHelper: Fail to get PackageManager
05-01 14:54:58.067  1899  1993 E ApplicationHelper: Fail to get PackageManager
05-01 14:54:58.067  1899  1993 E ApplicationHelper: Fail to get PackageManager
05-01 14:54:58.090  1899  1993 E ApplicationHelper: Fail to get PackageManager
05-01 14:54:58.090  1899  1993 E ApplicationHelper: Fail to get PackageManager
05-01 14:55:00.603  1899  1993 E ApplicationHelper: Fail to get PackageManager
05-01 14:55:00.603  1899  1993 E ApplicationHelper: Fail to get PackageManager
05-01 14:55:00.631  1899  1899 E ChargeIntentReceiver: notifyChange failed
05-01 14:55:00.655  1899  1993 E ApplicationHelper: Fail to get PackageManager
05-01 14:55:00.659  1899  1993 E ApplicationHelper: Fail to get PackageManager
05-01 14:55:05.113  1899  1993 E ApplicationHelper: Fail to get PackageManager
05-01 14:55:05.113  1899  1993 E ApplicationHelper: Fail to get PackageManager
05-01 14:55:05.121  1899  1993 E ApplicationHelper: Fail to get PackageManager
05-01 14:55:05.121  1899  1993 E ApplicationHelper: Fail to get PackageManager
05-01 14:55:07.664  1899  1993 E ApplicationHelper: Fail to get PackageManager
05-01 14:55:07.669  1899  1993 E ApplicationHelper: Fail to get PackageManager
05-01 14:55:09.666  1243 22522 W AudioALSACaptureDataProviderNormal: readThread, latency_in_s,0.000001,0.021978,0.000076, totalTime 0.022056 > logTimeout 0.022000 TIMEOUT!!
05-01 14:55:12.644  2766  2779 D RILJ    : [6880]< DATA_REGISTRATION_STATE RegStateResult{regState: REG_HOME, rat: LTE_CA, reasonForDenial: NONE, cellIdentity: CellIdentity.lte(CellIdentityLte{mcc: 286, mnc: 02, ci: 9949523, pci: 123, tac: 40706, earfcn: 276, operatorNames: OperatorInfo{alphaLong: vodafone TR, alphaShort: , operatorNumeric: , status: 0}, bandwidth: 15000, additionalPlmns: [], csgInfo: null, bands: [BAND_1]}), registeredPlmn: 28602, accessTechnologySpecificInfo: AccessTechnologySpecificInfo.eutranInfo(EutranRegistrationInfo{lteVopsInfo: LteVopsInfo{isVopsSupported: true, isEmcBearerSupported: true}, nrIndicators: NrIndicators{isEndcAvailable: true, isDcNrRestricted: false, isNrAvailable: true}, lteAttachResultType: 0, extraInfo: 0})} [PHONE0]
05-01 14:55:12.648  2766  2779 D RILJ    : [6881]< VOICE_REGISTRATION_STATE RegStateResult{regState: REG_HOME, rat: LTE, reasonForDenial: NONE, cellIdentity: CellIdentity.lte(CellIdentityLte{mcc: 286, mnc: 02, ci: 9949523, pci: 123, tac: 40706, earfcn: 276, operatorNames: OperatorInfo{alphaLong: vodafone TR, alphaShort: , operatorNumeric: , status: 0}, bandwidth: 15000, additionalPlmns: [], csgInfo: null, bands: [BAND_1]}), registeredPlmn: 28602, accessTechnologySpecificInfo: AccessTechnologySpecificInfo.eutranInfo(EutranRegistrationInfo{lteVopsInfo: LteVopsInfo{isVopsSupported: true, isEmcBearerSupported: true}, nrIndicators: NrIndicators{isEndcAvailable: true, isDcNrRestricted: false, isNrAvailable: true}, lteAttachResultType: 0, extraInfo: 0})} [PHONE0]
05-01 14:55:12.669  2766  2766 D MTKSST  : [GsmSST0] Poll ServiceState done: oldMaxDataCalls=16 mNewMaxDataCalls=16 oldReasonDataDenied=0 mNewReasonDataDenied=0
05-01 14:55:12.914  1899  2179 W ActivityManager: Unbind failed: could not find connection for android.app.LoadedApk$ServiceDispatcher$InnerConnection@651614b
05-01 14:55:12.915  1899  2179 D ServiceGuard-com.transsion.smartpanel.touch_assistant: onBind res:false numFailures:1761
05-01 14:55:12.916  1899  2179 V ServiceGuard-com.transsion.smartpanel.touch_assistant: getBindDelay delayMillis:18000000 failuresBind:1761 failuresConnected:0
05-01 14:55:16.259  1899  5465 D TLinkBrush_DATA: [NetdEvent]onTcpSocketStatsEvent : netId = 108	sent = 2, lost = 0	failRate = 0%	rttms = 73ms	sentAckDiffMs = -1508
05-01 14:55:22.625  2766  2779 D RILJ    : [6895]< DATA_REGISTRATION_STATE RegStateResult{regState: REG_HOME, rat: LTE, reasonForDenial: NONE, cellIdentity: CellIdentity.lte(CellIdentityLte{mcc: 286, mnc: 02, ci: 9949523, pci: 123, tac: 40706, earfcn: 276, operatorNames: OperatorInfo{alphaLong: vodafone TR, alphaShort: , operatorNumeric: , status: 0}, bandwidth: 15000, additionalPlmns: [], csgInfo: null, bands: [BAND_1]}), registeredPlmn: 28602, accessTechnologySpecificInfo: AccessTechnologySpecificInfo.eutranInfo(EutranRegistrationInfo{lteVopsInfo: LteVopsInfo{isVopsSupported: true, isEmcBearerSupported: true}, nrIndicators: NrIndicators{isEndcAvailable: true, isDcNrRestricted: false, isNrAvailable: true}, lteAttachResultType: 0, extraInfo: 0})} [PHONE0]
05-01 14:55:22.629  2766  2779 D RILJ    : [6896]< VOICE_REGISTRATION_STATE RegStateResult{regState: REG_HOME, rat: LTE, reasonForDenial: NONE, cellIdentity: CellIdentity.lte(CellIdentityLte{mcc: 286, mnc: 02, ci: 9949523, pci: 123, tac: 40706, earfcn: 276, operatorNames: OperatorInfo{alphaLong: vodafone TR, alphaShort: , operatorNumeric: , status: 0}, bandwidth: 15000, additionalPlmns: [], csgInfo: null, bands: [BAND_1]}), registeredPlmn: 28602, accessTechnologySpecificInfo: AccessTechnologySpecificInfo.eutranInfo(EutranRegistrationInfo{lteVopsInfo: LteVopsInfo{isVopsSupported: true, isEmcBearerSupported: true}, nrIndicators: NrIndicators{isEndcAvailable: true, isDcNrRestricted: false, isNrAvailable: true}, lteAttachResultType: 0, extraInfo: 0})} [PHONE0]
05-01 14:55:22.645  2766  2766 D MTKSST  : [GsmSST0] Poll ServiceState done: oldMaxDataCalls=16 mNewMaxDataCalls=16 oldReasonDataDenied=0 mNewReasonDataDenied=0
05-01 14:55:23.066  1243 22522 W AudioALSACaptureDataProviderNormal: readThread, latency_in_s,0.000001,0.022942,0.000103, totalTime 0.023046 > logTimeout 0.022000 TIMEOUT!!
 -d                       use USB device (error if multiple devices connected)
 -e                       use TCP/IP device (error if multiple TCP/IP devices available)
 --exit-on-write-error    exit if stdout is closed
