05-01 13:46:43.213  1899  1996 I snet_event_log: updateFrameRateVote [pkg = com.android.systemui title = IslandResidentBar refreshRate = 90.0 modeId = 3 setting =120 peak = 144.0 mTopApp = com.android.settings]
05-01 13:46:43.236  1899  2007 I am_pss  : [7299,10269,com.zhiliaoapp.musically,0,0,0,484683776,0,19,21]
05-01 13:46:43.245  1899  2029 I am_wtf  : [0,1899,system_server,-1,ActivityManager,Sending non-protected broadcast com.transsion.action.ENDC_TIMER_ALARM from system uid 1001 pkg com.android.phone]
05-01 13:46:43.270  1899  2007 I am_pss  : [11020,10058,com.google.android.documentsui,0,0,0,108609536,0,19,11]
05-01 13:46:43.307  1899  2007 I am_pss  : [8156,10265,com.transsion.magicshow,0,0,0,219492352,0,19,12]
05-01 13:46:43.332  1899  2007 I am_pss  : [11125,10216,com.google.android.rkpdapp,0,0,0,101994496,0,19,7]
05-01 13:46:43.353  1899  2007 I am_pss  : [10944,1000,com.android.keychain,0,0,0,98299904,0,19,8]
05-01 13:46:43.373 17623 17623 I wm_on_destroy_called: [182935223,com.android.settings.applications.InstalledAppDetails,performDestroy,100]
05-01 13:46:43.506  1899  1996 I wm_wallpaper_surface: [0,0,Window{e9a4748 u0 com.transsion.hilauncher/com.android.launcher3.uioverrides.QuickstepLauncher}]
05-01 13:46:43.524  2572  2572 I viewroot_draw_event: [VRI[QuickstepLauncher],Not drawing due to not visible. Reason=!mAppVisible && !mForceDecorViewVisibility]
05-01 13:46:43.526 32488 32488 I viewroot_draw_event: [VRI[ZeroScreen],Not drawing due to not visible. Reason=!mAppVisible && !mForceDecorViewVisibility]
05-01 13:46:43.640 17623 17623 I wm_on_create_called: [56427710,com.android.settings.applications.InstalledAppDetails,performCreate,227]
05-01 13:46:43.665 17623 17623 I wm_on_start_called: [56427710,com.android.settings.applications.InstalledAppDetails,handleStartActivity,22]
05-01 13:46:43.665 17623 17623 I snet_event_log: [120484087,-1,]
05-01 13:46:43.666 17623 17623 I wm_on_resume_called: [56427710,com.android.settings.applications.InstalledAppDetails,RESUME_ACTIVITY,0]
05-01 13:46:43.749 17623 17623 I wm_on_top_resumed_gained_called: [56427710,com.android.settings.applications.InstalledAppDetails,topStateChangedWhenResumed]
05-01 13:46:43.752  1899  3109 I netstats_mobile_sample: [71424678,19888137,89470,57318,71160564,19751125,89204,56388,1777632404173]
05-01 13:46:43.752  1899  3109 I netstats_wifi_sample: [21859423,5283813,34223,31406,21303228,5267023,32374,31175,1777632404173]
05-01 13:46:43.766  1899  1996 I input_focus: [Focus request eb60668 com.android.settings/com.android.settings.applications.InstalledAppDetails,reason=UpdateInputWindows]
05-01 13:46:43.767  1899  1996 I snet_event_log: updateFrameRateVote [pkg = com.android.settings title = com.android.settings/com.android.settings.applications.InstalledAppDetails refreshRate = 90.0 modeId = 3 setting =120 peak = 144.0 mTopApp = com.android.settings]
05-01 13:46:43.862 17623 17623 I viewroot_draw_event: [VRI[InstalledAppDetails],reportDrawFinished seqId=0]
05-01 13:46:43.926  1899  2206 I input_focus: [Focus entering eb60668 com.android.settings/com.android.settings.applications.InstalledAppDetails (server),reason=Window became focusable. Previous reason: NOT_VISIBLE]
05-01 13:46:43.945  2806  3091 I viewroot_draw_event: [VRI[settings],Not drawing due to not visible. Reason=View.GONE]
05-01 13:46:43.951  1899  1992 I sysui_multi_action: [319,118,321,110,322,792,325,14272,757,761,758,8,759,2,806,com.android.settings,871,com.android.settings.applications.InstalledAppDetails,904,com.transsion.hilauncher,905,0,1320,8,1321,6]
05-01 13:46:43.953  1899  1992 I wm_activity_launch_time: [0,56427710,com.android.settings/.applications.InstalledAppDetails,792]
05-01 13:46:43.957  1899  1992 I sysui_multi_action: [324,1,757,1090,758,12,806,com.android.settings,871,com.android.settings.applications.InstalledAppDetails,1091,792]
05-01 13:46:44.002   484   484 I auditd  : avc:  denied  { find } for pid=1899 uid=1000 name=vendor.mediatek.hardware.gpuserv.IGpuService/default scontext=u:r:system_server:s0 tcontext=u:object_r:default_android_service:s0 tclass=service_manager permissive=0
05-01 13:46:44.003  1899  3883 I wm_stop_activity: [0,221348157,com.transsion.hilauncher/com.android.launcher3.uioverrides.QuickstepLauncher]
05-01 13:46:44.017  2572  2572 I wm_on_stop_called: [221348157,com.android.launcher3.uioverrides.QuickstepLauncher,STOP_ACTIVITY_ITEM,2]
05-01 13:46:44.019  1899  3109 I service_manager_slow: [17,time_detector]
05-01 13:46:44.031  1899  3109 I netstats_mobile_sample: [71424678,19888137,89470,57318,71160564,19751125,89204,56388,1777632404452]
05-01 13:46:44.041  1899  3109 I netstats_wifi_sample: [21859423,5283813,34223,31406,21303228,5267023,32374,31175,1777632404452]
05-01 13:46:44.072  1899  2170 I job_deferred_execution: 61101868
05-01 13:46:44.075  1899  5675 I netstats_mobile_sample: [71424678,19888137,89470,57318,71160564,19751125,89204,56388,1777632404496]
05-01 13:46:44.076  1899  5675 I netstats_wifi_sample: [21859423,5283813,34223,31406,21303228,5267023,32374,31175,1777632404496]
05-01 13:46:44.083  1899  2170 I job_deferred_execution: 48868736
05-01 13:46:44.085  1899  2170 I job_deferred_execution: 48868738
05-01 13:46:44.124  1899  5675 I netstats_mobile_sample: [71424678,19888137,89470,57318,71160564,19751125,89204,56388,1777632404545]
05-01 13:46:44.124  1899  5675 I netstats_wifi_sample: [21859423,5283813,34223,31406,21303228,5267023,32374,31175,1777632404545]
05-01 13:46:44.147  1899  4773 I netstats_mobile_sample: [71424678,19888137,89470,57318,71160564,19751125,89204,56388,1777632404568]
05-01 13:46:44.147  1899  4773 I netstats_wifi_sample: [21859423,5283813,34223,31406,21303228,5267023,32374,31175,1777632404568]
05-01 13:46:44.165  1899  4773 I netstats_mobile_sample: [71424678,19888137,89470,57318,71160564,19751125,89204,56388,1777632404582]
05-01 13:46:44.165  1899  4773 I netstats_wifi_sample: [21859423,5283813,34223,31406,21303228,5267023,32374,31175,1777632404582]
05-01 13:46:44.178  1899  5057 I netstats_mobile_sample: [71424678,19888137,89470,57318,71160564,19751125,89204,56388,1777632404599]
05-01 13:46:44.179  1899  5057 I netstats_wifi_sample: [21859423,5283813,34223,31406,21303228,5267023,32374,31175,1777632404599]
05-01 13:46:44.197  1899  5463 I netstats_mobile_sample: [71424678,19888137,89470,57318,71160564,19751125,89204,56388,1777632404618]
05-01 13:46:44.197  1899  5463 I netstats_wifi_sample: [21859423,5283813,34223,31406,21303228,5267023,32374,31175,1777632404618]
05-01 13:46:44.218  1899  5463 I netstats_mobile_sample: [71424678,19888137,89470,57318,71160564,19751125,89204,56388,1777632404639]
05-01 13:46:44.218  1899  5463 I netstats_wifi_sample: [21859423,5283813,34223,31406,21303228,5267023,32374,31175,1777632404639]
05-01 13:46:44.234  1899  4773 I netstats_mobile_sample: [71424678,19888137,89470,57318,71160564,19751125,89204,56388,1777632404655]
05-01 13:46:44.234  1899  4773 I netstats_wifi_sample: [21859423,5283813,34223,31406,21303228,5267023,32374,31175,1777632404655]
05-01 13:46:44.245  1899  2152 I netstats_mobile_sample: [71424678,19888137,89470,57318,71160564,19751125,89204,56388,1777632404666]
05-01 13:46:44.245  1899  2152 I netstats_wifi_sample: [21859423,5283813,34223,31406,21303228,5267023,32374,31175,1777632404666]
05-01 13:46:44.256  1899  5675 I netstats_mobile_sample: [71424678,19888137,89470,57318,71160564,19751125,89204,56388,1777632404677]
05-01 13:46:44.256  1899  5675 I netstats_wifi_sample: [21859423,5283813,34223,31406,21303228,5267023,32374,31175,1777632404677]
05-01 13:46:44.267  1899  5675 I netstats_mobile_sample: [71424678,19888137,89470,57318,71160564,19751125,89204,56388,1777632404689]
05-01 13:46:44.268  1899  5675 I netstats_wifi_sample: [21859423,5283813,34223,31406,21303228,5267023,32374,31175,1777632404689]
05-01 13:46:44.278  1899  5463 I netstats_mobile_sample: [71424678,19888137,89470,57318,71160564,19751125,89204,56388,1777632404700]
05-01 13:46:44.279  1899  5463 I netstats_wifi_sample: [21859423,5283813,34223,31406,21303228,5267023,32374,31175,1777632404700]
05-01 13:46:44.289  1899  5463 I netstats_mobile_sample: [71424678,19888137,89470,57318,71160564,19751125,89204,56388,1777632404710]
05-01 13:46:44.289  1899  5463 I netstats_wifi_sample: [21859423,5283813,34223,31406,21303228,5267023,32374,31175,1777632404710]
05-01 13:46:44.299  1899  5666 I netstats_mobile_sample: [71424678,19888137,89470,57318,71160564,19751125,89204,56388,1777632404720]
05-01 13:46:44.299  1899  5666 I netstats_wifi_sample: [21859423,5283813,34223,31406,21303228,5267023,32374,31175,1777632404720]
05-01 13:46:44.307  1899  5463 I netstats_mobile_sample: [71424678,19888137,89470,57318,71160564,19751125,89204,56388,1777632404729]
05-01 13:46:44.307  1899  5463 I netstats_wifi_sample: [21859423,5283813,34223,31406,21303228,5267023,32374,31175,1777632404729]
05-01 13:46:44.320  1899  5463 I service_manager_stats: [100,100,7656]
05-01 13:46:44.320  1899  5463 I netstats_mobile_sample: [71424678,19888137,89470,57318,71160564,19751125,89204,56388,1777632404742]
05-01 13:46:44.321  1899  5463 I netstats_wifi_sample: [21859423,5283813,34223,31406,21303228,5267023,32374,31175,1777632404742]
05-01 13:46:44.330  1899  5463 I netstats_mobile_sample: [71424678,19888137,89470,57318,71160564,19751125,89204,56388,1777632404752]
05-01 13:46:44.330  1899  5463 I netstats_wifi_sample: [21859423,5283813,34223,31406,21303228,5267023,32374,31175,1777632404752]
05-01 13:46:44.340  1899  4773 I netstats_mobile_sample: [71424678,19888137,89470,57318,71160564,19751125,89204,56388,1777632404762]
05-01 13:46:44.341  1899  4773 I netstats_wifi_sample: [21859423,5283813,34223,31406,21303228,5267023,32374,31175,1777632404762]
05-01 13:46:44.349  1899  4773 I netstats_mobile_sample: [71424678,19888137,89470,57318,71160564,19751125,89204,56388,1777632404770]
05-01 13:46:44.349  1899  4773 I netstats_wifi_sample: [21859423,5283813,34223,31406,21303228,5267023,32374,31175,1777632404770]
05-01 13:46:44.357  1899  4773 I netstats_mobile_sample: [71424678,19888137,89470,57318,71160564,19751125,89204,56388,1777632404778]
05-01 13:46:44.357  1899  4773 I netstats_wifi_sample: [21859423,5283813,34223,31406,21303228,5267023,32374,31175,1777632404778]
05-01 13:46:44.364  1899  4773 I netstats_mobile_sample: [71424678,19888137,89470,57318,71160564,19751125,89204,56388,1777632404785]
05-01 13:46:44.364  1899  4773 I netstats_wifi_sample: [21859423,5283813,34223,31406,21303228,5267023,32374,31175,1777632404785]
05-01 13:46:44.374  1899  5463 I netstats_mobile_sample: [71424678,19888137,89470,57318,71160564,19751125,89204,56388,1777632404795]
05-01 13:46:44.374  1899  5463 I netstats_wifi_sample: [21859423,5283813,34223,31406,21303228,5267023,32374,31175,1777632404795]
05-01 13:46:44.386  1899  1913 I netstats_mobile_sample: [71424678,19888137,89470,57318,71160564,19751125,89204,56388,1777632404807]
05-01 13:46:44.387  1899  1913 I netstats_wifi_sample: [21859423,5283813,34223,31406,21303228,5267023,32374,31175,1777632404807]
05-01 13:46:44.405  1899  4773 I netstats_mobile_sample: [71424678,19888137,89470,57318,71160564,19751125,89204,56388,1777632404826]
05-01 13:46:44.405  1899  4773 I netstats_wifi_sample: [21859423,5283813,34223,31406,21303228,5267023,32374,31175,1777632404826]
05-01 13:46:44.415  1899  4773 I netstats_mobile_sample: [71424678,19888137,89470,57318,71160564,19751125,89204,56388,1777632404837]
05-01 13:46:44.416  1899  4773 I netstats_wifi_sample: [21859423,5283813,34223,31406,21303228,5267023,32374,31175,1777632404837]
05-01 13:46:44.426  1899  1913 I netstats_mobile_sample: [71424678,19888137,89470,57318,71160564,19751125,89204,56388,1777632404847]
05-01 13:46:44.427  1899  1913 I netstats_wifi_sample: [21859423,5283813,34223,31406,21303228,5267023,32374,31175,1777632404847]
05-01 13:46:44.439  1899  5675 I netstats_mobile_sample: [71424678,19888137,89470,57318,71160564,19751125,89204,56388,1777632404860]
05-01 13:46:44.439  1899  5675 I netstats_wifi_sample: [21859423,5283813,34223,31406,21303228,5267023,32374,31175,1777632404860]
05-01 13:46:44.463  1899  5675 I netstats_mobile_sample: [71424678,19888137,89470,57318,71160564,19751125,89204,56388,1777632404884]
05-01 13:46:44.463  1899  5675 I netstats_wifi_sample: [21859423,5283813,34223,31406,21303228,5267023,32374,31175,1777632404884]
05-01 13:46:44.475  1899  5675 I netstats_mobile_sample: [71424678,19888137,89470,57318,71160564,19751125,89204,56388,1777632404896]
05-01 13:46:44.476  1899  5675 I netstats_wifi_sample: [21859423,5283813,34223,31406,21303228,5267023,32374,31175,1777632404896]
05-01 13:46:44.494  1899  5463 I netstats_mobile_sample: [71424678,19888137,89470,57318,71160564,19751125,89204,56388,1777632404914]
05-01 13:46:44.495  1899  5463 I netstats_wifi_sample: [21859423,5283813,34223,31406,21303228,5267023,32374,31175,1777632404914]
05-01 13:46:44.676  1899  5463 I job_deferred_execution: 48869329
05-01 13:46:44.693  1899  2170 I job_deferred_execution: 48869345
05-01 13:46:44.700  1899  2170 I job_deferred_execution: 3498274
05-01 13:46:44.717  1899  2170 I job_deferred_execution: 3334024
05-01 13:46:46.753  1899  1994 I commit_sys_config_file: [jobs,7]
05-01 13:46:48.305  1899  2177 I commit_sys_config_file: [settings-1-0,8]
05-01 13:46:49.552  1899  2029 I am_uid_idle: 10181
05-01 13:46:50.431  1899  2206 I input_interaction: Interaction with: eb60668 com.android.settings/com.android.settings.applications.InstalledAppDetails (server), [Gesture Monitor] dc-screen-touch (server), [Gesture Monitor] edge-swipe (server), [Gesture Monitor] tran_split (server), [Gesture Monitor] tran_gesture_service_damon (server), [Gesture Monitor] tran_gesture_service (server), PointerEventDispatcher0 (server), 
05-01 13:46:50.439  1899  1996 I snet_event_log: updateFrameRateVote [pkg = com.android.settings title = com.android.settings/com.android.settings.applications.InstalledAppDetails refreshRate = 90.0 modeId = 3 setting =120 peak = 144.0 mTopApp = com.android.settings]
05-01 13:46:50.511 17623 21504 I jank_cuj_events_begin_request: [28,1777632410510983000,68898913808566,14280083045465,com.transsion.settings.applications.appinfo.AppInfoDashboardFragment]
05-01 13:46:51.278 17623 21504 I jank_cuj_events_begin_request: [10001,1777632411278022000,68899680846489,14280850083311,]
05-01 13:46:51.320 17623 21504 I jank_cuj_events_end_request: [10001,1777632411319911000,68899722736259,14280891972927]
05-01 13:46:51.320 17623 21504 I jank_cuj_events_end_request: [28,1777632411320245000,68899723069797,14280892306465]
05-01 13:46:51.744 17623 21504 I jank_cuj_events_begin_request: [28,1777632411743996000,68900146820336,14281316057234,com.transsion.settings.applications.appinfo.AppInfoDashboardFragment]
05-01 13:46:51.777 17623 21504 I jank_cuj_events_begin_request: [10001,1777632411777213000,68900180037874,14281349274773,]
05-01 13:46:51.823 17623 21504 I jank_cuj_events_end_request: [10001,1777632411823161000,68900225985566,14281395222465]
05-01 13:46:51.823 17623 21504 I jank_cuj_events_end_request: [28,1777632411823269000,68900226093566,14281395330388]
05-01 13:46:52.520  1899  3333 I wm_task_moved: [5643,5643,0,1,4]
05-01 13:46:52.520  1899  3333 I wm_create_activity: [0,73313308,5643,com.android.settings/.SubSettings,android.intent.action.MAIN,NULL,NULL,0]
05-01 13:46:52.521  1899  3333 I wm_pause_activity: [0,56427710,com.android.settings/.applications.InstalledAppDetails,userLeaving=true,resumeTopActivity]
05-01 13:46:52.523   484   484 I auditd  : avc:  denied  { find } for pid=1899 uid=1000 name=vendor.mediatek.hardware.gpuserv.IGpuService/default scontext=u:r:system_server:s0 tcontext=u:object_r:default_android_service:s0 tclass=service_manager permissive=0
05-01 13:46:52.529 17623 17623 I wm_on_top_resumed_lost_called: [56427710,com.android.settings.applications.InstalledAppDetails,topStateChangedWhenResumed]
05-01 13:46:52.535 17623 17623 I wm_on_paused_called: [56427710,com.android.settings.applications.InstalledAppDetails,performPause,1]
05-01 13:46:52.537  1899  5675 I wm_add_to_stopping: [0,56427710,com.android.settings/.applications.InstalledAppDetails,makeInvisible]
05-01 13:46:52.537  1899  5675 I wm_restart_activity: [0,73313308,5643,com.android.settings/.SubSettings]
05-01 13:46:52.539  1899  5675 I wm_set_resumed_activity: [0,com.android.settings/.SubSettings,realStartActivityLocked - onActivityStateChanged]
05-01 13:46:52.542   484   484 I auditd  : avc:  denied  { find } for pid=1899 uid=1000 name=vendor.mediatek.hardware.gpuserv.IGpuService/default scontext=u:r:system_server:s0 tcontext=u:object_r:default_android_service:s0 tclass=service_manager permissive=0
05-01 13:46:52.545  1899  1992 I sysui_multi_action: [757,803,799,window_time_0,802,9]
05-01 13:46:52.548  1899  1996 I input_focus: [Requesting to set focus to null window,reason=UpdateInputWindows]
05-01 13:46:52.562  1899  2206 I input_focus: [Focus leaving eb60668 com.android.settings/com.android.settings.applications.InstalledAppDetails (server),reason=Waiting for window because NO_WINDOW]
05-01 13:46:52.579  1899  2007 I am_pss  : [23062,10149,com.google.android.packageinstaller,0,0,0,148070400,0,16,8]
05-01 13:46:52.580  1899  3109 I wm_finish_activity: [0,73313308,5643,com.android.settings/.SubSettings,app-request]
05-01 13:46:52.580  1899  3109 I wm_pause_activity: [0,73313308,com.android.settings/.SubSettings,userLeaving=false,finish]
05-01 13:46:52.582   484   484 I auditd  : avc:  denied  { find } for pid=1899 uid=1000 name=vendor.mediatek.hardware.gpuserv.IGpuService/default scontext=u:r:system_server:s0 tcontext=u:object_r:default_android_service:s0 tclass=service_manager permissive=0
05-01 13:46:52.584 17623 17623 I wm_on_create_called: [73313308,com.android.settings.SubSettings,performCreate,33]
05-01 13:46:52.585  1899  1995 I sysui_multi_action: [757,1144,758,8,806,com.android.settings,871,com.android.settings.SubSettings]
05-01 13:46:52.589  1899  3333 I wm_add_to_stopping: [0,73313308,com.android.settings/.SubSettings,completeFinishing]
05-01 13:46:52.592  1899  3333 I wm_set_resumed_activity: [0,com.android.settings/.applications.InstalledAppDetails,resumeTopActivity - onActivityStateChanged]
05-01 13:46:52.596   484   484 I auditd  : avc:  denied  { find } for pid=1899 uid=1000 name=vendor.mediatek.hardware.gpuserv.IGpuService/default scontext=u:r:system_server:s0 tcontext=u:object_r:default_android_service:s0 tclass=service_manager permissive=0
05-01 13:46:52.599  1899  3333 I wm_resume_activity: [0,56427710,5643,com.android.settings/.applications.InstalledAppDetails]
05-01 13:46:52.600  1899  1992 I sysui_multi_action: [757,803,799,window_time_0,802,1]
05-01 13:46:52.603  1899  1996 I input_focus: [Focus request eb60668 com.android.settings/com.android.settings.applications.InstalledAppDetails,reason=UpdateInputWindows]
05-01 13:46:52.605 17623 17623 I wm_on_activity_result_called: [56427710,com.android.settings.applications.InstalledAppDetails,ACTIVITY_RESULT]
05-01 13:46:52.605 17623 17623 I wm_on_resume_called: [56427710,com.android.settings.applications.InstalledAppDetails,RESUME_ACTIVITY,0]
05-01 13:46:52.609  1899  1995 I wm_destroy_activity: [0,73313308,5643,com.android.settings/.SubSettings,finish-imm:transit]
05-01 13:46:52.614   484   484 I auditd  : avc:  denied  { find } for pid=1899 uid=1000 name=vendor.mediatek.hardware.gpuserv.IGpuService/default scontext=u:r:system_server:s0 tcontext=u:object_r:default_android_service:s0 tclass=service_manager permissive=0
05-01 13:46:52.615  1899  2007 I am_pss  : [17311,10244,com.transsion.filemanagerx,0,0,0,182693888,0,16,8]
05-01 13:46:52.620  1899  2206 I input_focus: [Focus entering eb60668 com.android.settings/com.android.settings.applications.InstalledAppDetails (server),reason=setFocusedWindow]
05-01 13:46:52.638  1899  5463 I netstats_mobile_sample: [71424678,19888137,89470,57318,71160564,19751125,89204,56388,1777632413060]
05-01 13:46:52.639  1899  5463 I netstats_wifi_sample: [21859423,5283813,34223,31406,21303228,5267023,32374,31175,1777632413060]
05-01 13:46:52.639  1899  2007 I am_pss  : [10983,10396,com.example.ilk_uygulamam,0,0,0,138518528,0,19,9]
05-01 13:46:52.651 17623 17623 I wm_on_top_resumed_gained_called: [56427710,com.android.settings.applications.InstalledAppDetails,topWhenResuming]
05-01 13:46:52.655  1899  2152 I netstats_mobile_sample: [71424678,19888137,89470,57318,71160564,19751125,89204,56388,1777632413076]
05-01 13:46:52.656  1899  2152 I netstats_wifi_sample: [21859423,5283813,34223,31406,21303228,5267023,32374,31175,1777632413076]
05-01 13:46:52.663  1899  2007 I am_pss  : [11899,1000,com.transsion.spacesaversdk,0,0,0,118407168,0,19,6]
05-01 13:46:52.667 17623 17623 I wm_on_destroy_called: [73313308,com.android.settings.SubSettings,performDestroy,1]
05-01 13:46:52.671  1899  5057 I netstats_mobile_sample: [71424678,19888137,89470,57318,71160564,19751125,89204,56388,1777632413092]
05-01 13:46:52.671  1899  5057 I netstats_wifi_sample: [21859423,5283813,34223,31406,21303228,5267023,32374,31175,1777632413092]
05-01 13:46:52.683  2806  2806 I viewroot_draw_event: [VRI[Toast],reportDrawFinished seqId=0]
05-01 13:46:52.691  1899  5463 I netstats_mobile_sample: [71424678,19888137,89470,57318,71160564,19751125,89204,56388,1777632413112]
05-01 13:46:52.691  1899  5463 I netstats_wifi_sample: [21859423,5283813,34223,31406,21303228,5267023,32374,31175,1777632413112]
05-01 13:46:52.695  2806  2806 I viewroot_draw_event: [VRI[Toast],reportDrawFinished seqId=0]
05-01 13:46:52.698  1899  2007 I am_pss  : [11879,10120,com.transsion.dualapp,0,0,0,99962880,0,19,14]
05-01 13:46:52.714  1899  5057 I netstats_mobile_sample: [71424678,19888137,89470,57318,71160564,19751125,89204,56388,1777632413135]
05-01 13:46:52.714  1899  5057 I netstats_wifi_sample: [21859423,5283813,34223,31406,21303228,5267023,32374,31175,1777632413135]
05-01 13:46:52.725  1899  5057 I netstats_mobile_sample: [71424678,19888137,89470,57318,71160564,19751125,89204,56388,1777632413146]
05-01 13:46:52.726  1899  5057 I netstats_wifi_sample: [21859423,5283813,34223,31406,21303228,5267023,32374,31175,1777632413146]
05-01 13:46:52.737  1899  5463 I netstats_mobile_sample: [71424678,19888137,89470,57318,71160564,19751125,89204,56388,1777632413158]
05-01 13:46:52.738  1899  5463 I netstats_wifi_sample: [21859423,5283813,34223,31406,21303228,5267023,32374,31175,1777632413158]
05-01 13:46:52.753  1899  5463 I netstats_mobile_sample: [71424678,19888137,89470,57318,71160564,19751125,89204,56388,1777632413174]
05-01 13:46:52.753  1899  5463 I netstats_wifi_sample: [21859423,5283813,34223,31406,21303228,5267023,32374,31175,1777632413174]
05-01 13:46:52.764  1899  3333 I netstats_mobile_sample: [71424678,19888137,89470,57318,71160564,19751125,89204,56388,1777632413186]
05-01 13:46:52.765  1899  3333 I netstats_wifi_sample: [21859423,5283813,34223,31406,21303228,5267023,32374,31175,1777632413186]
05-01 13:46:52.773  1899  3333 I netstats_mobile_sample: [71424678,19888137,89470,57318,71160564,19751125,89204,56388,1777632413194]
05-01 13:46:52.773  1899  3333 I netstats_wifi_sample: [21859423,5283813,34223,31406,21303228,5267023,32374,31175,1777632413194]
05-01 13:46:52.781  1899  3333 I netstats_mobile_sample: [71424678,19888137,89470,57318,71160564,19751125,89204,56388,1777632413202]
05-01 13:46:52.781  1899  3333 I netstats_wifi_sample: [21859423,5283813,34223,31406,21303228,5267023,32374,31175,1777632413202]
05-01 13:46:52.790  1899  3333 I netstats_mobile_sample: [71424678,19888137,89470,57318,71160564,19751125,89204,56388,1777632413212]
05-01 13:46:52.791  1899  3333 I netstats_wifi_sample: [21859423,5283813,34223,31406,21303228,5267023,32374,31175,1777632413212]
05-01 13:46:52.801  1899  5057 I netstats_mobile_sample: [71424678,19888137,89470,57318,71160564,19751125,89204,56388,1777632413223]
05-01 13:46:52.802  1899  5057 I netstats_wifi_sample: [21859423,5283813,34223,31406,21303228,5267023,32374,31175,1777632413223]
05-01 13:46:52.812  1899  2152 I netstats_mobile_sample: [71424678,19888137,89470,57318,71160564,19751125,89204,56388,1777632413234]
05-01 13:46:52.813  1899  2152 I netstats_wifi_sample: [21859423,5283813,34223,31406,21303228,5267023,32374,31175,1777632413234]
05-01 13:46:52.824  1899  5057 I netstats_mobile_sample: [71424678,19888137,89470,57318,71160564,19751125,89204,56388,1777632413245]
05-01 13:46:52.824  1899  5057 I netstats_wifi_sample: [21859423,5283813,34223,31406,21303228,5267023,32374,31175,1777632413245]
05-01 13:46:52.835  1899  2152 I netstats_mobile_sample: [71424678,19888137,89470,57318,71160564,19751125,89204,56388,1777632413257]
05-01 13:46:52.835  1899  2152 I netstats_wifi_sample: [21859423,5283813,34223,31406,21303228,5267023,32374,31175,1777632413257]
05-01 13:46:52.847  1899  2152 I netstats_mobile_sample: [71424678,19888137,89470,57318,71160564,19751125,89204,56388,1777632413269]
05-01 13:46:52.847  1899  2152 I netstats_wifi_sample: [21859423,5283813,34223,31406,21303228,5267023,32374,31175,1777632413269]
05-01 13:46:52.857  1899  4773 I netstats_mobile_sample: [71424678,19888137,89470,57318,71160564,19751125,89204,56388,1777632413278]
05-01 13:46:52.858  1899  4773 I netstats_wifi_sample: [21859423,5283813,34223,31406,21303228,5267023,32374,31175,1777632413278]
05-01 13:46:52.868  1899  4773 I netstats_mobile_sample: [71424678,19888137,89470,57318,71160564,19751125,89204,56388,1777632413289]
05-01 13:46:52.869  1899  4773 I netstats_wifi_sample: [21859423,5283813,34223,31406,21303228,5267023,32374,31175,1777632413289]
05-01 13:46:52.878  1899  4773 I netstats_mobile_sample: [71424678,19888137,89470,57318,71160564,19751125,89204,56388,1777632413299]
05-01 13:46:52.879  1899  4773 I netstats_wifi_sample: [21859423,5283813,34223,31406,21303228,5267023,32374,31175,1777632413299]
05-01 13:46:52.889  1899  3333 I netstats_mobile_sample: [71424678,19888137,89470,57318,71160564,19751125,89204,56388,1777632413310]
05-01 13:46:52.890  1899  3333 I netstats_wifi_sample: [21859423,5283813,34223,31406,21303228,5267023,32374,31175,1777632413310]
05-01 13:46:52.897  1899  4773 I netstats_mobile_sample: [71424678,19888137,89470,57318,71160564,19751125,89204,56388,1777632413319]
05-01 13:46:52.898  1899  4773 I netstats_wifi_sample: [21859423,5283813,34223,31406,21303228,5267023,32374,31175,1777632413319]
05-01 13:46:52.908  1899  3333 I netstats_mobile_sample: [71424678,19888137,89470,57318,71160564,19751125,89204,56388,1777632413329]
05-01 13:46:52.908  1899  3333 I netstats_wifi_sample: [21859423,5283813,34223,31406,21303228,5267023,32374,31175,1777632413329]
05-01 13:46:52.915  1899  4773 I netstats_mobile_sample: [71424678,19888137,89470,57318,71160564,19751125,89204,56388,1777632413337]
05-01 13:46:52.916  1899  4773 I netstats_wifi_sample: [21859423,5283813,34223,31406,21303228,5267023,32374,31175,1777632413337]
05-01 13:46:52.924  1899  3333 I netstats_mobile_sample: [71424678,19888137,89470,57318,71160564,19751125,89204,56388,1777632413346]
05-01 13:46:52.924  1899  3333 I netstats_wifi_sample: [21859423,5283813,34223,31406,21303228,5267023,32374,31175,1777632413346]
05-01 13:46:52.932  1899  3333 I netstats_mobile_sample: [71424678,19888137,89470,57318,71160564,19751125,89204,56388,1777632413354]
05-01 13:46:52.932  1899  3333 I netstats_wifi_sample: [21859423,5283813,34223,31406,21303228,5267023,32374,31175,1777632413354]
05-01 13:46:52.943  1899  4773 I netstats_mobile_sample: [71424678,19888137,89470,57318,71160564,19751125,89204,56388,1777632413364]
05-01 13:46:52.943  1899  4773 I netstats_wifi_sample: [21859423,5283813,34223,31406,21303228,5267023,32374,31175,1777632413364]
05-01 13:46:52.947  1899  4773 I service_manager_stats: [100,51,8627]
05-01 13:46:52.950  1899  4773 I netstats_mobile_sample: [71424678,19888137,89470,57318,71160564,19751125,89204,56388,1777632413372]
05-01 13:46:52.950  1899  4773 I netstats_wifi_sample: [21859423,5283813,34223,31406,21303228,5267023,32374,31175,1777632413372]
05-01 13:46:52.963  1899  3333 I netstats_mobile_sample: [71424678,19888137,89470,57318,71160564,19751125,89204,56388,1777632413384]
05-01 13:46:52.964  1899  3333 I netstats_wifi_sample: [21859423,5283813,34223,31406,21303228,5267023,32374,31175,1777632413384]
05-01 13:46:52.976  1899  3333 I netstats_mobile_sample: [71424678,19888137,89470,57318,71160564,19751125,89204,56388,1777632413398]
05-01 13:46:52.977  1899  3333 I netstats_wifi_sample: [21859423,5283813,34223,31406,21303228,5267023,32374,31175,1777632413398]
05-01 13:46:52.997  1899  5463 I netstats_mobile_sample: [71424678,19888137,89470,57318,71160564,19751125,89204,56388,1777632413418]
05-01 13:46:52.998  1899  5463 I netstats_wifi_sample: [21859423,5283813,34223,31406,21303228,5267023,32374,31175,1777632413418]
05-01 13:46:53.010  1899  5463 I netstats_mobile_sample: [71424678,19888137,89470,57318,71160564,19751125,89204,56388,1777632413431]
05-01 13:46:53.010  1899  5463 I netstats_wifi_sample: [21859423,5283813,34223,31406,21303228,5267023,32374,31175,1777632413431]
05-01 13:46:53.318  2766  3420 I service_manager_stats: [832,287,15544]
05-01 13:46:53.520  1899  2206 I input_interaction: Interaction with: eb60668 com.android.settings/com.android.settings.applications.InstalledAppDetails (server), [Gesture Monitor] dc-screen-touch (server), [Gesture Monitor] swipe-up (server), [Gesture Monitor] edge-swipe (server), [Gesture Monitor] tran_split (server), [Gesture Monitor] tran_gesture_service_damon (server), [Gesture Monitor] tran_gesture_service (server), PointerEventDispatcher0 (server), 
05-01 13:46:53.548  2806  3277 I viewroot_draw_event: [VRI[TrEdgeBackGestureHandler0],Start draw after previous draw not visible]
05-01 13:46:53.553  2806  3277 I viewroot_draw_event: [VRI[TrEdgeBackGestureHandler0],reportDrawFinished seqId=0]
05-01 13:46:53.938  1899  2029 I am_uid_idle: 10058
05-01 13:46:54.161  1899  5463 I wm_finish_activity: [0,56427710,5643,com.android.settings/.applications.InstalledAppDetails,app-request]
05-01 13:46:54.162  1899  5463 I wm_task_moved: [1,1,0,1,4]
05-01 13:46:54.162  1899  5463 I wm_task_moved: [2,1,0,1,2147483647]
05-01 13:46:54.162  1899  5463 I wm_task_to_front: [0,2,0]
05-01 13:46:54.163  1899  5463 I wm_focused_root_task: [0,0,1,5643,finish-top adjustFocusToNextFocusableTask]
05-01 13:46:54.165  1899  5463 I wm_pause_activity: [0,56427710,com.android.settings/.applications.InstalledAppDetails,userLeaving=false,finish]
05-01 13:46:54.167   484   484 I auditd  : avc:  denied  { find } for pid=1899 uid=1000 name=vendor.mediatek.hardware.gpuserv.IGpuService/default scontext=u:r:system_server:s0 tcontext=u:object_r:default_android_service:s0 tclass=service_manager permissive=0
05-01 13:46:54.174 17623 17623 I wm_on_top_resumed_lost_called: [56427710,com.android.settings.applications.InstalledAppDetails,topStateChangedWhenResumed]
05-01 13:46:54.190  1899  2206 I input_focus: [Focus leaving eb60668 com.android.settings/com.android.settings.applications.InstalledAppDetails (server),reason=NO_WINDOW]
05-01 13:46:54.191 17623 17623 I wm_on_paused_called: [56427710,com.android.settings.applications.InstalledAppDetails,performPause,4]
05-01 13:46:54.192  1899  5666 I wm_add_to_stopping: [0,56427710,com.android.settings/.applications.InstalledAppDetails,completeFinishing]
05-01 13:46:54.195  1899  5666 I wm_set_resumed_activity: [0,com.transsion.hilauncher/com.android.launcher3.uioverrides.QuickstepLauncher,resumeTopActivity - onActivityStateChanged]
05-01 13:46:54.197   484   484 I auditd  : avc:  denied  { find } for pid=1899 uid=1000 name=vendor.mediatek.hardware.gpuserv.IGpuService/default scontext=u:r:system_server:s0 tcontext=u:object_r:default_android_service:s0 tclass=service_manager permissive=0
05-01 13:46:54.202  1899  5666 I wm_resume_activity: [0,221348157,2,com.transsion.hilauncher/com.android.launcher3.uioverrides.QuickstepLauncher]
05-01 13:46:54.204  1899  1992 I sysui_multi_action: [757,803,799,window_time_0,802,1]
05-01 13:46:54.206  2572  2572 I wm_on_restart_called: [221348157,com.android.launcher3.uioverrides.QuickstepLauncher,performRestart,0]
05-01 13:46:54.207  2572  2572 I wm_on_start_called: [221348157,com.android.launcher3.uioverrides.QuickstepLauncher,handleStartActivity,1]
05-01 13:46:54.207  2572  2572 I wm_on_resume_called: [221348157,com.android.launcher3.uioverrides.QuickstepLauncher,RESUME_ACTIVITY,0]
05-01 13:46:54.207  2572  2572 I wm_on_top_resumed_gained_called: [221348157,com.android.launcher3.uioverrides.QuickstepLauncher,topWhenResuming]
05-01 13:46:54.217  1899  2170 I job_deferred_execution: 61112012
05-01 13:46:54.218  1899  1996 I snet_event_log: updateFrameRateVote [pkg = com.transsion.livewallpaper.microsparkslim title = com.transsion.livewallpaper.microsparkslim.SparkSlimWallpaperServiceWhite refreshRate = 90.0 modeId = 3 setting =120 peak = 144.0 mTopApp = com.transsion.hilauncher]
05-01 13:46:54.218  1899  1996 I wm_wallpaper_surface: [0,1,Window{e9a4748 u0 com.transsion.hilauncher/com.android.launcher3.uioverrides.QuickstepLauncher}]
05-01 13:46:54.218  1899  1996 I snet_event_log: updateFrameRateVote [pkg = com.transsion.hilauncher title = ZeroScreen refreshRate = 90.0 modeId = 3 setting =120 peak = 144.0 mTopApp = com.transsion.hilauncher]
05-01 13:46:54.229  1899  1996 I input_focus: [Focus request e9a4748 com.transsion.hilauncher/com.android.launcher3.uioverrides.QuickstepLauncher,reason=UpdateInputWindows]
05-01 13:46:54.229  1899  1996 I snet_event_log: updateFrameRateVote [pkg = com.transsion.hilauncher title = com.transsion.hilauncher/com.android.launcher3.uioverrides.QuickstepLauncher refreshRate = 90.0 modeId = 3 setting =120 peak = 144.0 mTopApp = com.transsion.hilauncher]
05-01 13:46:54.230  2572  2572 I viewroot_draw_event: [VRI[QuickstepLauncher],Start draw after previous draw not visible]
05-01 13:46:54.238  2572  2572 I viewroot_draw_event: [VRI[QuickstepLauncher],reportDrawFinished seqId=0]
05-01 13:46:54.239 32488 32488 I viewroot_draw_event: [VRI[ZeroScreen],Start draw after previous draw not visible]
05-01 13:46:54.255 32488 32488 I viewroot_draw_event: [VRI[ZeroScreen],reportDrawFinished seqId=0]
05-01 13:46:54.276  1899  2170 I job_deferred_execution: 48878929
05-01 13:46:54.280  1899  2170 I job_deferred_execution: 48878933
05-01 13:46:54.283  1899  2206 I input_focus: [Focus entering e9a4748 com.transsion.hilauncher/com.android.launcher3.uioverrides.QuickstepLauncher (server),reason=Window became focusable. Previous reason: NOT_VISIBLE]
05-01 13:46:54.287  1899  2170 I job_deferred_execution: 48878940
05-01 13:46:54.288  1899  1996 I snet_event_log: updateFrameRateVote [pkg = com.android.systemui title = Toast refreshRate = 90.0 modeId = 3 setting =120 peak = 144.0 mTopApp = com.transsion.hilauncher]
05-01 13:46:54.288  1899  1996 I snet_event_log: updateFrameRateVote [pkg = com.android.systemui title = StatusBar refreshRate = 90.0 modeId = 3 setting =120 peak = 144.0 mTopApp = com.transsion.hilauncher]
05-01 13:46:54.288  1899  1996 I snet_event_log: updateFrameRateVote [pkg = com.android.systemui title = NavigationBar0 refreshRate = 90.0 modeId = 3 setting =120 peak = 144.0 mTopApp = com.transsion.hilauncher]
05-01 13:46:54.288  1899  1996 I snet_event_log: updateFrameRateVote [pkg = com.android.systemui title = IslandResidentBar refreshRate = 90.0 modeId = 3 setting =120 peak = 144.0 mTopApp = com.transsion.hilauncher]
05-01 13:46:54.297  1899  2170 I job_deferred_execution: 48878950
05-01 13:46:54.297  2766  2766 I service_manager_slow: [12,carrier_config]
05-01 13:46:54.299  1899  2170 I job_deferred_execution: 3507873
05-01 13:46:54.313  1899  2170 I job_deferred_execution: 3343621
05-01 13:46:54.325  2806  3277 I viewroot_draw_event: [VRI[TrEdgeBackGestureHandler0],Not drawing due to not visible. Reason=View.GONE]
05-01 13:46:54.544  1899  2029 I am_uid_idle: 10216
05-01 13:46:54.634  1899  1995 I wm_destroy_activity: [0,56427710,5643,com.android.settings/.applications.InstalledAppDetails,finish-imm:idle]
05-01 13:46:54.637   484   484 I auditd  : avc:  denied  { find } for pid=1899 uid=1000 name=vendor.mediatek.hardware.gpuserv.IGpuService/default scontext=u:r:system_server:s0 tcontext=u:object_r:default_android_service:s0 tclass=service_manager permissive=0
05-01 13:46:54.662 17623 17623 I viewroot_draw_event: [VRI[InstalledAppDetails],Not drawing due to not visible. Reason=!mAppVisible && !mForceDecorViewVisibility]
05-01 13:46:54.676 17623 17623 I wm_on_stop_called: [56427710,com.android.settings.applications.InstalledAppDetails,LIFECYCLER_STOP_ACTIVITY,2]
05-01 13:46:54.685 17623 17623 I wm_on_destroy_called: [56427710,com.android.settings.applications.InstalledAppDetails,performDestroy,7]
05-01 13:46:54.694  1899  3109 I wm_task_removed: [5643,5643,0,removeChild, last child = ActivityRecord{35d04be u0 com.android.settings/.applications.InstalledAppDetails t-1 f}} in Task{f2b4b02 #5643 type=standard A=1000:com.android.settings}]
05-01 13:46:56.210  1899  2029 I am_uid_idle: 10265
05-01 13:46:56.378  1899  2066 I commit_sys_config_file: [package-user-0,29]
05-01 13:46:58.313  1899  2177 I commit_sys_config_file: [settings-1-0,8]
05-01 13:47:00.554  1899  2029 I am_uid_idle: 10269
05-01 13:47:02.772  1899  2556 I am_uid_idle: 10257
05-01 13:47:04.002  1899  2029 I am_uid_idle: 10151
05-01 13:47:04.677  1899  2029 I am_uid_idle: 10107
05-01 13:47:08.366  1899  2177 I commit_sys_config_file: [settings-1-0,10]
05-01 13:47:08.793  1899  2556 I am_uid_idle: 10257
05-01 13:47:21.699  1899  2029 I am_uid_idle: 10108
05-01 13:47:23.227  1899  2029 I am_uid_idle: 10204
05-01 13:47:23.789  1899  2029 I am_uid_idle: 10120
05-01 13:47:24.256  1899  2029 I am_uid_idle: 10244
05-01 13:47:24.256  1899  2029 I am_uid_idle: 10149
05-01 13:47:25.870  1899  2029 I am_uid_idle: 10155
05-01 13:47:26.386 11814 12365 I liblog  : 1
05-01 13:47:26.386 11814 12365 I liblog  : 12
05-01 13:47:26.386 11814 12365 I liblog  : 6
05-01 13:47:26.386 11814 12365 I liblog  : 5
05-01 13:47:26.386 11814 12365 I liblog  : 4
05-01 13:47:26.386 11814 12365 I liblog  : 3
05-01 13:47:26.386 11814 12365 I liblog  : 2
05-01 13:47:26.386 11814 12365 I liblog  : 2
05-01 13:47:26.386 11814 12365 I liblog  : 3
05-01 13:47:26.387 11814 12365 I liblog  : 3
05-01 13:47:26.387 11814 12365 I liblog  : 1
05-01 13:47:28.479  1899  2177 I commit_sys_config_file: [settings-1-0,13]
05-01 13:47:28.872  1899  2029 I am_uid_idle: 10396
05-01 13:47:44.972  2766  3501 I service_manager_stats: [100,84,51654]
05-01 13:47:45.304  1899  2029 I am_uid_idle: 10049
05-01 13:47:45.339  1899  3109 I am_kill : [0,1094,com.example.nova:nova_decommission,999,empty #49,87912]
05-01 13:47:45.375  1899  3109 I am_proc_died: [0,1094,com.example.nova:nova_decommission,999,19]
05-01 13:47:45.382   484   484 I auditd  : avc:  denied  { find } for pid=1899 uid=1000 name=vendor.mediatek.hardware.gpuserv.IGpuService/default scontext=u:r:system_server:s0 tcontext=u:object_r:default_android_service:s0 tclass=service_manager permissive=0
05-01 13:47:50.339  1899  2556 I am_uid_idle: 10252
05-01 13:47:57.363  1899  2029 I am_uid_idle: 10228
05-01 13:47:58.569  1899  2177 I commit_sys_config_file: [settings-1-0,13]
05-01 13:48:08.388  1899  2029 I am_uid_idle: 10210
05-01 13:48:09.225  1899  5463 I am_kill : [0,1118,com.example.nova:nova_internet,999,empty #49,87964]
05-01 13:48:09.263  1899  2634 I am_proc_died: [0,1118,com.example.nova:nova_internet,999,19]
05-01 13:48:09.264  1899  2634 I am_uid_stopped: 10395
05-01 13:48:09.269   484   484 I auditd  : avc:  denied  { find } for pid=1899 uid=1000 name=vendor.mediatek.hardware.gpuserv.IGpuService/default scontext=u:r:system_server:s0 tcontext=u:object_r:default_android_service:s0 tclass=service_manager permissive=0
05-01 13:48:09.275  1899  1913 I am_proc_died: [0,11672,com.transsion.tabe,905,19]
05-01 13:48:09.284   484   484 I auditd  : avc:  denied  { find } for pid=1899 uid=1000 name=vendor.mediatek.hardware.gpuserv.IGpuService/default scontext=u:r:system_server:s0 tcontext=u:object_r:default_android_service:s0 tclass=service_manager permissive=0
05-01 13:48:17.528  1899  2556 I am_uid_idle: 10320
05-01 13:48:23.548  1899  2556 I am_uid_idle: 10320
05-01 13:48:26.949  2997 12360 I c2dm    : [-7,,185,93]
05-01 13:48:45.343  1899  2029 I am_uid_idle: 10252
05-01 13:48:47.581  2766  2766 I service_manager_stats: [100,45,62609]
05-01 13:48:50.730  1899  2007 I commit_sys_config_file: [batterystats,15]
05-01 13:48:50.741  1899  2007 I commit_sys_config_file: [batterystats,6]
05-01 13:48:58.783  1899  2177 I commit_sys_config_file: [settings-1-0,13]
05-01 13:49:20.117  1899  2206 I input_interaction: Interaction with: 83ba9e4 StatusBar (server), [Gesture Monitor] dc-screen-touch (server), [Gesture Monitor] swipe-up (server), [Gesture Monitor] edge-swipe (server), [Gesture Monitor] tran_split (server), [Gesture Monitor] tran_gesture_service_damon (server), [Gesture Monitor] tran_gesture_service (server), PointerEventDispatcher0 (server), 
05-01 13:49:20.129  1899  1996 I snet_event_log: updateFrameRateVote [pkg = com.transsion.hilauncher title = com.transsion.hilauncher/com.android.launcher3.uioverrides.QuickstepLauncher refreshRate = 90.0 modeId = 3 setting =120 peak = 144.0 mTopApp = com.transsion.hilauncher]
05-01 13:49:20.129  1899  1996 I snet_event_log: updateFrameRateVote [pkg = com.transsion.hilauncher title = ZeroScreen refreshRate = 90.0 modeId = 3 setting =120 peak = 144.0 mTopApp = com.transsion.hilauncher]
05-01 13:49:20.222  1899  1913 I sysui_multi_action: [757,127,758,1]
05-01 13:49:20.222  1899  1913 I sysui_multi_action: [757,804,799,note_load,801,39,802,1]
05-01 13:49:20.222  1899  1913 I notification_panel_revealed: 39
05-01 13:49:20.307  2806  3075 I jank_cuj_events_begin_request: [10406,1777632560307275000,69048710099345,14429879336012,Expand]
05-01 13:49:20.333  1899  1996 I input_focus: [Focus request 43cfd4c NotificationShade,reason=UpdateInputWindows]
05-01 13:49:20.334  1899  3900 I am_uid_running: 10195
05-01 13:49:20.334  1899  1996 I snet_event_log: updateFrameRateVote [pkg = com.android.systemui title = NotificationShade refreshRate = 120.00001 modeId = 1 setting =120 peak = 144.0 mTopApp = com.transsion.hilauncher]
05-01 13:49:20.339  1899  2206 I input_focus: [Focus leaving e9a4748 com.transsion.hilauncher/com.android.launcher3.uioverrides.QuickstepLauncher (server),reason=Waiting for window because NOT_VISIBLE]
05-01 13:49:20.354  2806  2806 I viewroot_draw_event: [VRI[NotificationShade],Start draw after previous draw not visible]
05-01 13:49:20.359  1899  2030 I am_proc_start: [0,12383,10195,com.transsion.screenrecorder,service,{com.transsion.screenrecorder/com.transsion.screenrecorder.service.ScreenRecordTileService},caller=com.android.systemui/10164]
05-01 13:49:20.414  1899  3900 I am_proc_bound: [0,12383,com.transsion.screenrecorder]
05-01 13:49:20.422  2806  2806 I viewroot_draw_event: [VRI[NotificationShade],reportDrawFinished seqId=0]
05-01 13:49:20.451  1899  2206 I input_focus: [Focus entering 43cfd4c NotificationShade (server),reason=Window became focusable. Previous reason: NOT_VISIBLE]
05-01 13:49:20.609  1899  2177 I commit_sys_config_file: [settings-0-0,4]
05-01 13:49:20.800  2806  3075 I jank_cuj_events_end_request: [10406,1777632560800209000,69049203033575,14430372270705]
05-01 13:49:20.846  1899  2206 I input_interaction: Interaction with: 43cfd4c NotificationShade (server), [Gesture Monitor] dc-screen-touch (server), [Gesture Monitor] swipe-up (server), [Gesture Monitor] edge-swipe (server), [Gesture Monitor] tran_split (server), [Gesture Monitor] tran_gesture_service_damon (server), [Gesture Monitor] tran_gesture_service (server), PointerEventDispatcher0 (server), 
05-01 13:49:20.953  2806  3075 I jank_cuj_events_begin_request: [10406,1777632560953102000,69049355926806,14430525163628,Collapse]
05-01 13:49:20.954  2806  3075 I jank_cuj_events_begin_request: [10406,1777632560954013000,69049356837575,14430526074397,Expand]
05-01 13:49:21.253  2806  3075 I jank_cuj_events_end_request: [10406,1777632561253784000,69049656608268,14430825844936]
05-01 13:49:21.382  1899  1996 I input_focus: [Focus request e9a4748 com.transsion.hilauncher/com.android.launcher3.uioverrides.QuickstepLauncher,reason=UpdateInputWindows]
05-01 13:49:21.384  1899  1913 I sysui_multi_action: [757,127,758,2]
05-01 13:49:21.384  1899  1913 I notification_panel_hidden: 
05-01 13:49:21.395  1899  2206 I input_focus: [Focus leaving 43cfd4c NotificationShade (server),reason=NOT_FOCUSABLE]
05-01 13:49:21.395  1899  2206 I input_focus: [Focus entering e9a4748 com.transsion.hilauncher/com.android.launcher3.uioverrides.QuickstepLauncher (server),reason=setFocusedWindow]
05-01 13:49:21.429  2806  2806 I viewroot_draw_event: [VRI[NotificationShade],Not drawing due to not visible. Reason=View.INVISIBLE]
05-01 13:49:21.579  1899  2177 I commit_sys_config_file: [settings-0-0,8]
05-01 13:49:21.978  1899  2206 I input_interaction: Interaction with: 83ba9e4 StatusBar (server), [Gesture Monitor] dc-screen-touch (server), [Gesture Monitor] edge-swipe (server), [Gesture Monitor] tran_split (server), [Gesture Monitor] tran_gesture_service_damon (server), [Gesture Monitor] tran_gesture_service (server), PointerEventDispatcher0 (server), 
05-01 13:49:22.051  1899  1913 I sysui_multi_action: [757,127,758,1]
05-01 13:49:22.051  1899  1913 I sysui_multi_action: [757,804,799,note_load,801,39,802,1]
05-01 13:49:22.052  1899  1913 I notification_panel_revealed: 39
05-01 13:49:22.103  1899  1996 I input_focus: [Focus request 43cfd4c NotificationShade,reason=UpdateInputWindows]
05-01 13:49:22.108  2806  2806 I viewroot_draw_event: [VRI[NotificationShade],Start draw after previous draw not visible]
05-01 13:49:22.118  1899  2206 I input_focus: [Focus leaving e9a4748 com.transsion.hilauncher/com.android.launcher3.uioverrides.QuickstepLauncher (server),reason=Waiting for window because NO_WINDOW]
05-01 13:49:22.139  2806  2806 I viewroot_draw_event: [VRI[NotificationShade],reportDrawFinished seqId=0]
05-01 13:49:22.163  1899  2206 I input_focus: [Focus entering 43cfd4c NotificationShade (server),reason=Window became focusable. Previous reason: NOT_VISIBLE]
05-01 13:49:22.177  2806  3075 I jank_cuj_events_begin_request: [10406,1777632562177596000,69050580420883,14431749657474,Expand]
05-01 13:49:22.323  1899  2177 I commit_sys_config_file: [settings-0-0,7]
05-01 13:49:22.598  2806  3075 I jank_cuj_events_end_request: [10406,1777632562597926000,69051000750191,14432169987013]
05-01 13:49:23.706  1899  2030 I am_proc_start: [0,12419,1000,com.android.DeviceAsWebcam,broadcast,{com.android.DeviceAsWebcam/com.android.DeviceAsWebcam.DeviceAsWebcamReceiver},caller=android/1000,action = android.hardware.usb.action.USB_STATE]
05-01 13:49:23.740  1899  5461 I am_proc_bound: [0,12419,com.android.DeviceAsWebcam]
05-01 13:49:23.826  1899  2029 I am_uid_running: 10093
05-01 13:49:23.853  1899  3162 I am_kill : [0,15710,com.google.android.tts,999,empty #49,97664]
05-01 13:49:23.855  1899  2030 I am_proc_start: [0,12442,10093,com.google.android.projection.gearhead:car,broadcast,{com.google.android.projection.gearhead/com.google.android.apps.auto.components.connectivity.usbtrigger.CarUsbTriggerReceiver},caller=android/1000,action = android.hardware.usb.action.USB_STATE]
05-01 13:49:23.889  1899  3162 I am_proc_bound: [0,12442,com.google.android.projection.gearhead:car]
05-01 13:49:23.922  1899  3162 I sysui_multi_action: [757,1417,758,5,1418,85,1419,91,1420,6605425,1421,2]
05-01 13:49:23.922  1899  3162 I battery_status: [3,2,1,0,Li-ion]
05-01 13:49:23.949  1899  3109 I am_proc_died: [0,15710,com.google.android.tts,999,19]
05-01 13:49:23.950  1899  3109 I am_uid_stopped: 10130
05-01 13:49:23.954   484   484 I auditd  : avc:  denied  { find } for pid=1899 uid=1000 name=vendor.mediatek.hardware.gpuserv.IGpuService/default scontext=u:r:system_server:s0 tcontext=u:object_r:default_android_service:s0 tclass=service_manager permissive=0
05-01 13:49:24.007  1899  1899 I battery_saving_stats: [0,1,0,220532,0,0,4161204,206400,4]
05-01 13:49:24.016  1899  2170 I job_deferred_execution: 61261812
05-01 13:49:24.026  1899  2170 I job_deferred_execution: 49028679
05-01 13:49:24.029  1899  2170 I job_deferred_execution: 49028681
05-01 13:49:24.031  1899  2170 I job_deferred_execution: 49028684
05-01 13:49:24.145  1899  2039 I commit_sys_config_file: [batterystats,1]
05-01 13:49:24.147  1899  2039 I commit_sys_config_file: [batterystats,1]
05-01 13:49:24.156  1899  2007 I commit_sys_config_file: [batterystats,3]
05-01 13:49:24.161  1899  2007 I commit_sys_config_file: [batterystats,4]
05-01 13:49:24.162  1899  2170 I job_deferred_execution: 49028815
05-01 13:49:24.166  1899  2170 I job_deferred_execution: 3657740
05-01 13:49:24.173  1899  2170 I job_deferred_execution: 3493481
05-01 13:49:24.185  1899  2030 I am_proc_start: [0,12478,1000,com.mediatek.batterywarning,broadcast,{com.mediatek.batterywarning/com.mediatek.batterywarning.BatteryWarningReceiver},action = mediatek.intent.action.BATTERY_NORMAL]
05-01 13:49:24.190  1899  3109 I am_kill : [0,5082,com.transsion.pcconnect,995,empty #49,112188]
05-01 13:49:24.209  1899  2170 I job_deferred_execution: 61262004
05-01 13:49:24.219  1899  3109 I am_proc_bound: [0,12478,com.mediatek.batterywarning]
05-01 13:49:24.231  1899  5463 I am_proc_died: [0,5082,com.transsion.pcconnect,995,19]
05-01 13:49:24.233  1899  5463 I am_uid_stopped: 10186
05-01 13:49:24.237   484   484 I auditd  : avc:  denied  { find } for pid=1899 uid=1000 name=vendor.mediatek.hardware.gpuserv.IGpuService/default scontext=u:r:system_server:s0 tcontext=u:object_r:default_android_service:s0 tclass=service_manager permissive=0
05-01 13:49:24.341  1899  3900 I am_kill : [0,4097,com.android.printspooler,995,empty #49,88472]
