05-01 13:50:42.898   484   484 I auditd  : avc:  denied  { find } for pid=1899 uid=1000 name=vendor.mediatek.hardware.gpuserv.IGpuService/default scontext=u:r:system_server:s0 tcontext=u:object_r:default_android_service:s0 tclass=service_manager permissive=0
05-01 13:50:42.901 10983 10983 I wm_on_top_resumed_lost_called: [98959488,com.example.ilk_uygulamam.MainActivity,topStateChangedWhenResumed]
05-01 13:50:42.902 10983 10983 I wm_on_paused_called: [98959488,com.example.ilk_uygulamam.MainActivity,performPause,1]
05-01 13:50:42.903  1899  3333 I wm_add_to_stopping: [0,98959488,com.example.ilk_uygulamam/.MainActivity,completeFinishing]
05-01 13:50:42.907  1899  3333 I wm_set_resumed_activity: [0,com.transsion.hilauncher/com.android.launcher3.uioverrides.QuickstepLauncher,resumeTopActivity - onActivityStateChanged]
05-01 13:50:42.909   484   484 I auditd  : avc:  denied  { find } for pid=1899 uid=1000 name=vendor.mediatek.hardware.gpuserv.IGpuService/default scontext=u:r:system_server:s0 tcontext=u:object_r:default_android_service:s0 tclass=service_manager permissive=0
05-01 13:50:42.912  1899  3333 I wm_resume_activity: [0,221348157,2,com.transsion.hilauncher/com.android.launcher3.uioverrides.QuickstepLauncher]
05-01 13:50:42.914  1899  1992 I sysui_multi_action: [757,803,799,window_time_0,802,3]
05-01 13:50:42.916  2572  2572 I wm_on_restart_called: [221348157,com.android.launcher3.uioverrides.QuickstepLauncher,performRestart,0]
05-01 13:50:42.916  2572  2572 I wm_on_start_called: [221348157,com.android.launcher3.uioverrides.QuickstepLauncher,handleStartActivity,0]
05-01 13:50:42.917  2572  2572 I wm_on_resume_called: [221348157,com.android.launcher3.uioverrides.QuickstepLauncher,RESUME_ACTIVITY,0]
05-01 13:50:42.917  2572  2572 I wm_on_top_resumed_gained_called: [221348157,com.android.launcher3.uioverrides.QuickstepLauncher,topWhenResuming]
05-01 13:50:42.918  1899  1996 I wm_wallpaper_surface: [0,1,Window{e9a4748 u0 com.transsion.hilauncher/com.android.launcher3.uioverrides.QuickstepLauncher}]
05-01 13:50:42.926  1899  2170 I job_deferred_execution: 61340722
05-01 13:50:42.928  1899  2206 I input_focus: [Focus leaving 129ba17 com.example.ilk_uygulamam/com.example.ilk_uygulamam.MainActivity (server),reason=NO_WINDOW]
05-01 13:50:42.933 32488 32488 I viewroot_draw_event: [VRI[ZeroScreen],Start draw after previous draw not visible]
05-01 13:50:42.940  1899  1996 I input_focus: [Focus request e9a4748 com.transsion.hilauncher/com.android.launcher3.uioverrides.QuickstepLauncher,reason=UpdateInputWindows]
05-01 13:50:42.940 32488 32488 I viewroot_draw_event: [VRI[ZeroScreen],reportDrawFinished seqId=0]
05-01 13:50:42.942  2572  2572 I viewroot_draw_event: [VRI[QuickstepLauncher],Start draw after previous draw not visible]
05-01 13:50:42.949  2572  2572 I viewroot_draw_event: [VRI[QuickstepLauncher],reportDrawFinished seqId=0]
05-01 13:50:42.957  1899  2170 I job_deferred_execution: 61340752
05-01 13:50:42.982  1899  2206 I input_focus: [Focus entering e9a4748 com.transsion.hilauncher/com.android.launcher3.uioverrides.QuickstepLauncher (server),reason=Window became focusable. Previous reason: NO_WINDOW]
05-01 13:50:43.329  1899  1995 I wm_destroy_activity: [0,98959488,5656,com.example.ilk_uygulamam/.MainActivity,finish-imm:idle]
05-01 13:50:43.331   484   484 I auditd  : avc:  denied  { find } for pid=1899 uid=1000 name=vendor.mediatek.hardware.gpuserv.IGpuService/default scontext=u:r:system_server:s0 tcontext=u:object_r:default_android_service:s0 tclass=service_manager permissive=0
05-01 13:50:43.369 10983 10983 I viewroot_draw_event: [VRI[MainActivity],applyTransactionOnDraw applyImmediately]
05-01 13:50:43.369 10983 10983 I viewroot_draw_event: [VRI[MainActivity],applyTransactionOnDraw applyImmediately]
05-01 13:50:43.370 10983 10983 I viewroot_draw_event: [VRI[MainActivity],Not drawing due to not visible. Reason=!mAppVisible && !mForceDecorViewVisibility]
05-01 13:50:43.375 10983 10983 I viewroot_draw_event: [VRI[MainActivity],applyTransactionOnDraw applyImmediately]
05-01 13:50:43.376 10983 10983 I wm_on_stop_called: [98959488,com.example.ilk_uygulamam.MainActivity,LIFECYCLER_STOP_ACTIVITY,2]
05-01 13:50:43.433 10983 10983 I wm_on_destroy_called: [98959488,com.example.ilk_uygulamam.MainActivity,performDestroy,56]
05-01 13:50:43.434 10983 10983 I viewroot_draw_event: [VRI[MainActivity],applyTransactionOnDraw applyImmediately]
05-01 13:50:43.434 10983 10983 I viewroot_draw_event: [VRI[MainActivity],applyTransactionOnDraw applyImmediately]
05-01 13:50:43.444  1899  2975 I wm_task_removed: [5656,5656,0,removeChild, last child = ActivityRecord{5e60080 u0 com.example.ilk_uygulamam/.MainActivity t-1 f}} in Task{c7f4afe #5656 type=standard I=com.example.ilk_uygulamam/.MainActivity}]
05-01 13:50:43.604  1899  2206 I input_interaction: Interaction with: e9a4748 com.transsion.hilauncher/com.android.launcher3.uioverrides.QuickstepLauncher (server), 90c9ef7 com.transsion.livewallpaper.microsparkslim.SparkSlimWallpaperServiceWhite (server), [Gesture Monitor] dc-screen-touch (server), [Gesture Monitor] edge-swipe (server), [Gesture Monitor] tran_split (server), [Gesture Monitor] tran_gesture_service_damon (server), [Gesture Monitor] tran_gesture_service (server), PointerEventDispatcher0 (server), 
05-01 13:50:43.705  1899  5465 I wm_task_created: 5657
05-01 13:50:43.712  1899  5465 I wm_task_moved: [5657,5657,0,1,4]
05-01 13:50:43.712  1899  5465 I wm_task_to_front: [0,5657,0]
05-01 13:50:43.712  1899  5465 I wm_create_task: [0,5657,5657,0]
05-01 13:50:43.712  1899  5465 I wm_create_activity: [0,39337248,5657,com.example.ilk_uygulamam/.MainActivity,android.intent.action.MAIN,NULL,NULL,270532608]
05-01 13:50:43.713  1899  5465 I wm_task_moved: [5657,5657,0,1,4]
05-01 13:50:43.718  1899  5465 I wm_pause_activity: [0,221348157,com.transsion.hilauncher/com.android.launcher3.uioverrides.QuickstepLauncher,userLeaving=true,pauseBackTasks]
05-01 13:50:43.719   484   484 I auditd  : avc:  denied  { find } for pid=1899 uid=1000 name=vendor.mediatek.hardware.gpuserv.IGpuService/default scontext=u:r:system_server:s0 tcontext=u:object_r:default_android_service:s0 tclass=service_manager permissive=0
05-01 13:50:43.722  2572  2572 I wm_on_top_resumed_lost_called: [221348157,com.android.launcher3.uioverrides.QuickstepLauncher,topStateChangedWhenResumed]
05-01 13:50:43.727  2572  2572 I wm_on_paused_called: [221348157,com.android.launcher3.uioverrides.QuickstepLauncher,performPause,0]
05-01 13:50:43.735  1899  5465 I wm_add_to_stopping: [0,221348157,com.transsion.hilauncher/com.android.launcher3.uioverrides.QuickstepLauncher,makeInvisible]
05-01 13:50:43.735  1899  5465 I wm_restart_activity: [0,39337248,5657,com.example.ilk_uygulamam/.MainActivity]
05-01 13:50:43.737  1899  5465 I wm_set_resumed_activity: [0,com.example.ilk_uygulamam/.MainActivity,realStartActivityLocked - onActivityStateChanged]
05-01 13:50:43.741   484   484 I auditd  : avc:  denied  { find } for pid=1899 uid=1000 name=vendor.mediatek.hardware.gpuserv.IGpuService/default scontext=u:r:system_server:s0 tcontext=u:object_r:default_android_service:s0 tclass=service_manager permissive=0
05-01 13:50:43.747  1899  1992 I sysui_multi_action: [757,803,799,window_time_0,802,1]
05-01 13:50:43.752  1899  2170 I job_deferred_execution: 61341547
05-01 13:50:43.753  1899  1996 I input_focus: [Requesting to set focus to null window,reason=UpdateInputWindows]
05-01 13:50:43.778  2806  3091 I viewroot_draw_event: [VRI[ilk_uygulamam],reportDrawFinished seqId=0]
05-01 13:50:43.797  1899  2206 I input_focus: [Focus leaving e9a4748 com.transsion.hilauncher/com.android.launcher3.uioverrides.QuickstepLauncher (server),reason=Waiting for window because NO_WINDOW]
05-01 13:50:43.810 10983 10983 I wm_on_create_called: [39337248,com.example.ilk_uygulamam.MainActivity,performCreate,36]
05-01 13:50:43.810 10983 10983 I wm_on_start_called: [39337248,com.example.ilk_uygulamam.MainActivity,handleStartActivity,0]
05-01 13:50:43.812 10983 10983 I wm_on_resume_called: [39337248,com.example.ilk_uygulamam.MainActivity,RESUME_ACTIVITY,0]
05-01 13:50:43.821 10983 10983 I wm_on_top_resumed_gained_called: [39337248,com.example.ilk_uygulamam.MainActivity,topStateChangedWhenResumed]
05-01 13:50:43.836  1899  1996 I input_focus: [Focus request 63e9c2 com.example.ilk_uygulamam/com.example.ilk_uygulamam.MainActivity,reason=UpdateInputWindows]
05-01 13:50:43.850  1899  1899 I notification_enqueue: [10195,12383,com.transsion.screenrecorder,4277,NULL,0,Notification(channel=screen_record shortcut=null contentView=null vibrate=null sound=null defaults=0 flags=ONGOING_EVENT|FOREGROUND_SERVICE color=0x00000000 actions=2 vis=PRIVATE),1]
05-01 13:50:43.934 10983 10983 I viewroot_draw_event: [VRI[MainActivity],Canceling draw. cancelDueToPreDrawListener=true cancelDueToSync=false]
05-01 13:50:43.963 10983 10983 I viewroot_draw_event: [VRI[MainActivity],Draw frame after cancel]
05-01 13:50:43.970 10983 10983 I viewroot_draw_event: [VRI[MainActivity],reportDrawFinished seqId=0]
05-01 13:50:43.984  1899  1992 I sysui_multi_action: [319,50,321,77,322,276,325,14513,757,761,758,8,759,1,806,com.example.ilk_uygulamam,871,com.example.ilk_uygulamam.MainActivity,904,com.transsion.hilauncher,905,0,1320,4,1321,4]
05-01 13:50:43.986  1899  1992 I wm_activity_launch_time: [0,39337248,com.example.ilk_uygulamam/.MainActivity,276]
05-01 13:50:43.989  1899  1992 I sysui_multi_action: [324,1,757,1090,758,12,806,com.example.ilk_uygulamam,871,com.example.ilk_uygulamam.MainActivity,1091,276]
05-01 13:50:43.998  2806  3091 I viewroot_draw_event: [VRI[ilk_uygulamam],Not drawing due to not visible. Reason=View.GONE]
05-01 13:50:44.031  1899  2206 I input_focus: [Focus entering 63e9c2 com.example.ilk_uygulamam/com.example.ilk_uygulamam.MainActivity (server),reason=Window became focusable. Previous reason: NOT_VISIBLE]
05-01 13:50:44.042  1899  1996 I wm_wallpaper_surface: [0,0,Window{e9a4748 u0 com.transsion.hilauncher/com.android.launcher3.uioverrides.QuickstepLauncher}]
05-01 13:50:44.073  2572  2572 I viewroot_draw_event: [VRI[QuickstepLauncher],Not drawing due to not visible. Reason=!mAppVisible && !mForceDecorViewVisibility]
05-01 13:50:44.085 32488 32488 I viewroot_draw_event: [VRI[ZeroScreen],Not drawing due to not visible. Reason=!mAppVisible && !mForceDecorViewVisibility]
05-01 13:50:44.089   484   484 I auditd  : avc:  denied  { find } for pid=1899 uid=1000 name=vendor.mediatek.hardware.gpuserv.IGpuService/default scontext=u:r:system_server:s0 tcontext=u:object_r:default_android_service:s0 tclass=service_manager permissive=0
05-01 13:50:44.091  1899  1995 I wm_stop_activity: [0,221348157,com.transsion.hilauncher/com.android.launcher3.uioverrides.QuickstepLauncher]
05-01 13:50:44.094  2572  2572 I wm_on_stop_called: [221348157,com.android.launcher3.uioverrides.QuickstepLauncher,STOP_ACTIVITY_ITEM,2]
05-01 13:50:44.137  1899  2170 I job_deferred_execution: 61341932
05-01 13:50:44.515  1899  2206 I input_interaction: Interaction with: 63e9c2 com.example.ilk_uygulamam/com.example.ilk_uygulamam.MainActivity (server), [Gesture Monitor] dc-screen-touch (server), [Gesture Monitor] edge-swipe (server), [Gesture Monitor] tran_split (server), [Gesture Monitor] tran_gesture_service_damon (server), [Gesture Monitor] tran_gesture_service (server), PointerEventDispatcher0 (server), 
05-01 13:50:44.860  1899  1899 I notification_enqueue: [10195,12383,com.transsion.screenrecorder,4277,NULL,0,Notification(channel=screen_record shortcut=null contentView=null vibrate=null sound=null defaults=0 flags=ONGOING_EVENT|FOREGROUND_SERVICE color=0x00000000 actions=2 vis=PRIVATE),1]
05-01 13:50:45.868  1899  1899 I notification_enqueue: [10195,12383,com.transsion.screenrecorder,4277,NULL,0,Notification(channel=screen_record shortcut=null contentView=null vibrate=null sound=null defaults=0 flags=ONGOING_EVENT|FOREGROUND_SERVICE color=0x00000000 actions=2 vis=PRIVATE),1]
05-01 13:50:46.878  1899  1899 I notification_enqueue: [10195,12383,com.transsion.screenrecorder,4277,NULL,0,Notification(channel=screen_record shortcut=null contentView=null vibrate=null sound=null defaults=0 flags=ONGOING_EVENT|FOREGROUND_SERVICE color=0x00000000 actions=2 vis=PRIVATE),1]
05-01 13:50:47.889  1899  1899 I notification_enqueue: [10195,12383,com.transsion.screenrecorder,4277,NULL,0,Notification(channel=screen_record shortcut=null contentView=null vibrate=null sound=null defaults=0 flags=ONGOING_EVENT|FOREGROUND_SERVICE color=0x00000000 actions=2 vis=PRIVATE),1]
05-01 13:50:48.898  1899  1899 I notification_enqueue: [10195,12383,com.transsion.screenrecorder,4277,NULL,0,Notification(channel=screen_record shortcut=null contentView=null vibrate=null sound=null defaults=0 flags=ONGOING_EVENT|FOREGROUND_SERVICE color=0x00000000 actions=2 vis=PRIVATE),1]
05-01 13:50:49.909  1899  1899 I notification_enqueue: [10195,12383,com.transsion.screenrecorder,4277,NULL,0,Notification(channel=screen_record shortcut=null contentView=null vibrate=null sound=null defaults=0 flags=ONGOING_EVENT|FOREGROUND_SERVICE color=0x00000000 actions=2 vis=PRIVATE),1]
05-01 13:50:50.917  1899  1899 I notification_enqueue: [10195,12383,com.transsion.screenrecorder,4277,NULL,0,Notification(channel=screen_record shortcut=null contentView=null vibrate=null sound=null defaults=0 flags=ONGOING_EVENT|FOREGROUND_SERVICE color=0x00000000 actions=2 vis=PRIVATE),1]
05-01 13:50:51.922  1899  1899 I notification_enqueue: [10195,12383,com.transsion.screenrecorder,4277,NULL,0,Notification(channel=screen_record shortcut=null contentView=null vibrate=null sound=null defaults=0 flags=ONGOING_EVENT|FOREGROUND_SERVICE color=0x00000000 actions=2 vis=PRIVATE),1]
05-01 13:50:52.929  1899  1899 I notification_enqueue: [10195,12383,com.transsion.screenrecorder,4277,NULL,0,Notification(channel=screen_record shortcut=null contentView=null vibrate=null sound=null defaults=0 flags=ONGOING_EVENT|FOREGROUND_SERVICE color=0x00000000 actions=2 vis=PRIVATE),1]
05-01 13:50:53.454  1899  5463 I am_uid_running: 99029
05-01 13:50:53.486  1899  2030 I am_proc_start: [0,13090,99029,com.google.android.webview:sandboxed_process0:org.chromium.content.app.SandboxedProcessService0:0,,{com.example.ilk_uygulamam/org.chromium.content.app.SandboxedProcessService0:0}]
05-01 13:50:53.531  1899  5463 I am_proc_bound: [0,13090,com.google.android.webview:sandboxed_process0:org.chromium.content.app.SandboxedProcessService0:0]
05-01 13:50:53.550  1899  2177 I commit_sys_config_file: [settings-3-0,42]
05-01 13:50:53.564  1899  2634 I am_uid_active: 99029
05-01 13:50:53.939  1899  1899 I notification_enqueue: [10195,12383,com.transsion.screenrecorder,4277,NULL,0,Notification(channel=screen_record shortcut=null contentView=null vibrate=null sound=null defaults=0 flags=ONGOING_EVENT|FOREGROUND_SERVICE color=0x00000000 actions=2 vis=PRIVATE),1]
05-01 13:50:54.182  1899  5057 I am_uid_active: 10108
05-01 13:50:54.949  1899  1899 I notification_enqueue: [10195,12383,com.transsion.screenrecorder,4277,NULL,0,Notification(channel=screen_record shortcut=null contentView=null vibrate=null sound=null defaults=0 flags=ONGOING_EVENT|FOREGROUND_SERVICE color=0x00000000 actions=2 vis=PRIVATE),1]
05-01 13:50:55.797  1899  2634 I am_uid_running: 99030
05-01 13:50:55.821  1899  2030 I am_proc_start: [0,13246,99030,com.google.android.webview:sandboxed_process0:org.chromium.content.app.SandboxedProcessService0:0,,{com.google.android.gms/org.chromium.content.app.SandboxedProcessService0:0}]
05-01 13:50:55.852  1899  5057 I am_proc_bound: [0,13246,com.google.android.webview:sandboxed_process0:org.chromium.content.app.SandboxedProcessService0:0]
05-01 13:50:55.881  1899  5675 I am_uid_active: 99030
05-01 13:50:55.924   484   484 I auditd  : avc:  denied  { find } for pid=4134 uid=10109 name=vendor.mediatek.hardware.mbrain.IMBrain/default scontext=u:r:gmscore_app:s0:c512,c768 tcontext=u:object_r:mtk_hal_mbrain_service:s0 tclass=service_manager permissive=0
05-01 13:50:55.956  1899  1899 I notification_enqueue: [10195,12383,com.transsion.screenrecorder,4277,NULL,0,Notification(channel=screen_record shortcut=null contentView=null vibrate=null sound=null defaults=0 flags=ONGOING_EVENT|FOREGROUND_SERVICE color=0x00000000 actions=2 vis=PRIVATE),1]
05-01 13:50:55.983  1899  3162 I am_uid_running: 10133
05-01 13:50:56.010  1899  2030 I am_proc_start: [0,13281,10133,com.google.android.webview:webview_service,service,{com.google.android.webview/org.chromium.android_webview.services.VariationsSeedServer},caller=com.example.ilk_uygulamam/10396]
05-01 13:50:56.014  1899  2007 I am_pss  : [12383,10195,com.transsion.screenrecorder,0,0,0,199458816,0,4,12]
05-01 13:50:56.054  1899  5675 I am_proc_bound: [0,13281,com.google.android.webview:webview_service]
05-01 13:50:56.141  1899  2634 I am_uid_active: 10133
05-01 13:50:56.967  1899  1899 I notification_enqueue: [10195,12383,com.transsion.screenrecorder,4277,NULL,0,Notification(channel=screen_record shortcut=null contentView=null vibrate=null sound=null defaults=0 flags=ONGOING_EVENT|FOREGROUND_SERVICE color=0x00000000 actions=2 vis=PRIVATE),1]
05-01 13:50:56.992  1899  2007 I am_pss  : [12568,10192,com.transsion.dynamicbar,0,0,0,206008320,0,4,11]
05-01 13:50:57.979  1899  1899 I notification_enqueue: [10195,12383,com.transsion.screenrecorder,4277,NULL,0,Notification(channel=screen_record shortcut=null contentView=null vibrate=null sound=null defaults=0 flags=ONGOING_EVENT|FOREGROUND_SERVICE color=0x00000000 actions=2 vis=PRIVATE),1]
05-01 13:50:58.035  1899  1996 I snet_event_log: updateFrameRateVote [pkg = com.example.ilk_uygulamam title = com.example.ilk_uygulamam/com.example.ilk_uygulamam.MainActivity refreshRate = 60.0 modeId = 4 setting =120 peak = 144.0 mTopApp = com.example.ilk_uygulamam]
05-01 13:50:58.036  1899  1996 I snet_event_log: updateFrameRateVote [pkg = com.transsion.dynamicbar title = DynamicBar refreshRate = 60.0 modeId = 4 setting =120 peak = 144.0 mTopApp = com.example.ilk_uygulamam]
05-01 13:50:58.990  1899  1899 I notification_enqueue: [10195,12383,com.transsion.screenrecorder,4277,NULL,0,Notification(channel=screen_record shortcut=null contentView=null vibrate=null sound=null defaults=0 flags=ONGOING_EVENT|FOREGROUND_SERVICE color=0x00000000 actions=2 vis=PRIVATE),1]
05-01 13:50:59.054  1899  2177 I commit_sys_config_file: [settings-1-0,6]
05-01 13:50:59.998  1899  1899 I notification_enqueue: [10195,12383,com.transsion.screenrecorder,4277,NULL,0,Notification(channel=screen_record shortcut=null contentView=null vibrate=null sound=null defaults=0 flags=ONGOING_EVENT|FOREGROUND_SERVICE color=0x00000000 actions=2 vis=PRIVATE),1]
05-01 13:51:01.007  1899  1899 I notification_enqueue: [10195,12383,com.transsion.screenrecorder,4277,NULL,0,Notification(channel=screen_record shortcut=null contentView=null vibrate=null sound=null defaults=0 flags=ONGOING_EVENT|FOREGROUND_SERVICE color=0x00000000 actions=2 vis=PRIVATE),1]
05-01 13:51:01.251   485   485 I auditd  : avc:  denied  { find } for interface=vendor.mediatek.hardware.mtkpower::IMtkPerf sid=u:r:audioserver:s0 pid=1299 scontext=u:r:audioserver:s0 tcontext=u:object_r:hal_power_hwservice:s0 tclass=hwservice_manager permissive=0
05-01 13:51:01.259  1899  2261 I netstats_mobile_sample: [73392392,20209303,91397,58798,73127561,20028572,91121,57612,1777632661681]
05-01 13:51:01.260  1899  2261 I netstats_wifi_sample: [21859423,5283813,34223,31406,21303228,5267023,32374,31175,1777632661681]
05-01 13:51:01.400  1899  5465 I am_uid_running: 10122
05-01 13:51:01.432  1899  2030 I am_proc_start: [0,13421,10122,com.android.chrome,service,{com.android.chrome/org.chromium.chrome.browser.customtabs.CustomTabsConnectionService},caller=com.example.ilk_uygulamam/10396]
05-01 13:51:01.484  1899  5057 I am_proc_bound: [0,13421,com.android.chrome]
05-01 13:51:01.764   485   485 I auditd  : avc:  denied  { find } for interface=vendor.mediatek.hardware.mtkpower::IMtkPerf sid=u:r:audioserver:s0 pid=1299 scontext=u:r:audioserver:s0 tcontext=u:object_r:hal_power_hwservice:s0 tclass=hwservice_manager permissive=0
05-01 13:51:01.812   485   485 I auditd  : avc:  denied  { find } for interface=vendor.mediatek.hardware.mtkpower::IMtkPerf sid=u:r:audioserver:s0 pid=1299 scontext=u:r:audioserver:s0 tcontext=u:object_r:hal_power_hwservice:s0 tclass=hwservice_manager permissive=0
05-01 13:51:01.901   485   485 I auditd  : avc:  denied  { find } for interface=vendor.mediatek.hardware.mtkpower::IMtkPerf sid=u:r:audioserver:s0 pid=1299 scontext=u:r:audioserver:s0 tcontext=u:object_r:hal_power_hwservice:s0 tclass=hwservice_manager permissive=0
05-01 13:51:02.027  1899  1899 I notification_enqueue: [10195,12383,com.transsion.screenrecorder,4277,NULL,0,Notification(channel=screen_record shortcut=null contentView=null vibrate=null sound=null defaults=0 flags=ONGOING_EVENT|FOREGROUND_SERVICE color=0x00000000 actions=2 vis=PRIVATE),1]
05-01 13:51:03.040  1899  1899 I notification_enqueue: [10195,12383,com.transsion.screenrecorder,4277,NULL,0,Notification(channel=screen_record shortcut=null contentView=null vibrate=null sound=null defaults=0 flags=ONGOING_EVENT|FOREGROUND_SERVICE color=0x00000000 actions=2 vis=PRIVATE),1]
05-01 13:51:03.088 10983 12721 I viewroot_draw_event: [VRI[MainActivity],Transaction not synced due to no frame drawn]
05-01 13:51:03.713  1899  2030 I am_proc_start: [0,13570,10122,com.android.chrome:privileged_process0,service,{com.android.chrome/org.chromium.content.app.PrivilegedProcessService0},caller=com.android.chrome/10122]
05-01 13:51:03.741  1899  1913 I am_proc_bound: [0,13570,com.android.chrome:privileged_process0]
05-01 13:51:04.048  1899  1899 I notification_enqueue: [10195,12383,com.transsion.screenrecorder,4277,NULL,0,Notification(channel=screen_record shortcut=null contentView=null vibrate=null sound=null defaults=0 flags=ONGOING_EVENT|FOREGROUND_SERVICE color=0x00000000 actions=2 vis=PRIVATE),1]
05-01 13:51:04.788  1899  1913 I am_uid_running: 90000
05-01 13:51:04.980  1899  2030 I am_proc_start: [0,13638,90000,com.android.chrome:sandboxed_process0:org.chromium.content.app.SandboxedProcessService0:0,,{com.android.chrome/org.chromium.content.app.SandboxedProcessService0:0}]
05-01 13:51:05.009  1899  5057 I am_proc_bound: [0,13638,com.android.chrome:sandboxed_process0:org.chromium.content.app.SandboxedProcessService0:0]
05-01 13:51:05.063  1899  1899 I notification_enqueue: [10195,12383,com.transsion.screenrecorder,4277,NULL,0,Notification(channel=screen_record shortcut=null contentView=null vibrate=null sound=null defaults=0 flags=ONGOING_EVENT|FOREGROUND_SERVICE color=0x00000000 actions=2 vis=PRIVATE),1]
05-01 13:51:06.062  1899  1899 I notification_enqueue: [10195,12383,com.transsion.screenrecorder,4277,NULL,0,Notification(channel=screen_record shortcut=null contentView=null vibrate=null sound=null defaults=0 flags=ONGOING_EVENT|FOREGROUND_SERVICE color=0x00000000 actions=2 vis=PRIVATE),1]
05-01 13:51:07.072  1899  1899 I notification_enqueue: [10195,12383,com.transsion.screenrecorder,4277,NULL,0,Notification(channel=screen_record shortcut=null contentView=null vibrate=null sound=null defaults=0 flags=ONGOING_EVENT|FOREGROUND_SERVICE color=0x00000000 actions=2 vis=PRIVATE),1]
05-01 13:51:08.084  1899  1899 I notification_enqueue: [10195,12383,com.transsion.screenrecorder,4277,NULL,0,Notification(channel=screen_record shortcut=null contentView=null vibrate=null sound=null defaults=0 flags=ONGOING_EVENT|FOREGROUND_SERVICE color=0x00000000 actions=2 vis=PRIVATE),1]
05-01 13:51:09.060  1899  2177 I commit_sys_config_file: [settings-1-0,7]
05-01 13:51:09.092  1899  1899 I notification_enqueue: [10195,12383,com.transsion.screenrecorder,4277,NULL,0,Notification(channel=screen_record shortcut=null contentView=null vibrate=null sound=null defaults=0 flags=ONGOING_EVENT|FOREGROUND_SERVICE color=0x00000000 actions=2 vis=PRIVATE),1]
05-01 13:51:10.103  1899  1899 I notification_enqueue: [10195,12383,com.transsion.screenrecorder,4277,NULL,0,Notification(channel=screen_record shortcut=null contentView=null vibrate=null sound=null defaults=0 flags=ONGOING_EVENT|FOREGROUND_SERVICE color=0x00000000 actions=2 vis=PRIVATE),1]
05-01 13:51:11.115  1899  1899 I notification_enqueue: [10195,12383,com.transsion.screenrecorder,4277,NULL,0,Notification(channel=screen_record shortcut=null contentView=null vibrate=null sound=null defaults=0 flags=ONGOING_EVENT|FOREGROUND_SERVICE color=0x00000000 actions=2 vis=PRIVATE),1]
05-01 13:51:12.125  1899  1899 I notification_enqueue: [10195,12383,com.transsion.screenrecorder,4277,NULL,0,Notification(channel=screen_record shortcut=null contentView=null vibrate=null sound=null defaults=0 flags=ONGOING_EVENT|FOREGROUND_SERVICE color=0x00000000 actions=2 vis=PRIVATE),1]
05-01 13:51:13.145  1899  1899 I notification_enqueue: [10195,12383,com.transsion.screenrecorder,4277,NULL,0,Notification(channel=screen_record shortcut=null contentView=null vibrate=null sound=null defaults=0 flags=ONGOING_EVENT|FOREGROUND_SERVICE color=0x00000000 actions=2 vis=PRIVATE),1]
05-01 13:51:14.153  1899  1899 I notification_enqueue: [10195,12383,com.transsion.screenrecorder,4277,NULL,0,Notification(channel=screen_record shortcut=null contentView=null vibrate=null sound=null defaults=0 flags=ONGOING_EVENT|FOREGROUND_SERVICE color=0x00000000 actions=2 vis=PRIVATE),1]
05-01 13:51:15.104  1899  2007 I am_pss  : [7383,10108,com.android.vending,0,0,0,271695872,0,3,13]
05-01 13:51:15.163  1899  1899 I notification_enqueue: [10195,12383,com.transsion.screenrecorder,4277,NULL,0,Notification(channel=screen_record shortcut=null contentView=null vibrate=null sound=null defaults=0 flags=ONGOING_EVENT|FOREGROUND_SERVICE color=0x00000000 actions=2 vis=PRIVATE),1]
05-01 13:51:16.176  1899  1899 I notification_enqueue: [10195,12383,com.transsion.screenrecorder,4277,NULL,0,Notification(channel=screen_record shortcut=null contentView=null vibrate=null sound=null defaults=0 flags=ONGOING_EVENT|FOREGROUND_SERVICE color=0x00000000 actions=2 vis=PRIVATE),1]
05-01 13:51:17.188  1899  1899 I notification_enqueue: [10195,12383,com.transsion.screenrecorder,4277,NULL,0,Notification(channel=screen_record shortcut=null contentView=null vibrate=null sound=null defaults=0 flags=ONGOING_EVENT|FOREGROUND_SERVICE color=0x00000000 actions=2 vis=PRIVATE),1]
05-01 13:51:17.690  1899  2007 I am_pss  : [13246,99030,com.google.android.webview:sandboxed_process0:org.chromium.content.app.SandboxedProcessService0:0,0,0,0,203243520,0,3,10]
05-01 13:51:18.202  1899  1899 I notification_enqueue: [10195,12383,com.transsion.screenrecorder,4277,NULL,0,Notification(channel=screen_record shortcut=null contentView=null vibrate=null sound=null defaults=0 flags=ONGOING_EVENT|FOREGROUND_SERVICE color=0x00000000 actions=2 vis=PRIVATE),1]
05-01 13:51:19.207  1899  1899 I notification_enqueue: [10195,12383,com.transsion.screenrecorder,4277,NULL,0,Notification(channel=screen_record shortcut=null contentView=null vibrate=null sound=null defaults=0 flags=ONGOING_EVENT|FOREGROUND_SERVICE color=0x00000000 actions=2 vis=PRIVATE),1]
05-01 13:51:20.228  1899  1899 I notification_enqueue: [10195,12383,com.transsion.screenrecorder,4277,NULL,0,Notification(channel=screen_record shortcut=null contentView=null vibrate=null sound=null defaults=0 flags=ONGOING_EVENT|FOREGROUND_SERVICE color=0x00000000 actions=2 vis=PRIVATE),1]
05-01 13:51:21.233  1899  1899 I notification_enqueue: [10195,12383,com.transsion.screenrecorder,4277,NULL,0,Notification(channel=screen_record shortcut=null contentView=null vibrate=null sound=null defaults=0 flags=ONGOING_EVENT|FOREGROUND_SERVICE color=0x00000000 actions=2 vis=PRIVATE),1]
05-01 13:51:22.243  1899  1899 I notification_enqueue: [10195,12383,com.transsion.screenrecorder,4277,NULL,0,Notification(channel=screen_record shortcut=null contentView=null vibrate=null sound=null defaults=0 flags=ONGOING_EVENT|FOREGROUND_SERVICE color=0x00000000 actions=2 vis=PRIVATE),1]
05-01 13:51:23.255  1899  1899 I notification_enqueue: [10195,12383,com.transsion.screenrecorder,4277,NULL,0,Notification(channel=screen_record shortcut=null contentView=null vibrate=null sound=null defaults=0 flags=ONGOING_EVENT|FOREGROUND_SERVICE color=0x00000000 actions=2 vis=PRIVATE),1]
05-01 13:51:24.264  1899  1899 I notification_enqueue: [10195,12383,com.transsion.screenrecorder,4277,NULL,0,Notification(channel=screen_record shortcut=null contentView=null vibrate=null sound=null defaults=0 flags=ONGOING_EVENT|FOREGROUND_SERVICE color=0x00000000 actions=2 vis=PRIVATE),1]
05-01 13:51:25.282  1899  1899 I notification_enqueue: [10195,12383,com.transsion.screenrecorder,4277,NULL,0,Notification(channel=screen_record shortcut=null contentView=null vibrate=null sound=null defaults=0 flags=ONGOING_EVENT|FOREGROUND_SERVICE color=0x00000000 actions=2 vis=PRIVATE),1]
05-01 13:51:26.291  1899  1899 I notification_enqueue: [10195,12383,com.transsion.screenrecorder,4277,NULL,0,Notification(channel=screen_record shortcut=null contentView=null vibrate=null sound=null defaults=0 flags=ONGOING_EVENT|FOREGROUND_SERVICE color=0x00000000 actions=2 vis=PRIVATE),1]
05-01 13:51:27.310  1899  1899 I notification_enqueue: [10195,12383,com.transsion.screenrecorder,4277,NULL,0,Notification(channel=screen_record shortcut=null contentView=null vibrate=null sound=null defaults=0 flags=ONGOING_EVENT|FOREGROUND_SERVICE color=0x00000000 actions=2 vis=PRIVATE),1]
05-01 13:51:28.299  1899  2556 I am_uid_idle: 10155
05-01 13:51:28.324  1899  1899 I notification_enqueue: [10195,12383,com.transsion.screenrecorder,4277,NULL,0,Notification(channel=screen_record shortcut=null contentView=null vibrate=null sound=null defaults=0 flags=ONGOING_EVENT|FOREGROUND_SERVICE color=0x00000000 actions=2 vis=PRIVATE),1]
05-01 13:51:28.364  2997 12360 I c2dm    : [-7,,189,95]
05-01 13:51:28.749  1899  2007 I am_pss  : [10983,10396,com.example.ilk_uygulamam,0,0,0,613855232,0,2,12]
05-01 13:51:28.781  1899  2007 I am_pss  : [13090,99029,com.google.android.webview:sandboxed_process0:org.chromium.content.app.SandboxedProcessService0:0,0,0,0,257114112,0,3,8]
05-01 13:51:28.813  1899  2007 I am_pss  : [13421,10122,com.android.chrome,0,0,0,260165632,0,17,8]
05-01 13:51:28.837  1899  2007 I am_pss  : [13638,90000,com.android.chrome:sandboxed_process0:org.chromium.content.app.SandboxedProcessService0:0,0,0,0,141656064,0,19,6]
05-01 13:51:28.863  1899  2007 I am_pss  : [13570,10122,com.android.chrome:privileged_process0,0,0,0,163016704,0,19,7]
05-01 13:51:29.074  1899  2177 I commit_sys_config_file: [settings-1-0,7]
05-01 13:51:29.331  1899  1899 I notification_enqueue: [10195,12383,com.transsion.screenrecorder,4277,NULL,0,Notification(channel=screen_record shortcut=null contentView=null vibrate=null sound=null defaults=0 flags=ONGOING_EVENT|FOREGROUND_SERVICE color=0x00000000 actions=2 vis=PRIVATE),1]
05-01 13:51:30.342  1899  1899 I notification_enqueue: [10195,12383,com.transsion.screenrecorder,4277,NULL,0,Notification(channel=screen_record shortcut=null contentView=null vibrate=null sound=null defaults=0 flags=ONGOING_EVENT|FOREGROUND_SERVICE color=0x00000000 actions=2 vis=PRIVATE),1]
05-01 13:51:31.352  1899  1899 I notification_enqueue: [10195,12383,com.transsion.screenrecorder,4277,NULL,0,Notification(channel=screen_record shortcut=null contentView=null vibrate=null sound=null defaults=0 flags=ONGOING_EVENT|FOREGROUND_SERVICE color=0x00000000 actions=2 vis=PRIVATE),1]
05-01 13:51:32.366  1899  1899 I notification_enqueue: [10195,12383,com.transsion.screenrecorder,4277,NULL,0,Notification(channel=screen_record shortcut=null contentView=null vibrate=null sound=null defaults=0 flags=ONGOING_EVENT|FOREGROUND_SERVICE color=0x00000000 actions=2 vis=PRIVATE),1]
05-01 13:51:33.383  1899  1899 I notification_enqueue: [10195,12383,com.transsion.screenrecorder,4277,NULL,0,Notification(channel=screen_record shortcut=null contentView=null vibrate=null sound=null defaults=0 flags=ONGOING_EVENT|FOREGROUND_SERVICE color=0x00000000 actions=2 vis=PRIVATE),1]
05-01 13:51:34.399  1899  1899 I notification_enqueue: [10195,12383,com.transsion.screenrecorder,4277,NULL,0,Notification(channel=screen_record shortcut=null contentView=null vibrate=null sound=null defaults=0 flags=ONGOING_EVENT|FOREGROUND_SERVICE color=0x00000000 actions=2 vis=PRIVATE),1]
05-01 13:51:35.416  1899  1899 I notification_enqueue: [10195,12383,com.transsion.screenrecorder,4277,NULL,0,Notification(channel=screen_record shortcut=null contentView=null vibrate=null sound=null defaults=0 flags=ONGOING_EVENT|FOREGROUND_SERVICE color=0x00000000 actions=2 vis=PRIVATE),1]
05-01 13:51:36.437  1899  1899 I notification_enqueue: [10195,12383,com.transsion.screenrecorder,4277,NULL,0,Notification(channel=screen_record shortcut=null contentView=null vibrate=null sound=null defaults=0 flags=ONGOING_EVENT|FOREGROUND_SERVICE color=0x00000000 actions=2 vis=PRIVATE),1]
05-01 13:51:36.517  1899  2556 I am_uid_idle: 10122
05-01 13:51:37.434  1899  1899 I notification_enqueue: [10195,12383,com.transsion.screenrecorder,4277,NULL,0,Notification(channel=screen_record shortcut=null contentView=null vibrate=null sound=null defaults=0 flags=ONGOING_EVENT|FOREGROUND_SERVICE color=0x00000000 actions=2 vis=PRIVATE),1]
05-01 13:51:38.440  1899  1899 I notification_enqueue: [10195,12383,com.transsion.screenrecorder,4277,NULL,0,Notification(channel=screen_record shortcut=null contentView=null vibrate=null sound=null defaults=0 flags=ONGOING_EVENT|FOREGROUND_SERVICE color=0x00000000 actions=2 vis=PRIVATE),1]
05-01 13:51:39.449  1899  1899 I notification_enqueue: [10195,12383,com.transsion.screenrecorder,4277,NULL,0,Notification(channel=screen_record shortcut=null contentView=null vibrate=null sound=null defaults=0 flags=ONGOING_EVENT|FOREGROUND_SERVICE color=0x00000000 actions=2 vis=PRIVATE),1]
05-01 13:51:40.457  1899  1899 I notification_enqueue: [10195,12383,com.transsion.screenrecorder,4277,NULL,0,Notification(channel=screen_record shortcut=null contentView=null vibrate=null sound=null defaults=0 flags=ONGOING_EVENT|FOREGROUND_SERVICE color=0x00000000 actions=2 vis=PRIVATE),1]
05-01 13:51:41.465  1899  1899 I notification_enqueue: [10195,12383,com.transsion.screenrecorder,4277,NULL,0,Notification(channel=screen_record shortcut=null contentView=null vibrate=null sound=null defaults=0 flags=ONGOING_EVENT|FOREGROUND_SERVICE color=0x00000000 actions=2 vis=PRIVATE),1]
05-01 13:51:42.472  1899  1899 I notification_enqueue: [10195,12383,com.transsion.screenrecorder,4277,NULL,0,Notification(channel=screen_record shortcut=null contentView=null vibrate=null sound=null defaults=0 flags=ONGOING_EVENT|FOREGROUND_SERVICE color=0x00000000 actions=2 vis=PRIVATE),1]
05-01 13:51:43.486  1899  1899 I notification_enqueue: [10195,12383,com.transsion.screenrecorder,4277,NULL,0,Notification(channel=screen_record shortcut=null contentView=null vibrate=null sound=null defaults=0 flags=ONGOING_EVENT|FOREGROUND_SERVICE color=0x00000000 actions=2 vis=PRIVATE),1]
05-01 13:51:44.495  1899  1899 I notification_enqueue: [10195,12383,com.transsion.screenrecorder,4277,NULL,0,Notification(channel=screen_record shortcut=null contentView=null vibrate=null sound=null defaults=0 flags=ONGOING_EVENT|FOREGROUND_SERVICE color=0x00000000 actions=2 vis=PRIVATE),1]
05-01 13:51:45.507  1899  1899 I notification_enqueue: [10195,12383,com.transsion.screenrecorder,4277,NULL,0,Notification(channel=screen_record shortcut=null contentView=null vibrate=null sound=null defaults=0 flags=ONGOING_EVENT|FOREGROUND_SERVICE color=0x00000000 actions=2 vis=PRIVATE),1]
05-01 13:51:45.676  1899  1996 I snet_event_log: updateFrameRateVote [pkg = com.example.ilk_uygulamam title = com.example.ilk_uygulamam/com.example.ilk_uygulamam.MainActivity refreshRate = 60.0 modeId = 4 setting =120 peak = 144.0 mTopApp = com.example.ilk_uygulamam]
05-01 13:51:45.676  1899  1996 I snet_event_log: updateFrameRateVote [pkg = com.transsion.dynamicbar title = DynamicBar refreshRate = 60.0 modeId = 4 setting =120 peak = 144.0 mTopApp = com.example.ilk_uygulamam]
05-01 13:51:46.409   485   485 I auditd  : avc:  denied  { find } for interface=vendor.mediatek.hardware.mtkpower::IMtkPerf sid=u:r:audioserver:s0 pid=1299 scontext=u:r:audioserver:s0 tcontext=u:object_r:hal_power_hwservice:s0 tclass=hwservice_manager permissive=0
05-01 13:51:46.524  1899  1899 I notification_enqueue: [10195,12383,com.transsion.screenrecorder,4277,NULL,0,Notification(channel=screen_record shortcut=null contentView=null vibrate=null sound=null defaults=0 flags=ONGOING_EVENT|FOREGROUND_SERVICE color=0x00000000 actions=2 vis=PRIVATE),1]
05-01 13:51:46.758   485   485 I auditd  : avc:  denied  { find } for interface=vendor.mediatek.hardware.mtkpower::IMtkPerf sid=u:r:audioserver:s0 pid=1299 scontext=u:r:audioserver:s0 tcontext=u:object_r:hal_power_hwservice:s0 tclass=hwservice_manager permissive=0
05-01 13:51:47.477  1899  2411 I am_uid_active: 10228
05-01 13:51:47.535  1899  1899 I notification_enqueue: [10195,12383,com.transsion.screenrecorder,4277,NULL,0,Notification(channel=screen_record shortcut=null contentView=null vibrate=null sound=null defaults=0 flags=ONGOING_EVENT|FOREGROUND_SERVICE color=0x00000000 actions=2 vis=PRIVATE),1]
05-01 13:51:48.018  1899  2007 I am_pss  : [7383,10108,com.android.vending,0,0,0,270880768,0,3,8]
05-01 13:51:48.056  1899  2007 I am_pss  : [13246,99030,com.google.android.webview:sandboxed_process0:org.chromium.content.app.SandboxedProcessService0:0,0,0,0,203362304,0,3,17]
05-01 13:51:48.535  1899  1899 I notification_enqueue: [10195,12383,com.transsion.screenrecorder,4277,NULL,0,Notification(channel=screen_record shortcut=null contentView=null vibrate=null sound=null defaults=0 flags=ONGOING_EVENT|FOREGROUND_SERVICE color=0x00000000 actions=2 vis=PRIVATE),1]
05-01 13:51:49.108  1899  2177 I commit_sys_config_file: [settings-1-0,6]
05-01 13:51:49.548  1899  1899 I notification_enqueue: [10195,12383,com.transsion.screenrecorder,4277,NULL,0,Notification(channel=screen_record shortcut=null contentView=null vibrate=null sound=null defaults=0 flags=ONGOING_EVENT|FOREGROUND_SERVICE color=0x00000000 actions=2 vis=PRIVATE),1]
05-01 13:51:50.562  1899  1899 I notification_enqueue: [10195,12383,com.transsion.screenrecorder,4277,NULL,0,Notification(channel=screen_record shortcut=null contentView=null vibrate=null sound=null defaults=0 flags=ONGOING_EVENT|FOREGROUND_SERVICE color=0x00000000 actions=2 vis=PRIVATE),1]
05-01 13:51:51.574  1899  1899 I notification_enqueue: [10195,12383,com.transsion.screenrecorder,4277,NULL,0,Notification(channel=screen_record shortcut=null contentView=null vibrate=null sound=null defaults=0 flags=ONGOING_EVENT|FOREGROUND_SERVICE color=0x00000000 actions=2 vis=PRIVATE),1]
05-01 13:51:52.585  1899  1899 I notification_enqueue: [10195,12383,com.transsion.screenrecorder,4277,NULL,0,Notification(channel=screen_record shortcut=null contentView=null vibrate=null sound=null defaults=0 flags=ONGOING_EVENT|FOREGROUND_SERVICE color=0x00000000 actions=2 vis=PRIVATE),1]
05-01 13:51:53.595  1899  1899 I notification_enqueue: [10195,12383,com.transsion.screenrecorder,4277,NULL,0,Notification(channel=screen_record shortcut=null contentView=null vibrate=null sound=null defaults=0 flags=ONGOING_EVENT|FOREGROUND_SERVICE color=0x00000000 actions=2 vis=PRIVATE),1]
05-01 13:51:54.608  1899  1899 I notification_enqueue: [10195,12383,com.transsion.screenrecorder,4277,NULL,0,Notification(channel=screen_record shortcut=null contentView=null vibrate=null sound=null defaults=0 flags=ONGOING_EVENT|FOREGROUND_SERVICE color=0x00000000 actions=2 vis=PRIVATE),1]
05-01 13:51:55.619  1899  1899 I notification_enqueue: [10195,12383,com.transsion.screenrecorder,4277,NULL,0,Notification(channel=screen_record shortcut=null contentView=null vibrate=null sound=null defaults=0 flags=ONGOING_EVENT|FOREGROUND_SERVICE color=0x00000000 actions=2 vis=PRIVATE),1]
05-01 13:51:56.495  1899  2066 I commit_sys_config_file: [package-user-0,12]
05-01 13:51:56.629  1899  1899 I notification_enqueue: [10195,12383,com.transsion.screenrecorder,4277,NULL,0,Notification(channel=screen_record shortcut=null contentView=null vibrate=null sound=null defaults=0 flags=ONGOING_EVENT|FOREGROUND_SERVICE color=0x00000000 actions=2 vis=PRIVATE),1]
05-01 13:51:56.924  1899  1996 I snet_event_log: updateFrameRateVote [pkg = com.example.ilk_uygulamam title = com.example.ilk_uygulamam/com.example.ilk_uygulamam.MainActivity refreshRate = 60.0 modeId = 4 setting =120 peak = 144.0 mTopApp = com.example.ilk_uygulamam]
05-01 13:51:56.925  1899  1996 I snet_event_log: updateFrameRateVote [pkg = com.transsion.dynamicbar title = DynamicBar refreshRate = 60.0 modeId = 4 setting =120 peak = 144.0 mTopApp = com.example.ilk_uygulamam]
05-01 13:51:57.092   485   485 I auditd  : avc:  denied  { find } for interface=vendor.mediatek.hardware.mtkpower::IMtkPerf sid=u:r:audioserver:s0 pid=1299 scontext=u:r:audioserver:s0 tcontext=u:object_r:hal_power_hwservice:s0 tclass=hwservice_manager permissive=0
05-01 13:51:57.577   485   485 I auditd  : avc:  denied  { find } for interface=vendor.mediatek.hardware.mtkpower::IMtkPerf sid=u:r:audioserver:s0 pid=1299 scontext=u:r:audioserver:s0 tcontext=u:object_r:hal_power_hwservice:s0 tclass=hwservice_manager permissive=0
05-01 13:51:57.647  1899  1899 I notification_enqueue: [10195,12383,com.transsion.screenrecorder,4277,NULL,0,Notification(channel=screen_record shortcut=null contentView=null vibrate=null sound=null defaults=0 flags=ONGOING_EVENT|FOREGROUND_SERVICE color=0x00000000 actions=2 vis=PRIVATE),1]
05-01 13:51:58.356  1899  2029 I am_uid_idle: 10133
05-01 13:51:58.656  1899  1899 I notification_enqueue: [10195,12383,com.transsion.screenrecorder,4277,NULL,0,Notification(channel=screen_record shortcut=null contentView=null vibrate=null sound=null defaults=0 flags=ONGOING_EVENT|FOREGROUND_SERVICE color=0x00000000 actions=2 vis=PRIVATE),1]
05-01 13:51:59.660  1899  1899 I notification_enqueue: [10195,12383,com.transsion.screenrecorder,4277,NULL,0,Notification(channel=screen_record shortcut=null contentView=null vibrate=null sound=null defaults=0 flags=ONGOING_EVENT|FOREGROUND_SERVICE color=0x00000000 actions=2 vis=PRIVATE),1]
05-01 13:52:00.670  1899  1899 I notification_enqueue: [10195,12383,com.transsion.screenrecorder,4277,NULL,0,Notification(channel=screen_record shortcut=null contentView=null vibrate=null sound=null defaults=0 flags=ONGOING_EVENT|FOREGROUND_SERVICE color=0x00000000 actions=2 vis=PRIVATE),1]
05-01 13:52:01.494  1899  2029 I am_uid_idle: 10122
05-01 13:52:01.682  1899  1899 I notification_enqueue: [10195,12383,com.transsion.screenrecorder,4277,NULL,0,Notification(channel=screen_record shortcut=null contentView=null vibrate=null sound=null defaults=0 flags=ONGOING_EVENT|FOREGROUND_SERVICE color=0x00000000 actions=2 vis=PRIVATE),1]
05-01 13:52:02.690  1899  1899 I notification_enqueue: [10195,12383,com.transsion.screenrecorder,4277,NULL,0,Notification(channel=screen_record shortcut=null contentView=null vibrate=null sound=null defaults=0 flags=ONGOING_EVENT|FOREGROUND_SERVICE color=0x00000000 actions=2 vis=PRIVATE),1]
05-01 13:52:03.700  1899  1899 I notification_enqueue: [10195,12383,com.transsion.screenrecorder,4277,NULL,0,Notification(channel=screen_record shortcut=null contentView=null vibrate=null sound=null defaults=0 flags=ONGOING_EVENT|FOREGROUND_SERVICE color=0x00000000 actions=2 vis=PRIVATE),1]
05-01 13:52:04.705  1899  1899 I notification_enqueue: [10195,12383,com.transsion.screenrecorder,4277,NULL,0,Notification(channel=screen_record shortcut=null contentView=null vibrate=null sound=null defaults=0 flags=ONGOING_EVENT|FOREGROUND_SERVICE color=0x00000000 actions=2 vis=PRIVATE),1]
05-01 13:52:05.014  1899  2029 I am_uid_idle: 90000
05-01 13:52:05.715  1899  1899 I notification_enqueue: [10195,12383,com.transsion.screenrecorder,4277,NULL,0,Notification(channel=screen_record shortcut=null contentView=null vibrate=null sound=null defaults=0 flags=ONGOING_EVENT|FOREGROUND_SERVICE color=0x00000000 actions=2 vis=PRIVATE),1]
05-01 13:52:06.720  1899  1899 I notification_enqueue: [10195,12383,com.transsion.screenrecorder,4277,NULL,0,Notification(channel=screen_record shortcut=null contentView=null vibrate=null sound=null defaults=0 flags=ONGOING_EVENT|FOREGROUND_SERVICE color=0x00000000 actions=2 vis=PRIVATE),1]
05-01 13:52:07.727  1899  1899 I notification_enqueue: [10195,12383,com.transsion.screenrecorder,4277,NULL,0,Notification(channel=screen_record shortcut=null contentView=null vibrate=null sound=null defaults=0 flags=ONGOING_EVENT|FOREGROUND_SERVICE color=0x00000000 actions=2 vis=PRIVATE),1]
05-01 13:52:08.734  1899  1899 I notification_enqueue: [10195,12383,com.transsion.screenrecorder,4277,NULL,0,Notification(channel=screen_record shortcut=null contentView=null vibrate=null sound=null defaults=0 flags=ONGOING_EVENT|FOREGROUND_SERVICE color=0x00000000 actions=2 vis=PRIVATE),1]
05-01 13:52:09.151  1899  2206 I input_interaction: Interaction with: 63e9c2 com.example.ilk_uygulamam/com.example.ilk_uygulamam.MainActivity (server), [Gesture Monitor] dc-screen-touch (server), [Gesture Monitor] swipe-up (server), [Gesture Monitor] edge-swipe (server), [Gesture Monitor] tran_split (server), [Gesture Monitor] tran_gesture_service_damon (server), [Gesture Monitor] tran_gesture_service (server), PointerEventDispatcher0 (server), 
05-01 13:52:09.169  2806  3277 I viewroot_draw_event: [VRI[TrEdgeBackGestureHandler0],Start draw after previous draw not visible]
05-01 13:52:09.175  2806  3277 I viewroot_draw_event: [VRI[TrEdgeBackGestureHandler0],reportDrawFinished seqId=0]
05-01 13:52:09.744  1899  1899 I notification_enqueue: [10195,12383,com.transsion.screenrecorder,4277,NULL,0,Notification(channel=screen_record shortcut=null contentView=null vibrate=null sound=null defaults=0 flags=ONGOING_EVENT|FOREGROUND_SERVICE color=0x00000000 actions=2 vis=PRIVATE),1]
05-01 13:52:10.367  2806  3277 I viewroot_draw_event: [VRI[TrEdgeBackGestureHandler0],Not drawing due to not visible. Reason=View.GONE]
05-01 13:52:10.383  2806  3277 I viewroot_draw_event: [VRI[TrEdgeBackGestureHandler0],Start draw after previous draw not visible]
05-01 13:52:10.387  2806  3277 I viewroot_draw_event: [VRI[TrEdgeBackGestureHandler0],reportDrawFinished seqId=0]
05-01 13:52:10.417  2806  3277 I viewroot_draw_event: [VRI[TrEdgeBackGestureHandler0],Not drawing due to not visible. Reason=View.GONE]
05-01 13:52:10.764  1899  1899 I notification_enqueue: [10195,12383,com.transsion.screenrecorder,4277,NULL,0,Notification(channel=screen_record shortcut=null contentView=null vibrate=null sound=null defaults=0 flags=ONGOING_EVENT|FOREGROUND_SERVICE color=0x00000000 actions=2 vis=PRIVATE),1]
05-01 13:52:11.092  1899  2206 I input_interaction: Interaction with: 63e9c2 com.example.ilk_uygulamam/com.example.ilk_uygulamam.MainActivity (server), [Gesture Monitor] dc-screen-touch (server), [Gesture Monitor] edge-swipe (server), [Gesture Monitor] tran_split (server), [Gesture Monitor] tran_gesture_service_damon (server), [Gesture Monitor] tran_gesture_service (server), PointerEventDispatcher0 (server), 
05-01 13:52:11.762  1899  1899 I notification_enqueue: [10195,12383,com.transsion.screenrecorder,4277,NULL,0,Notification(channel=screen_record shortcut=null contentView=null vibrate=null sound=null defaults=0 flags=ONGOING_EVENT|FOREGROUND_SERVICE color=0x00000000 actions=2 vis=PRIVATE),1]
05-01 13:52:12.087   485   485 I auditd  : avc:  denied  { find } for interface=vendor.mediatek.hardware.mtkpower::IMtkPerf sid=u:r:audioserver:s0 pid=1299 scontext=u:r:audioserver:s0 tcontext=u:object_r:hal_power_hwservice:s0 tclass=hwservice_manager permissive=0
05-01 13:52:12.778  1899  1899 I notification_enqueue: [10195,12383,com.transsion.screenrecorder,4277,NULL,0,Notification(channel=screen_record shortcut=null contentView=null vibrate=null sound=null defaults=0 flags=ONGOING_EVENT|FOREGROUND_SERVICE color=0x00000000 actions=2 vis=PRIVATE),1]
05-01 13:52:13.789  1899  1899 I notification_enqueue: [10195,12383,com.transsion.screenrecorder,4277,NULL,0,Notification(channel=screen_record shortcut=null contentView=null vibrate=null sound=null defaults=0 flags=ONGOING_EVENT|FOREGROUND_SERVICE color=0x00000000 actions=2 vis=PRIVATE),1]
05-01 13:52:14.796  1899  1899 I notification_enqueue: [10195,12383,com.transsion.screenrecorder,4277,NULL,0,Notification(channel=screen_record shortcut=null contentView=null vibrate=null sound=null defaults=0 flags=ONGOING_EVENT|FOREGROUND_SERVICE color=0x00000000 actions=2 vis=PRIVATE),1]
05-01 13:52:15.802  1899  1899 I notification_enqueue: [10195,12383,com.transsion.screenrecorder,4277,NULL,0,Notification(channel=screen_record shortcut=null contentView=null vibrate=null sound=null defaults=0 flags=ONGOING_EVENT|FOREGROUND_SERVICE color=0x00000000 actions=2 vis=PRIVATE),1]
05-01 13:52:16.812  1899  1899 I notification_enqueue: [10195,12383,com.transsion.screenrecorder,4277,NULL,0,Notification(channel=screen_record shortcut=null contentView=null vibrate=null sound=null defaults=0 flags=ONGOING_EVENT|FOREGROUND_SERVICE color=0x00000000 actions=2 vis=PRIVATE),1]
05-01 13:52:17.819  1899  1899 I notification_enqueue: [10195,12383,com.transsion.screenrecorder,4277,NULL,0,Notification(channel=screen_record shortcut=null contentView=null vibrate=null sound=null defaults=0 flags=ONGOING_EVENT|FOREGROUND_SERVICE color=0x00000000 actions=2 vis=PRIVATE),1]
05-01 13:52:18.835  1899  1899 I notification_enqueue: [10195,12383,com.transsion.screenrecorder,4277,NULL,0,Notification(channel=screen_record shortcut=null contentView=null vibrate=null sound=null defaults=0 flags=ONGOING_EVENT|FOREGROUND_SERVICE color=0x00000000 actions=2 vis=PRIVATE),1]
