05-01 13:53:18.008  1899  1996 I snet_event_log: updateFrameRateVote [pkg = com.facemoji.lite.transsion title = InputMethod refreshRate = 60.0 modeId = 4 setting =120 peak = 144.0 mTopApp = com.example.ilk_uygulamam]
05-01 13:53:18.015  6153  6153 I viewroot_draw_event: [VRI[InputMethod],Start draw after previous draw not visible]
05-01 13:53:18.071  6153  6153 I viewroot_draw_event: [VRI[InputMethod],reportDrawFinished seqId=0]
05-01 13:53:18.097 10983 14268 I jank_cuj_events_begin_request: [80,1777632798096896000,69286499724282,14667668961565,0@1@com.example.ilk_uygulamam]
05-01 13:53:18.234  1899  3109 I am_kill : [0,6698,com.transsion.easypic,999,empty #49,96732]
05-01 13:53:18.285  1899  5362 I am_proc_died: [0,6698,com.transsion.easypic,999,19]
05-01 13:53:18.286  1899  5362 I am_uid_stopped: 10169
05-01 13:53:18.289   484   484 I auditd  : avc:  denied  { find } for pid=1899 uid=1000 name=vendor.mediatek.hardware.gpuserv.IGpuService/default scontext=u:r:system_server:s0 tcontext=u:object_r:default_android_service:s0 tclass=service_manager permissive=0
05-01 13:53:18.481  1899  1899 I notification_enqueue: [10195,12383,com.transsion.screenrecorder,4277,NULL,0,Notification(channel=screen_record shortcut=null contentView=null vibrate=null sound=null defaults=0 flags=ONGOING_EVENT|FOREGROUND_SERVICE color=0x00000000 actions=2 vis=PRIVATE),1]
05-01 13:53:18.503  1899  1899 I sysui_multi_action: [757,907,758,10,806,com.example.ilk_uygulamam,871,,908,com.google.android.gms,909,-1,1454,1,1456,1680447577]
05-01 13:53:18.503  1899  1899 I sysui_multi_action: [757,919,758,4,806,com.example.ilk_uygulamam,871,,908,com.google.android.gms,1455,1,1456,1680447577]
05-01 13:53:18.808 10983 14268 I jank_cuj_events_end_request: [80,1777632798808068000,69287210892666,14668380129488]
05-01 13:53:18.827  1899  2206 I input_interaction: Interaction with: 64c608c InputMethod (server), [Gesture Monitor] dc-screen-touch (server), [Gesture Monitor] edge-swipe (server), [Gesture Monitor] tran_split (server), [Gesture Monitor] tran_gesture_service_damon (server), [Gesture Monitor] tran_gesture_service (server), PointerEventDispatcher0 (server), 
05-01 13:53:19.474  1899  1899 I notification_enqueue: [10195,12383,com.transsion.screenrecorder,4277,NULL,0,Notification(channel=screen_record shortcut=null contentView=null vibrate=null sound=null defaults=0 flags=ONGOING_EVENT|FOREGROUND_SERVICE color=0x00000000 actions=2 vis=PRIVATE),1]
05-01 13:53:20.485  1899  1899 I notification_enqueue: [10195,12383,com.transsion.screenrecorder,4277,NULL,0,Notification(channel=screen_record shortcut=null contentView=null vibrate=null sound=null defaults=0 flags=ONGOING_EVENT|FOREGROUND_SERVICE color=0x00000000 actions=2 vis=PRIVATE),1]
05-01 13:53:21.501  1899  1899 I notification_enqueue: [10195,12383,com.transsion.screenrecorder,4277,NULL,0,Notification(channel=screen_record shortcut=null contentView=null vibrate=null sound=null defaults=0 flags=ONGOING_EVENT|FOREGROUND_SERVICE color=0x00000000 actions=2 vis=PRIVATE),1]
05-01 13:53:22.505  1899  1899 I notification_enqueue: [10195,12383,com.transsion.screenrecorder,4277,NULL,0,Notification(channel=screen_record shortcut=null contentView=null vibrate=null sound=null defaults=0 flags=ONGOING_EVENT|FOREGROUND_SERVICE color=0x00000000 actions=2 vis=PRIVATE),1]
05-01 13:53:23.109  1899  2206 I input_interaction: Interaction with: 63e9c2 com.example.ilk_uygulamam/com.example.ilk_uygulamam.MainActivity (server), [Gesture Monitor] dc-screen-touch (server), [Gesture Monitor] edge-swipe (server), [Gesture Monitor] tran_split (server), [Gesture Monitor] tran_gesture_service_damon (server), [Gesture Monitor] tran_gesture_service (server), PointerEventDispatcher0 (server), 
05-01 13:53:23.230 10983 14268 I jank_cuj_events_begin_request: [81,1777632803224912000,69291627736590,14672796973258,1@1@com.example.ilk_uygulamam]
05-01 13:53:23.509  1899  1899 I notification_enqueue: [10195,12383,com.transsion.screenrecorder,4277,NULL,0,Notification(channel=screen_record shortcut=null contentView=null vibrate=null sound=null defaults=0 flags=ONGOING_EVENT|FOREGROUND_SERVICE color=0x00000000 actions=2 vis=PRIVATE),1]
05-01 13:53:23.890 10983 14268 I jank_cuj_events_end_request: [81,1777632803890627000,69292293450821,14673462687412]
05-01 13:53:24.433  6153  6153 I viewroot_draw_event: [VRI[InputMethod],Not drawing due to not visible. Reason=View.GONE]
05-01 13:53:24.525  1899  1899 I notification_enqueue: [10195,12383,com.transsion.screenrecorder,4277,NULL,0,Notification(channel=screen_record shortcut=null contentView=null vibrate=null sound=null defaults=0 flags=ONGOING_EVENT|FOREGROUND_SERVICE color=0x00000000 actions=2 vis=PRIVATE),1]
05-01 13:53:24.911  1899  3900 I sysui_multi_action: [757,906,758,4,806,com.example.ilk_uygulamam,871,,908,com.google.android.gms,1452,0,1456,812176864]
05-01 13:53:24.985  6153  6153 I viewroot_draw_event: [VRI[InputMethod],Start draw after previous draw not visible]
05-01 13:53:25.010  6153  6153 I viewroot_draw_event: [VRI[InputMethod],reportDrawFinished seqId=0]
05-01 13:53:25.024 10983 14268 I jank_cuj_events_begin_request: [80,1777632805024454000,69293427278436,14674596515027,0@1@com.example.ilk_uygulamam]
05-01 13:53:25.030  1899  1899 I sysui_multi_action: [757,907,758,10,806,com.example.ilk_uygulamam,871,,908,com.google.android.gms,909,-1,1454,1,1456,812176864]
05-01 13:53:25.030  1899  1899 I sysui_multi_action: [757,919,758,4,806,com.example.ilk_uygulamam,871,,908,com.google.android.gms,1455,1,1456,812176864]
05-01 13:53:25.536  1899  1899 I notification_enqueue: [10195,12383,com.transsion.screenrecorder,4277,NULL,0,Notification(channel=screen_record shortcut=null contentView=null vibrate=null sound=null defaults=0 flags=ONGOING_EVENT|FOREGROUND_SERVICE color=0x00000000 actions=2 vis=PRIVATE),1]
05-01 13:53:25.589  1899  2206 I input_interaction: Interaction with: 64c608c InputMethod (server), [Gesture Monitor] dc-screen-touch (server), [Gesture Monitor] edge-swipe (server), [Gesture Monitor] tran_split (server), [Gesture Monitor] tran_gesture_service_damon (server), [Gesture Monitor] tran_gesture_service (server), PointerEventDispatcher0 (server), 
05-01 13:53:25.740 10983 14268 I jank_cuj_events_end_request: [80,1777632805740443000,69294143268282,14675312504873]
05-01 13:53:26.549  1899  1899 I notification_enqueue: [10195,12383,com.transsion.screenrecorder,4277,NULL,0,Notification(channel=screen_record shortcut=null contentView=null vibrate=null sound=null defaults=0 flags=ONGOING_EVENT|FOREGROUND_SERVICE color=0x00000000 actions=2 vis=PRIVATE),1]
05-01 13:53:27.560  1899  1899 I notification_enqueue: [10195,12383,com.transsion.screenrecorder,4277,NULL,0,Notification(channel=screen_record shortcut=null contentView=null vibrate=null sound=null defaults=0 flags=ONGOING_EVENT|FOREGROUND_SERVICE color=0x00000000 actions=2 vis=PRIVATE),1]
05-01 13:53:27.560  1899  2286 I storage_state: [41217664-9172-527a-b3d5-edabb50a7d69,0,0,187225419776,241296179200]
05-01 13:53:28.569  1899  1899 I notification_enqueue: [10195,12383,com.transsion.screenrecorder,4277,NULL,0,Notification(channel=screen_record shortcut=null contentView=null vibrate=null sound=null defaults=0 flags=ONGOING_EVENT|FOREGROUND_SERVICE color=0x00000000 actions=2 vis=PRIVATE),1]
05-01 13:53:29.338  1899  2177 I commit_sys_config_file: [settings-1-0,13]
05-01 13:53:29.587  1899  1899 I notification_enqueue: [10195,12383,com.transsion.screenrecorder,4277,NULL,0,Notification(channel=screen_record shortcut=null contentView=null vibrate=null sound=null defaults=0 flags=ONGOING_EVENT|FOREGROUND_SERVICE color=0x00000000 actions=2 vis=PRIVATE),1]
05-01 13:53:30.598  1899  1899 I notification_enqueue: [10195,12383,com.transsion.screenrecorder,4277,NULL,0,Notification(channel=screen_record shortcut=null contentView=null vibrate=null sound=null defaults=0 flags=ONGOING_EVENT|FOREGROUND_SERVICE color=0x00000000 actions=2 vis=PRIVATE),1]
05-01 13:53:31.608  1899  1899 I notification_enqueue: [10195,12383,com.transsion.screenrecorder,4277,NULL,0,Notification(channel=screen_record shortcut=null contentView=null vibrate=null sound=null defaults=0 flags=ONGOING_EVENT|FOREGROUND_SERVICE color=0x00000000 actions=2 vis=PRIVATE),1]
05-01 13:53:32.619  1899  1899 I notification_enqueue: [10195,12383,com.transsion.screenrecorder,4277,NULL,0,Notification(channel=screen_record shortcut=null contentView=null vibrate=null sound=null defaults=0 flags=ONGOING_EVENT|FOREGROUND_SERVICE color=0x00000000 actions=2 vis=PRIVATE),1]
05-01 13:53:33.625  1899  1899 I notification_enqueue: [10195,12383,com.transsion.screenrecorder,4277,NULL,0,Notification(channel=screen_record shortcut=null contentView=null vibrate=null sound=null defaults=0 flags=ONGOING_EVENT|FOREGROUND_SERVICE color=0x00000000 actions=2 vis=PRIVATE),1]
05-01 13:53:34.641  1899  1899 I notification_enqueue: [10195,12383,com.transsion.screenrecorder,4277,NULL,0,Notification(channel=screen_record shortcut=null contentView=null vibrate=null sound=null defaults=0 flags=ONGOING_EVENT|FOREGROUND_SERVICE color=0x00000000 actions=2 vis=PRIVATE),1]
05-01 13:53:35.043  1899  2206 I input_interaction: Interaction with: 63e9c2 com.example.ilk_uygulamam/com.example.ilk_uygulamam.MainActivity (server), [Gesture Monitor] dc-screen-touch (server), [Gesture Monitor] edge-swipe (server), [Gesture Monitor] tran_split (server), [Gesture Monitor] tran_gesture_service_damon (server), [Gesture Monitor] tran_gesture_service (server), PointerEventDispatcher0 (server), 
05-01 13:53:35.125 10983 14268 I jank_cuj_events_begin_request: [81,1777632815123719000,69303526546821,14684695784258,1@1@com.example.ilk_uygulamam]
05-01 13:53:35.645  1899  1899 I notification_enqueue: [10195,12383,com.transsion.screenrecorder,4277,NULL,0,Notification(channel=screen_record shortcut=null contentView=null vibrate=null sound=null defaults=0 flags=ONGOING_EVENT|FOREGROUND_SERVICE color=0x00000000 actions=2 vis=PRIVATE),1]
05-01 13:53:35.788 10983 14268 I jank_cuj_events_end_request: [81,1777632815788091000,69304190915744,14685360152566]
05-01 13:53:36.321  6153  6153 I viewroot_draw_event: [VRI[InputMethod],Not drawing due to not visible. Reason=View.GONE]
05-01 13:53:36.651  1899  1899 I notification_enqueue: [10195,12383,com.transsion.screenrecorder,4277,NULL,0,Notification(channel=screen_record shortcut=null contentView=null vibrate=null sound=null defaults=0 flags=ONGOING_EVENT|FOREGROUND_SERVICE color=0x00000000 actions=2 vis=PRIVATE),1]
05-01 13:53:37.660  1899  1899 I notification_enqueue: [10195,12383,com.transsion.screenrecorder,4277,NULL,0,Notification(channel=screen_record shortcut=null contentView=null vibrate=null sound=null defaults=0 flags=ONGOING_EVENT|FOREGROUND_SERVICE color=0x00000000 actions=2 vis=PRIVATE),1]
05-01 13:53:38.676  1899  1899 I notification_enqueue: [10195,12383,com.transsion.screenrecorder,4277,NULL,0,Notification(channel=screen_record shortcut=null contentView=null vibrate=null sound=null defaults=0 flags=ONGOING_EVENT|FOREGROUND_SERVICE color=0x00000000 actions=2 vis=PRIVATE),1]
05-01 13:53:39.680  1899  1899 I notification_enqueue: [10195,12383,com.transsion.screenrecorder,4277,NULL,0,Notification(channel=screen_record shortcut=null contentView=null vibrate=null sound=null defaults=0 flags=ONGOING_EVENT|FOREGROUND_SERVICE color=0x00000000 actions=2 vis=PRIVATE),1]
05-01 13:53:40.692  1899  1899 I notification_enqueue: [10195,12383,com.transsion.screenrecorder,4277,NULL,0,Notification(channel=screen_record shortcut=null contentView=null vibrate=null sound=null defaults=0 flags=ONGOING_EVENT|FOREGROUND_SERVICE color=0x00000000 actions=2 vis=PRIVATE),1]
05-01 13:53:41.706  1899  1899 I notification_enqueue: [10195,12383,com.transsion.screenrecorder,4277,NULL,0,Notification(channel=screen_record shortcut=null contentView=null vibrate=null sound=null defaults=0 flags=ONGOING_EVENT|FOREGROUND_SERVICE color=0x00000000 actions=2 vis=PRIVATE),1]
05-01 13:53:42.712  1899  1899 I notification_enqueue: [10195,12383,com.transsion.screenrecorder,4277,NULL,0,Notification(channel=screen_record shortcut=null contentView=null vibrate=null sound=null defaults=0 flags=ONGOING_EVENT|FOREGROUND_SERVICE color=0x00000000 actions=2 vis=PRIVATE),1]
05-01 13:53:43.718  1899  1899 I notification_enqueue: [10195,12383,com.transsion.screenrecorder,4277,NULL,0,Notification(channel=screen_record shortcut=null contentView=null vibrate=null sound=null defaults=0 flags=ONGOING_EVENT|FOREGROUND_SERVICE color=0x00000000 actions=2 vis=PRIVATE),1]
05-01 13:53:44.096  1899  2029 I am_uid_idle: 10200
05-01 13:53:44.737  1899  1899 I notification_enqueue: [10195,12383,com.transsion.screenrecorder,4277,NULL,0,Notification(channel=screen_record shortcut=null contentView=null vibrate=null sound=null defaults=0 flags=ONGOING_EVENT|FOREGROUND_SERVICE color=0x00000000 actions=2 vis=PRIVATE),1]
05-01 13:53:45.749  1899  1899 I notification_enqueue: [10195,12383,com.transsion.screenrecorder,4277,NULL,0,Notification(channel=screen_record shortcut=null contentView=null vibrate=null sound=null defaults=0 flags=ONGOING_EVENT|FOREGROUND_SERVICE color=0x00000000 actions=2 vis=PRIVATE),1]
05-01 13:53:46.454  1899  1996 I snet_event_log: updateFrameRateVote [pkg = com.example.ilk_uygulamam title = com.example.ilk_uygulamam/com.example.ilk_uygulamam.MainActivity refreshRate = 60.0 modeId = 4 setting =120 peak = 144.0 mTopApp = com.example.ilk_uygulamam]
05-01 13:53:46.455  1899  1996 I snet_event_log: updateFrameRateVote [pkg = com.transsion.dynamicbar title = DynamicBar refreshRate = 60.0 modeId = 4 setting =120 peak = 144.0 mTopApp = com.example.ilk_uygulamam]
05-01 13:53:46.757  1899  1899 I notification_enqueue: [10195,12383,com.transsion.screenrecorder,4277,NULL,0,Notification(channel=screen_record shortcut=null contentView=null vibrate=null sound=null defaults=0 flags=ONGOING_EVENT|FOREGROUND_SERVICE color=0x00000000 actions=2 vis=PRIVATE),1]
05-01 13:53:47.774  1899  1899 I notification_enqueue: [10195,12383,com.transsion.screenrecorder,4277,NULL,0,Notification(channel=screen_record shortcut=null contentView=null vibrate=null sound=null defaults=0 flags=ONGOING_EVENT|FOREGROUND_SERVICE color=0x00000000 actions=2 vis=PRIVATE),1]
05-01 13:53:47.801  1899  2556 I am_uid_idle: 10122
05-01 13:53:47.808  1899  2556 I am_uid_idle: 10269
05-01 13:53:48.787  1899  1899 I notification_enqueue: [10195,12383,com.transsion.screenrecorder,4277,NULL,0,Notification(channel=screen_record shortcut=null contentView=null vibrate=null sound=null defaults=0 flags=ONGOING_EVENT|FOREGROUND_SERVICE color=0x00000000 actions=2 vis=PRIVATE),1]
05-01 13:53:49.797  1899  1899 I notification_enqueue: [10195,12383,com.transsion.screenrecorder,4277,NULL,0,Notification(channel=screen_record shortcut=null contentView=null vibrate=null sound=null defaults=0 flags=ONGOING_EVENT|FOREGROUND_SERVICE color=0x00000000 actions=2 vis=PRIVATE),1]
05-01 13:53:50.801  1899  1899 I notification_enqueue: [10195,12383,com.transsion.screenrecorder,4277,NULL,0,Notification(channel=screen_record shortcut=null contentView=null vibrate=null sound=null defaults=0 flags=ONGOING_EVENT|FOREGROUND_SERVICE color=0x00000000 actions=2 vis=PRIVATE),1]
05-01 13:53:50.853  1899  1996 I snet_event_log: updateFrameRateVote [pkg = com.example.ilk_uygulamam title = com.example.ilk_uygulamam/com.example.ilk_uygulamam.MainActivity refreshRate = 60.0 modeId = 4 setting =120 peak = 144.0 mTopApp = com.example.ilk_uygulamam]
05-01 13:53:50.853  1899  1996 I snet_event_log: updateFrameRateVote [pkg = com.transsion.dynamicbar title = DynamicBar refreshRate = 60.0 modeId = 4 setting =120 peak = 144.0 mTopApp = com.example.ilk_uygulamam]
05-01 13:53:51.809  1899  1899 I notification_enqueue: [10195,12383,com.transsion.screenrecorder,4277,NULL,0,Notification(channel=screen_record shortcut=null contentView=null vibrate=null sound=null defaults=0 flags=ONGOING_EVENT|FOREGROUND_SERVICE color=0x00000000 actions=2 vis=PRIVATE),1]
05-01 13:53:52.821  1899  1899 I notification_enqueue: [10195,12383,com.transsion.screenrecorder,4277,NULL,0,Notification(channel=screen_record shortcut=null contentView=null vibrate=null sound=null defaults=0 flags=ONGOING_EVENT|FOREGROUND_SERVICE color=0x00000000 actions=2 vis=PRIVATE),1]
05-01 13:53:53.829  1899  1899 I notification_enqueue: [10195,12383,com.transsion.screenrecorder,4277,NULL,0,Notification(channel=screen_record shortcut=null contentView=null vibrate=null sound=null defaults=0 flags=ONGOING_EVENT|FOREGROUND_SERVICE color=0x00000000 actions=2 vis=PRIVATE),1]
05-01 13:53:54.844  1899  1899 I notification_enqueue: [10195,12383,com.transsion.screenrecorder,4277,NULL,0,Notification(channel=screen_record shortcut=null contentView=null vibrate=null sound=null defaults=0 flags=ONGOING_EVENT|FOREGROUND_SERVICE color=0x00000000 actions=2 vis=PRIVATE),1]
05-01 13:53:55.857  1899  1899 I notification_enqueue: [10195,12383,com.transsion.screenrecorder,4277,NULL,0,Notification(channel=screen_record shortcut=null contentView=null vibrate=null sound=null defaults=0 flags=ONGOING_EVENT|FOREGROUND_SERVICE color=0x00000000 actions=2 vis=PRIVATE),1]
05-01 13:53:56.867  1899  1899 I notification_enqueue: [10195,12383,com.transsion.screenrecorder,4277,NULL,0,Notification(channel=screen_record shortcut=null contentView=null vibrate=null sound=null defaults=0 flags=ONGOING_EVENT|FOREGROUND_SERVICE color=0x00000000 actions=2 vis=PRIVATE),1]
05-01 13:53:57.883  1899  1899 I notification_enqueue: [10195,12383,com.transsion.screenrecorder,4277,NULL,0,Notification(channel=screen_record shortcut=null contentView=null vibrate=null sound=null defaults=0 flags=ONGOING_EVENT|FOREGROUND_SERVICE color=0x00000000 actions=2 vis=PRIVATE),1]
05-01 13:53:58.888  1899  1899 I notification_enqueue: [10195,12383,com.transsion.screenrecorder,4277,NULL,0,Notification(channel=screen_record shortcut=null contentView=null vibrate=null sound=null defaults=0 flags=ONGOING_EVENT|FOREGROUND_SERVICE color=0x00000000 actions=2 vis=PRIVATE),1]
05-01 13:53:59.416  1899  2177 I commit_sys_config_file: [settings-1-0,5]
05-01 13:53:59.895  1899  1899 I notification_enqueue: [10195,12383,com.transsion.screenrecorder,4277,NULL,0,Notification(channel=screen_record shortcut=null contentView=null vibrate=null sound=null defaults=0 flags=ONGOING_EVENT|FOREGROUND_SERVICE color=0x00000000 actions=2 vis=PRIVATE),1]
05-01 13:54:00.905  1899  1899 I notification_enqueue: [10195,12383,com.transsion.screenrecorder,4277,NULL,0,Notification(channel=screen_record shortcut=null contentView=null vibrate=null sound=null defaults=0 flags=ONGOING_EVENT|FOREGROUND_SERVICE color=0x00000000 actions=2 vis=PRIVATE),1]
05-01 13:54:01.914  1899  1899 I notification_enqueue: [10195,12383,com.transsion.screenrecorder,4277,NULL,0,Notification(channel=screen_record shortcut=null contentView=null vibrate=null sound=null defaults=0 flags=ONGOING_EVENT|FOREGROUND_SERVICE color=0x00000000 actions=2 vis=PRIVATE),1]
05-01 13:54:02.922  1899  1899 I notification_enqueue: [10195,12383,com.transsion.screenrecorder,4277,NULL,0,Notification(channel=screen_record shortcut=null contentView=null vibrate=null sound=null defaults=0 flags=ONGOING_EVENT|FOREGROUND_SERVICE color=0x00000000 actions=2 vis=PRIVATE),1]
05-01 13:54:03.930  1899  1899 I notification_enqueue: [10195,12383,com.transsion.screenrecorder,4277,NULL,0,Notification(channel=screen_record shortcut=null contentView=null vibrate=null sound=null defaults=0 flags=ONGOING_EVENT|FOREGROUND_SERVICE color=0x00000000 actions=2 vis=PRIVATE),1]
05-01 13:54:04.936  1899  1899 I notification_enqueue: [10195,12383,com.transsion.screenrecorder,4277,NULL,0,Notification(channel=screen_record shortcut=null contentView=null vibrate=null sound=null defaults=0 flags=ONGOING_EVENT|FOREGROUND_SERVICE color=0x00000000 actions=2 vis=PRIVATE),1]
05-01 13:54:05.952  1899  1899 I notification_enqueue: [10195,12383,com.transsion.screenrecorder,4277,NULL,0,Notification(channel=screen_record shortcut=null contentView=null vibrate=null sound=null defaults=0 flags=ONGOING_EVENT|FOREGROUND_SERVICE color=0x00000000 actions=2 vis=PRIVATE),1]
05-01 13:54:06.964  1899  1899 I notification_enqueue: [10195,12383,com.transsion.screenrecorder,4277,NULL,0,Notification(channel=screen_record shortcut=null contentView=null vibrate=null sound=null defaults=0 flags=ONGOING_EVENT|FOREGROUND_SERVICE color=0x00000000 actions=2 vis=PRIVATE),1]
05-01 13:54:07.968  1899  1899 I notification_enqueue: [10195,12383,com.transsion.screenrecorder,4277,NULL,0,Notification(channel=screen_record shortcut=null contentView=null vibrate=null sound=null defaults=0 flags=ONGOING_EVENT|FOREGROUND_SERVICE color=0x00000000 actions=2 vis=PRIVATE),1]
05-01 13:54:08.977  1899  1899 I notification_enqueue: [10195,12383,com.transsion.screenrecorder,4277,NULL,0,Notification(channel=screen_record shortcut=null contentView=null vibrate=null sound=null defaults=0 flags=ONGOING_EVENT|FOREGROUND_SERVICE color=0x00000000 actions=2 vis=PRIVATE),1]
05-01 13:54:09.984  1899  1899 I notification_enqueue: [10195,12383,com.transsion.screenrecorder,4277,NULL,0,Notification(channel=screen_record shortcut=null contentView=null vibrate=null sound=null defaults=0 flags=ONGOING_EVENT|FOREGROUND_SERVICE color=0x00000000 actions=2 vis=PRIVATE),1]
05-01 13:54:10.993  1899  1899 I notification_enqueue: [10195,12383,com.transsion.screenrecorder,4277,NULL,0,Notification(channel=screen_record shortcut=null contentView=null vibrate=null sound=null defaults=0 flags=ONGOING_EVENT|FOREGROUND_SERVICE color=0x00000000 actions=2 vis=PRIVATE),1]
05-01 13:54:12.003  1899  1899 I notification_enqueue: [10195,12383,com.transsion.screenrecorder,4277,NULL,0,Notification(channel=screen_record shortcut=null contentView=null vibrate=null sound=null defaults=0 flags=ONGOING_EVENT|FOREGROUND_SERVICE color=0x00000000 actions=2 vis=PRIVATE),1]
05-01 13:54:12.594  2766  2766 I service_manager_stats: [100,65,241307]
05-01 13:54:13.019  1899  1899 I notification_enqueue: [10195,12383,com.transsion.screenrecorder,4277,NULL,0,Notification(channel=screen_record shortcut=null contentView=null vibrate=null sound=null defaults=0 flags=ONGOING_EVENT|FOREGROUND_SERVICE color=0x00000000 actions=2 vis=PRIVATE),1]
05-01 13:54:14.036  1899  1899 I notification_enqueue: [10195,12383,com.transsion.screenrecorder,4277,NULL,0,Notification(channel=screen_record shortcut=null contentView=null vibrate=null sound=null defaults=0 flags=ONGOING_EVENT|FOREGROUND_SERVICE color=0x00000000 actions=2 vis=PRIVATE),1]
05-01 13:54:15.035  1899  1899 I notification_enqueue: [10195,12383,com.transsion.screenrecorder,4277,NULL,0,Notification(channel=screen_record shortcut=null contentView=null vibrate=null sound=null defaults=0 flags=ONGOING_EVENT|FOREGROUND_SERVICE color=0x00000000 actions=2 vis=PRIVATE),1]
05-01 13:54:16.043  1899  1899 I notification_enqueue: [10195,12383,com.transsion.screenrecorder,4277,NULL,0,Notification(channel=screen_record shortcut=null contentView=null vibrate=null sound=null defaults=0 flags=ONGOING_EVENT|FOREGROUND_SERVICE color=0x00000000 actions=2 vis=PRIVATE),1]
05-01 13:54:17.052  1899  1899 I notification_enqueue: [10195,12383,com.transsion.screenrecorder,4277,NULL,0,Notification(channel=screen_record shortcut=null contentView=null vibrate=null sound=null defaults=0 flags=ONGOING_EVENT|FOREGROUND_SERVICE color=0x00000000 actions=2 vis=PRIVATE),1]
05-01 13:54:18.059  1899  1899 I notification_enqueue: [10195,12383,com.transsion.screenrecorder,4277,NULL,0,Notification(channel=screen_record shortcut=null contentView=null vibrate=null sound=null defaults=0 flags=ONGOING_EVENT|FOREGROUND_SERVICE color=0x00000000 actions=2 vis=PRIVATE),1]
05-01 13:54:19.071  1899  1899 I notification_enqueue: [10195,12383,com.transsion.screenrecorder,4277,NULL,0,Notification(channel=screen_record shortcut=null contentView=null vibrate=null sound=null defaults=0 flags=ONGOING_EVENT|FOREGROUND_SERVICE color=0x00000000 actions=2 vis=PRIVATE),1]
05-01 13:54:20.078  1899  1899 I notification_enqueue: [10195,12383,com.transsion.screenrecorder,4277,NULL,0,Notification(channel=screen_record shortcut=null contentView=null vibrate=null sound=null defaults=0 flags=ONGOING_EVENT|FOREGROUND_SERVICE color=0x00000000 actions=2 vis=PRIVATE),1]
05-01 13:54:21.087  1899  1899 I notification_enqueue: [10195,12383,com.transsion.screenrecorder,4277,NULL,0,Notification(channel=screen_record shortcut=null contentView=null vibrate=null sound=null defaults=0 flags=ONGOING_EVENT|FOREGROUND_SERVICE color=0x00000000 actions=2 vis=PRIVATE),1]
05-01 13:54:22.095  1899  1899 I notification_enqueue: [10195,12383,com.transsion.screenrecorder,4277,NULL,0,Notification(channel=screen_record shortcut=null contentView=null vibrate=null sound=null defaults=0 flags=ONGOING_EVENT|FOREGROUND_SERVICE color=0x00000000 actions=2 vis=PRIVATE),1]
05-01 13:54:23.105  1899  1899 I notification_enqueue: [10195,12383,com.transsion.screenrecorder,4277,NULL,0,Notification(channel=screen_record shortcut=null contentView=null vibrate=null sound=null defaults=0 flags=ONGOING_EVENT|FOREGROUND_SERVICE color=0x00000000 actions=2 vis=PRIVATE),1]
05-01 13:54:24.113  1899  1899 I notification_enqueue: [10195,12383,com.transsion.screenrecorder,4277,NULL,0,Notification(channel=screen_record shortcut=null contentView=null vibrate=null sound=null defaults=0 flags=ONGOING_EVENT|FOREGROUND_SERVICE color=0x00000000 actions=2 vis=PRIVATE),1]
05-01 13:54:25.062  1899  2634 I battery_level: [89,4254,322]
05-01 13:54:25.122  1899  1899 I notification_enqueue: [10195,12383,com.transsion.screenrecorder,4277,NULL,0,Notification(channel=screen_record shortcut=null contentView=null vibrate=null sound=null defaults=0 flags=ONGOING_EVENT|FOREGROUND_SERVICE color=0x00000000 actions=2 vis=PRIVATE),1]
05-01 13:54:25.211  1899  2037 I am_cpu  : [1,0,init,223507,100,80]
05-01 13:54:25.211  1899  2037 I am_cpu  : [2,0,kthreadd,334651,0,10]
05-01 13:54:25.211  1899  2037 I am_cpu  : [13,0,ksoftirqd/0,223507,0,410]
05-01 13:54:25.211  1899  2037 I am_cpu  : [14,0,rcu_preempt,223507,0,1000]
05-01 13:54:25.211  1899  2037 I am_cpu  : [17,0,rcu_exp_gp_kthread_worker,334651,0,10]
05-01 13:54:25.211  1899  2037 I am_cpu  : [19,0,migration/0,223507,0,80]
05-01 13:54:25.213  1899  2037 I am_cpu  : [25,0,migration/1,253243,0,70]
05-01 13:54:25.213  1899  2037 I am_cpu  : [27,0,ksoftirqd/1,223507,0,410]
05-01 13:54:25.213  1899  2037 I am_cpu  : [32,0,migration/2,223507,0,70]
05-01 13:54:25.214  1899  2037 I am_cpu  : [34,0,ksoftirqd/2,223506,0,400]
05-01 13:54:25.214  1899  2037 I am_cpu  : [39,0,migration/3,253243,0,70]
05-01 13:54:25.214  1899  2037 I am_cpu  : [41,0,ksoftirqd/3,223506,0,380]
05-01 13:54:25.214  1899  2037 I am_cpu  : [46,0,migration/4,253243,0,80]
05-01 13:54:25.214  1899  2037 I am_cpu  : [48,0,ksoftirqd/4,223506,0,370]
05-01 13:54:25.214  1899  2037 I am_cpu  : [53,0,migration/5,253242,0,70]
05-01 13:54:25.214  1899  2037 I am_cpu  : [55,0,ksoftirqd/5,223506,0,430]
05-01 13:54:25.214  1899  2037 I am_cpu  : [62,0,ksoftirqd/6,223506,0,310]
05-01 13:54:25.214  1899  2037 I am_cpu  : [67,0,migration/7,2353688,0,10]
05-01 13:54:25.215  1899  2037 I am_cpu  : [69,0,ksoftirqd/7,223505,0,300]
05-01 13:54:25.215  1899  2037 I am_cpu  : [80,0,kauditd,1153445,0,10]
05-01 13:54:25.215  1899  2037 I am_cpu  : [84,0,kcompactd0,253241,0,550]
05-01 13:54:25.215  1899  2037 I am_cpu  : [92,0,kswapd0,223506,0,8430]
05-01 13:54:25.215  1899  2037 I am_cpu  : [103,0,dmabuf-deferred-free-worker,223506,0,4910]
05-01 13:54:25.215  1899  2037 I am_cpu  : [112,0,wdtk-1,853374,0,10]
05-01 13:54:25.215  1899  2037 I am_cpu  : [115,0,wdtk-4,253241,0,40]
05-01 13:54:25.215  1899  2037 I am_cpu  : [122,0,hwrng,553293,0,10]
05-01 13:54:25.215  1899  2037 I am_cpu  : [128,0,irq/364-rcs_irq,223505,0,30]
05-01 13:54:25.215  1899  2037 I am_cpu  : [131,0,cmdq_irq_thread,223505,0,400]
05-01 13:54:25.215  1899  2037 I am_cpu  : [135,0,cmdq_irq_thread,223505,0,160]
05-01 13:54:25.215  1899  2037 I am_cpu  : [154,0,mtk_drm_disp_idlemgr-0,223506,0,190]
05-01 13:54:25.215  1899  2037 I am_cpu  : [155,0,dis_ki-0,223506,0,510]
05-01 13:54:25.216  1899  2037 I am_cpu  : [158,0,disp_echk,253241,0,40]
05-01 13:54:25.216  1899  2037 I am_cpu  : [165,0,signal_fence,223504,0,3160]
05-01 13:54:25.216  1899  2037 I am_cpu  : [185,0,tee_irq_bh,334650,0,10]
05-01 13:54:25.216  1899  2037 I am_cpu  : [192,0,spi0,223502,0,410]
05-01 13:54:25.216  1899  2037 I am_cpu  : [212,0,gauge_coulomb_thread,553291,0,10]
05-01 13:54:25.216  1899  2037 I am_cpu  : [213,0,battery_thread,334651,0,10]
05-01 13:54:25.216  1899  2037 I am_cpu  : [303,0,ueventd,223505,70,0]
05-01 13:54:25.216  1899  2037 I am_cpu  : [372,1092,prng_seeder,253243,0,30]
05-01 13:54:25.216  1899  2037 I am_cpu  : [474,1036,logd,223505,790,1440]
05-01 13:54:25.216  1899  2037 I am_cpu  : [476,1069,lmkd,223506,20,180]
05-01 13:54:25.216  1899  2037 I am_cpu  : [484,1000,servicemanager,223505,120,100]
05-01 13:54:25.216  1899  2037 I am_cpu  : [485,1000,hwservicemanage,253242,80,60]
05-01 13:54:25.217  1899  2037 I am_cpu  : [487,0,ccci_spd,334658,0,10]
05-01 13:54:25.217  1899  2037 I am_cpu  : [502,0,psimon,223505,0,80]
05-01 13:54:25.217  1899  2037 I am_cpu  : [521,0,binder:521_2,334659,0,10]
05-01 13:54:25.217  1899  2037 I am_cpu  : [543,0,touch_boost,2653766,0,10]
05-01 13:54:25.217  1899  2037 I am_cpu  : [555,0,vdec_ipi_recv,3554002,0,470]
05-01 13:54:25.217  1899  2037 I am_cpu  : [560,0,venc_ipi_recv,223506,0,3190]
05-01 13:54:25.217  1899  2037 I am_cpu  : [579,0,irq/163-mtk-tpd,223506,0,1910]
05-01 13:54:25.217  1899  2037 I am_cpu  : [586,0,kfps,223506,0,6740]
05-01 13:54:25.217  1899  2037 I am_cpu  : [597,0,transceiver,223506,0,240]
05-01 13:54:25.217  1899  2037 I am_cpu  : [607,1000,android.system.,223506,60,80]
05-01 13:54:25.217  1899  2037 I am_cpu  : [609,1017,binder:609_2,253242,10,0]
05-01 13:54:25.217  1899  2037 I am_cpu  : [644,0,tran_mm_collect,223506,0,70]
05-01 13:54:25.217  1899  2037 I am_cpu  : [646,0,kshrink_slabd,223506,0,880]
05-01 13:54:25.217  1899  2037 I am_cpu  : [648,0,f2fs_discard-254:78,334659,0,10]
05-01 13:54:25.217  1899  2037 I am_cpu  : [1232,1066,binder:1232_2,223513,220,480]
05-01 13:54:25.218  1899  2037 I am_cpu  : [1233,0,binder:1233_3,223512,200,960]
05-01 13:54:25.218  1899  2037 I am_cpu  : [1234,0,main,253248,10,90]
05-01 13:54:25.218  1899  2037 I am_cpu  : [1240,1000,allocator@1.0-s,8955048,10,30]
05-01 13:54:25.218  1899  2037 I am_cpu  : [1243,1041,binder:1243_2,223510,8970,3910]
05-01 13:54:25.218  1899  2037 I am_cpu  : [1249,1000,allocator@4.0-s,223509,1350,7780]
05-01 13:54:25.218  1899  2037 I am_cpu  : [1250,1000,composer@3.1-se,223510,12270,17660]
05-01 13:54:25.218  1899  2037 I am_cpu  : [1251,1000,android.hardwar,253250,10,100]
05-01 13:54:25.218  1899  2037 I am_cpu  : [1253,1046,c2@1.2-mediatek,223515,14680,33210]
05-01 13:54:25.218  1899  2037 I am_cpu  : [1258,1000,android.hardwar,223516,220,490]
05-01 13:54:25.218  1899  2037 I am_cpu  : [1259,1000,thermal@2.0-ser,304789,10,20]
05-01 13:54:25.218  1899  2037 I am_cpu  : [1260,1000,android.hardwar,253256,20,0]
05-01 13:54:25.218  1899  2037 I am_cpu  : [1265,1000,android.hardwar,223517,20,270]
05-01 13:54:25.218  1899  2037 I am_cpu  : [1267,1000,vendor.mediatek,223517,40,60]
05-01 13:54:25.218  1899  2037 I am_cpu  : [1275,0,mtkpower@1.0-se,223515,1090,1690]
05-01 13:54:25.218  1899  2037 I am_cpu  : [1280,0,iptables-restor,253256,20,10]
05-01 13:54:25.218  1899  2037 I am_cpu  : [1281,0,ip6tables-resto,223515,10,10]
05-01 13:54:25.218  1899  2037 I am_cpu  : [1299,1041,audioserver,223516,5830,6500]
05-01 13:54:25.218  1899  2037 I am_cpu  : [1316,1000,surfaceflinger,223516,89970,60380]
05-01 13:54:25.218  1899  2037 I am_cpu  : [1319,0,hiber,223517,10,190]
05-01 13:54:25.218  1899  2037 I am_cpu  : [1325,1000,fuelgauged,223517,20,170]
05-01 13:54:25.218  1899  2037 I am_cpu  : [1326,1000,ccci_mdinit,223517,0,10]
05-01 13:54:25.218  1899  2037 I am_cpu  : [1394,1000,fpsgo,334678,0,10]
05-01 13:54:25.218  1899  2037 I am_cpu  : [1431,2000,adbd,253258,0,10]
05-01 13:54:25.218  1899  2037 I am_cpu  : [1467,0,dpmaif_rxq0_push,334679,0,200]
05-01 13:54:25.218  1899  2037 I am_cpu  : [1469,0,bat_alloc_thread,334679,0,100]
05-01 13:54:25.218  1899  2037 I am_cpu  : [1470,0,skb_alloc_thread,304793,0,50]
05-01 13:54:25.218  1899  2037 I am_cpu  : [1477,0,dpmaif_txq0_done_kt,334679,0,80]
05-01 13:54:25.218  1899  2037 I am_cpu  : [1478,0,dpmaif_txq1_done_kt,334679,0,50]
05-01 13:54:25.218  1899  2037 I am_cpu  : [1503,0,thermal_core,253259,10,30]
05-01 13:54:25.218  1899  2037 I am_cpu  : [1507,1001,mtkfusionrild,223520,480,540]
05-01 13:54:25.218  1899  2037 I am_cpu  : [1512,1000,binder:1512_2,304795,10,10]
05-01 13:54:25.218  1899  2037 I am_cpu  : [1514,0,sched@1.0-servi,223521,0,10]
05-01 13:54:25.218  1899  2037 I am_cpu  : [1519,1047,binder:1519_2,253261,10,30]
05-01 13:54:25.218  1899  2037 I am_cpu  : [1537,0,binder:1537_2,334682,50,610]
05-01 13:54:25.218  1899  2037 I am_cpu  : [1539,1040,mediaextractor,1153459,10,20]
05-01 13:54:25.218  1899  2037 I am_cpu  : [1540,1013,mediametrics,1153459,70,80]
05-01 13:54:25.218  1899  2037 I am_cpu  : [1544,2000,emdlogger,223521,0,30]
05-01 13:54:25.218  1899  2037 I am_cpu  : [1557,1013,mediaserver32,253262,130,260]
05-01 13:54:25.218  1899  2037 I am_cpu  : [1631,1000,vendor.mediatek,223522,1740,950]
05-01 13:54:25.218  1899  2037 I am_cpu  : [1636,1046,binder:1636_2,223522,6330,3360]
05-01 13:54:25.218  1899  2037 I am_cpu  : [1899,1000,system_server,223522,35190,25970]
05-01 13:54:25.218  1899  2037 I am_cpu  : [2246,0,kworker/1:1-pm,223522,0,20]
05-01 13:54:25.218  1899  2037 I am_cpu  : [2572,10153,sion.hilauncher,223522,770,460]
05-01 13:54:25.218  1899  2037 I am_cpu  : [2581,10124,.microsparkslim,223523,40,10]
05-01 13:54:25.218  1899  2037 I am_cpu  : [2695,1053,webview_zygote,1153460,0,30]
05-01 13:54:25.218  1899  2037 I am_cpu  : [2719,1073,rkstack.process,223523,70,40]
05-01 13:54:25.218  1899  2037 I am_cpu  : [2766,1001,m.android.phone,223523,2630,1570]
05-01 13:54:25.218  1899  2037 I am_cpu  : [2806,10164,ndroid.systemui,223522,19240,10450]
05-01 13:54:25.218  1899  2037 I am_cpu  : [2997,10109,.gms.persistent,223523,1250,640]
05-01 13:54:25.218  1899  2037 I am_cpu  : [3628,0,f2fs_ckpt-254:78,253263,0,160]
05-01 13:54:25.218  1899  2037 I am_cpu  : [3649,10221,id.ext.services,223522,1370,640]
05-01 13:54:25.218  1899  2037 I am_cpu  : [3757,0,kworker/4:0-mm_percpu_wq,223521,0,290]
05-01 13:54:25.218  1899  2037 I am_cpu  : [4134,10109,gle.android.gms,223521,11850,3840]
05-01 13:54:25.218  1899  2037 I am_cpu  : [4322,99910109,.gms.persistent,253263,120,80]
05-01 13:54:25.218  1899  2037 I am_cpu  : [4363,10257,stagram.android,334684,290,340]
05-01 13:54:25.218  1899  2037 I am_cpu  : [4386,99910109,gle.android.gms,334684,110,30]
05-01 13:54:25.218  1899  2037 I am_cpu  : [4472,10177,.mobile.service,223520,550,320]
05-01 13:54:25.218  1899  2037 I am_cpu  : [4592,1000,kolun.aiservice,223520,1750,1220]
05-01 13:54:25.218  1899  2037 I am_cpu  : [4654,10220,rs.media.module,223520,2540,6270]
05-01 13:54:25.218  1899  2037 I am_cpu  : [4682,10095,ogle.android.as,223521,50,140]
05-01 13:54:25.218  1899  2037 I am_cpu  : [4729,1027,com.android.nfc,334685,70,40]
05-01 13:54:25.218  1899  2037 I am_cpu  : [4943,10179,anssion.iotcard,223522,0,110]
05-01 13:54:25.218  1899  2037 I am_cpu  : [5127,10299,facebook.katana,2353710,850,620]
05-01 13:54:25.218  1899  2037 I am_cpu  : [5903,10161,nssion.trancare,223521,130,160]
05-01 13:54:25.218  1899  2037 I am_cpu  : [5935,1000,sion.batterylab,253265,30,10]
05-01 13:54:25.218  1899  2037 I am_cpu  : [5950,10202,cebook.services,223521,0,110]
05-01 13:54:25.218  1899  2037 I am_cpu  : [6153,10208,.lite.transsion,223521,2780,980]
05-01 13:54:25.218  1899  2037 I am_cpu  : [6645,0,kworker/u16:0-events_unbound,223521,0,2450]
05-01 13:54:25.218  1899  2037 I am_cpu  : [6741,10109,id.gms.unstable,334686,80,50]
05-01 13:54:25.218  1899  2037 I am_cpu  : [6787,1000,on.tranradionet,223521,60,50]
05-01 13:54:25.218  1899  2037 I am_cpu  : [6912,10049,d.process.acore,253265,20,10]
05-01 13:54:25.218  1899  2037 I am_cpu  : [7299,0,usap64,253265,9930,4530]
05-01 13:54:25.218  1899  2037 I am_cpu  : [7305,10110,chbox:googleapp,253265,60,70]
05-01 13:54:25.218  1899  2037 I am_cpu  : [7377,1000,sion.iotservice,223519,10,10]
05-01 13:54:25.218  1899  2037 I am_cpu  : [7383,10108,android.vending,304788,260,130]
05-01 13:54:25.218  1899  2037 I am_cpu  : [7534,10182,ineservice.hios,223519,90,30]
05-01 13:54:25.218  1899  2037 I am_cpu  : [7953,10155,ion.phonemaster,253266,100,130]
05-01 13:54:25.218  1899  2037 I am_cpu  : [8205,10320,twitter.android,223519,10,70]
05-01 13:54:25.218  1899  2037 I am_cpu  : [8655,0,kworker/6:1-events,253266,0,90]
05-01 13:54:25.218  1899  2037 I am_cpu  : [8785,0,kworker/5:2-mm_percpu_wq,223519,0,120]
05-01 13:54:25.218  1899  2037 I am_cpu  : [9155,0,kworker/u17:0-mt_fstb,223519,0,5210]
05-01 13:54:25.218  1899  2037 I am_cpu  : [9214,1000,niex.vsimhelper,223519,100,90]
05-01 13:54:25.218  1899  2037 I am_cpu  : [9262,10210,sh.smart.caller,253266,10,10]
05-01 13:54:25.218  1899  2037 I am_cpu  : [9321,10210,.trassion.aegis,223519,10,10]
05-01 13:54:25.218  1899  2037 I am_cpu  : [9370,10160,alm.find:remote,553319,0,10]
05-01 13:54:25.219  1899  2037 I am_cpu  : [9445,10115,ion.aicore.main,334687,0,10]
05-01 13:54:25.219  1899  2037 I am_cpu  : [9451,0,osi,334687,0,10]
05-01 13:54:25.219  1899  2037 I am_cpu  : [9456,0,osi_bin,304777,10,10]
05-01 13:54:25.219  1899  2037 I am_cpu  : [9481,10160,tech.palm.find,304777,0,10]
05-01 13:54:25.219  1899  2037 I am_cpu  : [9669,0,kworker/u16:5-events_unbound,223519,0,3130]
05-01 13:54:25.219  1899  2037 I am_cpu  : [10009,0,kworker/0:0H,253267,0,10]
05-01 13:54:25.219  1899  2037 I am_cpu  : [10031,99027,ocessService0:1,553320,10,50]
05-01 13:54:25.219  1899  2037 I am_cpu  : [10500,0,kworker/0:1-events,223520,0,280]
05-01 13:54:25.219  1899  2037 I am_cpu  : [10516,0,kworker/3:0-mm_percpu_wq,223519,0,130]
05-01 13:54:25.219  1899  2037 I am_cpu  : [10572,0,kworker/u17:1-mali_jd,223519,0,2400]
05-01 13:54:25.219  1899  2037 I am_cpu  : [10576,0,kworker/u17:2-ged_notify_sw_vsync,223519,0,8260]
05-01 13:54:25.219  1899  2037 I am_cpu  : [10736,0,kworker/u16:2-events_unbound,253266,0,1230]
05-01 13:54:25.219  1899  2037 I am_cpu  : [10836,0,kworker/2:0H-fsverity_read_queue,334686,0,10]
05-01 13:54:25.219  1899  2037 I am_cpu  : [10845,0,kworker/1:3H-kverityd,253266,0,170]
05-01 13:54:25.219  1899  2037 I am_cpu  : [10888,0,kworker/6:5H-kverityd,223519,0,40]
05-01 13:54:25.219  1899  2037 I am_cpu  : [10934,1082,binder:10934_2,253266,140,100]
05-01 13:54:25.219  1899  2037 I am_cpu  : [10940,0,kworker/7:5H-kverityd,334686,0,40]
05-01 13:54:25.219  1899  2037 I am_cpu  : [10942,0,kworker/0:2H-kverityd,334685,0,70]
05-01 13:54:25.219  1899  2037 I am_cpu  : [10980,0,kworker/3:6H-kverityd,223519,0,100]
05-01 13:54:25.219  1899  2037 I am_cpu  : [10983,10396,e.ilk_uygulamam,223519,79440,37400]
05-01 13:54:25.219  1899  2037 I am_cpu  : [11006,0,kworker/7:6H-kverityd,223519,0,70]
05-01 13:54:25.219  1899  2037 I am_cpu  : [11020,10058,oid.documentsui,334685,10,0]
05-01 13:54:25.219  1899  2037 I am_cpu  : [11121,0,kworker/5:1H-kverityd,223519,0,60]
05-01 13:54:25.219  1899  2037 I am_cpu  : [11125,10216,android.rkpdapp,223519,0,40]
05-01 13:54:25.219  1899  2037 I am_cpu  : [11291,0,kworker/7:2-events_freezable_power_,223519,0,150]
05-01 13:54:25.219  1899  2037 I am_cpu  : [11572,0,kworker/4:4H-kverityd,253266,0,20]
05-01 13:54:25.219  1899  2037 I am_cpu  : [11814,10204,transsnet.store,223519,50,180]
05-01 13:54:25.219  1899  2037 I am_cpu  : [11820,0,kworker/2:4H-kblockd,223519,0,100]
05-01 13:54:25.219  1899  2037 I am_cpu  : [12115,10230,.adservices.api,223519,10,80]
05-01 13:54:25.219  1899  2037 I am_cpu  : [12361,0,kworker/1:0-pm,334684,0,130]
05-01 13:54:25.219  1899  2037 I am_cpu  : [12370,0,kworker/2:2-pm,223519,0,40]
05-01 13:54:25.219  1899  2037 I am_cpu  : [12383,10195,.screenrecorder,223519,24520,28990]
05-01 13:54:25.219  1899  2037 I am_cpu  : [12442,10093,on.gearhead:car,253264,10,0]
05-01 13:54:25.219  1899  2037 I am_cpu  : [12460,0,kworker/u16:7-cmdq_pkt_destroy_wq,253263,0,1550]
05-01 13:54:25.219  1899  2037 I am_cpu  : [12461,0,kworker/2:3-events,253263,0,530]
05-01 13:54:25.219  1899  2037 I am_cpu  : [12478,1000,.batterywarning,253262,0,10]
05-01 13:54:25.219  1899  2037 I am_cpu  : [12499,10093,gearhead:shared,223519,50,40]
05-01 13:54:25.219  1899  2037 I am_cpu  : [12520,10228,ssioncontroller,253262,0,20]
05-01 13:54:25.219  1899  2037 I am_cpu  : [12568,10192,sion.dynamicbar,223519,27830,19150]
05-01 13:54:25.219  1899  2037 I am_cpu  : [12831,0,kworker/0:5H-kblockd,223520,0,50]
05-01 13:54:25.219  1899  2037 I am_cpu  : [12832,0,kworker/0:6H-fsverity_read_queue,253262,0,50]
05-01 13:54:25.219  1899  2037 I am_cpu  : [13050,0,kbase_event,0,0,0]
05-01 13:54:25.219  1899  2037 I am_cpu  : [13090,99029,ocessService0:0,0,0,0]
05-01 13:54:25.219  1899  2037 I am_cpu  : [13197,0,kworker/5:0-events,0,0,0]
05-01 13:54:25.219  1899  2037 I am_cpu  : [13246,99030,ocessService0:0,0,0,0]
05-01 13:54:25.219  1899  2037 I am_cpu  : [13281,10133,webview_service,0,0,0]
05-01 13:54:25.219  1899  2037 I am_cpu  : [13310,0,kbase_event,0,0,0]
05-01 13:54:25.219  1899  2037 I am_cpu  : [13403,0,kworker/u17:3-ged_notify_sw_vsync,0,0,0]
05-01 13:54:25.219  1899  2037 I am_cpu  : [13415,0,kworker/4:7H-sync_dispatch,0,0,0]
05-01 13:54:25.219  1899  2037 I am_cpu  : [13421,10122,.android.chrome,0,0,0]
05-01 13:54:25.219  1899  2037 I am_cpu  : [13570,10122,ileged_process0,0,0,0]
05-01 13:54:25.219  1899  2037 I am_cpu  : [13593,0,kbase_event,0,0,0]
05-01 13:54:25.219  1899  2037 I am_cpu  : [13623,10122,d.chrome_zygote,0,0,0]
05-01 13:54:25.219  1899  2037 I am_cpu  : [13638,90000,ocessService0:0,0,0,0]
05-01 13:54:25.219  1899  2037 I am_cpu  : [13814,0,kworker/u17:5-mali_jd,0,0,0]
05-01 13:54:25.219  1899  2037 I am_cpu  : [14156,0,kworker/3:2-pm,0,0,0]
05-01 13:54:25.219  1899  2037 I am_cpu  : [14269,0,kworker/6:0H-kverityd,0,0,0]
05-01 13:54:25.219  1899  2037 I am_cpu  : [14270,0,kworker/6:2H-kverityd,0,0,0]
05-01 13:54:25.219  1899  2037 I am_cpu  : [14271,0,kworker/6:8H-events_highpri,0,0,0]
05-01 13:54:25.219  1899  2037 I am_cpu  : [14287,0,kworker/1:2-pm,0,0,0]
05-01 13:54:25.219  1899  2037 I am_cpu  : [14680,10208,.transsion:push,0,0,0]
05-01 13:54:25.219  1899  2037 I am_cpu  : [14740,0,kworker/2:3H,0,0,0]
05-01 13:54:25.219  1899  2037 I am_cpu  : [14980,0,kworker/0:2-pm,0,0,0]
05-01 13:54:25.219  1899  2037 I am_cpu  : [14981,0,kworker/7:1,0,0,0]
05-01 13:54:25.219  1899  2037 I am_cpu  : [17311,10244,on.filemanagerx,253266,0,10]
05-01 13:54:25.219  1899  2037 I am_cpu  : [17623,0,usap64,253266,0,10]
05-01 13:54:25.219  1899  2037 I am_cpu  : [21323,99901000,ndroid.settings,253266,10,0]
05-01 13:54:25.219  1899  2037 I am_cpu  : [22016,10110,earchbox:search,304775,10,10]
05-01 13:54:25.219  1899  2037 I am_cpu  : [22480,0,kworker/u16:3-ged_kpi,223523,0,2820]
05-01 13:54:25.219  1899  2037 I am_cpu  : [26553,10110,hbox:interactor,334688,10,10]
05-01 13:54:25.219  1899  2037 I am_cpu  : [31367,0,usap64,334688,0,20]
05-01 13:54:25.219  1899  2037 I am_cpu  : [32042,10187,a.questionnaire,223523,20,20]
05-01 13:54:25.219  1899  2037 I am_cpu  : [32477,0,kworker/u17:4-ged_notify_sw_vsync,223523,0,10930]
05-01 13:54:25.219  1899  2037 I am_cpu  : [32488,10200,zedService.hios,223524,90,170]
05-01 13:54:26.128  1899  1899 I notification_enqueue: [10195,12383,com.transsion.screenrecorder,4277,NULL,0,Notification(channel=screen_record shortcut=null contentView=null vibrate=null sound=null defaults=0 flags=ONGOING_EVENT|FOREGROUND_SERVICE color=0x00000000 actions=2 vis=PRIVATE),1]
05-01 13:54:27.134  1899  1899 I notification_enqueue: [10195,12383,com.transsion.screenrecorder,4277,NULL,0,Notification(channel=screen_record shortcut=null contentView=null vibrate=null sound=null defaults=0 flags=ONGOING_EVENT|FOREGROUND_SERVICE color=0x00000000 actions=2 vis=PRIVATE),1]
05-01 13:54:28.140  1899  1899 I notification_enqueue: [10195,12383,com.transsion.screenrecorder,4277,NULL,0,Notification(channel=screen_record shortcut=null contentView=null vibrate=null sound=null defaults=0 flags=ONGOING_EVENT|FOREGROUND_SERVICE color=0x00000000 actions=2 vis=PRIVATE),1]
05-01 13:54:29.152  1899  1899 I notification_enqueue: [10195,12383,com.transsion.screenrecorder,4277,NULL,0,Notification(channel=screen_record shortcut=null contentView=null vibrate=null sound=null defaults=0 flags=ONGOING_EVENT|FOREGROUND_SERVICE color=0x00000000 actions=2 vis=PRIVATE),1]
05-01 13:54:30.160  1899  1899 I notification_enqueue: [10195,12383,com.transsion.screenrecorder,4277,NULL,0,Notification(channel=screen_record shortcut=null contentView=null vibrate=null sound=null defaults=0 flags=ONGOING_EVENT|FOREGROUND_SERVICE color=0x00000000 actions=2 vis=PRIVATE),1]
05-01 13:54:30.187  1899  2206 I input_interaction: Interaction with: 63e9c2 com.example.ilk_uygulamam/com.example.ilk_uygulamam.MainActivity (server), [Gesture Monitor] dc-screen-touch (server), [Gesture Monitor] swipe-up (server), [Gesture Monitor] edge-swipe (server), [Gesture Monitor] tran_split (server), [Gesture Monitor] tran_gesture_service_damon (server), [Gesture Monitor] tran_gesture_service (server), PointerEventDispatcher0 (server), 
05-01 13:54:30.206  2806  3277 I viewroot_draw_event: [VRI[TrEdgeBackGestureHandler0],Start draw after previous draw not visible]
05-01 13:54:30.211  2806  3277 I viewroot_draw_event: [VRI[TrEdgeBackGestureHandler0],reportDrawFinished seqId=0]
05-01 13:54:31.107  2806  3277 I viewroot_draw_event: [VRI[TrEdgeBackGestureHandler0],Not drawing due to not visible. Reason=View.GONE]
05-01 13:54:31.126  2806  3277 I viewroot_draw_event: [VRI[TrEdgeBackGestureHandler0],Start draw after previous draw not visible]
05-01 13:54:31.131  2806  3277 I viewroot_draw_event: [VRI[TrEdgeBackGestureHandler0],reportDrawFinished seqId=0]
05-01 13:54:31.157  2806  3277 I viewroot_draw_event: [VRI[TrEdgeBackGestureHandler0],Not drawing due to not visible. Reason=View.GONE]
05-01 13:54:31.169  1899  1899 I notification_enqueue: [10195,12383,com.transsion.screenrecorder,4277,NULL,0,Notification(channel=screen_record shortcut=null contentView=null vibrate=null sound=null defaults=0 flags=ONGOING_EVENT|FOREGROUND_SERVICE color=0x00000000 actions=2 vis=PRIVATE),1]
05-01 13:54:32.001  1899  2206 I input_interaction: Interaction with: 63e9c2 com.example.ilk_uygulamam/com.example.ilk_uygulamam.MainActivity (server), [Gesture Monitor] dc-screen-touch (server), [Gesture Monitor] edge-swipe (server), [Gesture Monitor] tran_split (server), [Gesture Monitor] tran_gesture_service_damon (server), [Gesture Monitor] tran_gesture_service (server), PointerEventDispatcher0 (server), 
05-01 13:54:32.174  1899  1899 I notification_enqueue: [10195,12383,com.transsion.screenrecorder,4277,NULL,0,Notification(channel=screen_record shortcut=null contentView=null vibrate=null sound=null defaults=0 flags=ONGOING_EVENT|FOREGROUND_SERVICE color=0x00000000 actions=2 vis=PRIVATE),1]
05-01 13:54:33.190  1899  1899 I notification_enqueue: [10195,12383,com.transsion.screenrecorder,4277,NULL,0,Notification(channel=screen_record shortcut=null contentView=null vibrate=null sound=null defaults=0 flags=ONGOING_EVENT|FOREGROUND_SERVICE color=0x00000000 actions=2 vis=PRIVATE),1]
05-01 13:54:34.206  1899  1899 I notification_enqueue: [10195,12383,com.transsion.screenrecorder,4277,NULL,0,Notification(channel=screen_record shortcut=null contentView=null vibrate=null sound=null defaults=0 flags=ONGOING_EVENT|FOREGROUND_SERVICE color=0x00000000 actions=2 vis=PRIVATE),1]
05-01 13:54:35.218  1899  1899 I notification_enqueue: [10195,12383,com.transsion.screenrecorder,4277,NULL,0,Notification(channel=screen_record shortcut=null contentView=null vibrate=null sound=null defaults=0 flags=ONGOING_EVENT|FOREGROUND_SERVICE color=0x00000000 actions=2 vis=PRIVATE),1]
05-01 13:54:36.240  1899  1899 I notification_enqueue: [10195,12383,com.transsion.screenrecorder,4277,NULL,0,Notification(channel=screen_record shortcut=null contentView=null vibrate=null sound=null defaults=0 flags=ONGOING_EVENT|FOREGROUND_SERVICE color=0x00000000 actions=2 vis=PRIVATE),1]
05-01 13:54:37.249  1899  1899 I notification_enqueue: [10195,12383,com.transsion.screenrecorder,4277,NULL,0,Notification(channel=screen_record shortcut=null contentView=null vibrate=null sound=null defaults=0 flags=ONGOING_EVENT|FOREGROUND_SERVICE color=0x00000000 actions=2 vis=PRIVATE),1]
05-01 13:54:38.258  1899  1899 I notification_enqueue: [10195,12383,com.transsion.screenrecorder,4277,NULL,0,Notification(channel=screen_record shortcut=null contentView=null vibrate=null sound=null defaults=0 flags=ONGOING_EVENT|FOREGROUND_SERVICE color=0x00000000 actions=2 vis=PRIVATE),1]
05-01 13:54:39.260  1899  1996 I snet_event_log: updateFrameRateVote [pkg = com.example.ilk_uygulamam title = com.example.ilk_uygulamam/com.example.ilk_uygulamam.MainActivity refreshRate = 60.0 modeId = 4 setting =120 peak = 144.0 mTopApp = com.example.ilk_uygulamam]
05-01 13:54:39.261  1899  1996 I snet_event_log: updateFrameRateVote [pkg = com.transsion.dynamicbar title = DynamicBar refreshRate = 60.0 modeId = 4 setting =120 peak = 144.0 mTopApp = com.example.ilk_uygulamam]
05-01 13:54:39.265  1899  1899 I notification_enqueue: [10195,12383,com.transsion.screenrecorder,4277,NULL,0,Notification(channel=screen_record shortcut=null contentView=null vibrate=null sound=null defaults=0 flags=ONGOING_EVENT|FOREGROUND_SERVICE color=0x00000000 actions=2 vis=PRIVATE),1]
