05-01 13:49:24.344  1899  2030 I am_proc_start: [0,12499,10093,com.google.android.projection.gearhead:shared,broadcast,{com.google.android.projection.gearhead/com.google.android.apps.auto.components.connectivity.impl.ConnectivityEventHandlerImpl$ConnectivityEventBroadcastReceiver},caller=com.google.android.projection.gearhead/10093,action = com.google.android.gms.car.CONNECTIVITY_EVENT]
05-01 13:49:24.369  1899  3900 I am_proc_bound: [0,12499,com.google.android.projection.gearhead:shared]
05-01 13:49:24.372  1899  5446 I am_proc_died: [0,4097,com.android.printspooler,995,19]
05-01 13:49:24.373  1899  5446 I am_uid_stopped: 10079
05-01 13:49:24.377   484   484 I auditd  : avc:  denied  { find } for pid=1899 uid=1000 name=vendor.mediatek.hardware.gpuserv.IGpuService/default scontext=u:r:system_server:s0 tcontext=u:object_r:default_android_service:s0 tclass=service_manager permissive=0
05-01 13:49:24.432  1899  1899 I notification_cancel_all: [1000,1899,com.google.android.projection.gearhead,0,0,0,20,NULL]
05-01 13:49:24.435  1899  1899 I notification_cancel_all: [1000,1899,com.google.android.projection.gearhead,0,0,0,20,NULL]
05-01 13:49:24.435  1899  1899 I notification_cancel_all: [1000,1899,com.google.android.projection.gearhead,0,0,0,20,NULL]
05-01 13:49:24.534  1899  3333 I am_kill : [0,6077,com.facebook.system,995,empty #49,92868]
05-01 13:49:24.563  1899  3333 I am_proc_died: [0,6077,com.facebook.system,995,19]
05-01 13:49:24.564  1899  3333 I am_uid_stopped: 10203
05-01 13:49:24.566   484   484 I auditd  : avc:  denied  { find } for pid=1899 uid=1000 name=vendor.mediatek.hardware.gpuserv.IGpuService/default scontext=u:r:system_server:s0 tcontext=u:object_r:default_android_service:s0 tclass=service_manager permissive=0
05-01 13:49:24.910  1899  1899 I sysui_multi_action: [757,128,758,5,759,8,793,6604078,794,2301084,795,6604078,796,27,806,android,857,USB,858,1,946,ranker_group,947,0,1500,2301084,1688,1]
05-01 13:49:24.910  1899  1899 I notification_canceled: [-1|android|27|null|1000,8,6604078,6604078,2301084,-1,-1,NULL]
05-01 13:49:24.914  1899  1899 I sysui_multi_action: [757,128,758,5,759,8,793,6606155,794,6352664,795,6606155,796,26,806,android,857,DEVELOPER_IMPORTANT,858,4,946,ranker_group,947,0,1500,6352663,1688,1]
05-01 13:49:24.914  1899  1899 I notification_canceled: [-1|android|26|null|1000,8,6606155,6606155,6352664,-1,-1,NULL]
05-01 13:49:24.933  1899  1899 I sysui_multi_action: [757,128,758,5,759,16,793,6605926,794,6352673,795,6605926,796,2147483647,797,ranker_group,806,android,857,DEVELOPER_IMPORTANT,858,4,946,ranker_group,947,1,1500,6605926,1688,1]
05-01 13:49:24.933  1899  1899 I notification_canceled: [-1|android|2147483647|ranker_group|1000|ranker_group,16,6605926,6605926,6352673,-1,-1,NULL]
05-01 13:49:24.947  1899  3333 I am_kill : [0,6028,com.facebook.appmanager,995,empty #49,134384]
05-01 13:49:24.989  1899  2634 I am_proc_died: [0,6028,com.facebook.appmanager,995,19]
05-01 13:49:24.990  1899  2634 I am_uid_stopped: 10207
05-01 13:49:24.993   484   484 I auditd  : avc:  denied  { find } for pid=1899 uid=1000 name=vendor.mediatek.hardware.gpuserv.IGpuService/default scontext=u:r:system_server:s0 tcontext=u:object_r:default_android_service:s0 tclass=service_manager permissive=0
05-01 13:49:28.873  1899  2177 I commit_sys_config_file: [settings-1-0,6]
05-01 13:49:28.972  1899  2556 I am_uid_idle: 10155
05-01 13:49:29.448  1899  2206 I input_interaction: Interaction with: 43cfd4c NotificationShade (server), [Gesture Monitor] dc-screen-touch (server), [Gesture Monitor] edge-swipe (server), [Gesture Monitor] tran_split (server), [Gesture Monitor] tran_gesture_service_damon (server), [Gesture Monitor] tran_gesture_service (server), PointerEventDispatcher0 (server), 
05-01 13:49:29.458  1899  1996 I snet_event_log: updateFrameRateVote [pkg = com.transsion.hilauncher title = com.transsion.hilauncher/com.android.launcher3.uioverrides.QuickstepLauncher refreshRate = 90.0 modeId = 3 setting =120 peak = 144.0 mTopApp = com.transsion.hilauncher]
05-01 13:49:29.458  1899  1996 I snet_event_log: updateFrameRateVote [pkg = com.transsion.hilauncher title = ZeroScreen refreshRate = 90.0 modeId = 3 setting =120 peak = 144.0 mTopApp = com.transsion.hilauncher]
05-01 13:49:29.459  1899  1996 I snet_event_log: updateFrameRateVote [pkg = com.android.systemui title = NotificationShade refreshRate = 120.00001 modeId = 1 setting =120 peak = 144.0 mTopApp = com.transsion.hilauncher]
05-01 13:49:29.564  2806  3075 I jank_cuj_events_begin_request: [10406,1777632569564051000,69057966874730,14439136111321,Collapse]
05-01 13:49:29.574  2806  3075 I jank_cuj_events_begin_request: [10406,1777632569574324000,69057977148884,14439146385475,Expand]
05-01 13:49:29.863  2806  3075 I jank_cuj_events_end_request: [10406,1777632569863285000,69058266109191,14439435346167]
05-01 13:49:29.927  1899  2634 I sysui_multi_action: [757,127,758,2]
05-01 13:49:29.927  1899  2634 I notification_panel_hidden: 
05-01 13:49:29.931  1899  1996 I input_focus: [Focus request e9a4748 com.transsion.hilauncher/com.android.launcher3.uioverrides.QuickstepLauncher,reason=UpdateInputWindows]
05-01 13:49:29.949  1899  2206 I input_focus: [Focus leaving 43cfd4c NotificationShade (server),reason=setFocusedWindow]
05-01 13:49:29.949  1899  2206 I input_focus: [Focus entering e9a4748 com.transsion.hilauncher/com.android.launcher3.uioverrides.QuickstepLauncher (server),reason=setFocusedWindow]
05-01 13:49:29.983  2806  2806 I viewroot_draw_event: [VRI[NotificationShade],Not drawing due to not visible. Reason=View.INVISIBLE]
05-01 13:49:30.129  1899  2177 I commit_sys_config_file: [settings-0-0,7]
05-01 13:49:31.109  1899  2206 I input_interaction: Interaction with: 83ba9e4 StatusBar (server), [Gesture Monitor] dc-screen-touch (server), [Gesture Monitor] edge-swipe (server), [Gesture Monitor] tran_split (server), [Gesture Monitor] tran_gesture_service_damon (server), [Gesture Monitor] tran_gesture_service (server), PointerEventDispatcher0 (server), 
05-01 13:49:31.174  1899  3109 I sysui_multi_action: [757,127,758,1]
05-01 13:49:31.174  1899  3109 I sysui_multi_action: [757,804,799,note_load,801,36,802,1]
05-01 13:49:31.174  1899  3109 I notification_panel_revealed: 36
05-01 13:49:31.220  1899  1996 I input_focus: [Focus request 43cfd4c NotificationShade,reason=UpdateInputWindows]
05-01 13:49:31.223  2806  2806 I viewroot_draw_event: [VRI[NotificationShade],Start draw after previous draw not visible]
05-01 13:49:31.243  1899  2206 I input_focus: [Focus leaving e9a4748 com.transsion.hilauncher/com.android.launcher3.uioverrides.QuickstepLauncher (server),reason=Waiting for window because NO_WINDOW]
05-01 13:49:31.250  2806  2806 I viewroot_draw_event: [VRI[NotificationShade],reportDrawFinished seqId=0]
05-01 13:49:31.255  2806  3075 I jank_cuj_events_begin_request: [10406,1777632571255555000,69059658379422,14440827616013,Expand]
05-01 13:49:31.278  1899  2206 I input_focus: [Focus entering 43cfd4c NotificationShade (server),reason=Window became focusable. Previous reason: NOT_VISIBLE]
05-01 13:49:31.442  1899  2177 I commit_sys_config_file: [settings-0-0,7]
05-01 13:49:31.712  2806  3075 I jank_cuj_events_end_request: [10406,1777632571712750000,69060115574730,14441284811398]
05-01 13:49:34.357  1899  2206 I input_interaction: Interaction with: 43cfd4c NotificationShade (server), [Gesture Monitor] dc-screen-touch (server), [Gesture Monitor] edge-swipe (server), [Gesture Monitor] tran_split (server), [Gesture Monitor] tran_gesture_service_damon (server), [Gesture Monitor] tran_gesture_service (server), PointerEventDispatcher0 (server), 
05-01 13:49:34.429  2806  2806 I sysui_multi_action: [757,925,758,4,759,268,806,com.transsion.screenrecorder,871,com.transsion.screenrecorder.service.ScreenRecordTileService,927,9,1592,0,1593,0]
05-01 13:49:34.449  1899  5463 I am_uid_active: 10195
05-01 13:49:34.462  2806  3075 I jank_cuj_events_begin_request: [10406,1777632574461979000,69062864803653,14444034040321,Expand]
05-01 13:49:34.472  1899  1996 I input_focus: [Focus request e9a4748 com.transsion.hilauncher/com.android.launcher3.uioverrides.QuickstepLauncher,reason=UpdateInputWindows]
05-01 13:49:34.474  2806  3075 I jank_cuj_events_begin_request: [10406,1777632574474286000,69062877110422,14444046347090,Collapse]
05-01 13:49:34.483  1899  2206 I input_focus: [Focus leaving 43cfd4c NotificationShade (server),reason=setFocusedWindow]
05-01 13:49:34.483  1899  2206 I input_focus: [Focus entering e9a4748 com.transsion.hilauncher/com.android.launcher3.uioverrides.QuickstepLauncher (server),reason=setFocusedWindow]
05-01 13:49:34.785  2806  3075 I jank_cuj_events_end_request: [10406,1777632574785215000,69063188039653,14444357276629]
05-01 13:49:34.886  1899  5463 I sysui_multi_action: [757,127,758,2]
05-01 13:49:34.886  1899  5463 I notification_panel_hidden: 
05-01 13:49:34.917  1899  2634 I input_cancel: [43cfd4c NotificationShade (server),reason=touched window was removed]
05-01 13:49:34.921  1899  2206 I input_interaction: Interaction with: [Gesture Monitor] dc-screen-touch (server), [Gesture Monitor] edge-swipe (server), [Gesture Monitor] tran_split (server), [Gesture Monitor] tran_gesture_service_damon (server), [Gesture Monitor] tran_gesture_service (server), PointerEventDispatcher0 (server), 
05-01 13:49:34.921  2806  2806 I viewroot_draw_event: [VRI[NotificationShade],Not drawing due to not visible. Reason=View.INVISIBLE]
05-01 13:49:34.922  2806  2806 I view_enqueue_input_event: [Motion - Cancel,NotificationShade]
05-01 13:49:35.047  1899  5463 I am_foreground_service_start: [0,com.transsion.screenrecorder/.service.RecordingService,1,BACKGROUND_ACTIVITY_PERMISSION,34,34,0,0,0,1,UNKNOWN,160]
05-01 13:49:35.082   484   484 I auditd  : avc:  denied  { find } for pid=12383 uid=10195 name=vendor.mediatek.hardware.mbrain.IMBrain/default scontext=u:r:platform_app:s0:c512,c768 tcontext=u:object_r:mtk_hal_mbrain_service:s0 tclass=service_manager permissive=0
05-01 13:49:35.093  1899  2177 I commit_sys_config_file: [settings-0-0,8]
05-01 13:49:35.098  1899  1899 I notification_enqueue: [10195,12383,com.transsion.screenrecorder,4276,NULL,0,Notification(channel=screen_record shortcut=null contentView=null vibrate=null sound=null defaults=0 flags=FOREGROUND_SERVICE color=0x00000000 vis=PRIVATE),0]
05-01 13:49:35.144 12383 12383 I viewroot_draw_event: [VRI[screen-record],Not drawing due to not visible. Reason=View.GONE]
05-01 13:49:35.158  1899  5465 I am_uid_running: 10192
05-01 13:49:35.166  1899  1899 I sysui_multi_action: [757,128,758,5,759,8,793,109,794,0,795,109,796,4276,806,com.transsion.screenrecorder,857,screen_record,858,3,947,0,1500,109,1688,1]
05-01 13:49:35.167  1899  1899 I notification_canceled: [0|com.transsion.screenrecorder|4276|null|10195,8,109,109,0,-1,-1,NULL]
05-01 13:49:35.180  1899  1899 I notification_enqueue: [10195,12383,com.transsion.screenrecorder,4277,NULL,0,Notification(channel=screen_record shortcut=null contentView=null vibrate=null sound=null defaults=0 flags=ONGOING_EVENT|FOREGROUND_SERVICE color=0x00000000 actions=2 vis=PRIVATE),0]
05-01 13:49:35.193  1899  2030 I am_proc_start: [0,12568,10192,com.transsion.dynamicbar,service,{com.transsion.dynamicbar/com.transsion.dynamicbar.service.IslandService},caller=com.transsion.screenrecorder/10195]
05-01 13:49:35.215  1899  1996 I snet_event_log: updateFrameRateVote [pkg = com.transsion.hilauncher title = com.transsion.hilauncher/com.android.launcher3.uioverrides.QuickstepLauncher refreshRate = 60.0 modeId = 4 setting =120 peak = 144.0 mTopApp = com.transsion.hilauncher]
05-01 13:49:35.215  1899  1996 I snet_event_log: updateFrameRateVote [pkg = com.transsion.hilauncher title = ZeroScreen refreshRate = 60.0 modeId = 4 setting =120 peak = 144.0 mTopApp = com.transsion.hilauncher]
05-01 13:49:35.226  1899  5465 I am_proc_bound: [0,12568,com.transsion.dynamicbar]
05-01 13:49:35.269   484   484 I auditd  : avc:  denied  { find } for pid=12568 uid=10192 name=vendor.mediatek.hardware.mbrain.IMBrain/default scontext=u:r:platform_app:s0:c512,c768 tcontext=u:object_r:mtk_hal_mbrain_service:s0 tclass=service_manager permissive=0
05-01 13:49:35.338  1899  5675 I am_uid_active: 10192
05-01 13:49:35.352  1899  2177 I commit_sys_config_file: [settings-2-0,6]
05-01 13:49:35.368  1899  1996 I snet_event_log: updateFrameRateVote [pkg = com.transsion.dynamicbar title = DynamicBar refreshRate = 60.0 modeId = 4 setting =120 peak = 144.0 mTopApp = com.transsion.hilauncher]
05-01 13:49:35.383  1899  1899 I sysui_multi_action: [757,1501,758,1,793,215,794,0,795,215,796,4277,806,com.transsion.screenrecorder,857,screen_record,858,2,947,0,1500,0]
05-01 13:49:35.383  1899  1899 I sysui_multi_action: [757,804,799,note_interruptive,801,0,802,1]
05-01 13:49:35.403 12568 12568 I viewroot_draw_event: [VRI[DynamicBar],reportDrawFinished seqId=0]
05-01 13:49:35.406  1899  2177 I commit_sys_config_file: [settings-0-0,8]
05-01 13:49:35.421  1899  2177 I commit_sys_config_file: [settings-1-0,1]
05-01 13:49:35.429 12568 12568 I viewroot_draw_event: [VRI[DynamicBar],reportDrawFinished seqId=0]
05-01 13:49:35.478  2806  3382 I viewroot_draw_event: [VRI[IslandResidentBar],reportDrawFinished seqId=0]
05-01 13:49:35.528   484   484 I auditd  : avc:  denied  { find } for pid=12568 uid=10192 name=vendor.mediatek.hardware.mbrain.IMBrain/default scontext=u:r:platform_app:s0:c512,c768 tcontext=u:object_r:mtk_hal_mbrain_service:s0 tclass=service_manager permissive=0
05-01 13:49:35.860  1899  4773 I sysui_multi_action: [757,1659,758,4,759,1,1660,3]
05-01 13:49:35.978   485   485 I auditd  : avc:  denied  { find } for interface=vendor.mediatek.hardware.mtkpower::IMtkPerf sid=u:r:audioserver:s0 pid=1299 scontext=u:r:audioserver:s0 tcontext=u:object_r:hal_power_hwservice:s0 tclass=hwservice_manager permissive=0
05-01 13:49:36.087  1899  2177 I commit_sys_config_file: [settings-1-0,4]
05-01 13:49:36.185  1899  1899 I notification_enqueue: [10195,12383,com.transsion.screenrecorder,4277,NULL,0,Notification(channel=screen_record shortcut=null contentView=null vibrate=null sound=null defaults=0 flags=ONGOING_EVENT|FOREGROUND_SERVICE color=0x00000000 actions=2 vis=PRIVATE),1]
05-01 13:49:36.648  2997 12373 I c2dm    : [19,com.zhiliaoapp.musically:261561035,0,0]
05-01 13:49:36.753  1899  2177 I commit_sys_config_file: [settings-0-0,6]
05-01 13:49:36.755  1899  2206 I input_interaction: Interaction with: e9a4748 com.transsion.hilauncher/com.android.launcher3.uioverrides.QuickstepLauncher (server), 90c9ef7 com.transsion.livewallpaper.microsparkslim.SparkSlimWallpaperServiceWhite (server), [Gesture Monitor] dc-screen-touch (server), [Gesture Monitor] edge-swipe (server), [Gesture Monitor] tran_split (server), [Gesture Monitor] tran_gesture_service_damon (server), [Gesture Monitor] tran_gesture_service (server), PointerEventDispatcher0 (server), 
05-01 13:49:36.911  1899  4773 I wm_task_created: 5654
05-01 13:49:36.917  1899  4773 I wm_task_moved: [5654,5654,0,1,4]
05-01 13:49:36.917  1899  4773 I wm_task_to_front: [0,5654,0]
05-01 13:49:36.918  1899  4773 I wm_create_task: [0,5654,5654,0]
05-01 13:49:36.918  1899  4773 I wm_create_activity: [0,236235175,5654,com.example.ilk_uygulamam/.MainActivity,android.intent.action.MAIN,NULL,NULL,270532608]
05-01 13:49:36.918  1899  4773 I wm_task_moved: [5654,5654,0,1,4]
05-01 13:49:36.926  1899  4773 I wm_pause_activity: [0,221348157,com.transsion.hilauncher/com.android.launcher3.uioverrides.QuickstepLauncher,userLeaving=true,pauseBackTasks]
05-01 13:49:36.927   484   484 I auditd  : avc:  denied  { find } for pid=1899 uid=1000 name=vendor.mediatek.hardware.gpuserv.IGpuService/default scontext=u:r:system_server:s0 tcontext=u:object_r:default_android_service:s0 tclass=service_manager permissive=0
05-01 13:49:36.930  2572  2572 I wm_on_top_resumed_lost_called: [221348157,com.android.launcher3.uioverrides.QuickstepLauncher,topStateChangedWhenResumed]
05-01 13:49:36.936  2572  2572 I wm_on_paused_called: [221348157,com.android.launcher3.uioverrides.QuickstepLauncher,performPause,1]
05-01 13:49:36.942  1899  2634 I wm_add_to_stopping: [0,221348157,com.transsion.hilauncher/com.android.launcher3.uioverrides.QuickstepLauncher,makeInvisible]
05-01 13:49:36.942  1899  2634 I wm_restart_activity: [0,236235175,5654,com.example.ilk_uygulamam/.MainActivity]
05-01 13:49:36.944  1899  2634 I wm_set_resumed_activity: [0,com.example.ilk_uygulamam/.MainActivity,realStartActivityLocked - onActivityStateChanged]
05-01 13:49:36.947   484   484 I auditd  : avc:  denied  { find } for pid=1899 uid=1000 name=vendor.mediatek.hardware.gpuserv.IGpuService/default scontext=u:r:system_server:s0 tcontext=u:object_r:default_android_service:s0 tclass=service_manager permissive=0
05-01 13:49:36.954  1899  1992 I sysui_multi_action: [757,803,799,window_time_0,802,163]
05-01 13:49:36.956  1899  1993 I am_uid_active: 10396
05-01 13:49:36.958  2997 12360 I c2dm    : [-19,ERR_OTHER,0,0]
05-01 13:49:36.978  1899  2170 I job_deferred_execution: 61274773
05-01 13:49:36.978  1899  1996 I input_focus: [Requesting to set focus to null window,reason=UpdateInputWindows]
05-01 13:49:36.978  1899  1996 I snet_event_log: updateFrameRateVote [pkg = com.transsion.livewallpaper.microsparkslim title = com.transsion.livewallpaper.microsparkslim.SparkSlimWallpaperServiceWhite refreshRate = 60.0 modeId = 4 setting =120 peak = 144.0 mTopApp = com.transsion.hilauncher]
05-01 13:49:36.987  1899  1996 I snet_event_log: updateFrameRateVote [pkg = com.android.systemui title = StatusBar refreshRate = 60.0 modeId = 4 setting =120 peak = 144.0 mTopApp = com.example.ilk_uygulamam]
05-01 13:49:36.987  1899  1996 I snet_event_log: updateFrameRateVote [pkg = com.android.systemui title = IslandResidentBar refreshRate = 60.0 modeId = 4 setting =120 peak = 144.0 mTopApp = com.example.ilk_uygulamam]
05-01 13:49:36.987  1899  1996 I snet_event_log: updateFrameRateVote [pkg = com.android.systemui title = NavigationBar0 refreshRate = 60.0 modeId = 4 setting =120 peak = 144.0 mTopApp = com.example.ilk_uygulamam]
05-01 13:49:37.004  1899  1996 I snet_event_log: updateFrameRateVote [pkg = com.example.ilk_uygulamam title = Splash Screen com.example.ilk_uygulamam refreshRate = 60.0 modeId = 4 setting =120 peak = 144.0 mTopApp = com.example.ilk_uygulamam]
05-01 13:49:37.007  1899  2206 I input_focus: [Focus leaving e9a4748 com.transsion.hilauncher/com.android.launcher3.uioverrides.QuickstepLauncher (server),reason=Waiting for window because NO_WINDOW]
05-01 13:49:37.018  2806  3091 I viewroot_draw_event: [VRI[ilk_uygulamam],reportDrawFinished seqId=0]
05-01 13:49:37.064  1899  2007 I am_pss  : [23062,10149,com.google.android.packageinstaller,0,0,0,147881984,0,16,17]
05-01 13:49:37.107  1899  2007 I am_pss  : [17311,10244,com.transsion.filemanagerx,0,0,0,181882880,0,16,16]
05-01 13:49:37.134  1899  2007 I am_pss  : [5127,10299,com.facebook.katana,0,0,0,242307072,0,19,6]
05-01 13:49:37.158  1899  2007 I am_pss  : [5062,10268,com.smartlife.nebula,0,0,0,120647680,0,19,7]
05-01 13:49:37.183  1899  1899 I notification_enqueue: [10195,12383,com.transsion.screenrecorder,4277,NULL,0,Notification(channel=screen_record shortcut=null contentView=null vibrate=null sound=null defaults=0 flags=ONGOING_EVENT|FOREGROUND_SERVICE color=0x00000000 actions=2 vis=PRIVATE),1]
05-01 13:49:37.188  1899  2007 I am_pss  : [7841,10252,com.rlk.weathers,0,0,0,121065472,0,19,14]
05-01 13:49:37.216  1899  2007 I am_pss  : [7383,10108,com.android.vending,0,0,0,278167552,0,19,7]
05-01 13:49:37.234  1899  2007 I am_pss  : [11899,1000,com.transsion.spacesaversdk,0,0,0,118218752,0,19,4]
05-01 13:49:37.250  1899  1996 I wm_wallpaper_surface: [0,0,Window{e9a4748 u0 com.transsion.hilauncher/com.android.launcher3.uioverrides.QuickstepLauncher}]
05-01 13:49:37.255  1899  2007 I am_pss  : [11879,10120,com.transsion.dualapp,0,0,0,99831808,0,19,7]
05-01 13:49:37.268  2572  2572 I viewroot_draw_event: [VRI[QuickstepLauncher],Not drawing due to not visible. Reason=!mAppVisible && !mForceDecorViewVisibility]
05-01 13:49:37.274 32488 32488 I viewroot_draw_event: [VRI[ZeroScreen],Not drawing due to not visible. Reason=!mAppVisible && !mForceDecorViewVisibility]
05-01 13:49:37.280  1899  2007 I am_pss  : [7377,1000,com.transsion.iotservice,0,0,0,114012160,0,19,5]
05-01 13:49:37.293  1899  2007 I am_pss  : [6985,10060,com.android.providers.calendar,0,0,0,99893248,0,19,3]
05-01 13:49:37.314  1899  2007 I am_pss  : [6741,10109,com.google.android.gms.unstable,0,0,0,169865216,0,19,6]
05-01 13:49:37.327  1899  2007 I am_pss  : [6698,10169,com.transsion.easypic,0,0,0,102932480,0,19,2]
05-01 13:49:37.427 10983 10983 I wm_on_create_called: [236235175,com.example.ilk_uygulamam.MainActivity,performCreate,422]
05-01 13:49:37.427 10983 10983 I wm_on_start_called: [236235175,com.example.ilk_uygulamam.MainActivity,handleStartActivity,0]
05-01 13:49:37.429 10983 10983 I wm_on_resume_called: [236235175,com.example.ilk_uygulamam.MainActivity,RESUME_ACTIVITY,1]
05-01 13:49:37.450 10983 10983 I wm_on_top_resumed_gained_called: [236235175,com.example.ilk_uygulamam.MainActivity,topStateChangedWhenResumed]
05-01 13:49:37.477  1899  1996 I input_focus: [Focus request 2b544d0 com.example.ilk_uygulamam/com.example.ilk_uygulamam.MainActivity,reason=UpdateInputWindows]
05-01 13:49:37.484  1899  1996 I snet_event_log: updateFrameRateVote [pkg = com.example.ilk_uygulamam title = com.example.ilk_uygulamam/com.example.ilk_uygulamam.MainActivity refreshRate = 60.0 modeId = 4 setting =120 peak = 144.0 mTopApp = com.example.ilk_uygulamam]
05-01 13:49:37.563 10983 10983 I viewroot_draw_event: [VRI[MainActivity],Canceling draw. cancelDueToPreDrawListener=true cancelDueToSync=false]
05-01 13:49:37.851 10983 10983 I viewroot_draw_event: [VRI[MainActivity],Draw frame after cancel]
05-01 13:49:37.873   484   484 I auditd  : avc:  denied  { find } for pid=10983 uid=10396 name=vendor.mediatek.hardware.mbrain.IMBrain/default scontext=u:r:untrusted_app:s0:c140,c257,c512,c768 tcontext=u:object_r:mtk_hal_mbrain_service:s0 tclass=service_manager permissive=0
05-01 13:49:37.874 10983 10983 I viewroot_draw_event: [VRI[MainActivity],reportDrawFinished seqId=0]
05-01 13:49:37.879   484   484 I auditd  : avc:  denied  { find } for pid=1899 uid=1000 name=vendor.mediatek.hardware.gpuserv.IGpuService/default scontext=u:r:system_server:s0 tcontext=u:object_r:default_android_service:s0 tclass=service_manager permissive=0
05-01 13:49:37.880  1899  3333 I wm_stop_activity: [0,221348157,com.transsion.hilauncher/com.android.launcher3.uioverrides.QuickstepLauncher]
05-01 13:49:37.883  2572  2572 I wm_on_stop_called: [221348157,com.android.launcher3.uioverrides.QuickstepLauncher,STOP_ACTIVITY_ITEM,2]
05-01 13:49:37.896  1899  1992 I sysui_multi_action: [319,61,321,122,322,988,325,14446,757,761,758,8,759,1,806,com.example.ilk_uygulamam,871,com.example.ilk_uygulamam.MainActivity,904,com.transsion.hilauncher,905,0,1320,4,1321,4]
05-01 13:49:37.899  1899  1992 I wm_activity_launch_time: [0,236235175,com.example.ilk_uygulamam/.MainActivity,988]
05-01 13:49:37.902  1899  1992 I sysui_multi_action: [324,1,757,1090,758,12,806,com.example.ilk_uygulamam,871,com.example.ilk_uygulamam.MainActivity,1091,988]
05-01 13:49:37.912  1899  2170 I job_deferred_execution: 61275708
05-01 13:49:37.930  2806  3091 I viewroot_draw_event: [VRI[ilk_uygulamam],Not drawing due to not visible. Reason=View.GONE]
05-01 13:49:37.952  1899  2206 I input_focus: [Focus entering 2b544d0 com.example.ilk_uygulamam/com.example.ilk_uygulamam.MainActivity (server),reason=Window became focusable. Previous reason: NOT_VISIBLE]
05-01 13:49:38.196  1899  1899 I notification_enqueue: [10195,12383,com.transsion.screenrecorder,4277,NULL,0,Notification(channel=screen_record shortcut=null contentView=null vibrate=null sound=null defaults=0 flags=ONGOING_EVENT|FOREGROUND_SERVICE color=0x00000000 actions=2 vis=PRIVATE),1]
05-01 13:49:38.885  1899  2177 I commit_sys_config_file: [settings-1-0,10]
05-01 13:49:39.206  1899  1899 I notification_enqueue: [10195,12383,com.transsion.screenrecorder,4277,NULL,0,Notification(channel=screen_record shortcut=null contentView=null vibrate=null sound=null defaults=0 flags=ONGOING_EVENT|FOREGROUND_SERVICE color=0x00000000 actions=2 vis=PRIVATE),1]
05-01 13:49:40.215  1899  1899 I notification_enqueue: [10195,12383,com.transsion.screenrecorder,4277,NULL,0,Notification(channel=screen_record shortcut=null contentView=null vibrate=null sound=null defaults=0 flags=ONGOING_EVENT|FOREGROUND_SERVICE color=0x00000000 actions=2 vis=PRIVATE),1]
05-01 13:49:40.876  1899  2206 I input_interaction: Interaction with: 2b544d0 com.example.ilk_uygulamam/com.example.ilk_uygulamam.MainActivity (server), [Gesture Monitor] dc-screen-touch (server), [Gesture Monitor] edge-swipe (server), [Gesture Monitor] tran_split (server), [Gesture Monitor] tran_gesture_service_damon (server), [Gesture Monitor] tran_gesture_service (server), PointerEventDispatcher0 (server), 
05-01 13:49:40.900  1899  1996 I snet_event_log: updateFrameRateVote [pkg = com.example.ilk_uygulamam title = com.example.ilk_uygulamam/com.example.ilk_uygulamam.MainActivity refreshRate = 60.0 modeId = 4 setting =120 peak = 144.0 mTopApp = com.example.ilk_uygulamam]
05-01 13:49:40.901  1899  1996 I snet_event_log: updateFrameRateVote [pkg = com.transsion.dynamicbar title = DynamicBar refreshRate = 60.0 modeId = 4 setting =120 peak = 144.0 mTopApp = com.example.ilk_uygulamam]
05-01 13:49:40.932  1899  2556 I am_uid_idle: 10269
05-01 13:49:41.224  1899  1899 I notification_enqueue: [10195,12383,com.transsion.screenrecorder,4277,NULL,0,Notification(channel=screen_record shortcut=null contentView=null vibrate=null sound=null defaults=0 flags=ONGOING_EVENT|FOREGROUND_SERVICE color=0x00000000 actions=2 vis=PRIVATE),1]
05-01 13:49:42.230  1899  1899 I notification_enqueue: [10195,12383,com.transsion.screenrecorder,4277,NULL,0,Notification(channel=screen_record shortcut=null contentView=null vibrate=null sound=null defaults=0 flags=ONGOING_EVENT|FOREGROUND_SERVICE color=0x00000000 actions=2 vis=PRIVATE),1]
05-01 13:49:43.242  1899  1899 I notification_enqueue: [10195,12383,com.transsion.screenrecorder,4277,NULL,0,Notification(channel=screen_record shortcut=null contentView=null vibrate=null sound=null defaults=0 flags=ONGOING_EVENT|FOREGROUND_SERVICE color=0x00000000 actions=2 vis=PRIVATE),1]
05-01 13:49:44.250  1899  1899 I notification_enqueue: [10195,12383,com.transsion.screenrecorder,4277,NULL,0,Notification(channel=screen_record shortcut=null contentView=null vibrate=null sound=null defaults=0 flags=ONGOING_EVENT|FOREGROUND_SERVICE color=0x00000000 actions=2 vis=PRIVATE),1]
05-01 13:49:45.209  1899 31790 I commit_sys_config_file: [appops_accesses,21]
05-01 13:49:45.217  1899  2066 I commit_sys_config_file: [package-user-0,11]
05-01 13:49:45.258  1899  1899 I notification_enqueue: [10195,12383,com.transsion.screenrecorder,4277,NULL,0,Notification(channel=screen_record shortcut=null contentView=null vibrate=null sound=null defaults=0 flags=ONGOING_EVENT|FOREGROUND_SERVICE color=0x00000000 actions=2 vis=PRIVATE),1]
05-01 13:49:45.282  1899  2007 I am_pss  : [12383,10195,com.transsion.screenrecorder,0,0,0,197140480,0,4,12]
05-01 13:49:46.265  1899  1899 I notification_enqueue: [10195,12383,com.transsion.screenrecorder,4277,NULL,0,Notification(channel=screen_record shortcut=null contentView=null vibrate=null sound=null defaults=0 flags=ONGOING_EVENT|FOREGROUND_SERVICE color=0x00000000 actions=2 vis=PRIVATE),1]
05-01 13:49:46.292  1899  2007 I am_pss  : [12568,10192,com.transsion.dynamicbar,0,0,0,207806464,0,4,10]
05-01 13:49:47.273  1899  1899 I notification_enqueue: [10195,12383,com.transsion.screenrecorder,4277,NULL,0,Notification(channel=screen_record shortcut=null contentView=null vibrate=null sound=null defaults=0 flags=ONGOING_EVENT|FOREGROUND_SERVICE color=0x00000000 actions=2 vis=PRIVATE),1]
05-01 13:49:48.284  1899  1899 I notification_enqueue: [10195,12383,com.transsion.screenrecorder,4277,NULL,0,Notification(channel=screen_record shortcut=null contentView=null vibrate=null sound=null defaults=0 flags=ONGOING_EVENT|FOREGROUND_SERVICE color=0x00000000 actions=2 vis=PRIVATE),1]
05-01 13:49:49.297  1899  1899 I notification_enqueue: [10195,12383,com.transsion.screenrecorder,4277,NULL,0,Notification(channel=screen_record shortcut=null contentView=null vibrate=null sound=null defaults=0 flags=ONGOING_EVENT|FOREGROUND_SERVICE color=0x00000000 actions=2 vis=PRIVATE),1]
05-01 13:49:50.307  1899  1899 I notification_enqueue: [10195,12383,com.transsion.screenrecorder,4277,NULL,0,Notification(channel=screen_record shortcut=null contentView=null vibrate=null sound=null defaults=0 flags=ONGOING_EVENT|FOREGROUND_SERVICE color=0x00000000 actions=2 vis=PRIVATE),1]
05-01 13:49:51.320  1899  1899 I notification_enqueue: [10195,12383,com.transsion.screenrecorder,4277,NULL,0,Notification(channel=screen_record shortcut=null contentView=null vibrate=null sound=null defaults=0 flags=ONGOING_EVENT|FOREGROUND_SERVICE color=0x00000000 actions=2 vis=PRIVATE),1]
05-01 13:49:52.334  1899  1899 I notification_enqueue: [10195,12383,com.transsion.screenrecorder,4277,NULL,0,Notification(channel=screen_record shortcut=null contentView=null vibrate=null sound=null defaults=0 flags=ONGOING_EVENT|FOREGROUND_SERVICE color=0x00000000 actions=2 vis=PRIVATE),1]
05-01 13:49:53.345  1899  1899 I notification_enqueue: [10195,12383,com.transsion.screenrecorder,4277,NULL,0,Notification(channel=screen_record shortcut=null contentView=null vibrate=null sound=null defaults=0 flags=ONGOING_EVENT|FOREGROUND_SERVICE color=0x00000000 actions=2 vis=PRIVATE),1]
05-01 13:49:53.606  1899  2007 I commit_sys_config_file: [sync-stats,6]
05-01 13:49:54.363  1899  1899 I notification_enqueue: [10195,12383,com.transsion.screenrecorder,4277,NULL,0,Notification(channel=screen_record shortcut=null contentView=null vibrate=null sound=null defaults=0 flags=ONGOING_EVENT|FOREGROUND_SERVICE color=0x00000000 actions=2 vis=PRIVATE),1]
05-01 13:49:55.091   484   484 I auditd  : avc:  denied  { find } for pid=12854 uid=10269 name=window scontext=u:r:untrusted_app:s0:c13,c257,c512,c768 tcontext=u:object_r:window_service:s0 tclass=service_manager permissive=0
05-01 13:49:55.171   484   484 I auditd  : avc:  denied  { find } for pid=12859 uid=10269 name=window scontext=u:r:untrusted_app:s0:c13,c257,c512,c768 tcontext=u:object_r:window_service:s0 tclass=service_manager permissive=0
05-01 13:49:55.376  1899  1899 I notification_enqueue: [10195,12383,com.transsion.screenrecorder,4277,NULL,0,Notification(channel=screen_record shortcut=null contentView=null vibrate=null sound=null defaults=0 flags=ONGOING_EVENT|FOREGROUND_SERVICE color=0x00000000 actions=2 vis=PRIVATE),1]
05-01 13:49:55.393  1899  2007 I am_pss  : [12383,10195,com.transsion.screenrecorder,0,0,0,196202496,0,4,9]
05-01 13:49:56.381  1899  1899 I notification_enqueue: [10195,12383,com.transsion.screenrecorder,4277,NULL,0,Notification(channel=screen_record shortcut=null contentView=null vibrate=null sound=null defaults=0 flags=ONGOING_EVENT|FOREGROUND_SERVICE color=0x00000000 actions=2 vis=PRIVATE),1]
05-01 13:49:56.407  1899  2007 I am_pss  : [12568,10192,com.transsion.dynamicbar,0,0,0,204066816,0,4,7]
05-01 13:49:56.806  1899  1899 I sysui_multi_action: [757,803,799,note_enqueued,802,863]
05-01 13:49:56.806  1899  1899 I sysui_multi_action: [757,803,799,note_post,802,109]
05-01 13:49:56.806  1899  1899 I sysui_multi_action: [757,803,799,note_update,802,707]
05-01 13:49:56.806  1899  1899 I sysui_multi_action: [757,803,799,note_remove,802,32]
05-01 13:49:56.806  1899  1899 I sysui_multi_action: [757,803,799,note_with_people,802,202]
05-01 13:49:56.806  1899  1899 I sysui_multi_action: [757,803,799,note_with_stars,802,59]
05-01 13:49:56.806  1899  1899 I sysui_multi_action: [757,803,799,people_cache_hit,802,5184]
05-01 13:49:56.806  1899  1899 I sysui_multi_action: [757,803,799,people_cache_miss,802,26]
05-01 13:49:56.806  1899  1899 I sysui_multi_action: [757,803,799,note_blocked,802,2]
05-01 13:49:56.807  1899  1899 I sysui_multi_action: [757,803,799,note_with_actions,802,741]
05-01 13:49:56.807  1899  1899 I sysui_multi_action: [757,803,799,note_private,802,803]
05-01 13:49:56.807  1899  1899 I sysui_multi_action: [757,803,799,note_interupt,802,7]
05-01 13:49:56.807  1899  1899 I sysui_multi_action: [757,803,799,note_big_text,802,799]
05-01 13:49:56.807  1899  1899 I sysui_multi_action: [757,803,799,note_big_pic,802,23]
05-01 13:49:56.807  1899  1899 I sysui_multi_action: [757,803,799,note_fg,802,655]
05-01 13:49:56.807  1899  1899 I sysui_multi_action: [757,803,799,note_ongoing,802,662]
05-01 13:49:56.807  1899  1899 I sysui_multi_action: [757,803,799,note_auto,802,29]
05-01 13:49:56.807  1899  1899 I sysui_multi_action: [757,803,799,note_large_icon,802,789]
05-01 13:49:56.807  1899  1899 I sysui_multi_action: [757,803,799,note_inbox,802,15]
05-01 13:49:56.807  1899  1899 I sysui_multi_action: [757,803,799,note_title,802,807]
05-01 13:49:56.807  1899  1899 I sysui_multi_action: [757,803,799,note_text,802,799]
05-01 13:49:56.807  1899  1899 I sysui_multi_action: [757,803,799,note_sub_text,802,14]
05-01 13:49:56.807  1899  1899 I sysui_multi_action: [757,803,799,note_imp_noisy_low,802,9]
05-01 13:49:56.807  1899  1899 I sysui_multi_action: [757,803,799,note_imp_noisy_default,802,67]
05-01 13:49:56.807  1899  1899 I sysui_multi_action: [757,803,799,note_imp_noisy_high,802,28]
05-01 13:49:56.807  1899  1899 I sysui_multi_action: [757,803,799,note_imp_quiet_default,802,700]
05-01 13:49:56.807  1899  1899 I sysui_multi_action: [757,803,799,note_imp_quiet_high,802,12]
05-01 13:49:56.807  1899  1899 I sysui_multi_action: [757,803,799,note_importance_min,802,7]
05-01 13:49:56.807  1899  1899 I sysui_multi_action: [757,803,799,note_importance_low,802,80]
05-01 13:49:56.807  1899  1899 I sysui_multi_action: [757,803,799,note_importance_default,802,680]
05-01 13:49:56.807  1899  1899 I sysui_multi_action: [757,803,799,note_importance_high,802,49]
05-01 13:49:56.867  2997 12360 I c2dm    : [-7,,187,94]
05-01 13:49:56.952  1899  2556 I am_uid_idle: 10269
05-01 13:49:57.395  1899  1899 I notification_enqueue: [10195,12383,com.transsion.screenrecorder,4277,NULL,0,Notification(channel=screen_record shortcut=null contentView=null vibrate=null sound=null defaults=0 flags=ONGOING_EVENT|FOREGROUND_SERVICE color=0x00000000 actions=2 vis=PRIVATE),1]
05-01 13:49:58.404  1899  1899 I notification_enqueue: [10195,12383,com.transsion.screenrecorder,4277,NULL,0,Notification(channel=screen_record shortcut=null contentView=null vibrate=null sound=null defaults=0 flags=ONGOING_EVENT|FOREGROUND_SERVICE color=0x00000000 actions=2 vis=PRIVATE),1]
05-01 13:49:58.910  1899  2177 I commit_sys_config_file: [settings-1-0,10]
05-01 13:49:59.418  1899  1899 I notification_enqueue: [10195,12383,com.transsion.screenrecorder,4277,NULL,0,Notification(channel=screen_record shortcut=null contentView=null vibrate=null sound=null defaults=0 flags=ONGOING_EVENT|FOREGROUND_SERVICE color=0x00000000 actions=2 vis=PRIVATE),1]
05-01 13:49:59.462  1899  2556 I am_uid_idle: 10320
05-01 13:50:00.432  1899  1899 I notification_enqueue: [10195,12383,com.transsion.screenrecorder,4277,NULL,0,Notification(channel=screen_record shortcut=null contentView=null vibrate=null sound=null defaults=0 flags=ONGOING_EVENT|FOREGROUND_SERVICE color=0x00000000 actions=2 vis=PRIVATE),1]
05-01 13:50:01.086  1899  2556 I am_uid_idle: 10320
05-01 13:50:01.434  1899  1899 I notification_enqueue: [10195,12383,com.transsion.screenrecorder,4277,NULL,0,Notification(channel=screen_record shortcut=null contentView=null vibrate=null sound=null defaults=0 flags=ONGOING_EVENT|FOREGROUND_SERVICE color=0x00000000 actions=2 vis=PRIVATE),1]
05-01 13:50:02.452  1899  1899 I notification_enqueue: [10195,12383,com.transsion.screenrecorder,4277,NULL,0,Notification(channel=screen_record shortcut=null contentView=null vibrate=null sound=null defaults=0 flags=ONGOING_EVENT|FOREGROUND_SERVICE color=0x00000000 actions=2 vis=PRIVATE),1]
05-01 13:50:02.968  1899  2556 I am_uid_idle: 10269
05-01 13:50:03.462  1899  1899 I notification_enqueue: [10195,12383,com.transsion.screenrecorder,4277,NULL,0,Notification(channel=screen_record shortcut=null contentView=null vibrate=null sound=null defaults=0 flags=ONGOING_EVENT|FOREGROUND_SERVICE color=0x00000000 actions=2 vis=PRIVATE),1]
05-01 13:50:04.471  1899  1899 I notification_enqueue: [10195,12383,com.transsion.screenrecorder,4277,NULL,0,Notification(channel=screen_record shortcut=null contentView=null vibrate=null sound=null defaults=0 flags=ONGOING_EVENT|FOREGROUND_SERVICE color=0x00000000 actions=2 vis=PRIVATE),1]
05-01 13:50:04.505  1899  2556 I am_uid_idle: 10320
05-01 13:50:05.482  1899  1899 I notification_enqueue: [10195,12383,com.transsion.screenrecorder,4277,NULL,0,Notification(channel=screen_record shortcut=null contentView=null vibrate=null sound=null defaults=0 flags=ONGOING_EVENT|FOREGROUND_SERVICE color=0x00000000 actions=2 vis=PRIVATE),1]
05-01 13:50:06.493  1899  1899 I notification_enqueue: [10195,12383,com.transsion.screenrecorder,4277,NULL,0,Notification(channel=screen_record shortcut=null contentView=null vibrate=null sound=null defaults=0 flags=ONGOING_EVENT|FOREGROUND_SERVICE color=0x00000000 actions=2 vis=PRIVATE),1]
05-01 13:50:07.105  1899  2556 I am_uid_idle: 10320
05-01 13:50:07.503  1899  1899 I notification_enqueue: [10195,12383,com.transsion.screenrecorder,4277,NULL,0,Notification(channel=screen_record shortcut=null contentView=null vibrate=null sound=null defaults=0 flags=ONGOING_EVENT|FOREGROUND_SERVICE color=0x00000000 actions=2 vis=PRIVATE),1]
05-01 13:50:07.983  1899  2556 I am_uid_idle: 10269
05-01 13:50:08.511  1899  1899 I notification_enqueue: [10195,12383,com.transsion.screenrecorder,4277,NULL,0,Notification(channel=screen_record shortcut=null contentView=null vibrate=null sound=null defaults=0 flags=ONGOING_EVENT|FOREGROUND_SERVICE color=0x00000000 actions=2 vis=PRIVATE),1]
05-01 13:50:09.520  1899  1899 I notification_enqueue: [10195,12383,com.transsion.screenrecorder,4277,NULL,0,Notification(channel=screen_record shortcut=null contentView=null vibrate=null sound=null defaults=0 flags=ONGOING_EVENT|FOREGROUND_SERVICE color=0x00000000 actions=2 vis=PRIVATE),1]
05-01 13:50:09.550  1899  2007 I commit_sys_config_file: [procstats,28]
05-01 13:50:10.520  1899  2556 I am_uid_idle: 10320
05-01 13:50:10.532  1899  1899 I notification_enqueue: [10195,12383,com.transsion.screenrecorder,4277,NULL,0,Notification(channel=screen_record shortcut=null contentView=null vibrate=null sound=null defaults=0 flags=ONGOING_EVENT|FOREGROUND_SERVICE color=0x00000000 actions=2 vis=PRIVATE),1]
05-01 13:50:11.287  2766  2766 I service_manager_stats: [100,48,83706]
05-01 13:50:11.550  1899  1899 I notification_enqueue: [10195,12383,com.transsion.screenrecorder,4277,NULL,0,Notification(channel=screen_record shortcut=null contentView=null vibrate=null sound=null defaults=0 flags=ONGOING_EVENT|FOREGROUND_SERVICE color=0x00000000 actions=2 vis=PRIVATE),1]
05-01 13:50:11.952  1899  2029 I am_cpu  : [1,0,init,51546,70,40]
05-01 13:50:11.952  1899  2029 I am_cpu  : [13,0,ksoftirqd/0,51545,0,90]
05-01 13:50:11.952  1899  2029 I am_cpu  : [14,0,rcu_preempt,51545,0,160]
05-01 13:50:11.952  1899  2029 I am_cpu  : [19,0,migration/0,81407,0,10]
05-01 13:50:11.952  1899  2029 I am_cpu  : [25,0,migration/1,81408,0,10]
05-01 13:50:11.952  1899  2029 I am_cpu  : [27,0,ksoftirqd/1,81408,0,90]
05-01 13:50:11.952  1899  2029 I am_cpu  : [32,0,migration/2,81408,0,10]
05-01 13:50:11.952  1899  2029 I am_cpu  : [34,0,ksoftirqd/2,51539,0,70]
05-01 13:50:11.952  1899  2029 I am_cpu  : [39,0,migration/3,81408,0,10]
05-01 13:50:11.952  1899  2029 I am_cpu  : [41,0,ksoftirqd/3,81407,0,80]
05-01 13:50:11.952  1899  2029 I am_cpu  : [46,0,migration/4,81407,0,10]
05-01 13:50:11.952  1899  2029 I am_cpu  : [48,0,ksoftirqd/4,81408,0,70]
05-01 13:50:11.952  1899  2029 I am_cpu  : [53,0,migration/5,81408,0,10]
05-01 13:50:11.952  1899  2029 I am_cpu  : [55,0,ksoftirqd/5,81408,0,70]
05-01 13:50:11.952  1899  2029 I am_cpu  : [62,0,ksoftirqd/6,81408,0,60]
05-01 13:50:11.952  1899  2029 I am_cpu  : [69,0,ksoftirqd/7,81408,0,60]
05-01 13:50:11.952  1899  2029 I am_cpu  : [84,0,kcompactd0,51540,0,150]
05-01 13:50:11.952  1899  2029 I am_cpu  : [92,0,kswapd0,81409,0,1210]
05-01 13:50:11.952  1899  2029 I am_cpu  : [103,0,dmabuf-deferred-free-worker,81409,0,760]
05-01 13:50:11.952  1899  2029 I am_cpu  : [115,0,wdtk-4,51541,0,10]
05-01 13:50:11.952  1899  2029 I am_cpu  : [131,0,cmdq_irq_thread,51541,0,100]
05-01 13:50:11.952  1899  2029 I am_cpu  : [135,0,cmdq_irq_thread,8401727,0,20]
05-01 13:50:11.952  1899  2029 I am_cpu  : [154,0,mtk_drm_disp_idlemgr-0,81410,0,40]
05-01 13:50:11.952  1899  2029 I am_cpu  : [155,0,dis_ki-0,81410,0,90]
05-01 13:50:11.952  1899  2029 I am_cpu  : [158,0,disp_echk,51541,0,10]
05-01 13:50:11.952  1899  2029 I am_cpu  : [165,0,signal_fence,51542,0,600]
05-01 13:50:11.952  1899  2029 I am_cpu  : [176,0,irq/130-11201000.usb0,51542,0,40]
05-01 13:50:11.952  1899  2029 I am_cpu  : [189,0,tee_worker/3,81412,0,60]
05-01 13:50:11.952  1899  2029 I am_cpu  : [192,0,spi0,81412,0,50]
05-01 13:50:11.952  1899  2029 I am_cpu  : [200,0,charger_thread,51544,0,20]
05-01 13:50:11.952  1899  2029 I am_cpu  : [202,0,tcpc_timer_type_c_port0,14427841,0,10]
05-01 13:50:11.952  1899  2029 I am_cpu  : [302,0,init,3300759,20,20]
05-01 13:50:11.952  1899  2029 I am_cpu  : [303,0,ueventd,51545,50,20]
05-01 13:50:11.952  1899  2029 I am_cpu  : [372,1092,prng_seeder,81414,0,10]
05-01 13:50:11.952  1899  2029 I am_cpu  : [474,1036,logd,51537,170,470]
05-01 13:50:11.952  1899  2029 I am_cpu  : [476,1069,lmkd,81417,20,50]
05-01 13:50:11.952  1899  2029 I am_cpu  : [484,1000,servicemanager,51536,50,40]
05-01 13:50:11.952  1899  2029 I am_cpu  : [485,1000,hwservicemanage,81416,20,0]
05-01 13:50:11.952  1899  2029 I am_cpu  : [502,0,psimon,81417,0,20]
05-01 13:50:11.952  1899  2029 I am_cpu  : [560,0,venc_ipi_recv,10202198,0,500]
05-01 13:50:11.952  1899  2029 I am_cpu  : [579,0,irq/163-mtk-tpd,51535,0,220]
05-01 13:50:11.952  1899  2029 I am_cpu  : [586,0,kfps,81417,0,1060]
05-01 13:50:11.952  1899  2029 I am_cpu  : [597,0,transceiver,51536,0,130]
05-01 13:50:11.953  1899  2029 I am_cpu  : [607,1000,android.system.,51536,10,130]
05-01 13:50:11.953  1899  2029 I am_cpu  : [609,1017,binder:609_2,81418,40,20]
05-01 13:50:11.953  1899  2029 I am_cpu  : [614,1000,android.hardwar,81417,0,20]
05-01 13:50:11.953  1899  2029 I am_cpu  : [644,0,tran_mm_collect,51534,0,20]
05-01 13:50:11.953  1899  2029 I am_cpu  : [646,0,kshrink_slabd,81418,0,300]
05-01 13:50:11.953  1899  2029 I am_cpu  : [1232,1066,binder:1232_2,51534,50,130]
05-01 13:50:11.953  1899  2029 I am_cpu  : [1233,0,binder:1233_3,51533,20,90]
05-01 13:50:11.953  1899  2029 I am_cpu  : [1234,0,main,51533,10,100]
05-01 13:50:11.953  1899  2029 I am_cpu  : [1243,1041,binder:1243_2,81418,140,380]
05-01 13:50:11.953  1899  2029 I am_cpu  : [1249,1000,allocator@4.0-s,51534,190,1070]
05-01 13:50:11.953  1899  2029 I am_cpu  : [1250,1000,composer@3.1-se,51533,2160,3190]
05-01 13:50:11.953  1899  2029 I am_cpu  : [1251,1000,android.hardwar,51533,0,20]
05-01 13:50:11.953  1899  2029 I am_cpu  : [1253,1046,c2@1.2-mediatek,2100443,1720,4620]
05-01 13:50:11.953  1899  2029 I am_cpu  : [1258,1000,android.hardwar,51534,150,210]
05-01 13:50:11.953  1899  2029 I am_cpu  : [1260,1000,android.hardwar,81419,10,0]
05-01 13:50:11.953  1899  2029 I am_cpu  : [1265,1000,android.hardwar,81419,10,150]
05-01 13:50:11.953  1899  2029 I am_cpu  : [1267,1000,vendor.mediatek,81419,10,20]
05-01 13:50:11.953  1899  2029 I am_cpu  : [1269,1046,vendor.dolby.me,2373718,10,0]
05-01 13:50:11.953  1899  2029 I am_cpu  : [1275,0,mtkpower@1.0-se,51534,150,250]
05-01 13:50:11.953  1899  2029 I am_cpu  : [1280,0,iptables-restor,81419,0,10]
05-01 13:50:11.953  1899  2029 I am_cpu  : [1281,0,ip6tables-resto,81419,10,0]
05-01 13:50:11.953  1899  2029 I am_cpu  : [1299,1041,audioserver,81421,690,870]
05-01 13:50:11.953  1899  2029 I am_cpu  : [1316,1000,surfaceflinger,51535,16000,10750]
05-01 13:50:11.953  1899  2029 I am_cpu  : [1319,0,hiber,51535,0,40]
05-01 13:50:11.953  1899  2029 I am_cpu  : [1325,1000,fuelgauged,51535,0,20]
05-01 13:50:11.953  1899  2029 I am_cpu  : [1326,1000,ccci_mdinit,81420,10,0]
05-01 13:50:11.953  1899  2029 I am_cpu  : [1431,2000,adbd,51535,110,150]
05-01 13:50:11.953  1899  2029 I am_cpu  : [1503,0,thermal_core,51534,10,0]
05-01 13:50:11.953  1899  2029 I am_cpu  : [1507,1001,mtkfusionrild,51534,170,150]
05-01 13:50:11.953  1899  2029 I am_cpu  : [1519,1047,binder:1519_2,81420,0,20]
05-01 13:50:11.953  1899  2029 I am_cpu  : [1541,0,storaged,81421,60,320]
05-01 13:50:11.953  1899  2029 I am_cpu  : [1557,1013,mediaserver32,900198,10,20]
05-01 13:50:11.953  1899  2029 I am_cpu  : [1629,1021,mtk_agpsd,300053,0,10]
05-01 13:50:11.953  1899  2029 I am_cpu  : [1631,1000,vendor.mediatek,81421,330,170]
05-01 13:50:11.953  1899  2029 I am_cpu  : [1636,1046,binder:1636_2,2100445,960,510]
05-01 13:50:11.953  1899  2029 I am_cpu  : [1899,1000,system_server,51532,6640,4940]
05-01 13:50:11.953  1899  2029 I am_cpu  : [2246,0,kworker/1:1-pm,81421,0,40]
05-01 13:50:11.953  1899  2029 I am_cpu  : [2572,10153,sion.hilauncher,51531,330,180]
05-01 13:50:11.953  1899  2029 I am_cpu  : [2575,1000,ssion.deskclock,51532,0,30]
05-01 13:50:11.953  1899  2029 I am_cpu  : [2581,10124,.microsparkslim,81421,20,20]
05-01 13:50:11.953  1899  2029 I am_cpu  : [2719,1073,rkstack.process,51530,10,10]
05-01 13:50:11.953  1899  2029 I am_cpu  : [2766,1001,m.android.phone,51530,750,410]
05-01 13:50:11.953  1899  2029 I am_cpu  : [2784,1001,om.mediatek.ims,81422,10,0]
05-01 13:50:11.953  1899  2029 I am_cpu  : [2806,10164,ndroid.systemui,51531,6210,3320]
05-01 13:50:11.953  1899  2029 I am_cpu  : [2997,10109,.gms.persistent,51531,180,120]
05-01 13:50:11.953  1899  2029 I am_cpu  : [3628,0,f2fs_ckpt-254:78,81421,0,30]
05-01 13:50:11.953  1899  2029 I am_cpu  : [3649,10221,id.ext.services,81421,230,120]
05-01 13:50:11.954  1899  2029 I am_cpu  : [3757,0,kworker/4:0-mm_percpu_wq,81421,0,40]
05-01 13:50:11.954  1899  2029 I am_cpu  : [4134,10109,gle.android.gms,81421,110,40]
05-01 13:50:11.954  1899  2029 I am_cpu  : [4187,0,kworker/2:0-ths_cpu_load_wq,51530,0,20]
05-01 13:50:11.955  1899  2029 I am_cpu  : [4322,99910109,.gms.persistent,51530,20,20]
05-01 13:50:11.955  1899  2029 I am_cpu  : [4472,10177,.mobile.service,51530,120,80]
05-01 13:50:11.955  1899  2029 I am_cpu  : [4592,1000,kolun.aiservice,51530,330,210]
05-01 13:50:11.955  1899  2029 I am_cpu  : [4654,10220,rs.media.module,81421,400,840]
05-01 13:50:11.955  1899  2029 I am_cpu  : [4682,10095,ogle.android.as,81421,0,10]
05-01 13:50:11.955  1899  2029 I am_cpu  : [4943,10179,anssion.iotcard,81421,0,10]
05-01 13:50:11.955  1899  2029 I am_cpu  : [5903,10161,nssion.trancare,81421,20,30]
05-01 13:50:11.955  1899  2029 I am_cpu  : [5935,1000,sion.batterylab,51529,10,20]
05-01 13:50:11.955  1899  2029 I am_cpu  : [5950,10202,cebook.services,51529,10,30]
05-01 13:50:11.955  1899  2029 I am_cpu  : [6153,10208,.lite.transsion,51529,0,10]
05-01 13:50:11.955  1899  2029 I am_cpu  : [6645,0,kworker/u16:0-events_unbound,81421,0,420]
05-01 13:50:11.955  1899  2029 I am_cpu  : [6787,1000,on.tranradionet,51527,10,40]
05-01 13:50:11.955  1899  2029 I am_cpu  : [6912,10049,d.process.acore,81421,10,10]
05-01 13:50:11.955  1899  2029 I am_cpu  : [6985,10060,viders.calendar,300053,10,0]
05-01 13:50:11.955  1899  2029 I am_cpu  : [7299,0,usap64,81420,6920,2660]
05-01 13:50:11.955  1899  2029 I am_cpu  : [7305,10110,chbox:googleapp,51523,20,10]
05-01 13:50:11.955  1899  2029 I am_cpu  : [7470,0,kworker/5:5H-kverityd,81421,0,20]
05-01 13:50:11.955  1899  2029 I am_cpu  : [7534,10182,ineservice.hios,51523,10,0]
05-01 13:50:11.955  1899  2029 I am_cpu  : [7558,10108,ding:background,51517,10,0]
05-01 13:50:11.955  1899  2029 I am_cpu  : [7953,10155,ion.phonemaster,81420,20,20]
05-01 13:50:11.955  1899  2029 I am_cpu  : [8205,10320,twitter.android,81421,10,90]
05-01 13:50:11.955  1899  2029 I am_cpu  : [8495,0,kworker/6:7H-kverityd,51512,0,20]
05-01 13:50:11.955  1899  2029 I am_cpu  : [8655,0,kworker/6:1-events,81421,0,20]
05-01 13:50:11.955  1899  2029 I am_cpu  : [8785,0,kworker/5:2-mm_percpu_wq,81421,0,30]
05-01 13:50:11.955  1899  2029 I am_cpu  : [9155,0,kworker/u17:0-mt_fstb,81421,0,990]
05-01 13:50:11.955  1899  2029 I am_cpu  : [9214,1000,niex.vsimhelper,51512,30,20]
05-01 13:50:11.955  1899  2029 I am_cpu  : [9262,10210,sh.smart.caller,81421,0,10]
05-01 13:50:11.955  1899  2029 I am_cpu  : [9669,0,kworker/u16:5-events_unbound,81421,0,610]
05-01 13:50:11.955  1899  2029 I am_cpu  : [10009,0,kworker/0:0H,900192,0,40]
05-01 13:50:11.955  1899  2029 I am_cpu  : [10500,0,kworker/0:1-events,51511,0,40]
05-01 13:50:11.955  1899  2029 I am_cpu  : [10516,0,kworker/3:0-mm_percpu_wq,51511,0,30]
05-01 13:50:11.955  1899  2029 I am_cpu  : [10572,0,kworker/u17:1-mali_jd,51511,0,1290]
05-01 13:50:11.955  1899  2029 I am_cpu  : [10576,0,kworker/u17:2-ged_notify_sw_vsync,51511,0,1300]
05-01 13:50:11.955  1899  2029 I am_cpu  : [10736,0,kworker/u16:2-events_unbound,51511,0,170]
05-01 13:50:11.955  1899  2029 I am_cpu  : [10756,0,kworker/u16:6-events_unbound,51511,0,20]
05-01 13:50:11.955  1899  2029 I am_cpu  : [10843,0,kworker/6:3H-kverityd,81420,0,30]
05-01 13:50:11.955  1899  2029 I am_cpu  : [10845,0,kworker/1:3H-kverityd,81420,0,110]
05-01 13:50:11.955  1899  2029 I am_cpu  : [10888,0,kworker/6:5H-kverityd,81420,0,50]
05-01 13:50:11.955  1899  2029 I am_cpu  : [10934,1082,binder:10934_2,81420,10,10]
05-01 13:50:11.955  1899  2029 I am_cpu  : [10980,0,kworker/3:6H-kverityd,51510,0,50]
05-01 13:50:11.955  1899  2029 I am_cpu  : [10983,10396,e.ilk_uygulamam,81419,4830,1460]
